================================================================
[12:24:45] Attention(R1/R2) + LDL 골연령 - v2 (손 크롭 폴더 입력) 시작
[12:24:45] PyTorch 2.6.0+cu124 | torchvision 0.21.0+cu124 | timm 1.0.28
[12:24:45] device cuda | CUDA True
Traceback (most recent call last):
  File "C:\ProgramData\gpu-guard\gpu_guard.py", line 438, in <module>
    main()
    ~~~~^^
  File "C:\ProgramData\gpu-guard\gpu_guard.py", line 332, in main
    sys.exit(gate_only(parse_kv(argv[1:])))
             ~~~~~~~~~^^^^^^^^^^^^^^^^^^^^
  File "C:\ProgramData\gpu-guard\gpu_guard.py", line 220, in gate_only
    led = cleanup_dead_running(load_ledger())
                               ~~~~~~~~~~~^^
  File "C:\ProgramData\gpu-guard\common.py", line 54, in load_ledger
    data = json.load(f)
  File "G:\anaconda3\Lib\json\__init__.py", line 293, in load
    return loads(fp.read(),
        cls=cls, object_hook=object_hook,
        parse_float=parse_float, parse_int=parse_int,
        parse_constant=parse_constant, object_pairs_hook=object_pairs_hook, **kw)
  File "G:\anaconda3\Lib\json\__init__.py", line 346, in loads
    return _default_decoder.decode(s)
           ~~~~~~~~~~~~~~~~~~~~~~~^^^
  File "G:\anaconda3\Lib\json\decoder.py", line 345, in decode
    obj, end = self.raw_decode(s, idx=_w(s, 0).end())
               ~~~~~~~~~~~~~~~^^^^^^^^^^^^^^^^^^^^^^^
  File "G:\anaconda3\Lib\json\decoder.py", line 363, in raw_decode
    raise JSONDecodeError("Expecting value", s, err.value) from None
json.decoder.JSONDecodeError: Expecting value: line 1 column 1 (char 0)
[12:24:45] GPU NVIDIA A100 80GB PCIe | CUDA 12.4
[12:24:45] BASE_DIR       G:\Project\sinra_cho
[12:24:45] HAND_CROP_DIR  G:\Project\sinra_cho\yolo_crop
[12:24:45] 채널 ('hand', 'r1', 'erased') | tau(R1/R2) 50/50 | 정규화 div255 | 증강 False
================================================================
[12:24:45]   TRAIN_CSV OK  G:\Project\sinra_cho\yolo_crop_csv\train.csv
[12:24:45]   VAL_CSV   OK  G:\Project\sinra_cho\yolo_crop_csv\Validation Dataset.csv
[12:24:45]   TEST_CSV  OK  G:\Project\sinra_cho\yolo_crop_csv\Bone age ground truth.csv
[12:24:46]   손크롭 train OK  G:\Project\sinra_cho\yolo_crop\train  (파일 12,611장)
[12:24:46]   손크롭 val   OK  G:\Project\sinra_cho\yolo_crop\validation  (파일 1,425장)
[12:24:46]   손크롭 test  OK  G:\Project\sinra_cho\yolo_crop\test  (파일 200장)
[12:24:46]   · train: 라벨 12,611 -> 사용 12,473 (제외/미크롭 138)
[12:24:46]   · val: 라벨 1,425 -> 사용 1,425 (제외/미크롭 0)
[12:24:46]   · test: 라벨 200 -> 사용 200 (제외/미크롭 0)
[12:24:46] 최종 | train 12,473 | val 1,425 | test 200 | 나이 127.6±40.9개월 | 남 54.2%
[12:24:46] hand560 캐시 생성 (손 크롭 -> 560x560, pad=False)...
[12:25:25]   hand560 train 2000/12473
[12:26:07]   hand560 train 4000/12473
[12:26:52]   hand560 train 6000/12473
[12:27:36]   hand560 train 8000/12473
[12:28:21]   hand560 train 10000/12473
[12:29:05]   hand560 train 12000/12473
[12:29:16] [hand560:train] 생성 12473 | 스킵 0 | 실패 0
[12:29:47] [hand560:val] 생성 1425 | 스킵 0 | 실패 0
[12:29:51] [hand560:test] 생성 200 | 스킵 0 | 실패 0
[12:29:51] hand560 캐시 완료
[12:29:51] 캐시 확인 후 | train 12,473 | val 1,425 | test 200
[12:29:51] ### Phase I-a : Region-1(수근골) 국소화 + Erased 생성 ###
[12:29:51] [cls-r1] 분류 모델 학습 | pool=gmp src=hand560 size=560 epochs=70
[12:29:52] [backbone] timm 'inception_v3' 로드 완료 (pretrained=True)
[12:29:52] [cls-gmp] feat (2048, 16, 16) -> FC 2048->240
[12:30:07]   [cls-r1] ep01 100/1559 loss 0.2689 lr 3e-04 (15s)
[12:30:21]   [cls-r1] ep01 200/1559 loss 0.2092 lr 3e-04 (29s)
[12:30:35]   [cls-r1] ep01 300/1559 loss 0.1833 lr 3e-04 (43s)
[12:30:49]   [cls-r1] ep01 400/1559 loss 0.1678 lr 3e-04 (56s)
[12:31:02]   [cls-r1] ep01 500/1559 loss 0.1580 lr 3e-04 (70s)
[12:31:16]   [cls-r1] ep01 600/1559 loss 0.1503 lr 3e-04 (84s)
[12:31:30]   [cls-r1] ep01 700/1559 loss 0.1441 lr 3e-04 (97s)
[12:31:43]   [cls-r1] ep01 800/1559 loss 0.1390 lr 3e-04 (111s)
[12:31:57]   [cls-r1] ep01 900/1559 loss 0.1356 lr 3e-04 (125s)
[12:32:11]   [cls-r1] ep01 1000/1559 loss 0.1322 lr 3e-04 (139s)
[12:32:25]   [cls-r1] ep01 1100/1559 loss 0.1290 lr 3e-04 (152s)
[12:32:39]   [cls-r1] ep01 1200/1559 loss 0.1264 lr 3e-04 (166s)
[12:32:52]   [cls-r1] ep01 1300/1559 loss 0.1243 lr 3e-04 (180s)
[12:33:06]   [cls-r1] ep01 1400/1559 loss 0.1222 lr 3e-04 (194s)
[12:33:20]   [cls-r1] ep01 1500/1559 loss 0.1203 lr 3e-04 (207s)
[12:33:28]   [cls-r1] ep01 1559/1559 loss 0.1190 lr 3e-04 (215s)
[12:33:45]   [cls-r1] Epoch 01 완료 | train L1 0.1190 | val argmax-MAE 12.08 | * best 저장 (12.08)
[12:33:54]   [cls-r1] ep02 100/1559 loss 0.0946 lr 3e-04 (9s)
[12:34:03]   [cls-r1] ep02 200/1559 loss 0.0927 lr 3e-04 (18s)
[12:34:13]   [cls-r1] ep02 300/1559 loss 0.0903 lr 3e-04 (27s)
[12:34:22]   [cls-r1] ep02 400/1559 loss 0.0898 lr 3e-04 (37s)
[12:34:31]   [cls-r1] ep02 500/1559 loss 0.0892 lr 3e-04 (46s)
[12:34:40]   [cls-r1] ep02 600/1559 loss 0.0883 lr 3e-04 (55s)
[12:34:49]   [cls-r1] ep02 700/1559 loss 0.0879 lr 3e-04 (64s)
[12:34:58]   [cls-r1] ep02 800/1559 loss 0.0874 lr 3e-04 (73s)
[12:35:07]   [cls-r1] ep02 900/1559 loss 0.0870 lr 3e-04 (82s)
[12:35:17]   [cls-r1] ep02 1000/1559 loss 0.0869 lr 3e-04 (91s)
[12:35:26]   [cls-r1] ep02 1100/1559 loss 0.0870 lr 3e-04 (100s)
[12:35:35]   [cls-r1] ep02 1200/1559 loss 0.0874 lr 3e-04 (110s)
[12:35:44]   [cls-r1] ep02 1300/1559 loss 0.0874 lr 3e-04 (119s)
[12:35:53]   [cls-r1] ep02 1400/1559 loss 0.0872 lr 3e-04 (128s)
[12:36:02]   [cls-r1] ep02 1500/1559 loss 0.0869 lr 3e-04 (137s)
[12:36:08]   [cls-r1] ep02 1559/1559 loss 0.0866 lr 3e-04 (142s)
[12:36:17]   [cls-r1] Epoch 02 완료 | train L1 0.0866 | val argmax-MAE 10.95 | * best 저장 (10.95)
[12:36:26]   [cls-r1] ep03 100/1559 loss 0.0766 lr 3e-04 (9s)
[12:36:35]   [cls-r1] ep03 200/1559 loss 0.0779 lr 3e-04 (18s)
[12:36:44]   [cls-r1] ep03 300/1559 loss 0.0768 lr 3e-04 (27s)
[12:36:53]   [cls-r1] ep03 400/1559 loss 0.0770 lr 3e-04 (37s)
[12:37:03]   [cls-r1] ep03 500/1559 loss 0.0778 lr 3e-04 (46s)
[12:37:12]   [cls-r1] ep03 600/1559 loss 0.0778 lr 3e-04 (55s)
[12:37:21]   [cls-r1] ep03 700/1559 loss 0.0778 lr 3e-04 (64s)
[12:37:30]   [cls-r1] ep03 800/1559 loss 0.0780 lr 3e-04 (74s)
[12:37:40]   [cls-r1] ep03 900/1559 loss 0.0779 lr 3e-04 (83s)
[12:37:49]   [cls-r1] ep03 1000/1559 loss 0.0775 lr 3e-04 (92s)
[12:37:58]   [cls-r1] ep03 1100/1559 loss 0.0774 lr 3e-04 (101s)
[12:38:07]   [cls-r1] ep03 1200/1559 loss 0.0773 lr 3e-04 (110s)
[12:38:17]   [cls-r1] ep03 1300/1559 loss 0.0771 lr 3e-04 (120s)
[12:38:26]   [cls-r1] ep03 1400/1559 loss 0.0771 lr 3e-04 (129s)
[12:38:35]   [cls-r1] ep03 1500/1559 loss 0.0772 lr 3e-04 (138s)
[12:38:40]   [cls-r1] ep03 1559/1559 loss 0.0773 lr 3e-04 (144s)
[12:38:49]   [cls-r1] Epoch 03 완료 | train L1 0.0773 | val argmax-MAE 9.84 | * best 저장 (9.84)
[12:38:59]   [cls-r1] ep04 100/1559 loss 0.0681 lr 3e-04 (9s)
[12:39:08]   [cls-r1] ep04 200/1559 loss 0.0705 lr 3e-04 (18s)
[12:39:17]   [cls-r1] ep04 300/1559 loss 0.0704 lr 3e-04 (28s)
[12:39:27]   [cls-r1] ep04 400/1559 loss 0.0710 lr 3e-04 (37s)
[12:39:36]   [cls-r1] ep04 500/1559 loss 0.0713 lr 3e-04 (46s)
[12:39:45]   [cls-r1] ep04 600/1559 loss 0.0713 lr 3e-04 (55s)
[12:39:54]   [cls-r1] ep04 700/1559 loss 0.0713 lr 3e-04 (65s)
[12:40:04]   [cls-r1] ep04 800/1559 loss 0.0711 lr 3e-04 (74s)
[12:40:13]   [cls-r1] ep04 900/1559 loss 0.0709 lr 3e-04 (83s)
[12:40:22]   [cls-r1] ep04 1000/1559 loss 0.0706 lr 3e-04 (92s)
[12:40:31]   [cls-r1] ep04 1100/1559 loss 0.0706 lr 3e-04 (102s)
[12:40:41]   [cls-r1] ep04 1200/1559 loss 0.0708 lr 3e-04 (111s)
[12:40:50]   [cls-r1] ep04 1300/1559 loss 0.0706 lr 3e-04 (120s)
[12:40:59]   [cls-r1] ep04 1400/1559 loss 0.0706 lr 3e-04 (129s)
[12:41:08]   [cls-r1] ep04 1500/1559 loss 0.0708 lr 3e-04 (139s)
[12:41:14]   [cls-r1] ep04 1559/1559 loss 0.0707 lr 3e-04 (144s)
[12:41:23]   [cls-r1] Epoch 04 완료 | train L1 0.0707 | val argmax-MAE 9.77 | * best 저장 (9.77)
[12:41:32]   [cls-r1] ep05 100/1559 loss 0.0620 lr 3e-04 (9s)
[12:41:42]   [cls-r1] ep05 200/1559 loss 0.0627 lr 3e-04 (19s)
[12:41:51]   [cls-r1] ep05 300/1559 loss 0.0634 lr 3e-04 (28s)
[12:42:00]   [cls-r1] ep05 400/1559 loss 0.0633 lr 3e-04 (37s)
[12:42:09]   [cls-r1] ep05 500/1559 loss 0.0637 lr 3e-04 (46s)
[12:42:18]   [cls-r1] ep05 600/1559 loss 0.0643 lr 3e-04 (55s)
[12:42:28]   [cls-r1] ep05 700/1559 loss 0.0640 lr 3e-04 (65s)
[12:42:37]   [cls-r1] ep05 800/1559 loss 0.0642 lr 3e-04 (74s)
[12:42:46]   [cls-r1] ep05 900/1559 loss 0.0641 lr 3e-04 (83s)
[12:42:56]   [cls-r1] ep05 1000/1559 loss 0.0646 lr 3e-04 (92s)
[12:43:05]   [cls-r1] ep05 1100/1559 loss 0.0647 lr 3e-04 (102s)
[12:43:14]   [cls-r1] ep05 1200/1559 loss 0.0647 lr 3e-04 (111s)
[12:43:23]   [cls-r1] ep05 1300/1559 loss 0.0646 lr 3e-04 (120s)
[12:43:32]   [cls-r1] ep05 1400/1559 loss 0.0648 lr 3e-04 (129s)
[12:43:42]   [cls-r1] ep05 1500/1559 loss 0.0649 lr 3e-04 (139s)
[12:43:47]   [cls-r1] ep05 1559/1559 loss 0.0651 lr 3e-04 (144s)
[12:43:56]   [cls-r1] Epoch 05 완료 | train L1 0.0651 | val argmax-MAE 9.78 | 개선없음 1/8
[12:44:06]   [cls-r1] ep06 100/1559 loss 0.0611 lr 3e-04 (9s)
[12:44:15]   [cls-r1] ep06 200/1559 loss 0.0589 lr 3e-04 (18s)
[12:44:24]   [cls-r1] ep06 300/1559 loss 0.0597 lr 3e-04 (28s)
[12:44:33]   [cls-r1] ep06 400/1559 loss 0.0599 lr 3e-04 (37s)
[12:44:43]   [cls-r1] ep06 500/1559 loss 0.0599 lr 3e-04 (46s)
[12:44:52]   [cls-r1] ep06 600/1559 loss 0.0597 lr 3e-04 (55s)
[12:45:01]   [cls-r1] ep06 700/1559 loss 0.0594 lr 3e-04 (65s)
[12:45:10]   [cls-r1] ep06 800/1559 loss 0.0594 lr 3e-04 (74s)
[12:45:19]   [cls-r1] ep06 900/1559 loss 0.0600 lr 3e-04 (83s)
[12:45:29]   [cls-r1] ep06 1000/1559 loss 0.0602 lr 3e-04 (92s)
[12:45:38]   [cls-r1] ep06 1100/1559 loss 0.0604 lr 3e-04 (102s)
[12:45:47]   [cls-r1] ep06 1200/1559 loss 0.0603 lr 3e-04 (111s)
[12:45:56]   [cls-r1] ep06 1300/1559 loss 0.0606 lr 3e-04 (120s)
[12:46:06]   [cls-r1] ep06 1400/1559 loss 0.0604 lr 3e-04 (129s)
[12:46:15]   [cls-r1] ep06 1500/1559 loss 0.0605 lr 3e-04 (138s)
[12:46:20]   [cls-r1] ep06 1559/1559 loss 0.0604 lr 3e-04 (144s)
[12:46:29]   [cls-r1] Epoch 06 완료 | train L1 0.0604 | val argmax-MAE 9.61 | * best 저장 (9.61)
[12:46:39]   [cls-r1] ep07 100/1559 loss 0.0536 lr 3e-04 (9s)
[12:46:48]   [cls-r1] ep07 200/1559 loss 0.0535 lr 3e-04 (18s)
[12:46:57]   [cls-r1] ep07 300/1559 loss 0.0535 lr 3e-04 (28s)
[12:47:06]   [cls-r1] ep07 400/1559 loss 0.0538 lr 3e-04 (37s)
[12:47:15]   [cls-r1] ep07 500/1559 loss 0.0543 lr 3e-04 (46s)
[12:47:25]   [cls-r1] ep07 600/1559 loss 0.0538 lr 3e-04 (55s)
[12:47:34]   [cls-r1] ep07 700/1559 loss 0.0542 lr 3e-04 (64s)
[12:47:43]   [cls-r1] ep07 800/1559 loss 0.0545 lr 3e-04 (73s)
[12:47:52]   [cls-r1] ep07 900/1559 loss 0.0544 lr 3e-04 (83s)
[12:48:01]   [cls-r1] ep07 1000/1559 loss 0.0544 lr 3e-04 (92s)
[12:48:10]   [cls-r1] ep07 1100/1559 loss 0.0545 lr 3e-04 (101s)
[12:48:20]   [cls-r1] ep07 1200/1559 loss 0.0546 lr 3e-04 (110s)
[12:48:29]   [cls-r1] ep07 1300/1559 loss 0.0548 lr 3e-04 (119s)
[12:48:38]   [cls-r1] ep07 1400/1559 loss 0.0549 lr 3e-04 (128s)
[12:48:47]   [cls-r1] ep07 1500/1559 loss 0.0550 lr 3e-04 (137s)
[12:48:52]   [cls-r1] ep07 1559/1559 loss 0.0552 lr 3e-04 (143s)
[12:49:01]   [cls-r1] Epoch 07 완료 | train L1 0.0552 | val argmax-MAE 10.68 | 개선없음 1/8
[12:49:11]   [cls-r1] ep08 100/1559 loss 0.0510 lr 3e-04 (9s)
[12:49:20]   [cls-r1] ep08 200/1559 loss 0.0500 lr 3e-04 (18s)
[12:49:29]   [cls-r1] ep08 300/1559 loss 0.0503 lr 3e-04 (28s)
[12:49:38]   [cls-r1] ep08 400/1559 loss 0.0501 lr 3e-04 (37s)
[12:49:47]   [cls-r1] ep08 500/1559 loss 0.0502 lr 3e-04 (46s)
[12:49:57]   [cls-r1] ep08 600/1559 loss 0.0501 lr 3e-04 (55s)
[12:50:06]   [cls-r1] ep08 700/1559 loss 0.0503 lr 3e-04 (64s)
[12:50:15]   [cls-r1] ep08 800/1559 loss 0.0506 lr 3e-04 (74s)
[12:50:24]   [cls-r1] ep08 900/1559 loss 0.0510 lr 3e-04 (83s)
[12:50:33]   [cls-r1] ep08 1000/1559 loss 0.0508 lr 3e-04 (92s)
[12:50:42]   [cls-r1] ep08 1100/1559 loss 0.0507 lr 3e-04 (101s)
[12:50:52]   [cls-r1] ep08 1200/1559 loss 0.0508 lr 3e-04 (110s)
[12:51:01]   [cls-r1] ep08 1300/1559 loss 0.0509 lr 3e-04 (120s)
[12:51:10]   [cls-r1] ep08 1400/1559 loss 0.0511 lr 3e-04 (129s)
[12:51:19]   [cls-r1] ep08 1500/1559 loss 0.0512 lr 3e-04 (138s)
[12:51:25]   [cls-r1] ep08 1559/1559 loss 0.0512 lr 3e-04 (143s)
[12:51:34]   [cls-r1] Epoch 08 완료 | train L1 0.0512 | val argmax-MAE 9.73 | 개선없음 2/8
[12:51:43]   [cls-r1] ep09 100/1559 loss 0.0447 lr 3e-04 (9s)
[12:51:52]   [cls-r1] ep09 200/1559 loss 0.0452 lr 3e-04 (18s)
[12:52:01]   [cls-r1] ep09 300/1559 loss 0.0462 lr 3e-04 (28s)
[12:52:11]   [cls-r1] ep09 400/1559 loss 0.0460 lr 3e-04 (37s)
[12:52:20]   [cls-r1] ep09 500/1559 loss 0.0458 lr 3e-04 (46s)
[12:52:29]   [cls-r1] ep09 600/1559 loss 0.0463 lr 3e-04 (55s)
[12:52:38]   [cls-r1] ep09 700/1559 loss 0.0462 lr 3e-04 (64s)
[12:52:47]   [cls-r1] ep09 800/1559 loss 0.0465 lr 3e-04 (73s)
[12:52:56]   [cls-r1] ep09 900/1559 loss 0.0465 lr 3e-04 (83s)
[12:53:06]   [cls-r1] ep09 1000/1559 loss 0.0467 lr 3e-04 (92s)
[12:53:15]   [cls-r1] ep09 1100/1559 loss 0.0472 lr 3e-04 (101s)
[12:53:24]   [cls-r1] ep09 1200/1559 loss 0.0471 lr 3e-04 (110s)
[12:53:33]   [cls-r1] ep09 1300/1559 loss 0.0472 lr 3e-04 (119s)
[12:53:42]   [cls-r1] ep09 1400/1559 loss 0.0473 lr 3e-04 (128s)
[12:53:51]   [cls-r1] ep09 1500/1559 loss 0.0473 lr 3e-04 (137s)
[12:53:56]   [cls-r1] ep09 1559/1559 loss 0.0475 lr 3e-04 (143s)
[12:54:04]   [cls-r1] Epoch 09 완료 | train L1 0.0475 | val argmax-MAE 9.48 | * best 저장 (9.48)
[12:54:14]   [cls-r1] ep10 100/1559 loss 0.0461 lr 3e-04 (9s)
[12:54:23]   [cls-r1] ep10 200/1559 loss 0.0439 lr 3e-04 (18s)
[12:54:32]   [cls-r1] ep10 300/1559 loss 0.0443 lr 3e-04 (28s)
[12:54:41]   [cls-r1] ep10 400/1559 loss 0.0442 lr 3e-04 (37s)
[12:54:50]   [cls-r1] ep10 500/1559 loss 0.0442 lr 3e-04 (46s)
[12:55:00]   [cls-r1] ep10 600/1559 loss 0.0443 lr 3e-04 (55s)
[12:55:09]   [cls-r1] ep10 700/1559 loss 0.0440 lr 3e-04 (64s)
[12:55:18]   [cls-r1] ep10 800/1559 loss 0.0439 lr 3e-04 (74s)
[12:55:27]   [cls-r1] ep10 900/1559 loss 0.0438 lr 3e-04 (83s)
[12:55:36]   [cls-r1] ep10 1000/1559 loss 0.0439 lr 3e-04 (92s)
[12:55:46]   [cls-r1] ep10 1100/1559 loss 0.0439 lr 3e-04 (101s)
[12:55:55]   [cls-r1] ep10 1200/1559 loss 0.0440 lr 3e-04 (110s)
[12:56:04]   [cls-r1] ep10 1300/1559 loss 0.0441 lr 3e-04 (119s)
[12:56:13]   [cls-r1] ep10 1400/1559 loss 0.0439 lr 3e-04 (129s)
[12:56:22]   [cls-r1] ep10 1500/1559 loss 0.0439 lr 3e-04 (138s)
[12:56:28]   [cls-r1] ep10 1559/1559 loss 0.0441 lr 3e-04 (143s)
[12:56:36]   [cls-r1] Epoch 10 완료 | train L1 0.0441 | val argmax-MAE 9.05 | * best 저장 (9.05)
[12:56:44]   [cls-r1] ep11 100/1559 loss 0.0426 lr 3e-04 (8s)
[12:56:52]   [cls-r1] ep11 200/1559 loss 0.0411 lr 3e-04 (16s)
[12:57:02]   [cls-r1] ep11 300/1559 loss 0.0409 lr 3e-04 (26s)
[12:57:11]   [cls-r1] ep11 400/1559 loss 0.0412 lr 3e-04 (35s)
[12:57:20]   [cls-r1] ep11 500/1559 loss 0.0416 lr 3e-04 (44s)
[12:57:29]   [cls-r1] ep11 600/1559 loss 0.0418 lr 3e-04 (53s)
[12:57:38]   [cls-r1] ep11 700/1559 loss 0.0418 lr 3e-04 (62s)
[12:57:47]   [cls-r1] ep11 800/1559 loss 0.0418 lr 3e-04 (71s)
[12:57:56]   [cls-r1] ep11 900/1559 loss 0.0419 lr 3e-04 (80s)
[12:58:05]   [cls-r1] ep11 1000/1559 loss 0.0420 lr 3e-04 (89s)
[12:58:15]   [cls-r1] ep11 1100/1559 loss 0.0419 lr 3e-04 (99s)
[12:58:24]   [cls-r1] ep11 1200/1559 loss 0.0420 lr 3e-04 (108s)
[12:58:33]   [cls-r1] ep11 1300/1559 loss 0.0420 lr 3e-04 (117s)
[12:58:42]   [cls-r1] ep11 1400/1559 loss 0.0422 lr 3e-04 (126s)
[12:58:51]   [cls-r1] ep11 1500/1559 loss 0.0421 lr 3e-04 (135s)
[12:58:56]   [cls-r1] ep11 1559/1559 loss 0.0420 lr 3e-04 (140s)
[12:59:05]   [cls-r1] Epoch 11 완료 | train L1 0.0420 | val argmax-MAE 9.25 | 개선없음 1/8
[12:59:15]   [cls-r1] ep12 100/1559 loss 0.0402 lr 3e-04 (9s)
[12:59:24]   [cls-r1] ep12 200/1559 loss 0.0392 lr 3e-04 (18s)
[12:59:33]   [cls-r1] ep12 300/1559 loss 0.0390 lr 3e-04 (28s)
[12:59:42]   [cls-r1] ep12 400/1559 loss 0.0390 lr 3e-04 (37s)
[12:59:51]   [cls-r1] ep12 500/1559 loss 0.0389 lr 3e-04 (46s)
[13:00:01]   [cls-r1] ep12 600/1559 loss 0.0389 lr 3e-04 (55s)
[13:00:10]   [cls-r1] ep12 700/1559 loss 0.0390 lr 3e-04 (64s)
[13:00:19]   [cls-r1] ep12 800/1559 loss 0.0389 lr 3e-04 (73s)
[13:00:28]   [cls-r1] ep12 900/1559 loss 0.0389 lr 3e-04 (82s)
[13:00:37]   [cls-r1] ep12 1000/1559 loss 0.0390 lr 3e-04 (92s)
[13:00:46]   [cls-r1] ep12 1100/1559 loss 0.0391 lr 3e-04 (101s)
[13:00:55]   [cls-r1] ep12 1200/1559 loss 0.0392 lr 3e-04 (110s)
[13:01:04]   [cls-r1] ep12 1300/1559 loss 0.0391 lr 3e-04 (119s)
[13:01:14]   [cls-r1] ep12 1400/1559 loss 0.0391 lr 3e-04 (128s)
[13:01:23]   [cls-r1] ep12 1500/1559 loss 0.0391 lr 3e-04 (137s)
[13:01:28]   [cls-r1] ep12 1559/1559 loss 0.0392 lr 3e-04 (143s)
[13:01:37]   [cls-r1] Epoch 12 완료 | train L1 0.0392 | val argmax-MAE 9.00 | 개선없음 2/8
[13:01:46]   [cls-r1] ep13 100/1559 loss 0.0383 lr 3e-04 (9s)
[13:01:55]   [cls-r1] ep13 200/1559 loss 0.0381 lr 3e-04 (18s)
[13:02:04]   [cls-r1] ep13 300/1559 loss 0.0374 lr 3e-04 (27s)
[13:02:14]   [cls-r1] ep13 400/1559 loss 0.0372 lr 3e-04 (36s)
[13:02:23]   [cls-r1] ep13 500/1559 loss 0.0372 lr 3e-04 (46s)
[13:02:32]   [cls-r1] ep13 600/1559 loss 0.0370 lr 3e-04 (55s)
[13:02:41]   [cls-r1] ep13 700/1559 loss 0.0369 lr 3e-04 (64s)
[13:02:50]   [cls-r1] ep13 800/1559 loss 0.0370 lr 3e-04 (73s)
[13:02:59]   [cls-r1] ep13 900/1559 loss 0.0370 lr 3e-04 (82s)
[13:03:08]   [cls-r1] ep13 1000/1559 loss 0.0370 lr 3e-04 (91s)
[13:03:17]   [cls-r1] ep13 1100/1559 loss 0.0372 lr 3e-04 (100s)
[13:03:26]   [cls-r1] ep13 1200/1559 loss 0.0372 lr 3e-04 (109s)
[13:03:35]   [cls-r1] ep13 1300/1559 loss 0.0371 lr 3e-04 (118s)
[13:03:44]   [cls-r1] ep13 1400/1559 loss 0.0371 lr 3e-04 (127s)
[13:03:53]   [cls-r1] ep13 1500/1559 loss 0.0372 lr 3e-04 (136s)
[13:03:59]   [cls-r1] ep13 1559/1559 loss 0.0372 lr 3e-04 (142s)
[13:04:08]   [cls-r1] Epoch 13 완료 | train L1 0.0372 | val argmax-MAE 9.32 | 개선없음 3/8
[13:04:17]   [cls-r1] ep14 100/1559 loss 0.0353 lr 3e-04 (9s)
[13:04:26]   [cls-r1] ep14 200/1559 loss 0.0355 lr 3e-04 (18s)
[13:04:35]   [cls-r1] ep14 300/1559 loss 0.0356 lr 3e-04 (27s)
[13:04:44]   [cls-r1] ep14 400/1559 loss 0.0356 lr 3e-04 (37s)
[13:04:54]   [cls-r1] ep14 500/1559 loss 0.0352 lr 3e-04 (46s)
[13:05:03]   [cls-r1] ep14 600/1559 loss 0.0359 lr 3e-04 (55s)
[13:05:12]   [cls-r1] ep14 700/1559 loss 0.0359 lr 3e-04 (64s)
[13:05:21]   [cls-r1] ep14 800/1559 loss 0.0359 lr 3e-04 (73s)
[13:05:30]   [cls-r1] ep14 900/1559 loss 0.0358 lr 3e-04 (82s)
[13:05:39]   [cls-r1] ep14 1000/1559 loss 0.0357 lr 3e-04 (91s)
[13:05:48]   [cls-r1] ep14 1100/1559 loss 0.0357 lr 3e-04 (100s)
[13:05:57]   [cls-r1] ep14 1200/1559 loss 0.0356 lr 3e-04 (110s)
[13:06:07]   [cls-r1] ep14 1300/1559 loss 0.0356 lr 3e-04 (119s)
[13:06:16]   [cls-r1] ep14 1400/1559 loss 0.0357 lr 3e-04 (128s)
[13:06:25]   [cls-r1] ep14 1500/1559 loss 0.0357 lr 3e-04 (137s)
[13:06:30]   [cls-r1] ep14 1559/1559 loss 0.0357 lr 3e-04 (142s)
[13:06:39]   [cls-r1] Epoch 14 완료 | train L1 0.0357 | val argmax-MAE 8.75 | * best 저장 (8.75)
[13:06:48]   [cls-r1] ep15 100/1559 loss 0.0339 lr 3e-04 (9s)
[13:06:57]   [cls-r1] ep15 200/1559 loss 0.0351 lr 3e-04 (18s)
[13:07:07]   [cls-r1] ep15 300/1559 loss 0.0355 lr 3e-04 (27s)
[13:07:16]   [cls-r1] ep15 400/1559 loss 0.0356 lr 3e-04 (36s)
[13:07:25]   [cls-r1] ep15 500/1559 loss 0.0352 lr 3e-04 (46s)
[13:07:34]   [cls-r1] ep15 600/1559 loss 0.0352 lr 3e-04 (55s)
[13:07:43]   [cls-r1] ep15 700/1559 loss 0.0350 lr 3e-04 (64s)
[13:07:52]   [cls-r1] ep15 800/1559 loss 0.0346 lr 3e-04 (73s)
[13:08:01]   [cls-r1] ep15 900/1559 loss 0.0342 lr 3e-04 (82s)
[13:08:11]   [cls-r1] ep15 1000/1559 loss 0.0343 lr 3e-04 (91s)
[13:08:20]   [cls-r1] ep15 1100/1559 loss 0.0341 lr 3e-04 (100s)
[13:08:29]   [cls-r1] ep15 1200/1559 loss 0.0341 lr 3e-04 (110s)
[13:08:38]   [cls-r1] ep15 1300/1559 loss 0.0342 lr 3e-04 (119s)
[13:08:47]   [cls-r1] ep15 1400/1559 loss 0.0342 lr 3e-04 (128s)
[13:08:56]   [cls-r1] ep15 1500/1559 loss 0.0342 lr 3e-04 (137s)
[13:09:02]   [cls-r1] ep15 1559/1559 loss 0.0342 lr 3e-04 (143s)
[13:09:11]   [cls-r1] Epoch 15 완료 | train L1 0.0342 | val argmax-MAE 9.24 | 개선없음 1/8
[13:09:20]   [cls-r1] ep16 100/1559 loss 0.0349 lr 3e-04 (9s)
[13:09:29]   [cls-r1] ep16 200/1559 loss 0.0338 lr 3e-04 (18s)
[13:09:38]   [cls-r1] ep16 300/1559 loss 0.0338 lr 3e-04 (27s)
[13:09:48]   [cls-r1] ep16 400/1559 loss 0.0336 lr 3e-04 (37s)
[13:09:57]   [cls-r1] ep16 500/1559 loss 0.0330 lr 3e-04 (46s)
[13:10:06]   [cls-r1] ep16 600/1559 loss 0.0329 lr 3e-04 (55s)
[13:10:15]   [cls-r1] ep16 700/1559 loss 0.0329 lr 3e-04 (64s)
[13:10:24]   [cls-r1] ep16 800/1559 loss 0.0328 lr 3e-04 (73s)
[13:10:33]   [cls-r1] ep16 900/1559 loss 0.0327 lr 3e-04 (83s)
[13:10:43]   [cls-r1] ep16 1000/1559 loss 0.0327 lr 3e-04 (92s)
[13:10:52]   [cls-r1] ep16 1100/1559 loss 0.0328 lr 3e-04 (101s)
[13:11:01]   [cls-r1] ep16 1200/1559 loss 0.0327 lr 3e-04 (110s)
[13:11:10]   [cls-r1] ep16 1300/1559 loss 0.0329 lr 3e-04 (119s)
[13:11:19]   [cls-r1] ep16 1400/1559 loss 0.0328 lr 3e-04 (128s)
[13:11:28]   [cls-r1] ep16 1500/1559 loss 0.0328 lr 3e-04 (137s)
[13:11:33]   [cls-r1] ep16 1559/1559 loss 0.0328 lr 3e-04 (142s)
[13:11:41]   [cls-r1] Epoch 16 완료 | train L1 0.0328 | val argmax-MAE 8.89 | 개선없음 2/8
[13:11:50]   [cls-r1] ep17 100/1559 loss 0.0310 lr 3e-04 (9s)
[13:11:59]   [cls-r1] ep17 200/1559 loss 0.0305 lr 3e-04 (18s)
[13:12:08]   [cls-r1] ep17 300/1559 loss 0.0304 lr 3e-04 (27s)
[13:12:18]   [cls-r1] ep17 400/1559 loss 0.0307 lr 3e-04 (37s)
[13:12:27]   [cls-r1] ep17 500/1559 loss 0.0309 lr 3e-04 (46s)
[13:12:37]   [cls-r1] ep17 600/1559 loss 0.0310 lr 3e-04 (56s)
[13:12:47]   [cls-r1] ep17 700/1559 loss 0.0309 lr 3e-04 (66s)
[13:12:56]   [cls-r1] ep17 800/1559 loss 0.0308 lr 3e-04 (75s)
[13:13:05]   [cls-r1] ep17 900/1559 loss 0.0309 lr 3e-04 (84s)
[13:13:14]   [cls-r1] ep17 1000/1559 loss 0.0308 lr 3e-04 (93s)
[13:13:23]   [cls-r1] ep17 1100/1559 loss 0.0307 lr 3e-04 (102s)
[13:13:32]   [cls-r1] ep17 1200/1559 loss 0.0308 lr 3e-04 (111s)
[13:13:41]   [cls-r1] ep17 1300/1559 loss 0.0309 lr 3e-04 (120s)
[13:13:50]   [cls-r1] ep17 1400/1559 loss 0.0309 lr 3e-04 (129s)
[13:14:00]   [cls-r1] ep17 1500/1559 loss 0.0309 lr 3e-04 (139s)
[13:14:05]   [cls-r1] ep17 1559/1559 loss 0.0309 lr 3e-04 (144s)
[13:14:14]   [cls-r1] Epoch 17 완료 | train L1 0.0309 | val argmax-MAE 8.84 | 개선없음 3/8
[13:14:23]   [cls-r1] ep18 100/1559 loss 0.0295 lr 3e-04 (9s)
[13:14:32]   [cls-r1] ep18 200/1559 loss 0.0301 lr 3e-04 (18s)
[13:14:41]   [cls-r1] ep18 300/1559 loss 0.0295 lr 3e-04 (27s)
[13:14:51]   [cls-r1] ep18 400/1559 loss 0.0296 lr 3e-04 (37s)
[13:15:00]   [cls-r1] ep18 500/1559 loss 0.0299 lr 3e-04 (46s)
[13:15:09]   [cls-r1] ep18 600/1559 loss 0.0300 lr 3e-04 (55s)
[13:15:18]   [cls-r1] ep18 700/1559 loss 0.0299 lr 3e-04 (64s)
[13:15:27]   [cls-r1] ep18 800/1559 loss 0.0299 lr 3e-04 (73s)
[13:15:36]   [cls-r1] ep18 900/1559 loss 0.0299 lr 3e-04 (82s)
[13:15:45]   [cls-r1] ep18 1000/1559 loss 0.0298 lr 3e-04 (91s)
[13:15:54]   [cls-r1] ep18 1100/1559 loss 0.0298 lr 3e-04 (100s)
[13:16:03]   [cls-r1] ep18 1200/1559 loss 0.0299 lr 3e-04 (109s)
[13:16:12]   [cls-r1] ep18 1300/1559 loss 0.0299 lr 3e-04 (118s)
[13:16:21]   [cls-r1] ep18 1400/1559 loss 0.0300 lr 3e-04 (127s)
[13:16:30]   [cls-r1] ep18 1500/1559 loss 0.0302 lr 3e-04 (136s)
[13:16:35]   [cls-r1] ep18 1559/1559 loss 0.0302 lr 3e-04 (141s)
[13:16:44]   [cls-r1] Epoch 18 완료 | train L1 0.0302 | val argmax-MAE 8.91 | 개선없음 4/8
[13:16:53]   [cls-r1] ep19 100/1559 loss 0.0302 lr 3e-04 (9s)
[13:17:03]   [cls-r1] ep19 200/1559 loss 0.0299 lr 3e-04 (18s)
[13:17:12]   [cls-r1] ep19 300/1559 loss 0.0297 lr 3e-04 (28s)
[13:17:21]   [cls-r1] ep19 400/1559 loss 0.0296 lr 3e-04 (37s)
[13:17:30]   [cls-r1] ep19 500/1559 loss 0.0293 lr 3e-04 (46s)
[13:17:39]   [cls-r1] ep19 600/1559 loss 0.0295 lr 3e-04 (55s)
[13:17:48]   [cls-r1] ep19 700/1559 loss 0.0290 lr 3e-04 (64s)
[13:17:57]   [cls-r1] ep19 800/1559 loss 0.0291 lr 3e-04 (73s)
[13:18:09]   [cls-r1] ep19 900/1559 loss 0.0289 lr 3e-04 (85s)
[13:18:22]   [cls-r1] ep19 1000/1559 loss 0.0289 lr 3e-04 (97s)
[13:18:35]   [cls-r1] ep19 1100/1559 loss 0.0289 lr 3e-04 (110s)
[13:18:47]   [cls-r1] ep19 1200/1559 loss 0.0289 lr 3e-04 (123s)
[13:19:00]   [cls-r1] ep19 1300/1559 loss 0.0289 lr 3e-04 (136s)
[13:19:13]   [cls-r1] ep19 1400/1559 loss 0.0289 lr 3e-04 (149s)
[13:19:26]   [cls-r1] ep19 1500/1559 loss 0.0290 lr 3e-04 (162s)
[13:19:33]   [cls-r1] ep19 1559/1559 loss 0.0290 lr 3e-04 (169s)
[13:19:42]   [cls-r1] Epoch 19 완료 | train L1 0.0290 | val argmax-MAE 8.81 | 개선없음 5/8
[13:19:52]   [cls-r1] ep20 100/1559 loss 0.0275 lr 3e-04 (9s)
[13:20:02]   [cls-r1] ep20 200/1559 loss 0.0274 lr 3e-04 (19s)
[13:20:14]   [cls-r1] ep20 300/1559 loss 0.0279 lr 3e-04 (32s)
[13:20:27]   [cls-r1] ep20 400/1559 loss 0.0280 lr 3e-04 (45s)
[13:20:40]   [cls-r1] ep20 500/1559 loss 0.0278 lr 3e-04 (57s)
[13:20:53]   [cls-r1] ep20 600/1559 loss 0.0280 lr 3e-04 (70s)
[13:21:06]   [cls-r1] ep20 700/1559 loss 0.0281 lr 3e-04 (83s)
[13:21:18]   [cls-r1] ep20 800/1559 loss 0.0280 lr 3e-04 (96s)
[13:21:31]   [cls-r1] ep20 900/1559 loss 0.0280 lr 3e-04 (109s)
[13:21:43]   [cls-r1] ep20 1000/1559 loss 0.0283 lr 3e-04 (121s)
[13:21:55]   [cls-r1] ep20 1100/1559 loss 0.0282 lr 3e-04 (132s)
[13:22:08]   [cls-r1] ep20 1200/1559 loss 0.0281 lr 3e-04 (145s)
[13:22:20]   [cls-r1] ep20 1300/1559 loss 0.0282 lr 3e-04 (158s)
[13:22:33]   [cls-r1] ep20 1400/1559 loss 0.0281 lr 3e-04 (171s)
[13:22:46]   [cls-r1] ep20 1500/1559 loss 0.0280 lr 3e-04 (183s)
[13:22:54]   [cls-r1] ep20 1559/1559 loss 0.0281 lr 3e-04 (191s)
[13:23:04]   [cls-r1] Epoch 20 완료 | train L1 0.0281 | val argmax-MAE 9.05 | 개선없음 6/8
[13:23:17]   [cls-r1] ep21 100/1559 loss 0.0292 lr 3e-04 (13s)
[13:23:29]   [cls-r1] ep21 200/1559 loss 0.0286 lr 3e-04 (25s)
[13:23:40]   [cls-r1] ep21 300/1559 loss 0.0288 lr 3e-04 (36s)
[13:23:53]   [cls-r1] ep21 400/1559 loss 0.0284 lr 3e-04 (49s)
[13:24:06]   [cls-r1] ep21 500/1559 loss 0.0281 lr 3e-04 (62s)
[13:24:18]   [cls-r1] ep21 600/1559 loss 0.0276 lr 3e-04 (74s)
[13:24:31]   [cls-r1] ep21 700/1559 loss 0.0275 lr 3e-04 (87s)
[13:24:44]   [cls-r1] ep21 800/1559 loss 0.0274 lr 3e-04 (100s)
[13:24:57]   [cls-r1] ep21 900/1559 loss 0.0275 lr 3e-04 (113s)
[13:25:10]   [cls-r1] ep21 1000/1559 loss 0.0274 lr 3e-04 (126s)
[13:25:21]   [cls-r1] ep21 1100/1559 loss 0.0273 lr 3e-04 (136s)
[13:25:33]   [cls-r1] ep21 1200/1559 loss 0.0274 lr 3e-04 (149s)
[13:25:46]   [cls-r1] ep21 1300/1559 loss 0.0272 lr 3e-04 (162s)
[13:25:59]   [cls-r1] ep21 1400/1559 loss 0.0273 lr 3e-04 (175s)
[13:26:11]   [cls-r1] ep21 1500/1559 loss 0.0273 lr 3e-04 (187s)
[13:26:19]   [cls-r1] ep21 1559/1559 loss 0.0274 lr 3e-04 (195s)
[13:26:29]   [cls-r1] Epoch 21 완료 | train L1 0.0274 | val argmax-MAE 8.79 | 개선없음 7/8
[13:26:42]   [cls-r1] ep22 100/1559 loss 0.0276 lr 3e-04 (13s)
[13:26:55]   [cls-r1] ep22 200/1559 loss 0.0279 lr 3e-04 (26s)
[13:27:06]   [cls-r1] ep22 300/1559 loss 0.0270 lr 3e-04 (36s)
[13:27:19]   [cls-r1] ep22 400/1559 loss 0.0272 lr 3e-04 (49s)
[13:27:31]   [cls-r1] ep22 500/1559 loss 0.0266 lr 3e-04 (62s)
[13:27:44]   [cls-r1] ep22 600/1559 loss 0.0262 lr 3e-04 (75s)
[13:27:57]   [cls-r1] ep22 700/1559 loss 0.0263 lr 3e-04 (87s)
[13:28:10]   [cls-r1] ep22 800/1559 loss 0.0260 lr 3e-04 (100s)
[13:28:23]   [cls-r1] ep22 900/1559 loss 0.0260 lr 3e-04 (113s)
[13:28:36]   [cls-r1] ep22 1000/1559 loss 0.0260 lr 3e-04 (126s)
[13:28:48]   [cls-r1] ep22 1100/1559 loss 0.0262 lr 3e-04 (138s)
[13:28:59]   [cls-r1] ep22 1200/1559 loss 0.0263 lr 3e-04 (150s)
[13:29:12]   [cls-r1] ep22 1300/1559 loss 0.0263 lr 3e-04 (162s)
[13:29:25]   [cls-r1] ep22 1400/1559 loss 0.0264 lr 3e-04 (175s)
[13:29:38]   [cls-r1] ep22 1500/1559 loss 0.0264 lr 3e-04 (188s)
[13:29:45]   [cls-r1] ep22 1559/1559 loss 0.0264 lr 3e-04 (195s)
[13:29:55]   [cls-r1] Epoch 22 완료 | train L1 0.0264 | val argmax-MAE 8.81 | 개선없음 8/8
[13:29:56]   [cls-r1] 조기종료 | best argmax-MAE 8.75 @ epoch 14
[13:30:45]   [r1] train 1000/12473 (마스크실패 0)
[13:31:27]   [r1] train 2000/12473 (마스크실패 0)
[13:32:12]   [r1] train 3000/12473 (마스크실패 0)
[13:33:00]   [r1] train 4000/12473 (마스크실패 0)
[13:33:48]   [r1] train 5000/12473 (마스크실패 0)
[13:34:36]   [r1] train 6000/12473 (마스크실패 0)
[13:35:25]   [r1] train 7000/12473 (마스크실패 0)
[13:36:12]   [r1] train 8000/12473 (마스크실패 0)
[13:37:00]   [r1] train 9000/12473 (마스크실패 0)
[13:37:47]   [r1] train 10000/12473 (마스크실패 0)
[13:38:35]   [r1] train 11000/12473 (마스크실패 0)
[13:39:22]   [r1] train 12000/12473 (마스크실패 0)
[13:39:45] [r1:train] 정상 12473 | 마스크실패(전체영역 대체) 0 | 파일없음 0
[13:40:32]   [r1] val 1000/1425 (마스크실패 0)
[13:40:51] [r1:val] 정상 1425 | 마스크실패(전체영역 대체) 0 | 파일없음 0
[13:41:02] [r1:test] 정상 200 | 마스크실패(전체영역 대체) 0 | 파일없음 0
[13:41:02] AGG_CHANNELS 에 'r2' 없음 -> Phase I-b 생략 (논문 최고 조합 H+R1+E)
[13:41:03] bbox 로그 저장: G:\Project\sinra_cho\checkpoints_attention_v2\roi_bboxes.csv
[13:41:03] R1/R2/E 캐시 완료
[13:41:05] RoI QC 시트 저장: G:\Project\sinra_cho\checkpoints_attention_v2\qc_roi.png  <- 수근골이 제대로 잡혔는지 반드시 확인
[13:41:05] Phase II 정규화 div255 | 증강 OFF (논문 기준선)
[13:41:05] Phase II 설정: {'BACKBONE': 'xception', 'IMG_SIZE': 560, 'AGE_BINS': 240, 'GENDER_EMB_DIM': 32, 'HEAD_RELU': True, 'GENDER_RELU': True, 'LDL_DELTA': 15.0, 'LDL_LAMBDA': 0.5, 'AGG_CHANNELS': ['hand', 'r1', 'erased'], 'NORMALIZE': 'div255', 'USE_AUG': False, 'TAU_R1': 50, 'TAU_R2': 50, 'CLS_SIZE_REGION': 560, 'HAND_SQUARE_PAD': False, 'HAND_SOURCE': 'G:\\Project\\sinra_cho\\yolo_crop'}
[13:41:05] 조기종료 | Phase I patience 8 | Phase II patience 15 (최소 65에폭 이후)
[13:41:05] 배치 수 | train 1559 | val 179 | test 25
[13:41:05] [backbone] timm 'legacy_xception' 로드 완료 (pretrained=True)
[13:41:05] [reg] backbone out (2048, 18, 18) -> z 6,400 | params 27.1M
[13:41:05] [LDL] loss = l_MAE + 0.5 * D_KL(G||p) | bins 240 | delta 15.0
[13:41:05] Phase II 새로 학습 시작
[13:41:54]   Epoch 001 100/1559 train_mae 19.54 kl 1.014 lr 3e-04 (49s)
[13:42:27]   Epoch 001 200/1559 train_mae 16.93 kl 0.923 lr 3e-04 (82s)
[13:43:00]   Epoch 001 300/1559 train_mae 15.16 kl 0.859 lr 3e-04 (115s)
[13:43:33]   Epoch 001 400/1559 train_mae 13.73 kl 0.793 lr 3e-04 (148s)
[13:44:07]   Epoch 001 500/1559 train_mae 12.89 kl 0.737 lr 3e-04 (182s)
[13:44:42]   Epoch 001 600/1559 train_mae 12.31 kl 0.695 lr 3e-04 (217s)
[13:45:15]   Epoch 001 700/1559 train_mae 11.89 kl 0.667 lr 3e-04 (250s)
[13:45:51]   Epoch 001 800/1559 train_mae 11.61 kl 0.646 lr 3e-04 (286s)
[13:46:26]   Epoch 001 900/1559 train_mae 11.40 kl 0.628 lr 3e-04 (321s)
[13:47:03]   Epoch 001 1000/1559 train_mae 11.08 kl 0.610 lr 3e-04 (357s)
[13:47:36]   Epoch 001 1100/1559 train_mae 10.85 kl 0.598 lr 3e-04 (391s)
[13:48:10]   Epoch 001 1200/1559 train_mae 10.64 kl 0.589 lr 3e-04 (424s)
[13:48:43]   Epoch 001 1300/1559 train_mae 10.48 kl 0.574 lr 3e-04 (458s)
[13:49:17]   Epoch 001 1400/1559 train_mae 10.29 kl 0.564 lr 3e-04 (492s)
[13:49:52]   Epoch 001 1500/1559 train_mae 10.14 kl 0.554 lr 3e-04 (527s)
[13:50:12]   Epoch 001 1559/1559 train_mae 10.06 kl 0.549 lr 3e-04 (547s)
[13:51:05] [Epoch 001 완료] train MAE 10.06 | val MAE 10.35 | val RMSE 13.96 | lr 3e-04 | * best 저장 (val MAE 10.35)
[13:51:26]   Epoch 002 100/1559 train_mae 7.13 kl 0.397 lr 3e-04 (21s)
[13:51:47]   Epoch 002 200/1559 train_mae 7.08 kl 0.386 lr 3e-04 (42s)
[13:52:09]   Epoch 002 300/1559 train_mae 7.28 kl 0.395 lr 3e-04 (64s)
[13:52:31]   Epoch 002 400/1559 train_mae 7.28 kl 0.409 lr 3e-04 (86s)
[13:52:53]   Epoch 002 500/1559 train_mae 7.29 kl 0.409 lr 3e-04 (108s)
[13:53:13]   Epoch 002 600/1559 train_mae 7.40 kl 0.408 lr 3e-04 (128s)
[13:53:35]   Epoch 002 700/1559 train_mae 7.40 kl 0.409 lr 3e-04 (149s)
[13:53:56]   Epoch 002 800/1559 train_mae 7.37 kl 0.406 lr 3e-04 (171s)
[13:54:18]   Epoch 002 900/1559 train_mae 7.32 kl 0.404 lr 3e-04 (193s)
[13:54:37]   Epoch 002 1000/1559 train_mae 7.29 kl 0.404 lr 3e-04 (212s)
[13:54:59]   Epoch 002 1100/1559 train_mae 7.30 kl 0.405 lr 3e-04 (234s)
[13:55:22]   Epoch 002 1200/1559 train_mae 7.29 kl 0.405 lr 3e-04 (256s)
[13:55:44]   Epoch 002 1300/1559 train_mae 7.27 kl 0.404 lr 3e-04 (278s)
[13:56:04]   Epoch 002 1400/1559 train_mae 7.25 kl 0.402 lr 3e-04 (299s)
[13:56:25]   Epoch 002 1500/1559 train_mae 7.27 kl 0.400 lr 3e-04 (320s)
[13:56:38]   Epoch 002 1559/1559 train_mae 7.25 kl 0.398 lr 3e-04 (333s)
[13:57:00] [Epoch 002 완료] train MAE 7.25 | val MAE 8.87 | val RMSE 11.89 | lr 3e-04 | * best 저장 (val MAE 8.87)
[13:57:22]   Epoch 003 100/1559 train_mae 6.46 kl 0.346 lr 3e-04 (22s)
[13:57:42]   Epoch 003 200/1559 train_mae 6.51 kl 0.354 lr 3e-04 (42s)
[13:58:04]   Epoch 003 300/1559 train_mae 6.50 kl 0.350 lr 3e-04 (64s)
[13:58:26]   Epoch 003 400/1559 train_mae 6.40 kl 0.343 lr 3e-04 (86s)
[13:58:48]   Epoch 003 500/1559 train_mae 6.43 kl 0.345 lr 3e-04 (108s)
[13:59:08]   Epoch 003 600/1559 train_mae 6.42 kl 0.347 lr 3e-04 (128s)
[13:59:30]   Epoch 003 700/1559 train_mae 6.41 kl 0.347 lr 3e-04 (150s)
[13:59:51]   Epoch 003 800/1559 train_mae 6.45 kl 0.353 lr 3e-04 (171s)
[14:00:13]   Epoch 003 900/1559 train_mae 6.49 kl 0.353 lr 3e-04 (193s)
[14:00:34]   Epoch 003 1000/1559 train_mae 6.47 kl 0.353 lr 3e-04 (214s)
[14:00:55]   Epoch 003 1100/1559 train_mae 6.46 kl 0.351 lr 3e-04 (235s)
[14:01:17]   Epoch 003 1200/1559 train_mae 6.46 kl 0.353 lr 3e-04 (257s)
[14:01:39]   Epoch 003 1300/1559 train_mae 6.48 kl 0.354 lr 3e-04 (279s)
[14:02:01]   Epoch 003 1400/1559 train_mae 6.51 kl 0.355 lr 3e-04 (301s)
[14:02:21]   Epoch 003 1500/1559 train_mae 6.52 kl 0.353 lr 3e-04 (320s)
[14:02:33]   Epoch 003 1559/1559 train_mae 6.53 kl 0.352 lr 3e-04 (333s)
[14:02:57] [Epoch 003 완료] train MAE 6.53 | val MAE 8.90 | val RMSE 12.03 | lr 3e-04 | 개선없음 1/15
[14:03:19]   Epoch 004 100/1559 train_mae 6.24 kl 0.318 lr 3e-04 (22s)
[14:03:39]   Epoch 004 200/1559 train_mae 6.06 kl 0.325 lr 3e-04 (41s)
[14:04:00]   Epoch 004 300/1559 train_mae 5.88 kl 0.326 lr 3e-04 (63s)
[14:04:22]   Epoch 004 400/1559 train_mae 5.95 kl 0.329 lr 3e-04 (85s)
[14:04:44]   Epoch 004 500/1559 train_mae 5.90 kl 0.322 lr 3e-04 (107s)
[14:05:05]   Epoch 004 600/1559 train_mae 5.91 kl 0.319 lr 3e-04 (128s)
[14:05:26]   Epoch 004 700/1559 train_mae 5.90 kl 0.318 lr 3e-04 (149s)
[14:05:48]   Epoch 004 800/1559 train_mae 5.92 kl 0.317 lr 3e-04 (171s)
[14:06:10]   Epoch 004 900/1559 train_mae 5.92 kl 0.317 lr 3e-04 (193s)
[14:06:32]   Epoch 004 1000/1559 train_mae 5.92 kl 0.319 lr 3e-04 (215s)
[14:06:51]   Epoch 004 1100/1559 train_mae 5.96 kl 0.319 lr 3e-04 (234s)
[14:07:13]   Epoch 004 1200/1559 train_mae 5.96 kl 0.321 lr 3e-04 (256s)
[14:07:35]   Epoch 004 1300/1559 train_mae 5.98 kl 0.321 lr 3e-04 (278s)
[14:07:57]   Epoch 004 1400/1559 train_mae 6.00 kl 0.321 lr 3e-04 (300s)
[14:08:17]   Epoch 004 1500/1559 train_mae 6.00 kl 0.322 lr 3e-04 (319s)
[14:08:29]   Epoch 004 1559/1559 train_mae 6.01 kl 0.322 lr 3e-04 (332s)
[14:08:53] [Epoch 004 완료] train MAE 6.01 | val MAE 8.39 | val RMSE 11.31 | lr 3e-04 | * best 저장 (val MAE 8.39)
[14:09:15]   Epoch 005 100/1559 train_mae 5.23 kl 0.313 lr 3e-04 (21s)
[14:09:37]   Epoch 005 200/1559 train_mae 5.24 kl 0.300 lr 3e-04 (43s)
[14:09:57]   Epoch 005 300/1559 train_mae 5.33 kl 0.302 lr 3e-04 (63s)
[14:10:19]   Epoch 005 400/1559 train_mae 5.37 kl 0.299 lr 3e-04 (85s)
[14:10:40]   Epoch 005 500/1559 train_mae 5.41 kl 0.302 lr 3e-04 (107s)
[14:11:02]   Epoch 005 600/1559 train_mae 5.49 kl 0.307 lr 3e-04 (129s)
[14:11:22]   Epoch 005 700/1559 train_mae 5.48 kl 0.306 lr 3e-04 (149s)
[14:11:44]   Epoch 005 800/1559 train_mae 5.51 kl 0.308 lr 3e-04 (170s)
[14:12:06]   Epoch 005 900/1559 train_mae 5.50 kl 0.308 lr 3e-04 (192s)
[14:12:28]   Epoch 005 1000/1559 train_mae 5.49 kl 0.308 lr 3e-04 (214s)
[14:12:48]   Epoch 005 1100/1559 train_mae 5.48 kl 0.307 lr 3e-04 (234s)
[14:13:09]   Epoch 005 1200/1559 train_mae 5.52 kl 0.306 lr 3e-04 (256s)
[14:13:31]   Epoch 005 1300/1559 train_mae 5.52 kl 0.306 lr 3e-04 (278s)
[14:13:53]   Epoch 005 1400/1559 train_mae 5.53 kl 0.305 lr 3e-04 (300s)
[14:14:15]   Epoch 005 1500/1559 train_mae 5.54 kl 0.304 lr 3e-04 (321s)
[14:14:26]   Epoch 005 1559/1559 train_mae 5.53 kl 0.303 lr 3e-04 (333s)
[14:14:51] [Epoch 005 완료] train MAE 5.53 | val MAE 8.39 | val RMSE 11.62 | lr 3e-04 | 개선없음 1/15
[14:15:13]   Epoch 006 100/1559 train_mae 5.31 kl 0.286 lr 3e-04 (22s)
[14:15:35]   Epoch 006 200/1559 train_mae 5.11 kl 0.273 lr 3e-04 (43s)
[14:15:54]   Epoch 006 300/1559 train_mae 5.09 kl 0.275 lr 3e-04 (62s)
[14:16:15]   Epoch 006 400/1559 train_mae 5.16 kl 0.284 lr 3e-04 (84s)
[14:16:37]   Epoch 006 500/1559 train_mae 5.19 kl 0.284 lr 3e-04 (106s)
[14:16:59]   Epoch 006 600/1559 train_mae 5.19 kl 0.283 lr 3e-04 (128s)
[14:17:19]   Epoch 006 700/1559 train_mae 5.17 kl 0.280 lr 3e-04 (148s)
[14:17:40]   Epoch 006 800/1559 train_mae 5.14 kl 0.280 lr 3e-04 (169s)
[14:18:02]   Epoch 006 900/1559 train_mae 5.13 kl 0.280 lr 3e-04 (191s)
[14:18:24]   Epoch 006 1000/1559 train_mae 5.09 kl 0.278 lr 3e-04 (213s)
[14:18:45]   Epoch 006 1100/1559 train_mae 5.09 kl 0.278 lr 3e-04 (234s)
[14:19:06]   Epoch 006 1200/1559 train_mae 5.12 kl 0.277 lr 3e-04 (254s)
[14:19:28]   Epoch 006 1300/1559 train_mae 5.12 kl 0.276 lr 3e-04 (276s)
[14:19:50]   Epoch 006 1400/1559 train_mae 5.13 kl 0.275 lr 3e-04 (298s)
[14:20:11]   Epoch 006 1500/1559 train_mae 5.13 kl 0.276 lr 3e-04 (320s)
[14:20:22]   Epoch 006 1559/1559 train_mae 5.13 kl 0.275 lr 3e-04 (331s)
[14:20:44] [Epoch 006 완료] train MAE 5.13 | val MAE 7.89 | val RMSE 10.68 | lr 3e-04 | * best 저장 (val MAE 7.89)
[14:21:06]   Epoch 007 100/1559 train_mae 4.77 kl 0.243 lr 3e-04 (22s)
[14:21:28]   Epoch 007 200/1559 train_mae 4.71 kl 0.240 lr 3e-04 (44s)
[14:21:49]   Epoch 007 300/1559 train_mae 4.68 kl 0.242 lr 3e-04 (64s)
[14:22:10]   Epoch 007 400/1559 train_mae 4.62 kl 0.242 lr 3e-04 (85s)
[14:22:33]   Epoch 007 500/1559 train_mae 4.57 kl 0.242 lr 3e-04 (109s)
[14:23:01]   Epoch 007 600/1559 train_mae 4.61 kl 0.242 lr 3e-04 (136s)
[14:23:28]   Epoch 007 700/1559 train_mae 4.63 kl 0.245 lr 3e-04 (164s)
[14:23:53]   Epoch 007 800/1559 train_mae 4.63 kl 0.245 lr 3e-04 (188s)
[14:24:14]   Epoch 007 900/1559 train_mae 4.62 kl 0.245 lr 3e-04 (210s)
[14:24:41]   Epoch 007 1000/1559 train_mae 4.61 kl 0.245 lr 3e-04 (237s)
[14:25:09]   Epoch 007 1100/1559 train_mae 4.61 kl 0.244 lr 3e-04 (264s)
[14:25:35]   Epoch 007 1200/1559 train_mae 4.64 kl 0.245 lr 3e-04 (291s)
[14:26:03]   Epoch 007 1300/1559 train_mae 4.67 kl 0.246 lr 3e-04 (319s)
[14:26:30]   Epoch 007 1400/1559 train_mae 4.69 kl 0.248 lr 3e-04 (346s)
[14:26:56]   Epoch 007 1500/1559 train_mae 4.71 kl 0.249 lr 3e-04 (371s)
[14:27:12]   Epoch 007 1559/1559 train_mae 4.72 kl 0.250 lr 3e-04 (388s)
[14:27:37] [Epoch 007 완료] train MAE 4.72 | val MAE 8.00 | val RMSE 10.81 | lr 3e-04 | 개선없음 1/15
[14:28:04]   Epoch 008 100/1559 train_mae 4.06 kl 0.226 lr 3e-04 (27s)
[14:28:32]   Epoch 008 200/1559 train_mae 4.11 kl 0.226 lr 3e-04 (55s)
[14:28:59]   Epoch 008 300/1559 train_mae 4.15 kl 0.224 lr 3e-04 (82s)
[14:29:25]   Epoch 008 400/1559 train_mae 4.14 kl 0.223 lr 3e-04 (108s)
[14:29:52]   Epoch 008 500/1559 train_mae 4.16 kl 0.222 lr 3e-04 (135s)
[14:30:20]   Epoch 008 600/1559 train_mae 4.18 kl 0.224 lr 3e-04 (163s)
[14:30:47]   Epoch 008 700/1559 train_mae 4.20 kl 0.226 lr 3e-04 (190s)
[14:31:14]   Epoch 008 800/1559 train_mae 4.24 kl 0.230 lr 3e-04 (217s)
[14:31:42]   Epoch 008 900/1559 train_mae 4.26 kl 0.230 lr 3e-04 (245s)
[14:32:08]   Epoch 008 1000/1559 train_mae 4.25 kl 0.229 lr 3e-04 (271s)
[14:32:35]   Epoch 008 1100/1559 train_mae 4.28 kl 0.230 lr 3e-04 (298s)
[14:33:03]   Epoch 008 1200/1559 train_mae 4.27 kl 0.230 lr 3e-04 (326s)
[14:33:30]   Epoch 008 1300/1559 train_mae 4.30 kl 0.230 lr 3e-04 (353s)
[14:33:58]   Epoch 008 1400/1559 train_mae 4.31 kl 0.230 lr 3e-04 (381s)
[14:34:25]   Epoch 008 1500/1559 train_mae 4.32 kl 0.230 lr 3e-04 (408s)
[14:34:41]   Epoch 008 1559/1559 train_mae 4.32 kl 0.230 lr 3e-04 (424s)
[14:35:07] [Epoch 008 완료] train MAE 4.32 | val MAE 7.93 | val RMSE 10.91 | lr 3e-04 | 개선없음 2/15
[14:35:35]   Epoch 009 100/1559 train_mae 3.99 kl 0.229 lr 3e-04 (27s)
[14:36:03]   Epoch 009 200/1559 train_mae 3.97 kl 0.223 lr 3e-04 (55s)
[14:36:30]   Epoch 009 300/1559 train_mae 3.96 kl 0.225 lr 3e-04 (82s)
[14:36:57]   Epoch 009 400/1559 train_mae 4.00 kl 0.219 lr 3e-04 (109s)
[14:37:24]   Epoch 009 500/1559 train_mae 3.97 kl 0.216 lr 3e-04 (136s)
[14:37:50]   Epoch 009 600/1559 train_mae 3.96 kl 0.216 lr 3e-04 (162s)
[14:38:17]   Epoch 009 700/1559 train_mae 3.95 kl 0.215 lr 3e-04 (189s)
[14:38:45]   Epoch 009 800/1559 train_mae 3.94 kl 0.213 lr 3e-04 (217s)
[14:39:12]   Epoch 009 900/1559 train_mae 3.95 kl 0.213 lr 3e-04 (244s)
[14:39:39]   Epoch 009 1000/1559 train_mae 3.97 kl 0.213 lr 3e-04 (271s)
[14:40:07]   Epoch 009 1100/1559 train_mae 3.97 kl 0.213 lr 3e-04 (299s)
[14:40:32]   Epoch 009 1200/1559 train_mae 3.97 kl 0.212 lr 3e-04 (325s)
[14:41:00]   Epoch 009 1300/1559 train_mae 3.99 kl 0.212 lr 3e-04 (352s)
[14:41:27]   Epoch 009 1400/1559 train_mae 3.99 kl 0.212 lr 3e-04 (379s)
[14:41:55]   Epoch 009 1500/1559 train_mae 3.98 kl 0.212 lr 3e-04 (407s)
[14:42:11]   Epoch 009 1559/1559 train_mae 3.99 kl 0.212 lr 3e-04 (423s)
[14:42:36] [Epoch 009 완료] train MAE 3.99 | val MAE 7.92 | val RMSE 10.86 | lr 3e-04 | 개선없음 3/15
[14:43:03]   Epoch 010 100/1559 train_mae 3.74 kl 0.204 lr 3e-04 (27s)
[14:43:30]   Epoch 010 200/1559 train_mae 3.68 kl 0.195 lr 3e-04 (53s)
[14:43:57]   Epoch 010 300/1559 train_mae 3.70 kl 0.195 lr 3e-04 (81s)
[14:44:24]   Epoch 010 400/1559 train_mae 3.74 kl 0.196 lr 3e-04 (108s)
[14:44:51]   Epoch 010 500/1559 train_mae 3.79 kl 0.197 lr 3e-04 (135s)
[14:45:18]   Epoch 010 600/1559 train_mae 3.79 kl 0.196 lr 3e-04 (162s)
[14:45:46]   Epoch 010 700/1559 train_mae 3.79 kl 0.197 lr 3e-04 (190s)
[14:46:12]   Epoch 010 800/1559 train_mae 3.79 kl 0.197 lr 3e-04 (216s)
[14:46:39]   Epoch 010 900/1559 train_mae 3.77 kl 0.198 lr 3e-04 (243s)
[14:47:06]   Epoch 010 1000/1559 train_mae 3.74 kl 0.196 lr 3e-04 (270s)
[14:47:33]   Epoch 010 1100/1559 train_mae 3.74 kl 0.195 lr 3e-04 (297s)
[14:48:01]   Epoch 010 1200/1559 train_mae 3.73 kl 0.195 lr 3e-04 (325s)
[14:48:28]   Epoch 010 1300/1559 train_mae 3.72 kl 0.194 lr 3e-04 (352s)
[14:48:54]   Epoch 010 1400/1559 train_mae 3.74 kl 0.194 lr 3e-04 (378s)
[14:49:21]   Epoch 010 1500/1559 train_mae 3.73 kl 0.194 lr 3e-04 (405s)
[14:49:37]   Epoch 010 1559/1559 train_mae 3.73 kl 0.194 lr 3e-04 (421s)
[14:50:01] [Epoch 010 완료] train MAE 3.73 | val MAE 7.92 | val RMSE 10.81 | lr 3e-04 | 개선없음 4/15
[14:50:29]   Epoch 011 100/1559 train_mae 3.44 kl 0.181 lr 3e-04 (27s)
[14:50:56]   Epoch 011 200/1559 train_mae 3.44 kl 0.177 lr 3e-04 (55s)
[14:51:22]   Epoch 011 300/1559 train_mae 3.48 kl 0.177 lr 3e-04 (80s)
[14:51:58]   Epoch 011 400/1559 train_mae 3.46 kl 0.180 lr 3e-04 (117s)
[14:52:41]   Epoch 011 500/1559 train_mae 3.51 kl 0.181 lr 3e-04 (159s)
[14:53:23]   Epoch 011 600/1559 train_mae 3.49 kl 0.179 lr 3e-04 (201s)
[14:54:06]   Epoch 011 700/1559 train_mae 3.50 kl 0.180 lr 3e-04 (244s)
[14:54:49]   Epoch 011 800/1559 train_mae 3.50 kl 0.181 lr 3e-04 (287s)
[14:55:32]   Epoch 011 900/1559 train_mae 3.53 kl 0.183 lr 3e-04 (330s)
[14:56:15]   Epoch 011 1000/1559 train_mae 3.54 kl 0.182 lr 3e-04 (374s)
[14:56:59]   Epoch 011 1100/1559 train_mae 3.53 kl 0.180 lr 3e-04 (417s)
[14:57:42]   Epoch 011 1200/1559 train_mae 3.53 kl 0.179 lr 3e-04 (460s)
[14:58:25]   Epoch 011 1300/1559 train_mae 3.52 kl 0.179 lr 3e-04 (503s)
[14:59:08]   Epoch 011 1400/1559 train_mae 3.52 kl 0.179 lr 3e-04 (546s)
[14:59:51]   Epoch 011 1500/1559 train_mae 3.53 kl 0.178 lr 3e-04 (589s)
[15:00:17]   Epoch 011 1559/1559 train_mae 3.53 kl 0.178 lr 3e-04 (615s)
[15:01:17] [Epoch 011 완료] train MAE 3.53 | val MAE 8.15 | val RMSE 10.94 | lr 3e-04 | 개선없음 5/15
[15:01:48]   Epoch 012 100/1559 train_mae 3.45 kl 0.171 lr 3e-04 (31s)
[15:02:19]   Epoch 012 200/1559 train_mae 3.37 kl 0.169 lr 3e-04 (61s)
[15:02:50]   Epoch 012 300/1559 train_mae 3.31 kl 0.165 lr 3e-04 (92s)
[15:03:20]   Epoch 012 400/1559 train_mae 3.33 kl 0.166 lr 3e-04 (123s)
[15:03:48]   Epoch 012 500/1559 train_mae 3.31 kl 0.166 lr 3e-04 (150s)
[15:04:13]   Epoch 012 600/1559 train_mae 3.27 kl 0.167 lr 3e-04 (175s)
[15:04:39]   Epoch 012 700/1559 train_mae 3.27 kl 0.167 lr 3e-04 (202s)
[15:05:05]   Epoch 012 800/1559 train_mae 3.30 kl 0.168 lr 3e-04 (227s)
[15:05:30]   Epoch 012 900/1559 train_mae 3.29 kl 0.168 lr 3e-04 (252s)
[15:05:57]   Epoch 012 1000/1559 train_mae 3.30 kl 0.168 lr 3e-04 (279s)
[15:06:23]   Epoch 012 1100/1559 train_mae 3.32 kl 0.169 lr 3e-04 (306s)
[15:06:48]   Epoch 012 1200/1559 train_mae 3.31 kl 0.167 lr 3e-04 (331s)
[15:07:14]   Epoch 012 1300/1559 train_mae 3.29 kl 0.167 lr 3e-04 (357s)
[15:07:41]   Epoch 012 1400/1559 train_mae 3.31 kl 0.169 lr 3e-04 (383s)
[15:08:06]   Epoch 012 1500/1559 train_mae 3.32 kl 0.170 lr 3e-04 (408s)
[15:08:20]   Epoch 012 1559/1559 train_mae 3.32 kl 0.170 lr 3e-04 (422s)
[15:08:42] [Epoch 012 완료] train MAE 3.32 | val MAE 7.95 | val RMSE 10.68 | lr 3e-04 | 개선없음 6/15
[15:09:04]   Epoch 013 100/1559 train_mae 3.40 kl 0.173 lr 3e-04 (22s)
[15:09:26]   Epoch 013 200/1559 train_mae 3.32 kl 0.165 lr 3e-04 (44s)
[15:09:46]   Epoch 013 300/1559 train_mae 3.26 kl 0.164 lr 3e-04 (64s)
[15:10:08]   Epoch 013 400/1559 train_mae 3.21 kl 0.161 lr 3e-04 (86s)
[15:10:30]   Epoch 013 500/1559 train_mae 3.18 kl 0.158 lr 3e-04 (108s)
[15:10:52]   Epoch 013 600/1559 train_mae 3.15 kl 0.158 lr 3e-04 (130s)
[15:11:12]   Epoch 013 700/1559 train_mae 3.14 kl 0.158 lr 3e-04 (150s)
[15:11:34]   Epoch 013 800/1559 train_mae 3.14 kl 0.157 lr 3e-04 (172s)
[15:11:56]   Epoch 013 900/1559 train_mae 3.14 kl 0.156 lr 3e-04 (194s)
[15:12:17]   Epoch 013 1000/1559 train_mae 3.14 kl 0.157 lr 3e-04 (215s)
[15:12:39]   Epoch 013 1100/1559 train_mae 3.13 kl 0.157 lr 3e-04 (237s)
[15:12:59]   Epoch 013 1200/1559 train_mae 3.12 kl 0.156 lr 3e-04 (257s)
[15:13:21]   Epoch 013 1300/1559 train_mae 3.13 kl 0.156 lr 3e-04 (279s)
[15:13:43]   Epoch 013 1400/1559 train_mae 3.14 kl 0.157 lr 3e-04 (301s)
[15:14:05]   Epoch 013 1500/1559 train_mae 3.14 kl 0.158 lr 3e-04 (323s)
[15:14:16]   Epoch 013 1559/1559 train_mae 3.15 kl 0.158 lr 3e-04 (334s)
[15:14:39] [Epoch 013 완료] train MAE 3.15 | val MAE 7.83 | val RMSE 10.56 | lr 3e-04 | * best 저장 (val MAE 7.83)
[15:15:00]   Epoch 014 100/1559 train_mae 3.28 kl 0.160 lr 3e-04 (21s)
[15:15:22]   Epoch 014 200/1559 train_mae 3.25 kl 0.157 lr 3e-04 (43s)
[15:15:43]   Epoch 014 300/1559 train_mae 3.17 kl 0.153 lr 3e-04 (64s)
[15:16:04]   Epoch 014 400/1559 train_mae 3.08 kl 0.152 lr 3e-04 (85s)
[15:16:26]   Epoch 014 500/1559 train_mae 3.05 kl 0.151 lr 3e-04 (107s)
[15:16:48]   Epoch 014 600/1559 train_mae 3.01 kl 0.151 lr 3e-04 (129s)
[15:17:10]   Epoch 014 700/1559 train_mae 3.01 kl 0.150 lr 3e-04 (151s)
[15:17:30]   Epoch 014 800/1559 train_mae 3.01 kl 0.150 lr 3e-04 (171s)
[15:17:52]   Epoch 014 900/1559 train_mae 3.01 kl 0.150 lr 3e-04 (193s)
[15:18:14]   Epoch 014 1000/1559 train_mae 3.01 kl 0.150 lr 3e-04 (215s)
[15:18:36]   Epoch 014 1100/1559 train_mae 3.02 kl 0.150 lr 3e-04 (237s)
[15:18:56]   Epoch 014 1200/1559 train_mae 3.01 kl 0.149 lr 3e-04 (257s)
[15:19:18]   Epoch 014 1300/1559 train_mae 3.00 kl 0.149 lr 3e-04 (279s)
[15:19:40]   Epoch 014 1400/1559 train_mae 3.01 kl 0.149 lr 3e-04 (301s)
[15:20:01]   Epoch 014 1500/1559 train_mae 3.00 kl 0.149 lr 3e-04 (323s)
[15:20:14]   Epoch 014 1559/1559 train_mae 3.00 kl 0.149 lr 3e-04 (335s)
[15:20:36] [Epoch 014 완료] train MAE 3.00 | val MAE 8.00 | val RMSE 10.98 | lr 3e-04 | 개선없음 1/15
[15:20:55]   Epoch 015 100/1559 train_mae 3.11 kl 0.141 lr 3e-04 (18s)
[15:21:13]   Epoch 015 200/1559 train_mae 3.03 kl 0.139 lr 3e-04 (35s)
[15:21:30]   Epoch 015 300/1559 train_mae 3.00 kl 0.137 lr 3e-04 (53s)
[15:21:48]   Epoch 015 400/1559 train_mae 3.00 kl 0.138 lr 3e-04 (71s)
[15:22:06]   Epoch 015 500/1559 train_mae 2.98 kl 0.140 lr 3e-04 (88s)
[15:22:23]   Epoch 015 600/1559 train_mae 2.95 kl 0.139 lr 3e-04 (106s)
[15:22:41]   Epoch 015 700/1559 train_mae 2.93 kl 0.140 lr 3e-04 (124s)
[15:22:58]   Epoch 015 800/1559 train_mae 2.90 kl 0.139 lr 3e-04 (141s)
[15:23:16]   Epoch 015 900/1559 train_mae 2.89 kl 0.139 lr 3e-04 (159s)
[15:23:34]   Epoch 015 1000/1559 train_mae 2.89 kl 0.139 lr 3e-04 (177s)
[15:23:51]   Epoch 015 1100/1559 train_mae 2.88 kl 0.139 lr 3e-04 (194s)
[15:24:09]   Epoch 015 1200/1559 train_mae 2.86 kl 0.138 lr 3e-04 (212s)
[15:24:27]   Epoch 015 1300/1559 train_mae 2.86 kl 0.139 lr 3e-04 (230s)
[15:24:44]   Epoch 015 1400/1559 train_mae 2.87 kl 0.139 lr 3e-04 (247s)
[15:25:02]   Epoch 015 1500/1559 train_mae 2.88 kl 0.139 lr 3e-04 (265s)
[15:25:12]   Epoch 015 1559/1559 train_mae 2.88 kl 0.139 lr 3e-04 (275s)
[15:25:35] [Epoch 015 완료] train MAE 2.88 | val MAE 7.80 | val RMSE 10.70 | lr 3e-04 | * best 저장 (val MAE 7.80)
[15:25:53]   Epoch 016 100/1559 train_mae 2.98 kl 0.132 lr 3e-04 (18s)
[15:26:11]   Epoch 016 200/1559 train_mae 2.91 kl 0.136 lr 3e-04 (35s)
[15:26:26]   Epoch 016 300/1559 train_mae 2.91 kl 0.134 lr 3e-04 (51s)
[15:26:42]   Epoch 016 400/1559 train_mae 2.90 kl 0.135 lr 3e-04 (67s)
[15:26:58]   Epoch 016 500/1559 train_mae 2.85 kl 0.134 lr 3e-04 (83s)
[15:27:14]   Epoch 016 600/1559 train_mae 2.85 kl 0.134 lr 3e-04 (99s)
[15:27:30]   Epoch 016 700/1559 train_mae 2.87 kl 0.135 lr 3e-04 (115s)
[15:27:46]   Epoch 016 800/1559 train_mae 2.84 kl 0.135 lr 3e-04 (131s)
[15:28:02]   Epoch 016 900/1559 train_mae 2.83 kl 0.135 lr 3e-04 (147s)
[15:28:18]   Epoch 016 1000/1559 train_mae 2.81 kl 0.134 lr 3e-04 (162s)
[15:28:34]   Epoch 016 1100/1559 train_mae 2.80 kl 0.134 lr 3e-04 (178s)
[15:28:50]   Epoch 016 1200/1559 train_mae 2.80 kl 0.134 lr 3e-04 (194s)
[15:29:05]   Epoch 016 1300/1559 train_mae 2.79 kl 0.134 lr 3e-04 (210s)
[15:29:21]   Epoch 016 1400/1559 train_mae 2.79 kl 0.134 lr 3e-04 (226s)
[15:29:37]   Epoch 016 1500/1559 train_mae 2.79 kl 0.134 lr 3e-04 (242s)
[15:29:47]   Epoch 016 1559/1559 train_mae 2.79 kl 0.134 lr 3e-04 (251s)
[15:30:05] [Epoch 016 완료] train MAE 2.79 | val MAE 8.18 | val RMSE 11.03 | lr 3e-04 | 개선없음 1/15
[15:30:21]   Epoch 017 100/1559 train_mae 2.69 kl 0.132 lr 3e-04 (16s)
[15:30:37]   Epoch 017 200/1559 train_mae 2.77 kl 0.131 lr 3e-04 (31s)
[15:30:53]   Epoch 017 300/1559 train_mae 2.71 kl 0.130 lr 3e-04 (47s)
[15:31:09]   Epoch 017 400/1559 train_mae 2.71 kl 0.128 lr 3e-04 (63s)
[15:31:25]   Epoch 017 500/1559 train_mae 2.72 kl 0.128 lr 3e-04 (79s)
[15:31:40]   Epoch 017 600/1559 train_mae 2.73 kl 0.129 lr 3e-04 (95s)
[15:31:56]   Epoch 017 700/1559 train_mae 2.70 kl 0.128 lr 3e-04 (111s)
[15:32:12]   Epoch 017 800/1559 train_mae 2.71 kl 0.129 lr 3e-04 (127s)
[15:32:28]   Epoch 017 900/1559 train_mae 2.70 kl 0.131 lr 3e-04 (143s)
[15:32:44]   Epoch 017 1000/1559 train_mae 2.72 kl 0.131 lr 3e-04 (159s)
[15:33:00]   Epoch 017 1100/1559 train_mae 2.70 kl 0.130 lr 3e-04 (175s)
[15:33:16]   Epoch 017 1200/1559 train_mae 2.71 kl 0.130 lr 3e-04 (190s)
[15:33:32]   Epoch 017 1300/1559 train_mae 2.72 kl 0.130 lr 3e-04 (206s)
[15:33:48]   Epoch 017 1400/1559 train_mae 2.72 kl 0.129 lr 3e-04 (222s)
[15:34:04]   Epoch 017 1500/1559 train_mae 2.70 kl 0.129 lr 3e-04 (238s)
[15:34:13]   Epoch 017 1559/1559 train_mae 2.70 kl 0.129 lr 3e-04 (248s)
[15:34:34] [Epoch 017 완료] train MAE 2.70 | val MAE 7.96 | val RMSE 10.86 | lr 3e-04 | 개선없음 2/15
[15:34:50]   Epoch 018 100/1559 train_mae 2.88 kl 0.123 lr 3e-04 (16s)
[15:35:06]   Epoch 018 200/1559 train_mae 2.82 kl 0.126 lr 3e-04 (32s)
[15:35:22]   Epoch 018 300/1559 train_mae 2.78 kl 0.124 lr 3e-04 (48s)
[15:35:38]   Epoch 018 400/1559 train_mae 2.70 kl 0.123 lr 3e-04 (64s)
[15:35:54]   Epoch 018 500/1559 train_mae 2.70 kl 0.124 lr 3e-04 (80s)
[15:36:10]   Epoch 018 600/1559 train_mae 2.67 kl 0.123 lr 3e-04 (96s)
[15:36:26]   Epoch 018 700/1559 train_mae 2.63 kl 0.123 lr 3e-04 (111s)
[15:36:42]   Epoch 018 800/1559 train_mae 2.62 kl 0.123 lr 3e-04 (127s)
[15:36:58]   Epoch 018 900/1559 train_mae 2.60 kl 0.122 lr 3e-04 (143s)
[15:37:14]   Epoch 018 1000/1559 train_mae 2.61 kl 0.123 lr 3e-04 (159s)
[15:37:30]   Epoch 018 1100/1559 train_mae 2.62 kl 0.123 lr 3e-04 (175s)
[15:37:46]   Epoch 018 1200/1559 train_mae 2.60 kl 0.122 lr 3e-04 (191s)
[15:38:02]   Epoch 018 1300/1559 train_mae 2.60 kl 0.122 lr 3e-04 (207s)
[15:38:17]   Epoch 018 1400/1559 train_mae 2.60 kl 0.123 lr 3e-04 (223s)
[15:38:36]   Epoch 018 1500/1559 train_mae 2.61 kl 0.123 lr 3e-04 (242s)
[15:38:49]   Epoch 018 1559/1559 train_mae 2.61 kl 0.123 lr 3e-04 (254s)
[15:39:12] [Epoch 018 완료] train MAE 2.61 | val MAE 7.78 | val RMSE 10.70 | lr 3e-04 | * best 저장 (val MAE 7.78)
[15:39:34]   Epoch 019 100/1559 train_mae 2.77 kl 0.121 lr 3e-04 (21s)
[15:39:56]   Epoch 019 200/1559 train_mae 2.77 kl 0.119 lr 3e-04 (43s)
[15:40:15]   Epoch 019 300/1559 train_mae 2.67 kl 0.117 lr 3e-04 (62s)
[15:40:32]   Epoch 019 400/1559 train_mae 2.63 kl 0.117 lr 3e-04 (79s)
[15:40:53]   Epoch 019 500/1559 train_mae 2.61 kl 0.116 lr 3e-04 (100s)
[15:41:14]   Epoch 019 600/1559 train_mae 2.60 kl 0.116 lr 3e-04 (122s)
[15:41:36]   Epoch 019 700/1559 train_mae 2.58 kl 0.115 lr 3e-04 (143s)
[15:41:58]   Epoch 019 800/1559 train_mae 2.55 kl 0.115 lr 3e-04 (165s)
[15:42:19]   Epoch 019 900/1559 train_mae 2.56 kl 0.116 lr 3e-04 (187s)
[15:42:41]   Epoch 019 1000/1559 train_mae 2.54 kl 0.115 lr 3e-04 (209s)
[15:43:03]   Epoch 019 1100/1559 train_mae 2.52 kl 0.115 lr 3e-04 (230s)
[15:43:25]   Epoch 019 1200/1559 train_mae 2.51 kl 0.115 lr 3e-04 (252s)
[15:43:46]   Epoch 019 1300/1559 train_mae 2.51 kl 0.115 lr 3e-04 (273s)
[15:44:08]   Epoch 019 1400/1559 train_mae 2.51 kl 0.116 lr 3e-04 (295s)
[15:44:30]   Epoch 019 1500/1559 train_mae 2.51 kl 0.116 lr 3e-04 (317s)
[15:44:42]   Epoch 019 1559/1559 train_mae 2.50 kl 0.116 lr 3e-04 (330s)
[15:45:07] [Epoch 019 완료] train MAE 2.50 | val MAE 7.78 | val RMSE 10.54 | lr 3e-04 | 개선없음 1/15
[15:45:28]   Epoch 020 100/1559 train_mae 2.55 kl 0.114 lr 3e-04 (21s)
[15:45:50]   Epoch 020 200/1559 train_mae 2.56 kl 0.113 lr 3e-04 (43s)
[15:46:12]   Epoch 020 300/1559 train_mae 2.52 kl 0.114 lr 3e-04 (65s)
[15:46:34]   Epoch 020 400/1559 train_mae 2.50 kl 0.114 lr 3e-04 (87s)
[15:46:56]   Epoch 020 500/1559 train_mae 2.48 kl 0.114 lr 3e-04 (109s)
[15:47:17]   Epoch 020 600/1559 train_mae 2.49 kl 0.114 lr 3e-04 (130s)
[15:47:39]   Epoch 020 700/1559 train_mae 2.51 kl 0.115 lr 3e-04 (152s)
[15:48:01]   Epoch 020 800/1559 train_mae 2.50 kl 0.116 lr 3e-04 (174s)
[15:48:22]   Epoch 020 900/1559 train_mae 2.50 kl 0.116 lr 3e-04 (195s)
[15:48:44]   Epoch 020 1000/1559 train_mae 2.50 kl 0.116 lr 3e-04 (217s)
[15:49:06]   Epoch 020 1100/1559 train_mae 2.48 kl 0.115 lr 3e-04 (239s)
[15:49:27]   Epoch 020 1200/1559 train_mae 2.49 kl 0.114 lr 3e-04 (260s)
[15:49:49]   Epoch 020 1300/1559 train_mae 2.48 kl 0.114 lr 3e-04 (282s)
[15:50:11]   Epoch 020 1400/1559 train_mae 2.47 kl 0.113 lr 3e-04 (304s)
[15:50:33]   Epoch 020 1500/1559 train_mae 2.47 kl 0.112 lr 3e-04 (326s)
[15:50:45]   Epoch 020 1559/1559 train_mae 2.47 kl 0.112 lr 3e-04 (338s)
[15:51:10] [Epoch 020 완료] train MAE 2.47 | val MAE 7.93 | val RMSE 10.71 | lr 3e-04 | 개선없음 2/15
[15:51:32]   Epoch 021 100/1559 train_mae 2.54 kl 0.101 lr 3e-04 (22s)
[15:51:53]   Epoch 021 200/1559 train_mae 2.49 kl 0.100 lr 3e-04 (43s)
[15:52:15]   Epoch 021 300/1559 train_mae 2.51 kl 0.103 lr 3e-04 (65s)
[15:52:36]   Epoch 021 400/1559 train_mae 2.47 kl 0.101 lr 3e-04 (86s)
[15:52:58]   Epoch 021 500/1559 train_mae 2.45 kl 0.101 lr 3e-04 (107s)
[15:53:19]   Epoch 021 600/1559 train_mae 2.41 kl 0.101 lr 3e-04 (128s)
[15:53:40]   Epoch 021 700/1559 train_mae 2.41 kl 0.102 lr 3e-04 (150s)
[15:54:02]   Epoch 021 800/1559 train_mae 2.39 kl 0.102 lr 3e-04 (172s)
[15:54:23]   Epoch 021 900/1559 train_mae 2.37 kl 0.102 lr 3e-04 (193s)
[15:54:45]   Epoch 021 1000/1559 train_mae 2.37 kl 0.102 lr 3e-04 (215s)
[15:55:06]   Epoch 021 1100/1559 train_mae 2.36 kl 0.102 lr 3e-04 (236s)
[15:55:28]   Epoch 021 1200/1559 train_mae 2.35 kl 0.102 lr 3e-04 (258s)
[15:55:49]   Epoch 021 1300/1559 train_mae 2.35 kl 0.102 lr 3e-04 (279s)
[15:56:11]   Epoch 021 1400/1559 train_mae 2.35 kl 0.102 lr 3e-04 (301s)
[15:56:33]   Epoch 021 1500/1559 train_mae 2.35 kl 0.101 lr 3e-04 (323s)
[15:56:45]   Epoch 021 1559/1559 train_mae 2.35 kl 0.102 lr 3e-04 (335s)
[15:57:08] [Epoch 021 완료] train MAE 2.35 | val MAE 7.75 | val RMSE 10.59 | lr 3e-04 | * best 저장 (val MAE 7.75)
[15:57:30]   Epoch 022 100/1559 train_mae 2.53 kl 0.103 lr 3e-04 (22s)
[15:57:52]   Epoch 022 200/1559 train_mae 2.42 kl 0.102 lr 3e-04 (44s)
[15:58:13]   Epoch 022 300/1559 train_mae 2.38 kl 0.103 lr 3e-04 (65s)
[15:58:35]   Epoch 022 400/1559 train_mae 2.39 kl 0.105 lr 3e-04 (87s)
[15:58:57]   Epoch 022 500/1559 train_mae 2.39 kl 0.104 lr 3e-04 (108s)
[15:59:18]   Epoch 022 600/1559 train_mae 2.39 kl 0.104 lr 3e-04 (130s)
[15:59:40]   Epoch 022 700/1559 train_mae 2.38 kl 0.103 lr 3e-04 (152s)
[16:00:02]   Epoch 022 800/1559 train_mae 2.38 kl 0.104 lr 3e-04 (173s)
[16:00:23]   Epoch 022 900/1559 train_mae 2.37 kl 0.103 lr 3e-04 (195s)
[16:00:45]   Epoch 022 1000/1559 train_mae 2.35 kl 0.102 lr 3e-04 (217s)
[16:01:07]   Epoch 022 1100/1559 train_mae 2.35 kl 0.102 lr 3e-04 (239s)
[16:01:28]   Epoch 022 1200/1559 train_mae 2.34 kl 0.102 lr 3e-04 (260s)
[16:01:50]   Epoch 022 1300/1559 train_mae 2.33 kl 0.101 lr 3e-04 (282s)
[16:02:24]   Epoch 022 1400/1559 train_mae 2.33 kl 0.102 lr 3e-04 (316s)
[16:03:01]   Epoch 022 1500/1559 train_mae 2.33 kl 0.102 lr 3e-04 (353s)
[16:03:23]   Epoch 022 1559/1559 train_mae 2.33 kl 0.102 lr 3e-04 (375s)
[16:04:13] [Epoch 022 완료] train MAE 2.33 | val MAE 7.83 | val RMSE 10.76 | lr 3e-04 | 개선없음 1/15
[16:04:48]   Epoch 023 100/1559 train_mae 2.37 kl 0.111 lr 3e-04 (35s)
[16:05:24]   Epoch 023 200/1559 train_mae 2.40 kl 0.107 lr 3e-04 (70s)
[16:06:00]   Epoch 023 300/1559 train_mae 2.34 kl 0.107 lr 3e-04 (106s)
[16:06:35]   Epoch 023 400/1559 train_mae 2.36 kl 0.107 lr 3e-04 (141s)
[16:07:11]   Epoch 023 500/1559 train_mae 2.32 kl 0.103 lr 3e-04 (177s)
[16:07:49]   Epoch 023 600/1559 train_mae 2.29 kl 0.101 lr 3e-04 (215s)
[16:08:27]   Epoch 023 700/1559 train_mae 2.31 kl 0.101 lr 3e-04 (253s)
[16:09:07]   Epoch 023 800/1559 train_mae 2.30 kl 0.101 lr 3e-04 (293s)
[16:09:47]   Epoch 023 900/1559 train_mae 2.31 kl 0.101 lr 3e-04 (333s)
[16:10:28]   Epoch 023 1000/1559 train_mae 2.30 kl 0.100 lr 3e-04 (374s)
[16:11:09]   Epoch 023 1100/1559 train_mae 2.30 kl 0.100 lr 3e-04 (415s)
[16:11:47]   Epoch 023 1200/1559 train_mae 2.30 kl 0.100 lr 3e-04 (454s)
[16:12:22]   Epoch 023 1300/1559 train_mae 2.29 kl 0.100 lr 3e-04 (488s)
[16:12:55]   Epoch 023 1400/1559 train_mae 2.29 kl 0.100 lr 3e-04 (521s)
[16:13:29]   Epoch 023 1500/1559 train_mae 2.28 kl 0.099 lr 3e-04 (555s)
[16:13:49]   Epoch 023 1559/1559 train_mae 2.28 kl 0.099 lr 3e-04 (575s)
[16:14:12] [Epoch 023 완료] train MAE 2.28 | val MAE 7.92 | val RMSE 10.75 | lr 3e-04 | 개선없음 2/15
[16:14:30]   Epoch 024 100/1559 train_mae 2.48 kl 0.095 lr 3e-04 (18s)
[16:14:48]   Epoch 024 200/1559 train_mae 2.38 kl 0.094 lr 3e-04 (36s)
[16:15:06]   Epoch 024 300/1559 train_mae 2.30 kl 0.096 lr 3e-04 (54s)
[16:15:24]   Epoch 024 400/1559 train_mae 2.28 kl 0.096 lr 3e-04 (72s)
[16:15:42]   Epoch 024 500/1559 train_mae 2.25 kl 0.095 lr 3e-04 (90s)
[16:15:59]   Epoch 024 600/1559 train_mae 2.23 kl 0.095 lr 3e-04 (107s)
[16:16:17]   Epoch 024 700/1559 train_mae 2.22 kl 0.095 lr 3e-04 (125s)
[16:16:35]   Epoch 024 800/1559 train_mae 2.22 kl 0.095 lr 3e-04 (143s)
[16:16:53]   Epoch 024 900/1559 train_mae 2.23 kl 0.096 lr 3e-04 (161s)
[16:17:11]   Epoch 024 1000/1559 train_mae 2.24 kl 0.097 lr 3e-04 (179s)
[16:17:29]   Epoch 024 1100/1559 train_mae 2.23 kl 0.097 lr 3e-04 (197s)
[16:17:47]   Epoch 024 1200/1559 train_mae 2.22 kl 0.097 lr 3e-04 (215s)
[16:18:05]   Epoch 024 1300/1559 train_mae 2.21 kl 0.097 lr 3e-04 (233s)
[16:18:21]   Epoch 024 1400/1559 train_mae 2.20 kl 0.096 lr 3e-04 (249s)
[16:18:37]   Epoch 024 1500/1559 train_mae 2.21 kl 0.096 lr 3e-04 (265s)
[16:18:46]   Epoch 024 1559/1559 train_mae 2.21 kl 0.096 lr 3e-04 (274s)
[16:19:07] [Epoch 024 완료] train MAE 2.21 | val MAE 7.89 | val RMSE 10.80 | lr 3e-04 | 개선없음 3/15
[16:19:23]   Epoch 025 100/1559 train_mae 2.28 kl 0.097 lr 3e-04 (16s)
[16:19:39]   Epoch 025 200/1559 train_mae 2.24 kl 0.099 lr 3e-04 (32s)
[16:19:55]   Epoch 025 300/1559 train_mae 2.25 kl 0.099 lr 3e-04 (48s)
[16:20:11]   Epoch 025 400/1559 train_mae 2.23 kl 0.099 lr 3e-04 (63s)
[16:20:27]   Epoch 025 500/1559 train_mae 2.21 kl 0.097 lr 3e-04 (79s)
[16:20:43]   Epoch 025 600/1559 train_mae 2.22 kl 0.097 lr 3e-04 (95s)
[16:20:59]   Epoch 025 700/1559 train_mae 2.21 kl 0.097 lr 3e-04 (111s)
[16:21:15]   Epoch 025 800/1559 train_mae 2.21 kl 0.098 lr 3e-04 (127s)
[16:21:30]   Epoch 025 900/1559 train_mae 2.20 kl 0.097 lr 3e-04 (143s)
[16:21:46]   Epoch 025 1000/1559 train_mae 2.19 kl 0.096 lr 3e-04 (159s)
[16:22:02]   Epoch 025 1100/1559 train_mae 2.19 kl 0.097 lr 3e-04 (175s)
[16:22:18]   Epoch 025 1200/1559 train_mae 2.18 kl 0.096 lr 3e-04 (190s)
[16:22:34]   Epoch 025 1300/1559 train_mae 2.16 kl 0.095 lr 3e-04 (206s)
[16:22:50]   Epoch 025 1400/1559 train_mae 2.17 kl 0.096 lr 3e-04 (222s)
[16:23:06]   Epoch 025 1500/1559 train_mae 2.16 kl 0.095 lr 3e-04 (238s)
[16:23:15]   Epoch 025 1559/1559 train_mae 2.16 kl 0.095 lr 3e-04 (247s)
[16:23:36] [Epoch 025 완료] train MAE 2.16 | val MAE 8.07 | val RMSE 11.04 | lr 3e-04 | 개선없음 4/15
[16:23:52]   Epoch 026 100/1559 train_mae 2.29 kl 0.094 lr 3e-04 (16s)
[16:24:08]   Epoch 026 200/1559 train_mae 2.26 kl 0.088 lr 3e-04 (32s)
[16:24:24]   Epoch 026 300/1559 train_mae 2.23 kl 0.087 lr 3e-04 (48s)
[16:24:40]   Epoch 026 400/1559 train_mae 2.22 kl 0.086 lr 3e-04 (64s)
[16:24:56]   Epoch 026 500/1559 train_mae 2.21 kl 0.086 lr 3e-04 (79s)
[16:25:12]   Epoch 026 600/1559 train_mae 2.20 kl 0.086 lr 3e-04 (95s)
