================================================================
[23:31:45] 골연령 Xception 회귀 - 프로세스 시작
[23:31:45] PyTorch 2.6.0+cu124 | torchvision 0.21.0+cu124 | timm 1.0.28
[23:31:45] device cuda | CUDA True
Traceback (most recent call last):
  File "C:\ProgramData\gpu-guard\gpu_guard.py", line 438, in <module>
    main()
    ~~~~^^
  File "C:\ProgramData\gpu-guard\gpu_guard.py", line 332, in main
    sys.exit(gate_only(parse_kv(argv[1:])))
             ~~~~~~~~~^^^^^^^^^^^^^^^^^^^^
  File "C:\ProgramData\gpu-guard\gpu_guard.py", line 220, in gate_only
    led = cleanup_dead_running(load_ledger())
                               ~~~~~~~~~~~^^
  File "C:\ProgramData\gpu-guard\common.py", line 54, in load_ledger
    data = json.load(f)
  File "G:\anaconda3\Lib\json\__init__.py", line 293, in load
    return loads(fp.read(),
        cls=cls, object_hook=object_hook,
        parse_float=parse_float, parse_int=parse_int,
        parse_constant=parse_constant, object_pairs_hook=object_pairs_hook, **kw)
  File "G:\anaconda3\Lib\json\__init__.py", line 346, in loads
    return _default_decoder.decode(s)
           ~~~~~~~~~~~~~~~~~~~~~~~^^^
  File "G:\anaconda3\Lib\json\decoder.py", line 345, in decode
    obj, end = self.raw_decode(s, idx=_w(s, 0).end())
               ~~~~~~~~~~~~~~~^^^^^^^^^^^^^^^^^^^^^^^
  File "G:\anaconda3\Lib\json\decoder.py", line 363, in raw_decode
    raise JSONDecodeError("Expecting value", s, err.value) from None
json.decoder.JSONDecodeError: Expecting value: line 1 column 1 (char 0)
[23:31:45] GPU NVIDIA A100 80GB PCIe | CUDA 12.4
[23:31:45] BASE_DIR  G:\Project\sinra_cho
[23:31:45] IMG_SIZE 512 | CROP_MODE advanced | EQUALIZE none | USE_AUG False
[23:31:45] CACHE     G:\Project\sinra_cho\cache_preprocessed_4\advanced_512_none
[23:31:45] CKPT      G:\Project\sinra_cho\checkpoints_xception_4
================================================================
[23:31:45]   TRAIN_IMG OK  G:\Project\sinra_cho\boneage-training-dataset\boneage-training-dataset
[23:31:45]   TRAIN_CSV OK  G:\Project\sinra_cho\boneage-training-dataset\train.csv
[23:31:45]   VAL_IMG   OK  G:\Project\sinra_cho\boneage-validation-dataset\boneage-validation-dataset
[23:31:45]   VAL_CSV   OK  G:\Project\sinra_cho\boneage-validation-dataset\Validation Dataset.csv
[23:31:45]   TEST_IMG  OK  G:\Project\sinra_cho\Bone Age Test Set\Test Set Images
[23:31:45]   TEST_CSV  OK  G:\Project\sinra_cho\Bone Age Test Set\Bone age ground truth.csv
[23:31:45]   · train: 이상 이미지 138장 제외
[23:31:45]   · val: 이상 이미지 41장 제외
[23:31:45]   · test: 이상 이미지 5장 제외
[23:31:45] 라벨 | train 12,473 | val 1,384 | test 195 | 나이 127.58±40.85개월 | 남 54.2%
[23:31:45] 전처리 시작 (train/val/test)...
[23:39:15]   전처리 train 2000/12473
[23:45:37]   전처리 train 4000/12473
[23:50:40]   전처리 train 6000/12473
[23:55:31]   전처리 train 8000/12473
[00:00:18]   전처리 train 10000/12473
[00:04:58]   전처리 train 12000/12473
[00:06:06] [train] 생성 12473 | 스킵 0 | 실패 0
[00:09:30] [val] 생성 1384 | 스킵 0 | 실패 0
[00:10:01] [test] 생성 195 | 스킵 0 | 실패 0
[00:10:01] 전처리 완료 표식 저장: G:\Project\sinra_cho\cache_preprocessed_4\advanced_512_none\_DONE.json
[00:10:02] 사용 가능 | train 12,473 | val 1,384 | test 195
[00:10:06] 크롭 QC 시트 저장: G:\Project\sinra_cho\checkpoints_xception_4\qc_crop.png (손/마커 상태를 눈으로 확인하세요)
[00:10:06] train 증강: OFF (논문 재현 기준선)
[00:10:06] [LDL] 라벨분포학습 ON - 타깃 z-정규화 비활성화 (출력이 개월 원단위)
[00:10:06] 설정: {'GENDER_EMB_DIM': 32, 'HEAD_RELU': True, 'GENDER_RELU': True, 'BACKBONE': 'xception', 'IMG_SIZE': 512, 'CROP_MODE': 'advanced', 'USE_AUG': False, 'EQUALIZE': 'none', 'USE_LDL': True, 'AGE_BINS': 240, 'LDL_DELTA': 15.0, 'LDL_LAMBDA': 0.5}
[00:10:06] batch 16 | epochs 100 | lr 0.0001 | auto_resume True
[00:10:06] 배치 수 | train 779 | val 87 | test 13
[00:10:06] [backbone] timm 'legacy_xception' 로드 완료 (pretrained=True)
[00:10:07] [model] head = LDL softmax 240-way (식 6~8)
[00:10:07] [model] backbone out = 2048x16x16 -> z dim = 6,400 (논문 9,216 = IMG_SIZE 608일 때)
[00:10:07] [model] total params = 27.1M (논문 표4: 22.9M)
[00:10:07] [LDL] loss = ℓ_MAE + 0.5·D_KL(G‖p) | bins 240 | δ 15.0
[00:10:07] 새로 학습 시작
[00:10:07] 파라미터 27.1M (논문 표4 ≈22.9M)
[00:10:25]   Epoch 01  50/779  train_mae 24.29  kl 1.266  (18s)
[00:10:38]   Epoch 01  100/779  train_mae 19.79  kl 1.136  (31s)
[00:10:51]   Epoch 01  150/779  train_mae 18.05  kl 1.087  (44s)
[00:11:04]   Epoch 01  200/779  train_mae 17.04  kl 1.059  (57s)
[00:11:16]   Epoch 01  250/779  train_mae 16.28  kl 1.039  (70s)
[00:11:29]   Epoch 01  300/779  train_mae 15.59  kl 1.011  (83s)
[00:11:42]   Epoch 01  350/779  train_mae 15.10  kl 0.986  (96s)
[00:11:55]   Epoch 01  400/779  train_mae 14.57  kl 0.969  (109s)
[00:12:08]   Epoch 01  450/779  train_mae 14.25  kl 0.958  (122s)
[00:12:21]   Epoch 01  500/779  train_mae 13.89  kl 0.944  (135s)
[00:12:34]   Epoch 01  550/779  train_mae 13.55  kl 0.940  (148s)
[00:12:47]   Epoch 01  600/779  train_mae 13.32  kl 0.936  (161s)
[00:13:00]   Epoch 01  650/779  train_mae 13.07  kl 0.931  (174s)
[00:13:13]   Epoch 01  700/779  train_mae 12.85  kl 0.921  (186s)
[00:13:26]   Epoch 01  750/779  train_mae 12.64  kl 0.915  (199s)
[00:13:34]   Epoch 01  779/779  train_mae 12.54  kl 0.913  (207s)
[00:13:52] [Epoch 01 완료] train MAE 12.54 | val MAE 8.87 | val RMSE 11.44 | lr 1.0e-04 | * best 저장 (val MAE 8.87)
[00:14:01]   Epoch 02  50/779  train_mae 8.57  kl 0.841  (8s)
[00:14:09]   Epoch 02  100/779  train_mae 8.89  kl 0.839  (17s)
[00:14:17]   Epoch 02  150/779  train_mae 8.78  kl 0.841  (25s)
[00:14:26]   Epoch 02  200/779  train_mae 8.77  kl 0.838  (33s)
[00:14:34]   Epoch 02  250/779  train_mae 8.79  kl 0.837  (42s)
[00:14:42]   Epoch 02  300/779  train_mae 8.78  kl 0.842  (50s)
[00:14:51]   Epoch 02  350/779  train_mae 8.76  kl 0.845  (58s)
[00:14:59]   Epoch 02  400/779  train_mae 8.69  kl 0.848  (67s)
[00:15:07]   Epoch 02  450/779  train_mae 8.69  kl 0.848  (75s)
[00:15:15]   Epoch 02  500/779  train_mae 8.64  kl 0.846  (83s)
[00:15:24]   Epoch 02  550/779  train_mae 8.63  kl 0.846  (92s)
[00:15:32]   Epoch 02  600/779  train_mae 8.61  kl 0.846  (100s)
[00:15:40]   Epoch 02  650/779  train_mae 8.55  kl 0.845  (108s)
[00:15:49]   Epoch 02  700/779  train_mae 8.53  kl 0.846  (117s)
[00:15:57]   Epoch 02  750/779  train_mae 8.49  kl 0.842  (125s)
[00:16:02]   Epoch 02  779/779  train_mae 8.47  kl 0.842  (130s)
[00:16:11] [Epoch 02 완료] train MAE 8.47 | val MAE 7.81 | val RMSE 10.49 | lr 1.0e-04 | * best 저장 (val MAE 7.81)
[00:16:20]   Epoch 03  50/779  train_mae 7.74  kl 0.853  (8s)
[00:16:29]   Epoch 03  100/779  train_mae 7.50  kl 0.839  (17s)
[00:16:37]   Epoch 03  150/779  train_mae 7.31  kl 0.822  (25s)
[00:16:45]   Epoch 03  200/779  train_mae 7.26  kl 0.814  (34s)
[00:16:54]   Epoch 03  250/779  train_mae 7.26  kl 0.811  (42s)
[00:17:02]   Epoch 03  300/779  train_mae 7.24  kl 0.811  (50s)
[00:17:11]   Epoch 03  350/779  train_mae 7.19  kl 0.811  (59s)
[00:17:19]   Epoch 03  400/779  train_mae 7.15  kl 0.809  (67s)
[00:17:27]   Epoch 03  450/779  train_mae 7.11  kl 0.807  (75s)
[00:17:36]   Epoch 03  500/779  train_mae 7.09  kl 0.805  (84s)
[00:17:44]   Epoch 03  550/779  train_mae 7.12  kl 0.806  (92s)
[00:17:52]   Epoch 03  600/779  train_mae 7.11  kl 0.800  (101s)
[00:18:01]   Epoch 03  650/779  train_mae 7.09  kl 0.798  (109s)
[00:18:09]   Epoch 03  700/779  train_mae 7.10  kl 0.798  (117s)
[00:18:18]   Epoch 03  750/779  train_mae 7.11  kl 0.797  (126s)
[00:18:22]   Epoch 03  779/779  train_mae 7.12  kl 0.795  (131s)
[00:18:32] [Epoch 03 완료] train MAE 7.12 | val MAE 7.39 | val RMSE 9.82 | lr 1.0e-04 | * best 저장 (val MAE 7.39)
[00:18:40]   Epoch 04  50/779  train_mae 6.53  kl 0.735  (8s)
[00:18:48]   Epoch 04  100/779  train_mae 6.55  kl 0.714  (16s)
[00:18:57]   Epoch 04  150/779  train_mae 6.33  kl 0.715  (25s)
[00:19:05]   Epoch 04  200/779  train_mae 6.29  kl 0.724  (33s)
[00:19:13]   Epoch 04  250/779  train_mae 6.27  kl 0.729  (41s)
[00:19:22]   Epoch 04  300/779  train_mae 6.33  kl 0.730  (50s)
[00:19:30]   Epoch 04  350/779  train_mae 6.34  kl 0.730  (58s)
[00:19:39]   Epoch 04  400/779  train_mae 6.33  kl 0.726  (66s)
[00:19:47]   Epoch 04  450/779  train_mae 6.32  kl 0.727  (75s)
[00:19:55]   Epoch 04  500/779  train_mae 6.33  kl 0.726  (83s)
[00:20:04]   Epoch 04  550/779  train_mae 6.37  kl 0.725  (91s)
[00:20:12]   Epoch 04  600/779  train_mae 6.34  kl 0.721  (100s)
[00:20:20]   Epoch 04  650/779  train_mae 6.35  kl 0.720  (108s)
[00:20:29]   Epoch 04  700/779  train_mae 6.36  kl 0.719  (116s)
[00:20:37]   Epoch 04  750/779  train_mae 6.37  kl 0.719  (125s)
[00:20:42]   Epoch 04  779/779  train_mae 6.36  kl 0.718  (130s)
[00:20:50] [Epoch 04 완료] train MAE 6.36 | val MAE 8.67 | val RMSE 11.19 | lr 1.0e-04 | 개선없음 1/15
[00:20:59]   Epoch 05  50/779  train_mae 5.79  kl 0.637  (8s)
[00:21:07]   Epoch 05  100/779  train_mae 5.71  kl 0.645  (17s)
[00:21:16]   Epoch 05  150/779  train_mae 5.60  kl 0.646  (25s)
[00:21:24]   Epoch 05  200/779  train_mae 5.65  kl 0.650  (33s)
[00:21:32]   Epoch 05  250/779  train_mae 5.66  kl 0.656  (42s)
[00:21:41]   Epoch 05  300/779  train_mae 5.67  kl 0.661  (50s)
[00:21:49]   Epoch 05  350/779  train_mae 5.70  kl 0.658  (58s)
[00:21:58]   Epoch 05  400/779  train_mae 5.71  kl 0.657  (67s)
[00:22:06]   Epoch 05  450/779  train_mae 5.70  kl 0.655  (75s)
[00:22:14]   Epoch 05  500/779  train_mae 5.67  kl 0.656  (83s)
[00:22:21]   Epoch 05  550/779  train_mae 5.67  kl 0.653  (90s)
[00:22:29]   Epoch 05  600/779  train_mae 5.71  kl 0.649  (98s)
[00:22:36]   Epoch 05  650/779  train_mae 5.72  kl 0.647  (105s)
[00:22:43]   Epoch 05  700/779  train_mae 5.74  kl 0.645  (113s)
[00:22:51]   Epoch 05  750/779  train_mae 5.76  kl 0.643  (120s)
[00:22:55]   Epoch 05  779/779  train_mae 5.80  kl 0.642  (124s)
[00:23:04] [Epoch 05 완료] train MAE 5.80 | val MAE 7.97 | val RMSE 10.55 | lr 1.0e-04 | 개선없음 2/15
[00:23:13]   Epoch 06  50/779  train_mae 5.40  kl 0.624  (8s)
[00:23:22]   Epoch 06  100/779  train_mae 5.25  kl 0.616  (17s)
[00:23:30]   Epoch 06  150/779  train_mae 5.19  kl 0.608  (25s)
[00:23:38]   Epoch 06  200/779  train_mae 5.16  kl 0.608  (33s)
[00:23:47]   Epoch 06  250/779  train_mae 5.15  kl 0.606  (42s)
[00:23:55]   Epoch 06  300/779  train_mae 5.08  kl 0.601  (50s)
[00:24:03]   Epoch 06  350/779  train_mae 5.10  kl 0.603  (58s)
[00:24:12]   Epoch 06  400/779  train_mae 5.15  kl 0.603  (67s)
[00:24:20]   Epoch 06  450/779  train_mae 5.17  kl 0.603  (75s)
[00:24:28]   Epoch 06  500/779  train_mae 5.17  kl 0.597  (84s)
[00:24:37]   Epoch 06  550/779  train_mae 5.20  kl 0.598  (92s)
[00:24:45]   Epoch 06  600/779  train_mae 5.21  kl 0.595  (100s)
[00:24:54]   Epoch 06  650/779  train_mae 5.21  kl 0.592  (109s)
[00:25:02]   Epoch 06  700/779  train_mae 5.19  kl 0.592  (117s)
[00:25:10]   Epoch 06  750/779  train_mae 5.20  kl 0.593  (125s)
[00:25:15]   Epoch 06  779/779  train_mae 5.19  kl 0.593  (130s)
[00:25:25] [Epoch 06 완료] train MAE 5.19 | val MAE 7.34 | val RMSE 9.76 | lr 1.0e-04 | * best 저장 (val MAE 7.34)
[00:25:34]   Epoch 07  50/779  train_mae 4.68  kl 0.561  (8s)
[00:25:42]   Epoch 07  100/779  train_mae 4.72  kl 0.558  (17s)
[00:25:50]   Epoch 07  150/779  train_mae 4.54  kl 0.560  (25s)
[00:25:59]   Epoch 07  200/779  train_mae 4.61  kl 0.561  (33s)
[00:26:07]   Epoch 07  250/779  train_mae 4.60  kl 0.563  (42s)
[00:26:15]   Epoch 07  300/779  train_mae 4.61  kl 0.563  (50s)
[00:26:24]   Epoch 07  350/779  train_mae 4.63  kl 0.564  (58s)
[00:26:32]   Epoch 07  400/779  train_mae 4.66  kl 0.565  (67s)
[00:26:40]   Epoch 07  450/779  train_mae 4.67  kl 0.565  (75s)
[00:26:49]   Epoch 07  500/779  train_mae 4.67  kl 0.563  (83s)
[00:26:57]   Epoch 07  550/779  train_mae 4.67  kl 0.560  (92s)
[00:27:05]   Epoch 07  600/779  train_mae 4.69  kl 0.561  (100s)
[00:27:14]   Epoch 07  650/779  train_mae 4.68  kl 0.560  (109s)
[00:27:22]   Epoch 07  700/779  train_mae 4.70  kl 0.557  (117s)
[00:27:31]   Epoch 07  750/779  train_mae 4.69  kl 0.558  (125s)
[00:27:36]   Epoch 07  779/779  train_mae 4.70  kl 0.556  (130s)
[00:27:45] [Epoch 07 완료] train MAE 4.70 | val MAE 7.16 | val RMSE 9.58 | lr 1.0e-04 | * best 저장 (val MAE 7.16)
[00:27:54]   Epoch 08  50/779  train_mae 4.23  kl 0.520  (8s)
[00:28:02]   Epoch 08  100/779  train_mae 4.14  kl 0.520  (16s)
[00:28:10]   Epoch 08  150/779  train_mae 4.29  kl 0.526  (25s)
[00:28:19]   Epoch 08  200/779  train_mae 4.32  kl 0.524  (33s)
[00:28:27]   Epoch 08  250/779  train_mae 4.28  kl 0.525  (42s)
[00:28:35]   Epoch 08  300/779  train_mae 4.29  kl 0.521  (50s)
[00:28:44]   Epoch 08  350/779  train_mae 4.32  kl 0.517  (58s)
[00:28:52]   Epoch 08  400/779  train_mae 4.34  kl 0.519  (67s)
[00:29:00]   Epoch 08  450/779  train_mae 4.32  kl 0.519  (75s)
[00:29:09]   Epoch 08  500/779  train_mae 4.33  kl 0.519  (83s)
[00:29:17]   Epoch 08  550/779  train_mae 4.30  kl 0.518  (92s)
[00:29:26]   Epoch 08  600/779  train_mae 4.32  kl 0.520  (100s)
[00:29:34]   Epoch 08  650/779  train_mae 4.35  kl 0.519  (109s)
[00:29:42]   Epoch 08  700/779  train_mae 4.34  kl 0.517  (117s)
[00:29:51]   Epoch 08  750/779  train_mae 4.35  kl 0.516  (125s)
[00:29:56]   Epoch 08  779/779  train_mae 4.34  kl 0.516  (130s)
[00:30:05] [Epoch 08 완료] train MAE 4.34 | val MAE 7.21 | val RMSE 9.77 | lr 1.0e-04 | 개선없음 1/15
[00:30:14]   Epoch 09  50/779  train_mae 3.75  kl 0.461  (8s)
[00:30:22]   Epoch 09  100/779  train_mae 3.84  kl 0.475  (17s)
[00:30:30]   Epoch 09  150/779  train_mae 3.84  kl 0.477  (25s)
[00:30:39]   Epoch 09  200/779  train_mae 3.97  kl 0.479  (34s)
[00:30:47]   Epoch 09  250/779  train_mae 3.96  kl 0.481  (42s)
[00:30:56]   Epoch 09  300/779  train_mae 3.96  kl 0.481  (50s)
[00:31:04]   Epoch 09  350/779  train_mae 3.98  kl 0.483  (59s)
[00:31:12]   Epoch 09  400/779  train_mae 3.97  kl 0.481  (67s)
[00:31:21]   Epoch 09  450/779  train_mae 3.97  kl 0.482  (75s)
[00:31:29]   Epoch 09  500/779  train_mae 4.01  kl 0.481  (84s)
[00:31:38]   Epoch 09  550/779  train_mae 4.01  kl 0.485  (92s)
[00:31:46]   Epoch 09  600/779  train_mae 4.01  kl 0.485  (101s)
[00:31:54]   Epoch 09  650/779  train_mae 4.02  kl 0.484  (109s)
[00:32:03]   Epoch 09  700/779  train_mae 4.00  kl 0.482  (117s)
[00:32:11]   Epoch 09  750/779  train_mae 4.02  kl 0.483  (126s)
[00:32:16]   Epoch 09  779/779  train_mae 4.02  kl 0.483  (131s)
[00:32:25] [Epoch 09 완료] train MAE 4.02 | val MAE 7.16 | val RMSE 9.62 | lr 1.0e-04 | 개선없음 2/15
[00:32:33]   Epoch 10  50/779  train_mae 3.67  kl 0.478  (8s)
[00:32:41]   Epoch 10  100/779  train_mae 3.62  kl 0.466  (16s)
[00:32:49]   Epoch 10  150/779  train_mae 3.67  kl 0.466  (24s)
[00:32:57]   Epoch 10  200/779  train_mae 3.67  kl 0.472  (32s)
[00:33:06]   Epoch 10  250/779  train_mae 3.63  kl 0.471  (41s)
[00:33:14]   Epoch 10  300/779  train_mae 3.69  kl 0.473  (49s)
[00:33:23]   Epoch 10  350/779  train_mae 3.66  kl 0.472  (58s)
[00:33:31]   Epoch 10  400/779  train_mae 3.68  kl 0.467  (66s)
[00:33:39]   Epoch 10  450/779  train_mae 3.69  kl 0.467  (74s)
[00:33:48]   Epoch 10  500/779  train_mae 3.71  kl 0.465  (83s)
[00:33:56]   Epoch 10  550/779  train_mae 3.72  kl 0.464  (91s)
[00:34:05]   Epoch 10  600/779  train_mae 3.71  kl 0.462  (100s)
[00:34:13]   Epoch 10  650/779  train_mae 3.70  kl 0.460  (108s)
[00:34:21]   Epoch 10  700/779  train_mae 3.70  kl 0.458  (116s)
[00:34:30]   Epoch 10  750/779  train_mae 3.69  kl 0.457  (125s)
[00:34:35]   Epoch 10  779/779  train_mae 3.70  kl 0.457  (129s)
[00:34:44] [Epoch 10 완료] train MAE 3.70 | val MAE 7.09 | val RMSE 9.46 | lr 1.0e-04 | * best 저장 (val MAE 7.09)
[00:34:53]   Epoch 11  50/779  train_mae 3.40  kl 0.445  (8s)
[00:35:01]   Epoch 11  100/779  train_mae 3.39  kl 0.451  (17s)
[00:35:09]   Epoch 11  150/779  train_mae 3.46  kl 0.448  (25s)
[00:35:18]   Epoch 11  200/779  train_mae 3.49  kl 0.441  (33s)
[00:35:26]   Epoch 11  250/779  train_mae 3.44  kl 0.438  (42s)
[00:35:34]   Epoch 11  300/779  train_mae 3.40  kl 0.439  (50s)
[00:35:43]   Epoch 11  350/779  train_mae 3.41  kl 0.438  (58s)
[00:35:51]   Epoch 11  400/779  train_mae 3.44  kl 0.440  (67s)
[00:36:00]   Epoch 11  450/779  train_mae 3.47  kl 0.442  (75s)
[00:36:08]   Epoch 11  500/779  train_mae 3.46  kl 0.439  (84s)
[00:36:16]   Epoch 11  550/779  train_mae 3.46  kl 0.438  (92s)
[00:36:25]   Epoch 11  600/779  train_mae 3.46  kl 0.437  (100s)
[00:36:33]   Epoch 11  650/779  train_mae 3.46  kl 0.438  (109s)
[00:36:41]   Epoch 11  700/779  train_mae 3.49  kl 0.440  (117s)
[00:36:50]   Epoch 11  750/779  train_mae 3.48  kl 0.439  (125s)
[00:36:55]   Epoch 11  779/779  train_mae 3.48  kl 0.438  (130s)
[00:37:04] [Epoch 11 완료] train MAE 3.48 | val MAE 6.99 | val RMSE 9.40 | lr 1.0e-04 | * best 저장 (val MAE 6.99)
[00:37:13]   Epoch 12  50/779  train_mae 3.39  kl 0.423  (8s)
[00:37:21]   Epoch 12  100/779  train_mae 3.30  kl 0.421  (17s)
[00:37:29]   Epoch 12  150/779  train_mae 3.24  kl 0.427  (25s)
[00:37:38]   Epoch 12  200/779  train_mae 3.24  kl 0.419  (33s)
[00:37:46]   Epoch 12  250/779  train_mae 3.25  kl 0.417  (42s)
[00:37:55]   Epoch 12  300/779  train_mae 3.24  kl 0.418  (50s)
[00:38:03]   Epoch 12  350/779  train_mae 3.26  kl 0.417  (58s)
[00:38:11]   Epoch 12  400/779  train_mae 3.24  kl 0.420  (67s)
[00:38:20]   Epoch 12  450/779  train_mae 3.25  kl 0.420  (75s)
[00:38:28]   Epoch 12  500/779  train_mae 3.22  kl 0.420  (84s)
[00:38:36]   Epoch 12  550/779  train_mae 3.22  kl 0.419  (92s)
[00:38:45]   Epoch 12  600/779  train_mae 3.23  kl 0.420  (100s)
[00:38:53]   Epoch 12  650/779  train_mae 3.25  kl 0.420  (109s)
[00:39:02]   Epoch 12  700/779  train_mae 3.26  kl 0.420  (117s)
[00:39:10]   Epoch 12  750/779  train_mae 3.26  kl 0.420  (126s)
[00:39:15]   Epoch 12  779/779  train_mae 3.27  kl 0.419  (130s)
[00:39:24] [Epoch 12 완료] train MAE 3.27 | val MAE 7.19 | val RMSE 9.76 | lr 1.0e-04 | 개선없음 1/15
[00:39:33]   Epoch 13  50/779  train_mae 3.05  kl 0.394  (8s)
[00:39:41]   Epoch 13  100/779  train_mae 3.10  kl 0.401  (17s)
[00:39:50]   Epoch 13  150/779  train_mae 3.22  kl 0.401  (25s)
[00:39:58]   Epoch 13  200/779  train_mae 3.16  kl 0.399  (33s)
[00:40:06]   Epoch 13  250/779  train_mae 3.14  kl 0.403  (42s)
[00:40:15]   Epoch 13  300/779  train_mae 3.15  kl 0.406  (50s)
[00:40:23]   Epoch 13  350/779  train_mae 3.11  kl 0.406  (58s)
[00:40:31]   Epoch 13  400/779  train_mae 3.13  kl 0.406  (67s)
[00:40:40]   Epoch 13  450/779  train_mae 3.12  kl 0.405  (75s)
[00:40:48]   Epoch 13  500/779  train_mae 3.10  kl 0.405  (83s)
[00:40:57]   Epoch 13  550/779  train_mae 3.10  kl 0.404  (92s)
[00:41:05]   Epoch 13  600/779  train_mae 3.10  kl 0.403  (100s)
[00:41:13]   Epoch 13  650/779  train_mae 3.11  kl 0.403  (109s)
[00:41:22]   Epoch 13  700/779  train_mae 3.11  kl 0.402  (117s)
[00:41:30]   Epoch 13  750/779  train_mae 3.10  kl 0.402  (125s)
[00:41:35]   Epoch 13  779/779  train_mae 3.09  kl 0.402  (130s)
[00:41:43] [Epoch 13 완료] train MAE 3.09 | val MAE 6.98 | val RMSE 9.42 | lr 1.0e-04 | 개선없음 2/15
[00:41:52]   Epoch 14  50/779  train_mae 3.09  kl 0.369  (8s)
[00:42:01]   Epoch 14  100/779  train_mae 3.08  kl 0.377  (17s)
[00:42:09]   Epoch 14  150/779  train_mae 3.06  kl 0.380  (25s)
[00:42:17]   Epoch 14  200/779  train_mae 3.08  kl 0.382  (33s)
[00:42:26]   Epoch 14  250/779  train_mae 3.05  kl 0.383  (42s)
[00:42:34]   Epoch 14  300/779  train_mae 3.02  kl 0.384  (50s)
[00:42:42]   Epoch 14  350/779  train_mae 2.99  kl 0.383  (58s)
[00:42:50]   Epoch 14  400/779  train_mae 3.00  kl 0.383  (66s)
[00:42:59]   Epoch 14  450/779  train_mae 2.99  kl 0.384  (75s)
[00:43:07]   Epoch 14  500/779  train_mae 2.97  kl 0.386  (83s)
[00:43:15]   Epoch 14  550/779  train_mae 2.94  kl 0.386  (91s)
[00:43:23]   Epoch 14  600/779  train_mae 2.93  kl 0.383  (99s)
[00:43:32]   Epoch 14  650/779  train_mae 2.93  kl 0.382  (108s)
[00:43:40]   Epoch 14  700/779  train_mae 2.92  kl 0.383  (116s)
[00:43:48]   Epoch 14  750/779  train_mae 2.93  kl 0.384  (124s)
[00:43:53]   Epoch 14  779/779  train_mae 2.93  kl 0.384  (129s)
[00:44:02] [Epoch 14 완료] train MAE 2.93 | val MAE 7.09 | val RMSE 9.61 | lr 1.0e-04 | 개선없음 3/15
[00:44:11]   Epoch 15  50/779  train_mae 2.82  kl 0.373  (8s)
[00:44:19]   Epoch 15  100/779  train_mae 2.89  kl 0.382  (17s)
[00:44:27]   Epoch 15  150/779  train_mae 2.88  kl 0.381  (25s)
[00:44:36]   Epoch 15  200/779  train_mae 2.84  kl 0.374  (33s)
[00:44:44]   Epoch 15  250/779  train_mae 2.81  kl 0.376  (42s)
[00:44:52]   Epoch 15  300/779  train_mae 2.82  kl 0.379  (50s)
[00:45:01]   Epoch 15  350/779  train_mae 2.81  kl 0.377  (58s)
[00:45:09]   Epoch 15  400/779  train_mae 2.80  kl 0.377  (67s)
[00:45:17]   Epoch 15  450/779  train_mae 2.80  kl 0.375  (75s)
[00:45:25]   Epoch 15  500/779  train_mae 2.79  kl 0.374  (83s)
[00:45:34]   Epoch 15  550/779  train_mae 2.79  kl 0.371  (91s)
[00:45:42]   Epoch 15  600/779  train_mae 2.78  kl 0.371  (100s)
[00:45:50]   Epoch 15  650/779  train_mae 2.78  kl 0.370  (108s)
[00:45:58]   Epoch 15  700/779  train_mae 2.78  kl 0.369  (116s)
[00:46:07]   Epoch 15  750/779  train_mae 2.78  kl 0.369  (124s)
[00:46:11]   Epoch 15  779/779  train_mae 2.80  kl 0.369  (129s)
[00:46:20] [Epoch 15 완료] train MAE 2.80 | val MAE 7.30 | val RMSE 9.71 | lr 1.0e-04 | 개선없음 4/15
[00:46:29]   Epoch 16  50/779  train_mae 2.78  kl 0.348  (8s)
[00:46:38]   Epoch 16  100/779  train_mae 2.86  kl 0.354  (17s)
[00:46:46]   Epoch 16  150/779  train_mae 2.80  kl 0.353  (25s)
[00:46:54]   Epoch 16  200/779  train_mae 2.79  kl 0.352  (33s)
[00:47:03]   Epoch 16  250/779  train_mae 2.77  kl 0.351  (42s)
[00:47:11]   Epoch 16  300/779  train_mae 2.73  kl 0.351  (50s)
[00:47:19]   Epoch 16  350/779  train_mae 2.71  kl 0.351  (58s)
[00:47:27]   Epoch 16  400/779  train_mae 2.73  kl 0.351  (67s)
[00:47:36]   Epoch 16  450/779  train_mae 2.75  kl 0.354  (75s)
[00:47:44]   Epoch 16  500/779  train_mae 2.75  kl 0.355  (83s)
[00:47:52]   Epoch 16  550/779  train_mae 2.73  kl 0.356  (92s)
[00:48:01]   Epoch 16  600/779  train_mae 2.73  kl 0.357  (100s)
[00:48:09]   Epoch 16  650/779  train_mae 2.73  kl 0.355  (108s)
[00:48:17]   Epoch 16  700/779  train_mae 2.73  kl 0.355  (117s)
[00:48:26]   Epoch 16  750/779  train_mae 2.73  kl 0.354  (125s)
[00:48:30]   Epoch 16  779/779  train_mae 2.73  kl 0.354  (130s)
[00:48:39] [Epoch 16 완료] train MAE 2.73 | val MAE 6.98 | val RMSE 9.35 | lr 1.0e-04 | 개선없음 5/15
[00:48:48]   Epoch 17  50/779  train_mae 2.73  kl 0.344  (8s)
[00:48:56]   Epoch 17  100/779  train_mae 2.72  kl 0.351  (17s)
[00:49:05]   Epoch 17  150/779  train_mae 2.74  kl 0.350  (25s)
[00:49:13]   Epoch 17  200/779  train_mae 2.70  kl 0.351  (33s)
[00:49:21]   Epoch 17  250/779  train_mae 2.72  kl 0.353  (42s)
[00:49:29]   Epoch 17  300/779  train_mae 2.70  kl 0.351  (50s)
[00:49:38]   Epoch 17  350/779  train_mae 2.66  kl 0.349  (58s)
[00:49:46]   Epoch 17  400/779  train_mae 2.66  kl 0.349  (67s)
[00:49:54]   Epoch 17  450/779  train_mae 2.63  kl 0.348  (75s)
[00:50:02]   Epoch 17  500/779  train_mae 2.63  kl 0.347  (83s)
[00:50:11]   Epoch 17  550/779  train_mae 2.65  kl 0.348  (91s)
[00:50:19]   Epoch 17  600/779  train_mae 2.65  kl 0.346  (99s)
[00:50:27]   Epoch 17  650/779  train_mae 2.65  kl 0.347  (108s)
[00:50:35]   Epoch 17  700/779  train_mae 2.66  kl 0.346  (116s)
[00:50:44]   Epoch 17  750/779  train_mae 2.66  kl 0.345  (124s)
[00:50:49]   Epoch 17  779/779  train_mae 2.65  kl 0.345  (129s)
[00:50:57] [Epoch 17 완료] train MAE 2.65 | val MAE 6.87 | val RMSE 9.30 | lr 1.0e-04 | * best 저장 (val MAE 6.87)
[00:51:06]   Epoch 18  50/779  train_mae 2.68  kl 0.343  (8s)
[00:51:15]   Epoch 18  100/779  train_mae 2.59  kl 0.339  (17s)
[00:51:23]   Epoch 18  150/779  train_mae 2.64  kl 0.347  (25s)
[00:51:31]   Epoch 18  200/779  train_mae 2.60  kl 0.345  (33s)
[00:51:39]   Epoch 18  250/779  train_mae 2.57  kl 0.343  (41s)
[00:51:48]   Epoch 18  300/779  train_mae 2.54  kl 0.341  (50s)
[00:51:56]   Epoch 18  350/779  train_mae 2.52  kl 0.339  (58s)
[00:52:04]   Epoch 18  400/779  train_mae 2.52  kl 0.339  (66s)
[00:52:13]   Epoch 18  450/779  train_mae 2.53  kl 0.339  (75s)
[00:52:21]   Epoch 18  500/779  train_mae 2.51  kl 0.338  (83s)
[00:52:29]   Epoch 18  550/779  train_mae 2.51  kl 0.336  (91s)
[00:52:38]   Epoch 18  600/779  train_mae 2.51  kl 0.336  (100s)
[00:52:46]   Epoch 18  650/779  train_mae 2.52  kl 0.335  (108s)
[00:52:54]   Epoch 18  700/779  train_mae 2.51  kl 0.334  (116s)
[00:53:03]   Epoch 18  750/779  train_mae 2.52  kl 0.334  (125s)
[00:53:08]   Epoch 18  779/779  train_mae 2.52  kl 0.334  (130s)
[00:53:16] [Epoch 18 완료] train MAE 2.52 | val MAE 6.89 | val RMSE 9.30 | lr 1.0e-04 | 개선없음 1/15
[00:53:25]   Epoch 19  50/779  train_mae 2.53  kl 0.329  (8s)
[00:53:33]   Epoch 19  100/779  train_mae 2.50  kl 0.326  (16s)
[00:53:41]   Epoch 19  150/779  train_mae 2.45  kl 0.326  (25s)
[00:53:50]   Epoch 19  200/779  train_mae 2.45  kl 0.326  (33s)
[00:53:58]   Epoch 19  250/779  train_mae 2.43  kl 0.329  (41s)
[00:54:06]   Epoch 19  300/779  train_mae 2.42  kl 0.328  (50s)
[00:54:14]   Epoch 19  350/779  train_mae 2.41  kl 0.328  (58s)
[00:54:23]   Epoch 19  400/779  train_mae 2.42  kl 0.327  (66s)
[00:54:31]   Epoch 19  450/779  train_mae 2.42  kl 0.324  (74s)
[00:54:39]   Epoch 19  500/779  train_mae 2.41  kl 0.324  (83s)
[00:54:48]   Epoch 19  550/779  train_mae 2.41  kl 0.323  (91s)
[00:54:56]   Epoch 19  600/779  train_mae 2.40  kl 0.324  (99s)
[00:55:04]   Epoch 19  650/779  train_mae 2.40  kl 0.323  (108s)
[00:55:13]   Epoch 19  700/779  train_mae 2.40  kl 0.322  (116s)
[00:55:21]   Epoch 19  750/779  train_mae 2.40  kl 0.322  (124s)
[00:55:26]   Epoch 19  779/779  train_mae 2.40  kl 0.322  (129s)
[00:55:34] [Epoch 19 완료] train MAE 2.40 | val MAE 6.98 | val RMSE 9.35 | lr 1.0e-04 | 개선없음 2/15
[00:55:43]   Epoch 20  50/779  train_mae 2.55  kl 0.319  (8s)
[00:55:51]   Epoch 20  100/779  train_mae 2.45  kl 0.329  (17s)
[00:56:00]   Epoch 20  150/779  train_mae 2.45  kl 0.328  (25s)
[00:56:08]   Epoch 20  200/779  train_mae 2.41  kl 0.327  (33s)
[00:56:16]   Epoch 20  250/779  train_mae 2.36  kl 0.322  (42s)
[00:56:25]   Epoch 20  300/779  train_mae 2.38  kl 0.321  (50s)
[00:56:33]   Epoch 20  350/779  train_mae 2.36  kl 0.321  (58s)
[00:56:41]   Epoch 20  400/779  train_mae 2.35  kl 0.321  (66s)
[00:56:49]   Epoch 20  450/779  train_mae 2.34  kl 0.320  (75s)
[00:56:58]   Epoch 20  500/779  train_mae 2.34  kl 0.319  (83s)
[00:57:06]   Epoch 20  550/779  train_mae 2.34  kl 0.318  (91s)
[00:57:14]   Epoch 20  600/779  train_mae 2.33  kl 0.317  (100s)
[00:57:23]   Epoch 20  650/779  train_mae 2.32  kl 0.316  (108s)
[00:57:31]   Epoch 20  700/779  train_mae 2.33  kl 0.316  (116s)
[00:57:39]   Epoch 20  750/779  train_mae 2.32  kl 0.315  (125s)
[00:57:44]   Epoch 20  779/779  train_mae 2.32  kl 0.315  (130s)
[00:57:53] [Epoch 20 완료] train MAE 2.32 | val MAE 6.82 | val RMSE 9.24 | lr 1.0e-04 | * best 저장 (val MAE 6.82)
[00:58:02]   Epoch 21  50/779  train_mae 2.45  kl 0.300  (8s)
[00:58:10]   Epoch 21  100/779  train_mae 2.47  kl 0.310  (17s)
[00:58:19]   Epoch 21  150/779  train_mae 2.40  kl 0.309  (25s)
[00:58:27]   Epoch 21  200/779  train_mae 2.38  kl 0.310  (33s)
[00:58:35]   Epoch 21  250/779  train_mae 2.38  kl 0.310  (42s)
[00:58:44]   Epoch 21  300/779  train_mae 2.34  kl 0.307  (50s)
[00:58:52]   Epoch 21  350/779  train_mae 2.33  kl 0.307  (58s)
[00:59:00]   Epoch 21  400/779  train_mae 2.31  kl 0.305  (66s)
[00:59:08]   Epoch 21  450/779  train_mae 2.31  kl 0.306  (75s)
[00:59:17]   Epoch 21  500/779  train_mae 2.30  kl 0.306  (83s)
[00:59:25]   Epoch 21  550/779  train_mae 2.28  kl 0.305  (91s)
[00:59:33]   Epoch 21  600/779  train_mae 2.27  kl 0.304  (100s)
[00:59:42]   Epoch 21  650/779  train_mae 2.27  kl 0.303  (108s)
[00:59:50]   Epoch 21  700/779  train_mae 2.26  kl 0.303  (116s)
[00:59:58]   Epoch 21  750/779  train_mae 2.24  kl 0.304  (124s)
[01:00:03]   Epoch 21  779/779  train_mae 2.24  kl 0.304  (129s)
[01:00:12] [Epoch 21 완료] train MAE 2.24 | val MAE 6.85 | val RMSE 9.33 | lr 1.0e-04 | 개선없음 1/15
[01:00:21]   Epoch 22  50/779  train_mae 2.23  kl 0.298  (8s)
[01:00:29]   Epoch 22  100/779  train_mae 2.25  kl 0.293  (17s)
[01:00:37]   Epoch 22  150/779  train_mae 2.26  kl 0.295  (25s)
[01:00:45]   Epoch 22  200/779  train_mae 2.28  kl 0.296  (33s)
[01:00:53]   Epoch 22  250/779  train_mae 2.28  kl 0.295  (41s)
[01:01:02]   Epoch 22  300/779  train_mae 2.27  kl 0.296  (50s)
[01:01:10]   Epoch 22  350/779  train_mae 2.26  kl 0.294  (58s)
[01:01:19]   Epoch 22  400/779  train_mae 2.25  kl 0.294  (66s)
[01:01:27]   Epoch 22  450/779  train_mae 2.23  kl 0.294  (75s)
[01:01:35]   Epoch 22  500/779  train_mae 2.24  kl 0.295  (83s)
[01:01:44]   Epoch 22  550/779  train_mae 2.22  kl 0.294  (91s)
[01:01:52]   Epoch 22  600/779  train_mae 2.21  kl 0.295  (100s)
[01:02:00]   Epoch 22  650/779  train_mae 2.20  kl 0.294  (108s)
[01:02:09]   Epoch 22  700/779  train_mae 2.20  kl 0.294  (117s)
[01:02:17]   Epoch 22  750/779  train_mae 2.20  kl 0.294  (125s)
[01:02:22]   Epoch 22  779/779  train_mae 2.21  kl 0.294  (130s)
[01:02:32] [Epoch 22 완료] train MAE 2.21 | val MAE 6.87 | val RMSE 9.37 | lr 1.0e-04 | 개선없음 2/15
[01:02:40]   Epoch 23  50/779  train_mae 2.16  kl 0.290  (8s)
[01:02:49]   Epoch 23  100/779  train_mae 2.20  kl 0.294  (17s)
[01:02:57]   Epoch 23  150/779  train_mae 2.17  kl 0.293  (25s)
[01:03:05]   Epoch 23  200/779  train_mae 2.14  kl 0.290  (33s)
[01:03:14]   Epoch 23  250/779  train_mae 2.12  kl 0.290  (42s)
[01:03:22]   Epoch 23  300/779  train_mae 2.15  kl 0.287  (50s)
[01:03:31]   Epoch 23  350/779  train_mae 2.13  kl 0.289  (59s)
[01:03:39]   Epoch 23  400/779  train_mae 2.14  kl 0.290  (67s)
[01:03:47]   Epoch 23  450/779  train_mae 2.14  kl 0.289  (75s)
[01:03:56]   Epoch 23  500/779  train_mae 2.13  kl 0.289  (84s)
[01:04:04]   Epoch 23  550/779  train_mae 2.12  kl 0.288  (92s)
[01:04:12]   Epoch 23  600/779  train_mae 2.11  kl 0.288  (100s)
[01:04:21]   Epoch 23  650/779  train_mae 2.10  kl 0.287  (109s)
[01:04:29]   Epoch 23  700/779  train_mae 2.10  kl 0.287  (117s)
[01:04:37]   Epoch 23  750/779  train_mae 2.10  kl 0.286  (125s)
[01:04:42]   Epoch 23  779/779  train_mae 2.10  kl 0.286  (130s)
[01:04:52] [Epoch 23 완료] train MAE 2.10 | val MAE 6.82 | val RMSE 9.16 | lr 1.0e-04 | 개선없음 3/15
[01:05:00]   Epoch 24  50/779  train_mae 2.07  kl 0.276  (8s)
[01:05:09]   Epoch 24  100/779  train_mae 2.13  kl 0.283  (17s)
[01:05:17]   Epoch 24  150/779  train_mae 2.13  kl 0.286  (25s)
[01:05:26]   Epoch 24  200/779  train_mae 2.08  kl 0.285  (33s)
[01:05:34]   Epoch 24  250/779  train_mae 2.06  kl 0.285  (42s)
[01:05:42]   Epoch 24  300/779  train_mae 2.05  kl 0.284  (50s)
[01:05:51]   Epoch 24  350/779  train_mae 2.05  kl 0.284  (59s)
[01:05:59]   Epoch 24  400/779  train_mae 2.04  kl 0.283  (67s)
[01:06:07]   Epoch 24  450/779  train_mae 2.06  kl 0.284  (75s)
[01:06:16]   Epoch 24  500/779  train_mae 2.06  kl 0.284  (84s)
[01:06:24]   Epoch 24  550/779  train_mae 2.08  kl 0.283  (92s)
[01:06:33]   Epoch 24  600/779  train_mae 2.07  kl 0.283  (101s)
[01:06:41]   Epoch 24  650/779  train_mae 2.07  kl 0.282  (109s)
[01:06:49]   Epoch 24  700/779  train_mae 2.06  kl 0.283  (117s)
[01:06:57]   Epoch 24  750/779  train_mae 2.06  kl 0.281  (125s)
[01:07:02]   Epoch 24  779/779  train_mae 2.05  kl 0.281  (130s)
[01:07:12] [Epoch 24 완료] train MAE 2.05 | val MAE 6.72 | val RMSE 9.12 | lr 1.0e-04 | * best 저장 (val MAE 6.72)
[01:07:21]   Epoch 25  50/779  train_mae 1.95  kl 0.282  (8s)
[01:07:29]   Epoch 25  100/779  train_mae 2.02  kl 0.285  (17s)
[01:07:37]   Epoch 25  150/779  train_mae 2.00  kl 0.282  (25s)
[01:07:46]   Epoch 25  200/779  train_mae 1.99  kl 0.280  (33s)
[01:07:54]   Epoch 25  250/779  train_mae 1.98  kl 0.278  (42s)
[01:08:03]   Epoch 25  300/779  train_mae 1.98  kl 0.279  (50s)
[01:08:11]   Epoch 25  350/779  train_mae 1.96  kl 0.278  (59s)
[01:08:19]   Epoch 25  400/779  train_mae 1.97  kl 0.277  (67s)
[01:08:28]   Epoch 25  450/779  train_mae 1.97  kl 0.275  (75s)
[01:08:36]   Epoch 25  500/779  train_mae 1.96  kl 0.274  (84s)
[01:08:44]   Epoch 25  550/779  train_mae 1.95  kl 0.273  (92s)
[01:08:53]   Epoch 25  600/779  train_mae 1.94  kl 0.273  (101s)
[01:09:01]   Epoch 25  650/779  train_mae 1.95  kl 0.272  (109s)
[01:09:10]   Epoch 25  700/779  train_mae 1.95  kl 0.273  (117s)
[01:09:18]   Epoch 25  750/779  train_mae 1.95  kl 0.272  (126s)
[01:09:23]   Epoch 25  779/779  train_mae 1.94  kl 0.272  (131s)
[01:09:31] [Epoch 25 완료] train MAE 1.94 | val MAE 6.92 | val RMSE 9.35 | lr 1.0e-04 | 개선없음 1/15
[01:09:40]   Epoch 26  50/779  train_mae 1.94  kl 0.279  (8s)
[01:09:48]   Epoch 26  100/779  train_mae 1.95  kl 0.270  (17s)
[01:09:56]   Epoch 26  150/779  train_mae 1.95  kl 0.271  (25s)
[01:10:04]   Epoch 26  200/779  train_mae 1.91  kl 0.272  (32s)
[01:10:11]   Epoch 26  250/779  train_mae 1.89  kl 0.268  (39s)
[01:10:18]   Epoch 26  300/779  train_mae 1.87  kl 0.267  (47s)
[01:10:27]   Epoch 26  350/779  train_mae 1.88  kl 0.267  (55s)
[01:10:35]   Epoch 26  400/779  train_mae 1.88  kl 0.267  (63s)
[01:10:43]   Epoch 26  450/779  train_mae 1.89  kl 0.267  (72s)
[01:10:52]   Epoch 26  500/779  train_mae 1.89  kl 0.266  (80s)
[01:11:00]   Epoch 26  550/779  train_mae 1.89  kl 0.265  (89s)
[01:11:09]   Epoch 26  600/779  train_mae 1.90  kl 0.266  (97s)
[01:11:17]   Epoch 26  650/779  train_mae 1.89  kl 0.266  (105s)
[01:11:25]   Epoch 26  700/779  train_mae 1.88  kl 0.265  (114s)
[01:11:34]   Epoch 26  750/779  train_mae 1.88  kl 0.265  (122s)
[01:11:39]   Epoch 26  779/779  train_mae 1.88  kl 0.266  (127s)
[01:11:48] [Epoch 26 완료] train MAE 1.88 | val MAE 6.71 | val RMSE 9.05 | lr 1.0e-04 | 개선없음 2/15
[01:11:57]   Epoch 27  50/779  train_mae 1.91  kl 0.267  (8s)
[01:12:05]   Epoch 27  100/779  train_mae 1.89  kl 0.260  (17s)
[01:12:13]   Epoch 27  150/779  train_mae 1.88  kl 0.261  (25s)
[01:12:22]   Epoch 27  200/779  train_mae 1.89  kl 0.263  (33s)
[01:12:30]   Epoch 27  250/779  train_mae 1.89  kl 0.264  (42s)
[01:12:38]   Epoch 27  300/779  train_mae 1.88  kl 0.264  (50s)
[01:12:47]   Epoch 27  350/779  train_mae 1.89  kl 0.263  (58s)
[01:12:55]   Epoch 27  400/779  train_mae 1.86  kl 0.263  (67s)
[01:13:03]   Epoch 27  450/779  train_mae 1.84  kl 0.261  (75s)
[01:13:12]   Epoch 27  500/779  train_mae 1.84  kl 0.261  (83s)
[01:13:20]   Epoch 27  550/779  train_mae 1.84  kl 0.261  (92s)
[01:13:29]   Epoch 27  600/779  train_mae 1.84  kl 0.260  (100s)
[01:13:37]   Epoch 27  650/779  train_mae 1.84  kl 0.261  (108s)
[01:13:45]   Epoch 27  700/779  train_mae 1.84  kl 0.260  (117s)
[01:13:54]   Epoch 27  750/779  train_mae 1.83  kl 0.260  (125s)
[01:13:58]   Epoch 27  779/779  train_mae 1.83  kl 0.259  (130s)
[01:14:08] [Epoch 27 완료] train MAE 1.83 | val MAE 6.79 | val RMSE 9.19 | lr 1.0e-04 | 개선없음 3/15
[01:14:16]   Epoch 28  50/779  train_mae 2.01  kl 0.250  (8s)
[01:14:25]   Epoch 28  100/779  train_mae 1.94  kl 0.254  (16s)
[01:14:33]   Epoch 28  150/779  train_mae 1.94  kl 0.255  (25s)
[01:14:41]   Epoch 28  200/779  train_mae 1.92  kl 0.255  (33s)
[01:14:50]   Epoch 28  250/779  train_mae 1.90  kl 0.254  (41s)
[01:14:58]   Epoch 28  300/779  train_mae 1.87  kl 0.253  (50s)
[01:15:06]   Epoch 28  350/779  train_mae 1.86  kl 0.253  (58s)
[01:15:15]   Epoch 28  400/779  train_mae 1.86  kl 0.253  (66s)
[01:15:23]   Epoch 28  450/779  train_mae 1.85  kl 0.252  (75s)
[01:15:31]   Epoch 28  500/779  train_mae 1.86  kl 0.252  (83s)
[01:15:40]   Epoch 28  550/779  train_mae 1.85  kl 0.252  (91s)
[01:15:48]   Epoch 28  600/779  train_mae 1.84  kl 0.253  (100s)
[01:15:56]   Epoch 28  650/779  train_mae 1.83  kl 0.253  (108s)
[01:16:04]   Epoch 28  700/779  train_mae 1.82  kl 0.253  (116s)
[01:16:13]   Epoch 28  750/779  train_mae 1.81  kl 0.253  (125s)
[01:16:18]   Epoch 28  779/779  train_mae 1.81  kl 0.253  (130s)
[01:16:27] [Epoch 28 완료] train MAE 1.81 | val MAE 6.85 | val RMSE 9.30 | lr 1.0e-04 | 개선없음 4/15
[01:16:36]   Epoch 29  50/779  train_mae 1.81  kl 0.245  (8s)
[01:16:44]   Epoch 29  100/779  train_mae 1.81  kl 0.244  (17s)
[01:16:52]   Epoch 29  150/779  train_mae 1.78  kl 0.245  (25s)
[01:17:01]   Epoch 29  200/779  train_mae 1.78  kl 0.244  (33s)
[01:17:09]   Epoch 29  250/779  train_mae 1.78  kl 0.245  (42s)
[01:17:16]   Epoch 29  300/779  train_mae 1.76  kl 0.244  (49s)
[01:17:25]   Epoch 29  350/779  train_mae 1.74  kl 0.243  (57s)
[01:17:33]   Epoch 29  400/779  train_mae 1.75  kl 0.244  (66s)
[01:17:41]   Epoch 29  450/779  train_mae 1.73  kl 0.244  (74s)
[01:17:49]   Epoch 29  500/779  train_mae 1.71  kl 0.244  (81s)
[01:17:56]   Epoch 29  550/779  train_mae 1.70  kl 0.243  (89s)
[01:18:04]   Epoch 29  600/779  train_mae 1.70  kl 0.243  (97s)
[01:18:12]   Epoch 29  650/779  train_mae 1.70  kl 0.243  (105s)
[01:18:20]   Epoch 29  700/779  train_mae 1.70  kl 0.243  (112s)
[01:18:27]   Epoch 29  750/779  train_mae 1.70  kl 0.243  (120s)
[01:18:32]   Epoch 29  779/779  train_mae 1.71  kl 0.244  (125s)
[01:18:42] [Epoch 29 완료] train MAE 1.71 | val MAE 6.86 | val RMSE 9.41 | lr 1.0e-04 | 개선없음 5/15
[01:18:49]   Epoch 30  50/779  train_mae 1.67  kl 0.235  (8s)
[01:18:57]   Epoch 30  100/779  train_mae 1.68  kl 0.244  (15s)
[01:19:04]   Epoch 30  150/779  train_mae 1.71  kl 0.244  (22s)
[01:19:12]   Epoch 30  200/779  train_mae 1.68  kl 0.240  (30s)
[01:19:20]   Epoch 30  250/779  train_mae 1.66  kl 0.240  (38s)
[01:19:28]   Epoch 30  300/779  train_mae 1.64  kl 0.240  (46s)
[01:19:37]   Epoch 30  350/779  train_mae 1.64  kl 0.241  (55s)
[01:19:45]   Epoch 30  400/779  train_mae 1.63  kl 0.241  (63s)
[01:19:53]   Epoch 30  450/779  train_mae 1.62  kl 0.240  (71s)
[01:20:02]   Epoch 30  500/779  train_mae 1.61  kl 0.240  (80s)
[01:20:10]   Epoch 30  550/779  train_mae 1.62  kl 0.240  (88s)
[01:20:18]   Epoch 30  600/779  train_mae 1.61  kl 0.240  (96s)
[01:20:27]   Epoch 30  650/779  train_mae 1.60  kl 0.240  (105s)
[01:20:35]   Epoch 30  700/779  train_mae 1.61  kl 0.240  (113s)
[01:20:43]   Epoch 30  750/779  train_mae 1.61  kl 0.239  (121s)
[01:20:48]   Epoch 30  779/779  train_mae 1.62  kl 0.239  (126s)
[01:20:58] [Epoch 30 완료] train MAE 1.62 | val MAE 6.85 | val RMSE 9.30 | lr 5.0e-05 | 개선없음 6/15
[01:21:06]   Epoch 31  50/779  train_mae 1.59  kl 0.227  (8s)
[01:21:15]   Epoch 31  100/779  train_mae 1.56  kl 0.229  (17s)
[01:21:23]   Epoch 31  150/779  train_mae 1.53  kl 0.228  (25s)
[01:21:31]   Epoch 31  200/779  train_mae 1.54  kl 0.230  (33s)
[01:21:39]   Epoch 31  250/779  train_mae 1.51  kl 0.229  (42s)
[01:21:48]   Epoch 31  300/779  train_mae 1.50  kl 0.229  (50s)
[01:21:56]   Epoch 31  350/779  train_mae 1.47  kl 0.228  (58s)
[01:22:05]   Epoch 31  400/779  train_mae 1.45  kl 0.228  (67s)
[01:22:13]   Epoch 31  450/779  train_mae 1.43  kl 0.227  (75s)
[01:22:21]   Epoch 31  500/779  train_mae 1.43  kl 0.227  (83s)
[01:22:30]   Epoch 31  550/779  train_mae 1.43  kl 0.228  (92s)
[01:22:38]   Epoch 31  600/779  train_mae 1.44  kl 0.228  (100s)
[01:22:46]   Epoch 31  650/779  train_mae 1.43  kl 0.228  (108s)
[01:22:55]   Epoch 31  700/779  train_mae 1.43  kl 0.228  (117s)
[01:23:03]   Epoch 31  750/779  train_mae 1.42  kl 0.228  (125s)
[01:23:08]   Epoch 31  779/779  train_mae 1.42  kl 0.228  (130s)
[01:23:17] [Epoch 31 완료] train MAE 1.42 | val MAE 6.62 | val RMSE 9.06 | lr 5.0e-05 | * best 저장 (val MAE 6.62)
[01:23:26]   Epoch 32  50/779  train_mae 1.02  kl 0.218  (8s)
[01:23:33]   Epoch 32  100/779  train_mae 1.03  kl 0.221  (16s)
[01:23:41]   Epoch 32  150/779  train_mae 1.07  kl 0.222  (24s)
[01:23:50]   Epoch 32  200/779  train_mae 1.07  kl 0.219  (32s)
[01:23:58]   Epoch 32  250/779  train_mae 1.06  kl 0.217  (40s)
[01:24:07]   Epoch 32  300/779  train_mae 1.06  kl 0.216  (49s)
[01:24:15]   Epoch 32  350/779  train_mae 1.07  kl 0.218  (57s)
[01:24:23]   Epoch 32  400/779  train_mae 1.07  kl 0.218  (65s)
[01:24:32]   Epoch 32  450/779  train_mae 1.07  kl 0.218  (74s)
[01:24:40]   Epoch 32  500/779  train_mae 1.06  kl 0.218  (82s)
[01:24:48]   Epoch 32  550/779  train_mae 1.06  kl 0.219  (91s)
[01:24:57]   Epoch 32  600/779  train_mae 1.07  kl 0.219  (99s)
[01:25:05]   Epoch 32  650/779  train_mae 1.08  kl 0.221  (107s)
[01:25:13]   Epoch 32  700/779  train_mae 1.08  kl 0.221  (116s)
[01:25:22]   Epoch 32  750/779  train_mae 1.08  kl 0.221  (124s)
[01:25:27]   Epoch 32  779/779  train_mae 1.08  kl 0.221  (129s)
[01:25:36] [Epoch 32 완료] train MAE 1.08 | val MAE 6.62 | val RMSE 9.09 | lr 5.0e-05 | 개선없음 1/15
[01:25:45]   Epoch 33  50/779  train_mae 0.99  kl 0.218  (8s)
[01:25:52]   Epoch 33  100/779  train_mae 0.98  kl 0.215  (16s)
[01:26:00]   Epoch 33  150/779  train_mae 0.99  kl 0.213  (24s)
[01:26:08]   Epoch 33  200/779  train_mae 1.01  kl 0.214  (32s)
[01:26:17]   Epoch 33  250/779  train_mae 1.01  kl 0.216  (40s)
[01:26:25]   Epoch 33  300/779  train_mae 1.00  kl 0.215  (49s)
[01:26:33]   Epoch 33  350/779  train_mae 1.00  kl 0.215  (57s)
[01:26:42]   Epoch 33  400/779  train_mae 1.00  kl 0.214  (65s)
[01:26:50]   Epoch 33  450/779  train_mae 0.99  kl 0.214  (74s)
[01:26:58]   Epoch 33  500/779  train_mae 1.00  kl 0.213  (82s)
[01:27:07]   Epoch 33  550/779  train_mae 1.01  kl 0.213  (90s)
[01:27:15]   Epoch 33  600/779  train_mae 1.01  kl 0.213  (99s)
[01:27:23]   Epoch 33  650/779  train_mae 1.01  kl 0.213  (107s)
[01:27:32]   Epoch 33  700/779  train_mae 1.01  kl 0.213  (115s)
[01:27:40]   Epoch 33  750/779  train_mae 1.01  kl 0.214  (124s)
[01:27:45]   Epoch 33  779/779  train_mae 1.01  kl 0.213  (129s)
[01:27:55] [Epoch 33 완료] train MAE 1.01 | val MAE 6.61 | val RMSE 9.04 | lr 5.0e-05 | * best 저장 (val MAE 6.61)
[01:28:03]   Epoch 34  50/779  train_mae 0.99  kl 0.213  (8s)
[01:28:12]   Epoch 34  100/779  train_mae 0.97  kl 0.213  (17s)
[01:28:20]   Epoch 34  150/779  train_mae 0.95  kl 0.212  (25s)
[01:28:28]   Epoch 34  200/779  train_mae 0.95  kl 0.211  (33s)
[01:28:37]   Epoch 34  250/779  train_mae 0.94  kl 0.211  (42s)
[01:28:45]   Epoch 34  300/779  train_mae 0.93  kl 0.210  (50s)
[01:28:53]   Epoch 34  350/779  train_mae 0.93  kl 0.209  (58s)
[01:29:02]   Epoch 34  400/779  train_mae 0.92  kl 0.209  (67s)
[01:29:09]   Epoch 34  450/779  train_mae 0.92  kl 0.209  (74s)
[01:29:17]   Epoch 34  500/779  train_mae 0.93  kl 0.210  (82s)
[01:29:25]   Epoch 34  550/779  train_mae 0.93  kl 0.211  (90s)
[01:29:34]   Epoch 34  600/779  train_mae 0.93  kl 0.210  (99s)
[01:29:42]   Epoch 34  650/779  train_mae 0.93  kl 0.211  (107s)
[01:29:50]   Epoch 34  700/779  train_mae 0.94  kl 0.211  (115s)
[01:29:59]   Epoch 34  750/779  train_mae 0.94  kl 0.211  (124s)
[01:30:04]   Epoch 34  779/779  train_mae 0.94  kl 0.211  (129s)
[01:30:13] [Epoch 34 완료] train MAE 0.94 | val MAE 6.66 | val RMSE 9.14 | lr 5.0e-05 | 개선없음 1/15
[01:30:22]   Epoch 35  50/779  train_mae 0.98  kl 0.213  (8s)
[01:30:30]   Epoch 35  100/779  train_mae 0.96  kl 0.215  (17s)
[01:30:38]   Epoch 35  150/779  train_mae 0.93  kl 0.211  (25s)
[01:30:47]   Epoch 35  200/779  train_mae 0.93  kl 0.210  (33s)
[01:30:55]   Epoch 35  250/779  train_mae 0.92  kl 0.209  (42s)
[01:31:03]   Epoch 35  300/779  train_mae 0.92  kl 0.209  (50s)
[01:31:12]   Epoch 35  350/779  train_mae 0.92  kl 0.209  (58s)
[01:31:20]   Epoch 35  400/779  train_mae 0.92  kl 0.209  (67s)
[01:31:28]   Epoch 35  450/779  train_mae 0.91  kl 0.209  (75s)
[01:31:37]   Epoch 35  500/779  train_mae 0.91  kl 0.209  (83s)
[01:31:45]   Epoch 35  550/779  train_mae 0.90  kl 0.208  (92s)
[01:31:53]   Epoch 35  600/779  train_mae 0.90  kl 0.209  (100s)
[01:32:02]   Epoch 35  650/779  train_mae 0.91  kl 0.209  (108s)
[01:32:10]   Epoch 35  700/779  train_mae 0.91  kl 0.208  (117s)
[01:32:18]   Epoch 35  750/779  train_mae 0.91  kl 0.208  (125s)
[01:32:23]   Epoch 35  779/779  train_mae 0.91  kl 0.208  (130s)
[01:32:32] [Epoch 35 완료] train MAE 0.91 | val MAE 6.67 | val RMSE 9.13 | lr 5.0e-05 | 개선없음 2/15
[01:32:41]   Epoch 36  50/779  train_mae 1.01  kl 0.206  (8s)
[01:32:49]   Epoch 36  100/779  train_mae 0.99  kl 0.206  (16s)
[01:32:58]   Epoch 36  150/779  train_mae 0.95  kl 0.206  (25s)
[01:33:05]   Epoch 36  200/779  train_mae 0.96  kl 0.206  (32s)
[01:33:13]   Epoch 36  250/779  train_mae 0.95  kl 0.207  (40s)
[01:33:22]   Epoch 36  300/779  train_mae 0.93  kl 0.206  (49s)
[01:33:30]   Epoch 36  350/779  train_mae 0.93  kl 0.206  (57s)
[01:33:38]   Epoch 36  400/779  train_mae 0.92  kl 0.206  (66s)
[01:33:47]   Epoch 36  450/779  train_mae 0.92  kl 0.206  (74s)
[01:33:55]   Epoch 36  500/779  train_mae 0.91  kl 0.205  (82s)
[01:34:04]   Epoch 36  550/779  train_mae 0.91  kl 0.205  (91s)
[01:34:12]   Epoch 36  600/779  train_mae 0.91  kl 0.205  (99s)
[01:34:20]   Epoch 36  650/779  train_mae 0.91  kl 0.204  (107s)
[01:34:29]   Epoch 36  700/779  train_mae 0.91  kl 0.205  (116s)
[01:34:37]   Epoch 36  750/779  train_mae 0.91  kl 0.205  (124s)
[01:34:42]   Epoch 36  779/779  train_mae 0.91  kl 0.205  (129s)
[01:34:51] [Epoch 36 완료] train MAE 0.91 | val MAE 6.57 | val RMSE 9.07 | lr 5.0e-05 | * best 저장 (val MAE 6.57)
[01:35:00]   Epoch 37  50/779  train_mae 0.84  kl 0.201  (8s)
[01:35:08]   Epoch 37  100/779  train_mae 0.86  kl 0.202  (16s)
[01:35:16]   Epoch 37  150/779  train_mae 0.88  kl 0.203  (24s)
[01:35:24]   Epoch 37  200/779  train_mae 0.88  kl 0.203  (33s)
[01:35:33]   Epoch 37  250/779  train_mae 0.88  kl 0.202  (41s)
[01:35:41]   Epoch 37  300/779  train_mae 0.89  kl 0.202  (49s)
[01:35:49]   Epoch 37  350/779  train_mae 0.90  kl 0.202  (58s)
[01:35:58]   Epoch 37  400/779  train_mae 0.90  kl 0.202  (66s)
[01:36:06]   Epoch 37  450/779  train_mae 0.90  kl 0.202  (74s)
[01:36:14]   Epoch 37  500/779  train_mae 0.89  kl 0.202  (83s)
[01:36:23]   Epoch 37  550/779  train_mae 0.89  kl 0.202  (91s)
[01:36:31]   Epoch 37  600/779  train_mae 0.89  kl 0.203  (99s)
[01:36:39]   Epoch 37  650/779  train_mae 0.88  kl 0.202  (108s)
[01:36:48]   Epoch 37  700/779  train_mae 0.88  kl 0.202  (116s)
[01:36:56]   Epoch 37  750/779  train_mae 0.88  kl 0.202  (124s)
[01:37:01]   Epoch 37  779/779  train_mae 0.88  kl 0.202  (129s)
[01:37:10] [Epoch 37 완료] train MAE 0.88 | val MAE 6.62 | val RMSE 9.10 | lr 5.0e-05 | 개선없음 1/15
[01:37:19]   Epoch 38  50/779  train_mae 0.94  kl 0.193  (8s)
[01:37:27]   Epoch 38  100/779  train_mae 0.87  kl 0.199  (17s)
[01:37:36]   Epoch 38  150/779  train_mae 0.85  kl 0.199  (25s)
[01:37:44]   Epoch 38  200/779  train_mae 0.84  kl 0.200  (33s)
[01:37:52]   Epoch 38  250/779  train_mae 0.84  kl 0.201  (42s)
[01:38:01]   Epoch 38  300/779  train_mae 0.84  kl 0.200  (50s)
[01:38:09]   Epoch 38  350/779  train_mae 0.84  kl 0.199  (58s)
[01:38:17]   Epoch 38  400/779  train_mae 0.83  kl 0.200  (67s)
[01:38:26]   Epoch 38  450/779  train_mae 0.84  kl 0.199  (75s)
[01:38:34]   Epoch 38  500/779  train_mae 0.83  kl 0.200  (83s)
[01:38:42]   Epoch 38  550/779  train_mae 0.84  kl 0.199  (92s)
[01:38:51]   Epoch 38  600/779  train_mae 0.84  kl 0.200  (100s)
[01:38:59]   Epoch 38  650/779  train_mae 0.84  kl 0.200  (108s)
[01:39:07]   Epoch 38  700/779  train_mae 0.84  kl 0.200  (117s)
[01:39:16]   Epoch 38  750/779  train_mae 0.84  kl 0.200  (125s)
[01:39:21]   Epoch 38  779/779  train_mae 0.84  kl 0.200  (130s)
[01:39:30] [Epoch 38 완료] train MAE 0.84 | val MAE 6.75 | val RMSE 9.23 | lr 5.0e-05 | 개선없음 2/15
[01:39:38]   Epoch 39  50/779  train_mae 0.81  kl 0.198  (8s)
[01:39:46]   Epoch 39  100/779  train_mae 0.83  kl 0.199  (16s)
[01:39:54]   Epoch 39  150/779  train_mae 0.83  kl 0.198  (24s)
[01:40:03]   Epoch 39  200/779  train_mae 0.83  kl 0.198  (33s)
[01:40:11]   Epoch 39  250/779  train_mae 0.84  kl 0.200  (41s)
[01:40:19]   Epoch 39  300/779  train_mae 0.84  kl 0.199  (49s)
[01:40:28]   Epoch 39  350/779  train_mae 0.84  kl 0.199  (58s)
[01:40:36]   Epoch 39  400/779  train_mae 0.84  kl 0.199  (66s)
[01:40:45]   Epoch 39  450/779  train_mae 0.84  kl 0.199  (74s)
[01:40:53]   Epoch 39  500/779  train_mae 0.84  kl 0.198  (83s)
[01:41:01]   Epoch 39  550/779  train_mae 0.83  kl 0.197  (91s)
[01:41:10]   Epoch 39  600/779  train_mae 0.84  kl 0.198  (99s)
[01:41:18]   Epoch 39  650/779  train_mae 0.84  kl 0.197  (108s)
[01:41:26]   Epoch 39  700/779  train_mae 0.84  kl 0.198  (116s)
[01:41:35]   Epoch 39  750/779  train_mae 0.84  kl 0.197  (124s)
[01:41:39]   Epoch 39  779/779  train_mae 0.83  kl 0.197  (129s)
[01:41:49] [Epoch 39 완료] train MAE 0.83 | val MAE 6.78 | val RMSE 9.27 | lr 5.0e-05 | 개선없음 3/15
[01:41:57]   Epoch 40  50/779  train_mae 0.81  kl 0.197  (8s)
[01:42:06]   Epoch 40  100/779  train_mae 0.81  kl 0.194  (16s)
[01:42:14]   Epoch 40  150/779  train_mae 0.81  kl 0.194  (25s)
[01:42:22]   Epoch 40  200/779  train_mae 0.83  kl 0.194  (33s)
[01:42:31]   Epoch 40  250/779  train_mae 0.82  kl 0.196  (41s)
[01:42:39]   Epoch 40  300/779  train_mae 0.82  kl 0.195  (50s)
[01:42:47]   Epoch 40  350/779  train_mae 0.81  kl 0.195  (58s)
[01:42:56]   Epoch 40  400/779  train_mae 0.81  kl 0.195  (66s)
[01:43:04]   Epoch 40  450/779  train_mae 0.81  kl 0.194  (75s)
[01:43:12]   Epoch 40  500/779  train_mae 0.81  kl 0.194  (83s)
[01:43:21]   Epoch 40  550/779  train_mae 0.81  kl 0.194  (91s)
[01:43:29]   Epoch 40  600/779  train_mae 0.81  kl 0.194  (100s)
[01:43:37]   Epoch 40  650/779  train_mae 0.81  kl 0.194  (108s)
[01:43:46]   Epoch 40  700/779  train_mae 0.81  kl 0.194  (117s)
[01:43:54]   Epoch 40  750/779  train_mae 0.81  kl 0.194  (125s)
[01:43:59]   Epoch 40  779/779  train_mae 0.81  kl 0.194  (130s)
[01:44:08] [Epoch 40 완료] train MAE 0.81 | val MAE 6.70 | val RMSE 9.17 | lr 2.5e-05 | 개선없음 4/15
[01:44:16]   Epoch 41  50/779  train_mae 0.80  kl 0.193  (8s)
[01:44:24]   Epoch 41  100/779  train_mae 0.81  kl 0.193  (16s)
[01:44:33]   Epoch 41  150/779  train_mae 0.79  kl 0.194  (25s)
[01:44:41]   Epoch 41  200/779  train_mae 0.77  kl 0.192  (33s)
[01:44:49]   Epoch 41  250/779  train_mae 0.75  kl 0.192  (41s)
[01:44:58]   Epoch 41  300/779  train_mae 0.75  kl 0.192  (50s)
[01:45:06]   Epoch 41  350/779  train_mae 0.73  kl 0.191  (58s)
[01:45:14]   Epoch 41  400/779  train_mae 0.74  kl 0.191  (66s)
[01:45:23]   Epoch 41  450/779  train_mae 0.73  kl 0.191  (75s)
[01:45:31]   Epoch 41  500/779  train_mae 0.73  kl 0.191  (83s)
[01:45:39]   Epoch 41  550/779  train_mae 0.73  kl 0.191  (91s)
[01:45:48]   Epoch 41  600/779  train_mae 0.73  kl 0.191  (100s)
[01:45:56]   Epoch 41  650/779  train_mae 0.73  kl 0.191  (108s)
[01:46:04]   Epoch 41  700/779  train_mae 0.72  kl 0.190  (116s)
[01:46:12]   Epoch 41  750/779  train_mae 0.72  kl 0.190  (125s)
[01:46:17]   Epoch 41  779/779  train_mae 0.72  kl 0.191  (129s)
[01:46:27] [Epoch 41 완료] train MAE 0.72 | val MAE 6.60 | val RMSE 9.09 | lr 2.5e-05 | 개선없음 5/15
[01:46:36]   Epoch 42  50/779  train_mae 0.56  kl 0.188  (8s)
[01:46:44]   Epoch 42  100/779  train_mae 0.53  kl 0.186  (17s)
[01:46:52]   Epoch 42  150/779  train_mae 0.53  kl 0.185  (25s)
[01:47:00]   Epoch 42  200/779  train_mae 0.54  kl 0.187  (33s)
[01:47:09]   Epoch 42  250/779  train_mae 0.54  kl 0.187  (42s)
[01:47:17]   Epoch 42  300/779  train_mae 0.54  kl 0.187  (50s)
[01:47:26]   Epoch 42  350/779  train_mae 0.55  kl 0.188  (58s)
[01:47:34]   Epoch 42  400/779  train_mae 0.55  kl 0.187  (67s)
[01:47:42]   Epoch 42  450/779  train_mae 0.55  kl 0.188  (75s)
[01:47:51]   Epoch 42  500/779  train_mae 0.56  kl 0.188  (83s)
[01:47:59]   Epoch 42  550/779  train_mae 0.56  kl 0.188  (92s)
[01:48:07]   Epoch 42  600/779  train_mae 0.55  kl 0.188  (100s)
[01:48:16]   Epoch 42  650/779  train_mae 0.56  kl 0.188  (108s)
[01:48:24]   Epoch 42  700/779  train_mae 0.55  kl 0.188  (117s)
[01:48:32]   Epoch 42  750/779  train_mae 0.56  kl 0.188  (125s)
[01:48:37]   Epoch 42  779/779  train_mae 0.56  kl 0.189  (130s)
[01:48:46] [Epoch 42 완료] train MAE 0.56 | val MAE 6.59 | val RMSE 9.07 | lr 2.5e-05 | 개선없음 6/15
[01:48:55]   Epoch 43  50/779  train_mae 0.51  kl 0.183  (8s)
[01:49:03]   Epoch 43  100/779  train_mae 0.51  kl 0.185  (16s)
[01:49:12]   Epoch 43  150/779  train_mae 0.50  kl 0.186  (25s)
[01:49:20]   Epoch 43  200/779  train_mae 0.51  kl 0.186  (33s)
[01:49:28]   Epoch 43  250/779  train_mae 0.52  kl 0.187  (41s)
[01:49:36]   Epoch 43  300/779  train_mae 0.51  kl 0.187  (49s)
[01:49:43]   Epoch 43  350/779  train_mae 0.51  kl 0.187  (56s)
[01:49:51]   Epoch 43  400/779  train_mae 0.51  kl 0.187  (64s)
[01:49:58]   Epoch 43  450/779  train_mae 0.51  kl 0.187  (71s)
[01:50:05]   Epoch 43  500/779  train_mae 0.51  kl 0.188  (78s)
[01:50:13]   Epoch 43  550/779  train_mae 0.51  kl 0.188  (86s)
[01:50:21]   Epoch 43  600/779  train_mae 0.51  kl 0.187  (94s)
[01:50:29]   Epoch 43  650/779  train_mae 0.51  kl 0.187  (103s)
[01:50:38]   Epoch 43  700/779  train_mae 0.51  kl 0.187  (111s)
[01:50:46]   Epoch 43  750/779  train_mae 0.51  kl 0.187  (119s)
[01:50:51]   Epoch 43  779/779  train_mae 0.51  kl 0.187  (124s)
[01:51:00] [Epoch 43 완료] train MAE 0.51 | val MAE 6.61 | val RMSE 9.09 | lr 2.5e-05 | 개선없음 7/15
[01:51:09]   Epoch 44  50/779  train_mae 0.50  kl 0.184  (8s)
[01:51:17]   Epoch 44  100/779  train_mae 0.50  kl 0.185  (17s)
[01:51:26]   Epoch 44  150/779  train_mae 0.49  kl 0.185  (25s)
[01:51:34]   Epoch 44  200/779  train_mae 0.49  kl 0.185  (33s)
[01:51:42]   Epoch 44  250/779  train_mae 0.49  kl 0.185  (41s)
[01:51:50]   Epoch 44  300/779  train_mae 0.49  kl 0.184  (49s)
[01:51:59]   Epoch 44  350/779  train_mae 0.49  kl 0.185  (58s)
[01:52:07]   Epoch 44  400/779  train_mae 0.49  kl 0.185  (66s)
[01:52:15]   Epoch 44  450/779  train_mae 0.49  kl 0.185  (74s)
[01:52:24]   Epoch 44  500/779  train_mae 0.48  kl 0.185  (83s)
[01:52:32]   Epoch 44  550/779  train_mae 0.48  kl 0.184  (91s)
[01:52:40]   Epoch 44  600/779  train_mae 0.48  kl 0.184  (99s)
[01:52:49]   Epoch 44  650/779  train_mae 0.48  kl 0.185  (108s)
[01:52:57]   Epoch 44  700/779  train_mae 0.49  kl 0.185  (116s)
[01:53:05]   Epoch 44  750/779  train_mae 0.49  kl 0.185  (124s)
[01:53:10]   Epoch 44  779/779  train_mae 0.49  kl 0.185  (129s)
[01:53:19] [Epoch 44 완료] train MAE 0.49 | val MAE 6.57 | val RMSE 9.11 | lr 1.3e-05 | 개선없음 8/15
[01:53:28]   Epoch 45  50/779  train_mae 0.46  kl 0.187  (8s)
[01:53:36]   Epoch 45  100/779  train_mae 0.46  kl 0.185  (17s)
[01:53:45]   Epoch 45  150/779  train_mae 0.45  kl 0.185  (25s)
[01:53:53]   Epoch 45  200/779  train_mae 0.44  kl 0.185  (33s)
[01:54:02]   Epoch 45  250/779  train_mae 0.45  kl 0.185  (42s)
[01:54:10]   Epoch 45  300/779  train_mae 0.45  kl 0.185  (50s)
[01:54:18]   Epoch 45  350/779  train_mae 0.45  kl 0.185  (59s)
[01:54:27]   Epoch 45  400/779  train_mae 0.45  kl 0.184  (67s)
[01:54:35]   Epoch 45  450/779  train_mae 0.45  kl 0.184  (75s)
[01:54:43]   Epoch 45  500/779  train_mae 0.45  kl 0.184  (84s)
[01:54:52]   Epoch 45  550/779  train_mae 0.45  kl 0.184  (92s)
[01:55:00]   Epoch 45  600/779  train_mae 0.45  kl 0.183  (100s)
[01:55:09]   Epoch 45  650/779  train_mae 0.45  kl 0.183  (109s)
[01:55:17]   Epoch 45  700/779  train_mae 0.45  kl 0.183  (117s)
[01:55:25]   Epoch 45  750/779  train_mae 0.45  kl 0.183  (126s)
[01:55:30]   Epoch 45  779/779  train_mae 0.45  kl 0.183  (130s)
[01:55:40] [Epoch 45 완료] train MAE 0.45 | val MAE 6.55 | val RMSE 9.05 | lr 1.3e-05 | * best 저장 (val MAE 6.55)
[01:55:48]   Epoch 46  50/779  train_mae 0.34  kl 0.178  (8s)
[01:55:57]   Epoch 46  100/779  train_mae 0.35  kl 0.179  (16s)
[01:56:05]   Epoch 46  150/779  train_mae 0.36  kl 0.182  (25s)
[01:56:13]   Epoch 46  200/779  train_mae 0.37  kl 0.182  (33s)
[01:56:22]   Epoch 46  250/779  train_mae 0.37  kl 0.183  (42s)
[01:56:30]   Epoch 46  300/779  train_mae 0.37  kl 0.182  (50s)
[01:56:38]   Epoch 46  350/779  train_mae 0.37  kl 0.181  (58s)
[01:56:47]   Epoch 46  400/779  train_mae 0.37  kl 0.181  (67s)
[01:56:55]   Epoch 46  450/779  train_mae 0.37  kl 0.181  (75s)
[01:57:03]   Epoch 46  500/779  train_mae 0.37  kl 0.182  (83s)
[01:57:12]   Epoch 46  550/779  train_mae 0.38  kl 0.182  (92s)
[01:57:20]   Epoch 46  600/779  train_mae 0.38  kl 0.181  (100s)
[01:57:28]   Epoch 46  650/779  train_mae 0.38  kl 0.182  (108s)
[01:57:37]   Epoch 46  700/779  train_mae 0.37  kl 0.182  (117s)
[01:57:45]   Epoch 46  750/779  train_mae 0.37  kl 0.182  (125s)
[01:57:50]   Epoch 46  779/779  train_mae 0.37  kl 0.182  (130s)
[01:57:58] [Epoch 46 완료] train MAE 0.37 | val MAE 6.55 | val RMSE 9.04 | lr 1.3e-05 | 개선없음 1/15
[01:58:07]   Epoch 47  50/779  train_mae 0.31  kl 0.180  (8s)
[01:58:15]   Epoch 47  100/779  train_mae 0.32  kl 0.182  (16s)
[01:58:23]   Epoch 47  150/779  train_mae 0.33  kl 0.183  (25s)
[01:58:32]   Epoch 47  200/779  train_mae 0.33  kl 0.182  (33s)
[01:58:40]   Epoch 47  250/779  train_mae 0.33  kl 0.182  (41s)
[01:58:48]   Epoch 47  300/779  train_mae 0.33  kl 0.181  (50s)
[01:58:57]   Epoch 47  350/779  train_mae 0.34  kl 0.181  (58s)
[01:59:05]   Epoch 47  400/779  train_mae 0.34  kl 0.181  (66s)
[01:59:13]   Epoch 47  450/779  train_mae 0.33  kl 0.181  (75s)
[01:59:22]   Epoch 47  500/779  train_mae 0.34  kl 0.181  (83s)
[01:59:30]   Epoch 47  550/779  train_mae 0.34  kl 0.180  (91s)
[01:59:38]   Epoch 47  600/779  train_mae 0.34  kl 0.181  (100s)
[01:59:47]   Epoch 47  650/779  train_mae 0.34  kl 0.181  (108s)
[01:59:55]   Epoch 47  700/779  train_mae 0.34  kl 0.181  (116s)
[02:00:03]   Epoch 47  750/779  train_mae 0.34  kl 0.181  (125s)
[02:00:08]   Epoch 47  779/779  train_mae 0.34  kl 0.181  (129s)
[02:00:17] [Epoch 47 완료] train MAE 0.34 | val MAE 6.59 | val RMSE 9.09 | lr 1.3e-05 | 개선없음 2/15
[02:00:25]   Epoch 48  50/779  train_mae 0.33  kl 0.183  (8s)
[02:00:34]   Epoch 48  100/779  train_mae 0.34  kl 0.184  (17s)
[02:00:42]   Epoch 48  150/779  train_mae 0.34  kl 0.182  (25s)
[02:00:50]   Epoch 48  200/779  train_mae 0.33  kl 0.180  (33s)
[02:00:59]   Epoch 48  250/779  train_mae 0.33  kl 0.180  (42s)
[02:01:07]   Epoch 48  300/779  train_mae 0.33  kl 0.181  (50s)
[02:01:15]   Epoch 48  350/779  train_mae 0.33  kl 0.181  (58s)
[02:01:24]   Epoch 48  400/779  train_mae 0.33  kl 0.180  (67s)
[02:01:32]   Epoch 48  450/779  train_mae 0.33  kl 0.181  (75s)
[02:01:40]   Epoch 48  500/779  train_mae 0.32  kl 0.181  (83s)
[02:01:49]   Epoch 48  550/779  train_mae 0.32  kl 0.181  (91s)
[02:01:57]   Epoch 48  600/779  train_mae 0.33  kl 0.181  (100s)
[02:02:05]   Epoch 48  650/779  train_mae 0.33  kl 0.181  (108s)
[02:02:14]   Epoch 48  700/779  train_mae 0.33  kl 0.181  (117s)
[02:02:22]   Epoch 48  750/779  train_mae 0.33  kl 0.181  (125s)
[02:02:27]   Epoch 48  779/779  train_mae 0.33  kl 0.181  (130s)
[02:02:36] [Epoch 48 완료] train MAE 0.33 | val MAE 6.59 | val RMSE 9.08 | lr 1.3e-05 | 개선없음 3/15
[02:02:45]   Epoch 49  50/779  train_mae 0.31  kl 0.177  (8s)
[02:02:53]   Epoch 49  100/779  train_mae 0.31  kl 0.178  (17s)
[02:03:02]   Epoch 49  150/779  train_mae 0.32  kl 0.180  (25s)
[02:03:10]   Epoch 49  200/779  train_mae 0.32  kl 0.181  (33s)
[02:03:18]   Epoch 49  250/779  train_mae 0.33  kl 0.183  (42s)
[02:03:27]   Epoch 49  300/779  train_mae 0.32  kl 0.181  (50s)
[02:03:35]   Epoch 49  350/779  train_mae 0.33  kl 0.182  (58s)
[02:03:44]   Epoch 49  400/779  train_mae 0.32  kl 0.181  (67s)
[02:03:56]   Epoch 49  450/779  train_mae 0.32  kl 0.181  (79s)
[02:04:07]   Epoch 49  500/779  train_mae 0.32  kl 0.180  (91s)
[02:04:19]   Epoch 49  550/779  train_mae 0.33  kl 0.180  (102s)
[02:04:31]   Epoch 49  600/779  train_mae 0.32  kl 0.180  (114s)
[02:04:40]   Epoch 49  650/779  train_mae 0.33  kl 0.179  (123s)
[02:04:48]   Epoch 49  700/779  train_mae 0.33  kl 0.180  (132s)
[02:04:58]   Epoch 49  750/779  train_mae 0.32  kl 0.179  (142s)
[02:05:05]   Epoch 49  779/779  train_mae 0.32  kl 0.179  (149s)
[02:05:17] [Epoch 49 완료] train MAE 0.32 | val MAE 6.61 | val RMSE 9.10 | lr 1.3e-05 | 개선없음 4/15
[02:05:29]   Epoch 50  50/779  train_mae 0.33  kl 0.185  (12s)
[02:05:41]   Epoch 50  100/779  train_mae 0.32  kl 0.180  (23s)
[02:05:52]   Epoch 50  150/779  train_mae 0.31  kl 0.179  (35s)
[02:06:03]   Epoch 50  200/779  train_mae 0.32  kl 0.179  (46s)
[02:06:15]   Epoch 50  250/779  train_mae 0.31  kl 0.179  (58s)
[02:06:27]   Epoch 50  300/779  train_mae 0.32  kl 0.179  (70s)
[02:06:39]   Epoch 50  350/779  train_mae 0.31  kl 0.179  (82s)
[02:06:50]   Epoch 50  400/779  train_mae 0.31  kl 0.179  (93s)
[02:07:02]   Epoch 50  450/779  train_mae 0.32  kl 0.179  (105s)
[02:07:14]   Epoch 50  500/779  train_mae 0.32  kl 0.180  (117s)
[02:07:25]   Epoch 50  550/779  train_mae 0.32  kl 0.179  (128s)
[02:07:36]   Epoch 50  600/779  train_mae 0.32  kl 0.179  (139s)
[02:07:48]   Epoch 50  650/779  train_mae 0.32  kl 0.179  (151s)
[02:08:00]   Epoch 50  700/779  train_mae 0.32  kl 0.179  (163s)
[02:08:12]   Epoch 50  750/779  train_mae 0.32  kl 0.179  (175s)
[02:08:18]   Epoch 50  779/779  train_mae 0.32  kl 0.179  (181s)
[02:08:28] [Epoch 50 완료] train MAE 0.32 | val MAE 6.62 | val RMSE 9.12 | lr 6.3e-06 | 개선없음 5/15
[02:08:37]   Epoch 51  50/779  train_mae 0.31  kl 0.177  (9s)
[02:08:45]   Epoch 51  100/779  train_mae 0.32  kl 0.178  (17s)
[02:08:54]   Epoch 51  150/779  train_mae 0.32  kl 0.177  (25s)
[02:09:03]   Epoch 51  200/779  train_mae 0.31  kl 0.178  (35s)
[02:09:12]   Epoch 51  250/779  train_mae 0.31  kl 0.177  (44s)
[02:09:22]   Epoch 51  300/779  train_mae 0.31  kl 0.177  (53s)
[02:09:31]   Epoch 51  350/779  train_mae 0.31  kl 0.177  (63s)
[02:09:41]   Epoch 51  400/779  train_mae 0.30  kl 0.178  (72s)
[02:09:50]   Epoch 51  450/779  train_mae 0.31  kl 0.178  (82s)
[02:10:00]   Epoch 51  500/779  train_mae 0.31  kl 0.178  (91s)
[02:10:09]   Epoch 51  550/779  train_mae 0.30  kl 0.177  (101s)
[02:10:19]   Epoch 51  600/779  train_mae 0.30  kl 0.178  (110s)
[02:10:28]   Epoch 51  650/779  train_mae 0.30  kl 0.178  (120s)
[02:10:37]   Epoch 51  700/779  train_mae 0.30  kl 0.178  (129s)
[02:10:47]   Epoch 51  750/779  train_mae 0.30  kl 0.178  (138s)
[02:10:52]   Epoch 51  779/779  train_mae 0.30  kl 0.178  (144s)
[02:11:02] [Epoch 51 완료] train MAE 0.30 | val MAE 6.59 | val RMSE 9.08 | lr 6.3e-06 | 개선없음 6/15
[02:11:12]   Epoch 52  50/779  train_mae 0.26  kl 0.171  (9s)
[02:11:21]   Epoch 52  100/779  train_mae 0.26  kl 0.173  (19s)
[02:11:31]   Epoch 52  150/779  train_mae 0.26  kl 0.175  (28s)
[02:11:40]   Epoch 52  200/779  train_mae 0.26  kl 0.176  (37s)
[02:11:49]   Epoch 52  250/779  train_mae 0.26  kl 0.175  (47s)
[02:11:59]   Epoch 52  300/779  train_mae 0.27  kl 0.176  (56s)
[02:12:08]   Epoch 52  350/779  train_mae 0.27  kl 0.176  (65s)
[02:12:17]   Epoch 52  400/779  train_mae 0.27  kl 0.176  (75s)
[02:12:27]   Epoch 52  450/779  train_mae 0.27  kl 0.176  (84s)
[02:12:36]   Epoch 52  500/779  train_mae 0.27  kl 0.176  (94s)
[02:12:45]   Epoch 52  550/779  train_mae 0.27  kl 0.177  (103s)
[02:12:55]   Epoch 52  600/779  train_mae 0.27  kl 0.177  (112s)
[02:13:04]   Epoch 52  650/779  train_mae 0.27  kl 0.177  (122s)
[02:13:13]   Epoch 52  700/779  train_mae 0.27  kl 0.177  (131s)
[02:13:23]   Epoch 52  750/779  train_mae 0.27  kl 0.177  (140s)
[02:13:28]   Epoch 52  779/779  train_mae 0.27  kl 0.177  (146s)
[02:13:38] [Epoch 52 완료] train MAE 0.27 | val MAE 6.60 | val RMSE 9.10 | lr 6.3e-06 | 개선없음 7/15
[02:13:48]   Epoch 53  50/779  train_mae 0.26  kl 0.180  (9s)
[02:13:57]   Epoch 53  100/779  train_mae 0.26  kl 0.180  (19s)
[02:14:07]   Epoch 53  150/779  train_mae 0.26  kl 0.180  (28s)
[02:14:16]   Epoch 53  200/779  train_mae 0.25  kl 0.179  (38s)
[02:14:25]   Epoch 53  250/779  train_mae 0.25  kl 0.179  (47s)
[02:14:35]   Epoch 53  300/779  train_mae 0.26  kl 0.178  (56s)
[02:14:44]   Epoch 53  350/779  train_mae 0.26  kl 0.178  (66s)
[02:14:54]   Epoch 53  400/779  train_mae 0.26  kl 0.178  (75s)
[02:15:03]   Epoch 53  450/779  train_mae 0.26  kl 0.177  (84s)
[02:15:12]   Epoch 53  500/779  train_mae 0.26  kl 0.177  (94s)
[02:15:22]   Epoch 53  550/779  train_mae 0.26  kl 0.178  (103s)
[02:15:31]   Epoch 53  600/779  train_mae 0.26  kl 0.178  (113s)
[02:15:40]   Epoch 53  650/779  train_mae 0.26  kl 0.177  (121s)
[02:15:48]   Epoch 53  700/779  train_mae 0.26  kl 0.177  (130s)
[02:15:57]   Epoch 53  750/779  train_mae 0.26  kl 0.177  (138s)
[02:16:02]   Epoch 53  779/779  train_mae 0.26  kl 0.177  (144s)
[02:16:12] [Epoch 53 완료] train MAE 0.26 | val MAE 6.61 | val RMSE 9.09 | lr 6.3e-06 | 개선없음 8/15
[02:16:22]   Epoch 54  50/779  train_mae 0.24  kl 0.172  (9s)
[02:16:31]   Epoch 54  100/779  train_mae 0.27  kl 0.180  (19s)
[02:16:41]   Epoch 54  150/779  train_mae 0.26  kl 0.179  (28s)
[02:16:49]   Epoch 54  200/779  train_mae 0.26  kl 0.177  (37s)
[02:16:58]   Epoch 54  250/779  train_mae 0.26  kl 0.177  (45s)
[02:17:06]   Epoch 54  300/779  train_mae 0.25  kl 0.178  (53s)
[02:17:14]   Epoch 54  350/779  train_mae 0.25  kl 0.178  (62s)
[02:17:23]   Epoch 54  400/779  train_mae 0.25  kl 0.177  (70s)
[02:17:31]   Epoch 54  450/779  train_mae 0.25  kl 0.177  (78s)
[02:17:39]   Epoch 54  500/779  train_mae 0.25  kl 0.177  (87s)
[02:17:48]   Epoch 54  550/779  train_mae 0.25  kl 0.177  (95s)
[02:17:56]   Epoch 54  600/779  train_mae 0.25  kl 0.177  (103s)
[02:18:04]   Epoch 54  650/779  train_mae 0.24  kl 0.176  (112s)
[02:18:13]   Epoch 54  700/779  train_mae 0.25  kl 0.176  (120s)
[02:18:21]   Epoch 54  750/779  train_mae 0.25  kl 0.176  (128s)
[02:18:26]   Epoch 54  779/779  train_mae 0.25  kl 0.176  (133s)
[02:18:35] [Epoch 54 완료] train MAE 0.25 | val MAE 6.61 | val RMSE 9.11 | lr 3.1e-06 | 개선없음 9/15
[02:18:43]   Epoch 55  50/779  train_mae 0.24  kl 0.177  (7s)
[02:18:51]   Epoch 55  100/779  train_mae 0.25  kl 0.178  (16s)
[02:18:59]   Epoch 55  150/779  train_mae 0.25  kl 0.176  (23s)
[02:19:06]   Epoch 55  200/779  train_mae 0.25  kl 0.176  (31s)
[02:19:15]   Epoch 55  250/779  train_mae 0.24  kl 0.176  (39s)
[02:19:23]   Epoch 55  300/779  train_mae 0.24  kl 0.176  (47s)
[02:19:31]   Epoch 55  350/779  train_mae 0.24  kl 0.176  (56s)
[02:19:40]   Epoch 55  400/779  train_mae 0.24  kl 0.176  (64s)
[02:19:48]   Epoch 55  450/779  train_mae 0.24  kl 0.176  (72s)
[02:19:56]   Epoch 55  500/779  train_mae 0.24  kl 0.176  (81s)
[02:20:05]   Epoch 55  550/779  train_mae 0.24  kl 0.176  (89s)
[02:20:13]   Epoch 55  600/779  train_mae 0.24  kl 0.176  (97s)
[02:20:21]   Epoch 55  650/779  train_mae 0.24  kl 0.176  (106s)
[02:20:30]   Epoch 55  700/779  train_mae 0.24  kl 0.176  (114s)
[02:20:38]   Epoch 55  750/779  train_mae 0.24  kl 0.176  (122s)
[02:20:43]   Epoch 55  779/779  train_mae 0.24  kl 0.176  (127s)
[02:20:52] [Epoch 55 완료] train MAE 0.24 | val MAE 6.59 | val RMSE 9.08 | lr 3.1e-06 | 개선없음 10/15
[02:21:00]   Epoch 56  50/779  train_mae 0.20  kl 0.173  (8s)
[02:21:08]   Epoch 56  100/779  train_mae 0.21  kl 0.175  (16s)
[02:21:17]   Epoch 56  150/779  train_mae 0.23  kl 0.175  (25s)
[02:21:25]   Epoch 56  200/779  train_mae 0.23  kl 0.176  (33s)
[02:21:33]   Epoch 56  250/779  train_mae 0.24  kl 0.176  (41s)
[02:21:42]   Epoch 56  300/779  train_mae 0.23  kl 0.177  (50s)
[02:21:50]   Epoch 56  350/779  train_mae 0.23  kl 0.177  (58s)
[02:21:58]   Epoch 56  400/779  train_mae 0.23  kl 0.177  (67s)
[02:22:07]   Epoch 56  450/779  train_mae 0.23  kl 0.176  (75s)
[02:22:15]   Epoch 56  500/779  train_mae 0.23  kl 0.175  (83s)
[02:22:24]   Epoch 56  550/779  train_mae 0.23  kl 0.176  (92s)
[02:22:32]   Epoch 56  600/779  train_mae 0.23  kl 0.176  (100s)
[02:22:40]   Epoch 56  650/779  train_mae 0.22  kl 0.176  (108s)
[02:22:49]   Epoch 56  700/779  train_mae 0.22  kl 0.176  (117s)
[02:22:57]   Epoch 56  750/779  train_mae 0.22  kl 0.175  (125s)
[02:23:02]   Epoch 56  779/779  train_mae 0.22  kl 0.175  (130s)
[02:23:11] [Epoch 56 완료] train MAE 0.22 | val MAE 6.60 | val RMSE 9.10 | lr 3.1e-06 | 개선없음 11/15
[02:23:20]   Epoch 57  50/779  train_mae 0.20  kl 0.174  (8s)
[02:23:28]   Epoch 57  100/779  train_mae 0.21  kl 0.171  (17s)
[02:23:37]   Epoch 57  150/779  train_mae 0.22  kl 0.173  (25s)
[02:23:45]   Epoch 57  200/779  train_mae 0.22  kl 0.173  (33s)
[02:23:53]   Epoch 57  250/779  train_mae 0.22  kl 0.174  (41s)
[02:24:01]   Epoch 57  300/779  train_mae 0.22  kl 0.175  (49s)
[02:24:09]   Epoch 57  350/779  train_mae 0.22  kl 0.174  (58s)
[02:24:17]   Epoch 57  400/779  train_mae 0.22  kl 0.175  (66s)
[02:24:26]   Epoch 57  450/779  train_mae 0.22  kl 0.175  (74s)
[02:24:34]   Epoch 57  500/779  train_mae 0.22  kl 0.175  (83s)
[02:24:43]   Epoch 57  550/779  train_mae 0.22  kl 0.175  (91s)
[02:24:51]   Epoch 57  600/779  train_mae 0.22  kl 0.175  (99s)
[02:24:59]   Epoch 57  650/779  train_mae 0.22  kl 0.176  (108s)
[02:25:08]   Epoch 57  700/779  train_mae 0.22  kl 0.176  (116s)
[02:25:16]   Epoch 57  750/779  train_mae 0.22  kl 0.175  (124s)
[02:25:21]   Epoch 57  779/779  train_mae 0.22  kl 0.175  (129s)
[02:25:30] [Epoch 57 완료] train MAE 0.22 | val MAE 6.60 | val RMSE 9.10 | lr 3.1e-06 | 개선없음 12/15
[02:25:39]   Epoch 58  50/779  train_mae 0.23  kl 0.172  (8s)
[02:25:47]   Epoch 58  100/779  train_mae 0.23  kl 0.171  (17s)
[02:25:56]   Epoch 58  150/779  train_mae 0.23  kl 0.173  (25s)
[02:26:04]   Epoch 58  200/779  train_mae 0.22  kl 0.175  (33s)
[02:26:12]   Epoch 58  250/779  train_mae 0.22  kl 0.174  (42s)
[02:26:21]   Epoch 58  300/779  train_mae 0.22  kl 0.174  (50s)
[02:26:29]   Epoch 58  350/779  train_mae 0.22  kl 0.175  (58s)
[02:26:37]   Epoch 58  400/779  train_mae 0.22  kl 0.175  (67s)
[02:26:46]   Epoch 58  450/779  train_mae 0.22  kl 0.175  (75s)
[02:26:54]   Epoch 58  500/779  train_mae 0.22  kl 0.175  (83s)
[02:27:02]   Epoch 58  550/779  train_mae 0.22  kl 0.174  (92s)
[02:27:11]   Epoch 58  600/779  train_mae 0.22  kl 0.175  (100s)
[02:27:19]   Epoch 58  650/779  train_mae 0.22  kl 0.175  (108s)
[02:27:27]   Epoch 58  700/779  train_mae 0.21  kl 0.174  (117s)
[02:27:36]   Epoch 58  750/779  train_mae 0.21  kl 0.175  (125s)
[02:27:40]   Epoch 58  779/779  train_mae 0.22  kl 0.175  (130s)
[02:27:50] [Epoch 58 완료] train MAE 0.22 | val MAE 6.60 | val RMSE 9.08 | lr 1.6e-06 | 개선없음 13/15
[02:27:59]   Epoch 59  50/779  train_mae 0.20  kl 0.179  (8s)
[02:28:07]   Epoch 59  100/779  train_mae 0.20  kl 0.178  (17s)
[02:28:15]   Epoch 59  150/779  train_mae 0.20  kl 0.178  (25s)
[02:28:24]   Epoch 59  200/779  train_mae 0.20  kl 0.176  (33s)
[02:28:32]   Epoch 59  250/779  train_mae 0.20  kl 0.177  (42s)
[02:28:40]   Epoch 59  300/779  train_mae 0.21  kl 0.178  (50s)
[02:28:49]   Epoch 59  350/779  train_mae 0.21  kl 0.177  (58s)
[02:28:57]   Epoch 59  400/779  train_mae 0.21  kl 0.177  (67s)
[02:29:05]   Epoch 59  450/779  train_mae 0.21  kl 0.177  (75s)
[02:29:14]   Epoch 59  500/779  train_mae 0.21  kl 0.177  (83s)
[02:29:22]   Epoch 59  550/779  train_mae 0.21  kl 0.176  (92s)
[02:29:30]   Epoch 59  600/779  train_mae 0.21  kl 0.176  (100s)
[02:29:39]   Epoch 59  650/779  train_mae 0.21  kl 0.175  (108s)
[02:29:47]   Epoch 59  700/779  train_mae 0.21  kl 0.175  (117s)
[02:29:55]   Epoch 59  750/779  train_mae 0.21  kl 0.175  (125s)
[02:30:00]   Epoch 59  779/779  train_mae 0.21  kl 0.175  (130s)
[02:30:10] [Epoch 59 완료] train MAE 0.21 | val MAE 6.58 | val RMSE 9.06 | lr 1.6e-06 | 개선없음 14/15
[02:30:18]   Epoch 60  50/779  train_mae 0.19  kl 0.175  (8s)
[02:30:27]   Epoch 60  100/779  train_mae 0.21  kl 0.175  (16s)
[02:30:35]   Epoch 60  150/779  train_mae 0.21  kl 0.174  (25s)
[02:30:43]   Epoch 60  200/779  train_mae 0.21  kl 0.173  (33s)
[02:30:52]   Epoch 60  250/779  train_mae 0.21  kl 0.172  (42s)
[02:31:00]   Epoch 60  300/779  train_mae 0.21  kl 0.173  (50s)
[02:31:08]   Epoch 60  350/779  train_mae 0.21  kl 0.173  (58s)
[02:31:17]   Epoch 60  400/779  train_mae 0.21  kl 0.174  (67s)
[02:31:25]   Epoch 60  450/779  train_mae 0.21  kl 0.174  (75s)
[02:31:33]   Epoch 60  500/779  train_mae 0.21  kl 0.174  (83s)
[02:31:42]   Epoch 60  550/779  train_mae 0.21  kl 0.174  (92s)
[02:31:50]   Epoch 60  600/779  train_mae 0.21  kl 0.175  (100s)
[02:31:58]   Epoch 60  650/779  train_mae 0.21  kl 0.175  (108s)
[02:32:07]   Epoch 60  700/779  train_mae 0.21  kl 0.175  (117s)
[02:32:15]   Epoch 60  750/779  train_mae 0.20  kl 0.175  (125s)
[02:32:20]   Epoch 60  779/779  train_mae 0.21  kl 0.175  (130s)
[02:32:29] [Epoch 60 완료] train MAE 0.21 | val MAE 6.58 | val RMSE 9.08 | lr 1.6e-06 | 개선없음 15/15
[02:32:30] 조기종료: 15에폭 연속 개선 없음 | 최고 val MAE 6.55 @ epoch 45
================================================================
[02:32:30] 최종 평가 (best.pt 로드)
[02:32:30] [backbone] timm 'legacy_xception' 로드 완료 (pretrained=False)
[02:32:30] [model] head = LDL softmax 240-way (식 6~8)
[02:32:30] [model] backbone out = 2048x16x16 -> z dim = 6,400 (논문 9,216 = IMG_SIZE 608일 때)
[02:32:30] [model] total params = 27.1M (논문 표4: 22.9M)
[02:32:30] best.pt 로드 완료 | 정규화 0.0±1.0 | IMG 512
[02:32:30]  split |      N |  MAE(mo) |  RMSE(mo) |    bias
[02:33:48]  train | 12,473 |     0.32 |      0.65 |   +0.06
[02:33:56]    val |  1,384 |     6.55 |      9.05 |   +0.02
[02:33:59]   test |    195 |     6.32 |      8.06 |   +0.70
[02:34:01] 나이 분포 저장: G:\Project\sinra_cho\checkpoints_xception_4\age_distribution.png
======================================================
골연령 Xception 회귀 (IMG=512, advanced, eq=none)
2026-07-27 02:32
======================================================
 split |      N |  MAE(mo) |  RMSE(mo) |    bias
 train | 12,473 |     0.32 |      0.65 |   +0.06
   val |  1,384 |     6.55 |      9.05 |   +0.02
  test |    195 |     6.32 |      8.06 |   +0.70
------------------------------------------------------
[test 연령대별]
  group |     N |    MAE |   RMSE |   bias
   0-4y |     8 |   6.13 |   7.81 |  +6.13
   4-8y |    33 |   9.09 |  10.14 |  +4.71
  8-12y |    64 |   7.28 |   9.32 |  +2.14
 12-16y |    79 |   4.18 |   5.23 |  -1.49
   >16y |    11 |   7.98 |   9.76 |  -7.98
======================================================
[02:34:01] 결과 저장: G:\Project\sinra_cho\checkpoints_xception_4\results.txt
[02:34:01] [Grad-CAM] target layer = act4
[02:34:02] [경고] Grad-CAM 생략: Output 0 of BackwardHookFunctionBackward is a view and is being modified inplace. This view was created inside a custom Function (or because an input was returned as-is) and the autograd logic to handle view+inplace would override the custom backward associated with the custom Function, leading to incorrect gradients. This behavior is forbidden. You can fix this by cloning the output of the custom Function.
[02:34:02] 추론 함수 준비 완료 · best.pt: G:\Project\sinra_cho\checkpoints_xception_4\best.pt
[02:34:02] === 전체 완료 ===
