================================================================
[10:31:00] Attention(R1/R2) + LDL 골연령 - v2 (손 크롭 폴더 입력) 시작
[10:31:00] PyTorch 2.6.0+cu124 | torchvision 0.21.0+cu124 | timm 1.0.28
[10:31:00] device cuda | CUDA True
[GPU-GUARD] (inproc) 바로 실행 — 티켓 6번 infer 16000MiB
[10:31:00] GPU NVIDIA A100 80GB PCIe | CUDA 12.4
[10:31:00] BASE_DIR       G:\Project\sinra_cho
[10:31:00] HAND_CROP_DIR  G:\Project\sinra_cho\yolo_crop
[10:31:00] 채널 ('hand', 'r1', 'r2') | tau(R1/R2) 30/30 | 정규화 div255 | 증강 False
================================================================
[10:31:00]   TRAIN_CSV OK  G:\Project\sinra_cho\yolo_crop_csv\train.csv
[10:31:00]   VAL_CSV   OK  G:\Project\sinra_cho\yolo_crop_csv\Validation Dataset.csv
[10:31:00]   TEST_CSV  OK  G:\Project\sinra_cho\yolo_crop_csv\Bone age ground truth.csv
[10:31:01]   손크롭 train OK  G:\Project\sinra_cho\yolo_crop\train  (파일 12,611장)
[10:31:01]   손크롭 val   OK  G:\Project\sinra_cho\yolo_crop\validation  (파일 1,425장)
[10:31:01]   손크롭 test  OK  G:\Project\sinra_cho\yolo_crop\test  (파일 200장)
[10:31:01]   · train: 라벨 12,611 -> 사용 12,539 (제외/미크롭 72)
[10:31:01]   · val: 라벨 1,425 -> 사용 1,425 (제외/미크롭 0)
[10:31:01]   · test: 라벨 200 -> 사용 200 (제외/미크롭 0)
[10:31:01] 최종 | train 12,539 | val 1,425 | test 200 | 나이 127.5±40.9개월 | 남 54.2%
[10:31:01] hand560 캐시 생성 (손 크롭 -> 560x560, pad=False)...
[10:31:41]   hand560 train 2000/12539
[10:32:23]   hand560 train 4000/12539
[10:33:01]   hand560 train 6000/12539
[10:33:37]   hand560 train 8000/12539
[10:34:13]   hand560 train 10000/12539
[10:34:50]   hand560 train 12000/12539
[10:35:00] [hand560:train] 생성 12539 | 스킵 0 | 실패 0
[10:35:26] [hand560:val] 생성 1425 | 스킵 0 | 실패 0
[10:35:29] [hand560:test] 생성 200 | 스킵 0 | 실패 0
[10:35:29] hand560 캐시 완료
[10:35:30] 캐시 확인 후 | train 12,539 | val 1,425 | test 200
[10:35:30] ### Phase I-a : Region-1(수근골) 국소화 + Region-2(중수골 밴드) + Erased ###
[10:35:30] [cls-r1] 분류 모델 학습 | pool=gmp src=hand560 size=560 epochs=100
[10:35:31] [backbone] timm 'inception_v3' 로드 완료 (pretrained=True)
[10:35:31] [cls-gmp] feat (2048, 16, 16) -> FC 2048->240
[10:35:58]   [cls-r1] ep01 100/1567 loss 0.2719 lr 3e-04 (26s)
[10:36:17]   [cls-r1] ep01 200/1567 loss 0.2203 lr 3e-04 (45s)
[10:36:39]   [cls-r1] ep01 300/1567 loss 0.1936 lr 3e-04 (67s)
[10:36:58]   [cls-r1] ep01 400/1567 loss 0.1770 lr 3e-04 (86s)
[10:37:17]   [cls-r1] ep01 500/1567 loss 0.1650 lr 3e-04 (105s)
[10:37:42]   [cls-r1] ep01 600/1567 loss 0.1568 lr 3e-04 (130s)
[10:38:08]   [cls-r1] ep01 700/1567 loss 0.1502 lr 3e-04 (156s)
[10:38:34]   [cls-r1] ep01 800/1567 loss 0.1445 lr 3e-04 (182s)
[10:39:00]   [cls-r1] ep01 900/1567 loss 0.1398 lr 3e-04 (208s)
[10:39:26]   [cls-r1] ep01 1000/1567 loss 0.1361 lr 3e-04 (234s)
[10:39:46]   [cls-r1] ep01 1100/1567 loss 0.1326 lr 3e-04 (254s)
[10:40:05]   [cls-r1] ep01 1200/1567 loss 0.1296 lr 3e-04 (273s)
[10:40:27]   [cls-r1] ep01 1300/1567 loss 0.1267 lr 3e-04 (294s)
[10:40:46]   [cls-r1] ep01 1400/1567 loss 0.1242 lr 3e-04 (314s)
[10:41:05]   [cls-r1] ep01 1500/1567 loss 0.1223 lr 3e-04 (333s)
[10:41:20]   [cls-r1] ep01 1567/1567 loss 0.1211 lr 3e-04 (347s)
[10:41:49]   [cls-r1] Epoch 01 완료 | train L1 0.1211 | val argmax-MAE 10.30 | * best 저장 (10.30)
[10:42:06]   [cls-r1] ep02 100/1567 loss 0.0870 lr 3e-04 (17s)
[10:42:22]   [cls-r1] ep02 200/1567 loss 0.0862 lr 3e-04 (33s)
[10:42:39]   [cls-r1] ep02 300/1567 loss 0.0869 lr 3e-04 (50s)
[10:42:56]   [cls-r1] ep02 400/1567 loss 0.0880 lr 3e-04 (67s)
[10:43:12]   [cls-r1] ep02 500/1567 loss 0.0868 lr 3e-04 (83s)
[10:43:27]   [cls-r1] ep02 600/1567 loss 0.0862 lr 3e-04 (98s)
[10:43:39]   [cls-r1] ep02 700/1567 loss 0.0856 lr 3e-04 (110s)
[10:43:52]   [cls-r1] ep02 800/1567 loss 0.0854 lr 3e-04 (123s)
[10:44:04]   [cls-r1] ep02 900/1567 loss 0.0852 lr 3e-04 (135s)
[10:44:18]   [cls-r1] ep02 1000/1567 loss 0.0852 lr 3e-04 (149s)
[10:44:31]   [cls-r1] ep02 1100/1567 loss 0.0847 lr 3e-04 (162s)
[10:44:44]   [cls-r1] ep02 1200/1567 loss 0.0844 lr 3e-04 (175s)
[10:44:56]   [cls-r1] ep02 1300/1567 loss 0.0844 lr 3e-04 (187s)
[10:45:09]   [cls-r1] ep02 1400/1567 loss 0.0841 lr 3e-04 (200s)
[10:45:21]   [cls-r1] ep02 1500/1567 loss 0.0838 lr 3e-04 (212s)
[10:45:29]   [cls-r1] ep02 1567/1567 loss 0.0837 lr 3e-04 (220s)
[10:45:39]   [cls-r1] Epoch 02 완료 | train L1 0.0837 | val argmax-MAE 10.56 | 개선없음 1/10
[10:45:52]   [cls-r1] ep03 100/1567 loss 0.0735 lr 3e-04 (12s)
[10:46:04]   [cls-r1] ep03 200/1567 loss 0.0745 lr 3e-04 (25s)
[10:46:17]   [cls-r1] ep03 300/1567 loss 0.0744 lr 3e-04 (38s)
[10:46:29]   [cls-r1] ep03 400/1567 loss 0.0746 lr 3e-04 (50s)
[10:46:42]   [cls-r1] ep03 500/1567 loss 0.0745 lr 3e-04 (62s)
[10:46:54]   [cls-r1] ep03 600/1567 loss 0.0743 lr 3e-04 (75s)
[10:47:07]   [cls-r1] ep03 700/1567 loss 0.0748 lr 3e-04 (87s)
[10:47:19]   [cls-r1] ep03 800/1567 loss 0.0750 lr 3e-04 (100s)
[10:47:31]   [cls-r1] ep03 900/1567 loss 0.0754 lr 3e-04 (112s)
[10:47:44]   [cls-r1] ep03 1000/1567 loss 0.0754 lr 3e-04 (124s)
[10:47:56]   [cls-r1] ep03 1100/1567 loss 0.0754 lr 3e-04 (137s)
[10:48:09]   [cls-r1] ep03 1200/1567 loss 0.0754 lr 3e-04 (149s)
[10:48:21]   [cls-r1] ep03 1300/1567 loss 0.0753 lr 3e-04 (162s)
[10:48:34]   [cls-r1] ep03 1400/1567 loss 0.0750 lr 3e-04 (174s)
[10:48:46]   [cls-r1] ep03 1500/1567 loss 0.0749 lr 3e-04 (187s)
[10:48:54]   [cls-r1] ep03 1567/1567 loss 0.0748 lr 3e-04 (195s)
[10:49:05]   [cls-r1] Epoch 03 완료 | train L1 0.0748 | val argmax-MAE 9.24 | * best 저장 (9.24)
[10:49:18]   [cls-r1] ep04 100/1567 loss 0.0689 lr 3e-04 (12s)
[10:49:30]   [cls-r1] ep04 200/1567 loss 0.0685 lr 3e-04 (24s)
[10:49:42]   [cls-r1] ep04 300/1567 loss 0.0682 lr 3e-04 (36s)
[10:49:54]   [cls-r1] ep04 400/1567 loss 0.0684 lr 3e-04 (49s)
[10:50:07]   [cls-r1] ep04 500/1567 loss 0.0684 lr 3e-04 (61s)
[10:50:19]   [cls-r1] ep04 600/1567 loss 0.0691 lr 3e-04 (74s)
[10:50:32]   [cls-r1] ep04 700/1567 loss 0.0683 lr 3e-04 (86s)
[10:50:44]   [cls-r1] ep04 800/1567 loss 0.0685 lr 3e-04 (99s)
[10:50:56]   [cls-r1] ep04 900/1567 loss 0.0680 lr 3e-04 (111s)
[10:51:09]   [cls-r1] ep04 1000/1567 loss 0.0680 lr 3e-04 (123s)
[10:51:21]   [cls-r1] ep04 1100/1567 loss 0.0680 lr 3e-04 (136s)
[10:51:33]   [cls-r1] ep04 1200/1567 loss 0.0681 lr 3e-04 (148s)
[10:51:46]   [cls-r1] ep04 1300/1567 loss 0.0681 lr 3e-04 (161s)
[10:51:58]   [cls-r1] ep04 1400/1567 loss 0.0681 lr 3e-04 (173s)
[10:52:11]   [cls-r1] ep04 1500/1567 loss 0.0681 lr 3e-04 (185s)
[10:52:19]   [cls-r1] ep04 1567/1567 loss 0.0682 lr 3e-04 (194s)
[10:52:29]   [cls-r1] Epoch 04 완료 | train L1 0.0682 | val argmax-MAE 9.23 | 개선없음 1/10
[10:52:42]   [cls-r1] ep05 100/1567 loss 0.0633 lr 3e-04 (13s)
[10:52:55]   [cls-r1] ep05 200/1567 loss 0.0632 lr 3e-04 (25s)
[10:53:07]   [cls-r1] ep05 300/1567 loss 0.0621 lr 3e-04 (38s)
[10:53:20]   [cls-r1] ep05 400/1567 loss 0.0621 lr 3e-04 (50s)
[10:53:32]   [cls-r1] ep05 500/1567 loss 0.0619 lr 3e-04 (62s)
[10:53:44]   [cls-r1] ep05 600/1567 loss 0.0621 lr 3e-04 (74s)
[10:53:57]   [cls-r1] ep05 700/1567 loss 0.0616 lr 3e-04 (87s)
[10:54:09]   [cls-r1] ep05 800/1567 loss 0.0621 lr 3e-04 (99s)
[10:54:21]   [cls-r1] ep05 900/1567 loss 0.0621 lr 3e-04 (112s)
[10:54:34]   [cls-r1] ep05 1000/1567 loss 0.0622 lr 3e-04 (124s)
[10:54:46]   [cls-r1] ep05 1100/1567 loss 0.0624 lr 3e-04 (136s)
[10:54:59]   [cls-r1] ep05 1200/1567 loss 0.0623 lr 3e-04 (149s)
[10:55:11]   [cls-r1] ep05 1300/1567 loss 0.0623 lr 3e-04 (161s)
[10:55:23]   [cls-r1] ep05 1400/1567 loss 0.0623 lr 3e-04 (173s)
[10:55:35]   [cls-r1] ep05 1500/1567 loss 0.0623 lr 3e-04 (186s)
[10:55:44]   [cls-r1] ep05 1567/1567 loss 0.0623 lr 3e-04 (194s)
[10:55:54]   [cls-r1] Epoch 05 완료 | train L1 0.0623 | val argmax-MAE 9.59 | 개선없음 2/10
[10:56:06]   [cls-r1] ep06 100/1567 loss 0.0560 lr 3e-04 (12s)
[10:56:19]   [cls-r1] ep06 200/1567 loss 0.0555 lr 3e-04 (25s)
[10:56:31]   [cls-r1] ep06 300/1567 loss 0.0560 lr 3e-04 (37s)
[10:56:44]   [cls-r1] ep06 400/1567 loss 0.0555 lr 3e-04 (50s)
[10:56:56]   [cls-r1] ep06 500/1567 loss 0.0559 lr 3e-04 (62s)
[10:57:09]   [cls-r1] ep06 600/1567 loss 0.0558 lr 3e-04 (75s)
[10:57:21]   [cls-r1] ep06 700/1567 loss 0.0562 lr 3e-04 (87s)
[10:57:33]   [cls-r1] ep06 800/1567 loss 0.0564 lr 3e-04 (99s)
[10:57:45]   [cls-r1] ep06 900/1567 loss 0.0568 lr 3e-04 (111s)
[10:57:58]   [cls-r1] ep06 1000/1567 loss 0.0566 lr 3e-04 (124s)
[10:58:10]   [cls-r1] ep06 1100/1567 loss 0.0568 lr 3e-04 (136s)
[10:58:22]   [cls-r1] ep06 1200/1567 loss 0.0567 lr 3e-04 (148s)
[10:58:34]   [cls-r1] ep06 1300/1567 loss 0.0566 lr 3e-04 (160s)
[10:58:47]   [cls-r1] ep06 1400/1567 loss 0.0566 lr 3e-04 (173s)
[10:58:59]   [cls-r1] ep06 1500/1567 loss 0.0567 lr 3e-04 (185s)
[10:59:08]   [cls-r1] ep06 1567/1567 loss 0.0568 lr 3e-04 (194s)
[10:59:18]   [cls-r1] Epoch 06 완료 | train L1 0.0568 | val argmax-MAE 9.46 | 개선없음 3/10
[10:59:30]   [cls-r1] ep07 100/1567 loss 0.0506 lr 3e-04 (12s)
[10:59:42]   [cls-r1] ep07 200/1567 loss 0.0505 lr 3e-04 (24s)
[10:59:55]   [cls-r1] ep07 300/1567 loss 0.0505 lr 3e-04 (37s)
[11:00:07]   [cls-r1] ep07 400/1567 loss 0.0511 lr 3e-04 (49s)
[11:00:20]   [cls-r1] ep07 500/1567 loss 0.0513 lr 3e-04 (62s)
[11:00:32]   [cls-r1] ep07 600/1567 loss 0.0515 lr 3e-04 (74s)
[11:00:45]   [cls-r1] ep07 700/1567 loss 0.0519 lr 3e-04 (87s)
[11:00:57]   [cls-r1] ep07 800/1567 loss 0.0517 lr 3e-04 (99s)
[11:01:10]   [cls-r1] ep07 900/1567 loss 0.0517 lr 3e-04 (112s)
[11:01:22]   [cls-r1] ep07 1000/1567 loss 0.0519 lr 3e-04 (124s)
[11:01:34]   [cls-r1] ep07 1100/1567 loss 0.0519 lr 3e-04 (136s)
[11:01:47]   [cls-r1] ep07 1200/1567 loss 0.0520 lr 3e-04 (149s)
[11:01:59]   [cls-r1] ep07 1300/1567 loss 0.0520 lr 3e-04 (161s)
[11:02:12]   [cls-r1] ep07 1400/1567 loss 0.0520 lr 3e-04 (174s)
[11:02:24]   [cls-r1] ep07 1500/1567 loss 0.0522 lr 3e-04 (186s)
[11:02:33]   [cls-r1] ep07 1567/1567 loss 0.0522 lr 3e-04 (194s)
[11:02:43]   [cls-r1] Epoch 07 완료 | train L1 0.0522 | val argmax-MAE 8.52 | * best 저장 (8.52)
[11:02:56]   [cls-r1] ep08 100/1567 loss 0.0493 lr 3e-04 (12s)
[11:03:08]   [cls-r1] ep08 200/1567 loss 0.0485 lr 3e-04 (25s)
[11:03:21]   [cls-r1] ep08 300/1567 loss 0.0482 lr 3e-04 (37s)
[11:03:33]   [cls-r1] ep08 400/1567 loss 0.0481 lr 3e-04 (49s)
[11:03:45]   [cls-r1] ep08 500/1567 loss 0.0479 lr 3e-04 (62s)
[11:03:58]   [cls-r1] ep08 600/1567 loss 0.0478 lr 3e-04 (74s)
[11:04:10]   [cls-r1] ep08 700/1567 loss 0.0478 lr 3e-04 (87s)
[11:04:23]   [cls-r1] ep08 800/1567 loss 0.0478 lr 3e-04 (100s)
[11:04:35]   [cls-r1] ep08 900/1567 loss 0.0479 lr 3e-04 (112s)
[11:04:48]   [cls-r1] ep08 1000/1567 loss 0.0481 lr 3e-04 (125s)
[11:05:01]   [cls-r1] ep08 1100/1567 loss 0.0482 lr 3e-04 (137s)
[11:05:13]   [cls-r1] ep08 1200/1567 loss 0.0483 lr 3e-04 (149s)
[11:05:25]   [cls-r1] ep08 1300/1567 loss 0.0485 lr 3e-04 (162s)
[11:05:37]   [cls-r1] ep08 1400/1567 loss 0.0488 lr 3e-04 (174s)
[11:05:53]   [cls-r1] ep08 1500/1567 loss 0.0488 lr 3e-04 (189s)
[11:06:04]   [cls-r1] ep08 1567/1567 loss 0.0489 lr 3e-04 (201s)
[11:06:17]   [cls-r1] Epoch 08 완료 | train L1 0.0489 | val argmax-MAE 9.23 | 개선없음 1/10
[11:06:35]   [cls-r1] ep09 100/1567 loss 0.0423 lr 3e-04 (18s)
[11:06:52]   [cls-r1] ep09 200/1567 loss 0.0431 lr 3e-04 (35s)
[11:07:10]   [cls-r1] ep09 300/1567 loss 0.0436 lr 3e-04 (53s)
[11:07:27]   [cls-r1] ep09 400/1567 loss 0.0446 lr 3e-04 (70s)
[11:07:45]   [cls-r1] ep09 500/1567 loss 0.0448 lr 3e-04 (88s)
[11:08:02]   [cls-r1] ep09 600/1567 loss 0.0446 lr 3e-04 (105s)
[11:08:20]   [cls-r1] ep09 700/1567 loss 0.0449 lr 3e-04 (123s)
[11:08:37]   [cls-r1] ep09 800/1567 loss 0.0447 lr 3e-04 (140s)
[11:08:52]   [cls-r1] ep09 900/1567 loss 0.0450 lr 3e-04 (154s)
[11:09:04]   [cls-r1] ep09 1000/1567 loss 0.0449 lr 3e-04 (167s)
[11:09:20]   [cls-r1] ep09 1100/1567 loss 0.0450 lr 3e-04 (183s)
[11:09:38]   [cls-r1] ep09 1200/1567 loss 0.0451 lr 3e-04 (200s)
[11:09:55]   [cls-r1] ep09 1300/1567 loss 0.0452 lr 3e-04 (218s)
[11:10:13]   [cls-r1] ep09 1400/1567 loss 0.0453 lr 3e-04 (235s)
[11:10:30]   [cls-r1] ep09 1500/1567 loss 0.0452 lr 3e-04 (253s)
[11:10:42]   [cls-r1] ep09 1567/1567 loss 0.0454 lr 3e-04 (265s)
[11:10:55]   [cls-r1] Epoch 09 완료 | train L1 0.0454 | val argmax-MAE 9.03 | 개선없음 2/10
[11:11:12]   [cls-r1] ep10 100/1567 loss 0.0426 lr 3e-04 (17s)
[11:11:30]   [cls-r1] ep10 200/1567 loss 0.0413 lr 3e-04 (34s)
[11:11:47]   [cls-r1] ep10 300/1567 loss 0.0411 lr 3e-04 (52s)
[11:12:04]   [cls-r1] ep10 400/1567 loss 0.0417 lr 3e-04 (69s)
[11:12:21]   [cls-r1] ep10 500/1567 loss 0.0419 lr 3e-04 (86s)
[11:12:38]   [cls-r1] ep10 600/1567 loss 0.0425 lr 3e-04 (103s)
[11:12:55]   [cls-r1] ep10 700/1567 loss 0.0421 lr 3e-04 (120s)
[11:13:13]   [cls-r1] ep10 800/1567 loss 0.0419 lr 3e-04 (138s)
[11:13:30]   [cls-r1] ep10 900/1567 loss 0.0422 lr 3e-04 (155s)
[11:13:48]   [cls-r1] ep10 1000/1567 loss 0.0423 lr 3e-04 (173s)
[11:14:05]   [cls-r1] ep10 1100/1567 loss 0.0424 lr 3e-04 (190s)
[11:14:22]   [cls-r1] ep10 1200/1567 loss 0.0426 lr 3e-04 (207s)
[11:14:40]   [cls-r1] ep10 1300/1567 loss 0.0426 lr 3e-04 (224s)
[11:14:57]   [cls-r1] ep10 1400/1567 loss 0.0426 lr 3e-04 (242s)
[11:15:15]   [cls-r1] ep10 1500/1567 loss 0.0426 lr 3e-04 (259s)
[11:15:27]   [cls-r1] ep10 1567/1567 loss 0.0426 lr 3e-04 (271s)
[11:15:38]   [cls-r1] Epoch 10 완료 | train L1 0.0426 | val argmax-MAE 8.26 | * best 저장 (8.26)
[11:15:56]   [cls-r1] ep11 100/1567 loss 0.0426 lr 3e-04 (17s)
[11:16:14]   [cls-r1] ep11 200/1567 loss 0.0419 lr 3e-04 (35s)
[11:16:33]   [cls-r1] ep11 300/1567 loss 0.0414 lr 3e-04 (54s)
[11:16:54]   [cls-r1] ep11 400/1567 loss 0.0404 lr 3e-04 (76s)
[11:17:16]   [cls-r1] ep11 500/1567 loss 0.0403 lr 3e-04 (98s)
[11:17:37]   [cls-r1] ep11 600/1567 loss 0.0404 lr 3e-04 (119s)
[11:17:59]   [cls-r1] ep11 700/1567 loss 0.0403 lr 3e-04 (141s)
[11:18:21]   [cls-r1] ep11 800/1567 loss 0.0401 lr 3e-04 (162s)
[11:18:43]   [cls-r1] ep11 900/1567 loss 0.0402 lr 3e-04 (184s)
[11:19:02]   [cls-r1] ep11 1000/1567 loss 0.0401 lr 3e-04 (203s)
[11:19:19]   [cls-r1] ep11 1100/1567 loss 0.0402 lr 3e-04 (220s)
[11:19:35]   [cls-r1] ep11 1200/1567 loss 0.0402 lr 3e-04 (237s)
[11:19:53]   [cls-r1] ep11 1300/1567 loss 0.0402 lr 3e-04 (254s)
[11:20:12]   [cls-r1] ep11 1400/1567 loss 0.0403 lr 3e-04 (273s)
[11:20:29]   [cls-r1] ep11 1500/1567 loss 0.0402 lr 3e-04 (291s)
[11:20:41]   [cls-r1] ep11 1567/1567 loss 0.0402 lr 3e-04 (303s)
[11:20:54]   [cls-r1] Epoch 11 완료 | train L1 0.0402 | val argmax-MAE 8.50 | 개선없음 1/10
[11:21:14]   [cls-r1] ep12 100/1567 loss 0.0370 lr 3e-04 (20s)
[11:21:36]   [cls-r1] ep12 200/1567 loss 0.0369 lr 3e-04 (42s)
[11:21:57]   [cls-r1] ep12 300/1567 loss 0.0367 lr 3e-04 (63s)
[11:22:19]   [cls-r1] ep12 400/1567 loss 0.0373 lr 3e-04 (85s)
[11:22:41]   [cls-r1] ep12 500/1567 loss 0.0369 lr 3e-04 (107s)
[11:23:03]   [cls-r1] ep12 600/1567 loss 0.0370 lr 3e-04 (129s)
[11:23:24]   [cls-r1] ep12 700/1567 loss 0.0371 lr 3e-04 (150s)
[11:23:42]   [cls-r1] ep12 800/1567 loss 0.0373 lr 3e-04 (168s)
[11:23:59]   [cls-r1] ep12 900/1567 loss 0.0372 lr 3e-04 (185s)
[11:24:17]   [cls-r1] ep12 1000/1567 loss 0.0373 lr 3e-04 (203s)
[11:24:36]   [cls-r1] ep12 1100/1567 loss 0.0374 lr 3e-04 (221s)
[11:24:53]   [cls-r1] ep12 1200/1567 loss 0.0374 lr 3e-04 (239s)
[11:25:10]   [cls-r1] ep12 1300/1567 loss 0.0375 lr 3e-04 (256s)
[11:25:30]   [cls-r1] ep12 1400/1567 loss 0.0376 lr 3e-04 (276s)
[11:25:52]   [cls-r1] ep12 1500/1567 loss 0.0376 lr 3e-04 (298s)
[11:26:07]   [cls-r1] ep12 1567/1567 loss 0.0377 lr 3e-04 (312s)
[11:26:22]   [cls-r1] Epoch 12 완료 | train L1 0.0377 | val argmax-MAE 8.51 | 개선없음 2/10
[11:26:43]   [cls-r1] ep13 100/1567 loss 0.0356 lr 3e-04 (21s)
[11:27:05]   [cls-r1] ep13 200/1567 loss 0.0349 lr 3e-04 (43s)
[11:27:27]   [cls-r1] ep13 300/1567 loss 0.0355 lr 3e-04 (64s)
[11:27:47]   [cls-r1] ep13 400/1567 loss 0.0357 lr 3e-04 (84s)
[11:28:04]   [cls-r1] ep13 500/1567 loss 0.0354 lr 3e-04 (102s)
[11:28:21]   [cls-r1] ep13 600/1567 loss 0.0357 lr 3e-04 (119s)
[11:28:40]   [cls-r1] ep13 700/1567 loss 0.0356 lr 3e-04 (137s)
[11:28:58]   [cls-r1] ep13 800/1567 loss 0.0356 lr 3e-04 (155s)
[11:29:15]   [cls-r1] ep13 900/1567 loss 0.0358 lr 3e-04 (173s)
[11:29:33]   [cls-r1] ep13 1000/1567 loss 0.0357 lr 3e-04 (191s)
[11:29:55]   [cls-r1] ep13 1100/1567 loss 0.0358 lr 3e-04 (212s)
[11:30:16]   [cls-r1] ep13 1200/1567 loss 0.0359 lr 3e-04 (234s)
[11:30:37]   [cls-r1] ep13 1300/1567 loss 0.0358 lr 3e-04 (255s)
[11:30:59]   [cls-r1] ep13 1400/1567 loss 0.0360 lr 3e-04 (276s)
[11:31:20]   [cls-r1] ep13 1500/1567 loss 0.0360 lr 3e-04 (298s)
[11:31:34]   [cls-r1] ep13 1567/1567 loss 0.0361 lr 3e-04 (312s)
[11:31:50]   [cls-r1] Epoch 13 완료 | train L1 0.0361 | val argmax-MAE 8.55 | 개선없음 3/10
[11:32:08]   [cls-r1] ep14 100/1567 loss 0.0329 lr 3e-04 (18s)
[11:32:26]   [cls-r1] ep14 200/1567 loss 0.0329 lr 3e-04 (36s)
[11:32:44]   [cls-r1] ep14 300/1567 loss 0.0330 lr 3e-04 (54s)
[11:33:03]   [cls-r1] ep14 400/1567 loss 0.0335 lr 3e-04 (73s)
[11:33:20]   [cls-r1] ep14 500/1567 loss 0.0333 lr 3e-04 (90s)
[11:33:38]   [cls-r1] ep14 600/1567 loss 0.0333 lr 3e-04 (108s)
[11:33:57]   [cls-r1] ep14 700/1567 loss 0.0333 lr 3e-04 (127s)
[11:34:18]   [cls-r1] ep14 800/1567 loss 0.0334 lr 3e-04 (148s)
[11:34:40]   [cls-r1] ep14 900/1567 loss 0.0336 lr 3e-04 (170s)
[11:35:02]   [cls-r1] ep14 1000/1567 loss 0.0337 lr 3e-04 (192s)
[11:35:23]   [cls-r1] ep14 1100/1567 loss 0.0337 lr 3e-04 (213s)
[11:35:45]   [cls-r1] ep14 1200/1567 loss 0.0336 lr 3e-04 (235s)
[11:36:07]   [cls-r1] ep14 1300/1567 loss 0.0338 lr 3e-04 (257s)
[11:36:25]   [cls-r1] ep14 1400/1567 loss 0.0338 lr 3e-04 (275s)
[11:36:43]   [cls-r1] ep14 1500/1567 loss 0.0339 lr 3e-04 (293s)
[11:36:55]   [cls-r1] ep14 1567/1567 loss 0.0339 lr 3e-04 (304s)
[11:37:09]   [cls-r1] Epoch 14 완료 | train L1 0.0339 | val argmax-MAE 8.03 | * best 저장 (8.03)
[11:37:28]   [cls-r1] ep15 100/1567 loss 0.0321 lr 3e-04 (18s)
[11:37:44]   [cls-r1] ep15 200/1567 loss 0.0319 lr 3e-04 (34s)
[11:38:01]   [cls-r1] ep15 300/1567 loss 0.0315 lr 3e-04 (52s)
[11:38:23]   [cls-r1] ep15 400/1567 loss 0.0319 lr 3e-04 (73s)
[11:38:44]   [cls-r1] ep15 500/1567 loss 0.0320 lr 3e-04 (95s)
[11:39:06]   [cls-r1] ep15 600/1567 loss 0.0318 lr 3e-04 (116s)
[11:39:28]   [cls-r1] ep15 700/1567 loss 0.0316 lr 3e-04 (138s)
[11:39:50]   [cls-r1] ep15 800/1567 loss 0.0315 lr 3e-04 (160s)
[11:40:11]   [cls-r1] ep15 900/1567 loss 0.0314 lr 3e-04 (182s)
[11:40:32]   [cls-r1] ep15 1000/1567 loss 0.0317 lr 3e-04 (203s)
[11:40:50]   [cls-r1] ep15 1100/1567 loss 0.0318 lr 3e-04 (220s)
[11:41:07]   [cls-r1] ep15 1200/1567 loss 0.0318 lr 3e-04 (238s)
[11:41:26]   [cls-r1] ep15 1300/1567 loss 0.0318 lr 3e-04 (256s)
[11:41:43]   [cls-r1] ep15 1400/1567 loss 0.0320 lr 3e-04 (273s)
[11:42:00]   [cls-r1] ep15 1500/1567 loss 0.0319 lr 3e-04 (291s)
[11:42:12]   [cls-r1] ep15 1567/1567 loss 0.0320 lr 3e-04 (302s)
[11:42:26]   [cls-r1] Epoch 15 완료 | train L1 0.0320 | val argmax-MAE 8.49 | 개선없음 1/10
[11:42:48]   [cls-r1] ep16 100/1567 loss 0.0319 lr 3e-04 (22s)
[11:43:10]   [cls-r1] ep16 200/1567 loss 0.0319 lr 3e-04 (43s)
[11:43:31]   [cls-r1] ep16 300/1567 loss 0.0313 lr 3e-04 (65s)
[11:43:53]   [cls-r1] ep16 400/1567 loss 0.0316 lr 3e-04 (87s)
[11:44:15]   [cls-r1] ep16 500/1567 loss 0.0313 lr 3e-04 (108s)
[11:44:36]   [cls-r1] ep16 600/1567 loss 0.0312 lr 3e-04 (130s)
[11:44:56]   [cls-r1] ep16 700/1567 loss 0.0313 lr 3e-04 (150s)
[11:45:13]   [cls-r1] ep16 800/1567 loss 0.0313 lr 3e-04 (167s)
[11:45:29]   [cls-r1] ep16 900/1567 loss 0.0312 lr 3e-04 (183s)
[11:45:49]   [cls-r1] ep16 1000/1567 loss 0.0312 lr 3e-04 (202s)
[11:46:06]   [cls-r1] ep16 1100/1567 loss 0.0311 lr 3e-04 (219s)
[11:46:23]   [cls-r1] ep16 1200/1567 loss 0.0312 lr 3e-04 (237s)
[11:46:42]   [cls-r1] ep16 1300/1567 loss 0.0313 lr 3e-04 (256s)
[11:47:04]   [cls-r1] ep16 1400/1567 loss 0.0313 lr 3e-04 (278s)
[11:47:25]   [cls-r1] ep16 1500/1567 loss 0.0314 lr 3e-04 (299s)
[11:47:40]   [cls-r1] ep16 1567/1567 loss 0.0314 lr 3e-04 (314s)
[11:47:55]   [cls-r1] Epoch 16 완료 | train L1 0.0314 | val argmax-MAE 8.12 | 개선없음 2/10
[11:48:17]   [cls-r1] ep17 100/1567 loss 0.0309 lr 3e-04 (22s)
[11:48:39]   [cls-r1] ep17 200/1567 loss 0.0302 lr 3e-04 (43s)
[11:49:00]   [cls-r1] ep17 300/1567 loss 0.0300 lr 3e-04 (64s)
[11:49:17]   [cls-r1] ep17 400/1567 loss 0.0301 lr 3e-04 (81s)
[11:49:34]   [cls-r1] ep17 500/1567 loss 0.0298 lr 3e-04 (98s)
[11:49:51]   [cls-r1] ep17 600/1567 loss 0.0299 lr 3e-04 (116s)
[11:50:10]   [cls-r1] ep17 700/1567 loss 0.0299 lr 3e-04 (134s)
[11:50:28]   [cls-r1] ep17 800/1567 loss 0.0299 lr 3e-04 (152s)
[11:50:45]   [cls-r1] ep17 900/1567 loss 0.0300 lr 3e-04 (169s)
[11:51:05]   [cls-r1] ep17 1000/1567 loss 0.0300 lr 3e-04 (190s)
[11:51:27]   [cls-r1] ep17 1100/1567 loss 0.0300 lr 3e-04 (211s)
[11:51:48]   [cls-r1] ep17 1200/1567 loss 0.0300 lr 3e-04 (233s)
[11:52:10]   [cls-r1] ep17 1300/1567 loss 0.0299 lr 3e-04 (254s)
[11:52:31]   [cls-r1] ep17 1400/1567 loss 0.0300 lr 3e-04 (276s)
[11:52:52]   [cls-r1] ep17 1500/1567 loss 0.0300 lr 3e-04 (296s)
[11:53:06]   [cls-r1] ep17 1567/1567 loss 0.0300 lr 3e-04 (311s)
[11:53:20]   [cls-r1] Epoch 17 완료 | train L1 0.0300 | val argmax-MAE 8.06 | 개선없음 3/10
[11:53:38]   [cls-r1] ep18 100/1567 loss 0.0292 lr 3e-04 (18s)
[11:53:56]   [cls-r1] ep18 200/1567 loss 0.0282 lr 3e-04 (35s)
[11:54:15]   [cls-r1] ep18 300/1567 loss 0.0280 lr 3e-04 (54s)
[11:54:32]   [cls-r1] ep18 400/1567 loss 0.0280 lr 3e-04 (72s)
[11:54:50]   [cls-r1] ep18 500/1567 loss 0.0282 lr 3e-04 (89s)
[11:55:08]   [cls-r1] ep18 600/1567 loss 0.0282 lr 3e-04 (107s)
[11:55:30]   [cls-r1] ep18 700/1567 loss 0.0283 lr 3e-04 (129s)
[11:55:51]   [cls-r1] ep18 800/1567 loss 0.0281 lr 3e-04 (151s)
[11:56:13]   [cls-r1] ep18 900/1567 loss 0.0282 lr 3e-04 (172s)
[11:56:34]   [cls-r1] ep18 1000/1567 loss 0.0282 lr 3e-04 (193s)
[11:56:55]   [cls-r1] ep18 1100/1567 loss 0.0283 lr 3e-04 (214s)
[11:57:16]   [cls-r1] ep18 1200/1567 loss 0.0283 lr 3e-04 (236s)
[11:57:36]   [cls-r1] ep18 1300/1567 loss 0.0282 lr 3e-04 (256s)
[11:57:54]   [cls-r1] ep18 1400/1567 loss 0.0283 lr 3e-04 (273s)
[11:58:11]   [cls-r1] ep18 1500/1567 loss 0.0283 lr 3e-04 (291s)
[11:58:24]   [cls-r1] ep18 1567/1567 loss 0.0282 lr 3e-04 (303s)
[11:58:38]   [cls-r1] Epoch 18 완료 | train L1 0.0282 | val argmax-MAE 8.30 | 개선없음 4/10
[11:58:56]   [cls-r1] ep19 100/1567 loss 0.0287 lr 3e-04 (18s)
[11:59:13]   [cls-r1] ep19 200/1567 loss 0.0278 lr 3e-04 (35s)
[11:59:33]   [cls-r1] ep19 300/1567 loss 0.0279 lr 3e-04 (55s)
[11:59:54]   [cls-r1] ep19 400/1567 loss 0.0275 lr 3e-04 (76s)
[12:00:15]   [cls-r1] ep19 500/1567 loss 0.0272 lr 3e-04 (97s)
[12:00:37]   [cls-r1] ep19 600/1567 loss 0.0272 lr 3e-04 (119s)
[12:00:59]   [cls-r1] ep19 700/1567 loss 0.0273 lr 3e-04 (141s)
[12:01:20]   [cls-r1] ep19 800/1567 loss 0.0272 lr 3e-04 (162s)
[12:01:42]   [cls-r1] ep19 900/1567 loss 0.0271 lr 3e-04 (184s)
[12:02:00]   [cls-r1] ep19 1000/1567 loss 0.0271 lr 3e-04 (202s)
[12:02:17]   [cls-r1] ep19 1100/1567 loss 0.0271 lr 3e-04 (220s)
[12:02:35]   [cls-r1] ep19 1200/1567 loss 0.0272 lr 3e-04 (237s)
[12:02:54]   [cls-r1] ep19 1300/1567 loss 0.0272 lr 3e-04 (256s)
[12:03:12]   [cls-r1] ep19 1400/1567 loss 0.0272 lr 3e-04 (274s)
[12:03:29]   [cls-r1] ep19 1500/1567 loss 0.0273 lr 3e-04 (291s)
[12:03:40]   [cls-r1] ep19 1567/1567 loss 0.0274 lr 3e-04 (302s)
[12:03:54]   [cls-r1] Epoch 19 완료 | train L1 0.0274 | val argmax-MAE 8.28 | 개선없음 5/10
[12:04:17]   [cls-r1] ep20 100/1567 loss 0.0260 lr 3e-04 (22s)
[12:04:39]   [cls-r1] ep20 200/1567 loss 0.0260 lr 3e-04 (44s)
[12:05:00]   [cls-r1] ep20 300/1567 loss 0.0261 lr 3e-04 (65s)
[12:05:22]   [cls-r1] ep20 400/1567 loss 0.0264 lr 3e-04 (87s)
[12:05:44]   [cls-r1] ep20 500/1567 loss 0.0263 lr 3e-04 (109s)
[12:06:05]   [cls-r1] ep20 600/1567 loss 0.0262 lr 3e-04 (130s)
[12:06:23]   [cls-r1] ep20 700/1567 loss 0.0264 lr 3e-04 (148s)
[12:06:40]   [cls-r1] ep20 800/1567 loss 0.0264 lr 3e-04 (165s)
[12:06:59]   [cls-r1] ep20 900/1567 loss 0.0263 lr 3e-04 (184s)
[12:07:17]   [cls-r1] ep20 1000/1567 loss 0.0264 lr 3e-04 (202s)
[12:07:32]   [cls-r1] ep20 1100/1567 loss 0.0264 lr 3e-04 (217s)
[12:07:50]   [cls-r1] ep20 1200/1567 loss 0.0264 lr 3e-04 (235s)
[12:08:10]   [cls-r1] ep20 1300/1567 loss 0.0264 lr 3e-04 (255s)
[12:08:32]   [cls-r1] ep20 1400/1567 loss 0.0264 lr 3e-04 (277s)
[12:08:53]   [cls-r1] ep20 1500/1567 loss 0.0264 lr 3e-04 (298s)
[12:09:08]   [cls-r1] ep20 1567/1567 loss 0.0265 lr 3e-04 (313s)
[12:09:23]   [cls-r1] Epoch 20 완료 | train L1 0.0265 | val argmax-MAE 8.79 | 개선없음 6/10
[12:09:46]   [cls-r1] ep21 100/1567 loss 0.0262 lr 3e-04 (22s)
[12:10:07]   [cls-r1] ep21 200/1567 loss 0.0252 lr 3e-04 (44s)
[12:10:28]   [cls-r1] ep21 300/1567 loss 0.0258 lr 3e-04 (64s)
[12:10:45]   [cls-r1] ep21 400/1567 loss 0.0254 lr 3e-04 (81s)
[12:11:02]   [cls-r1] ep21 500/1567 loss 0.0252 lr 3e-04 (98s)
[12:11:19]   [cls-r1] ep21 600/1567 loss 0.0251 lr 3e-04 (115s)
[12:11:37]   [cls-r1] ep21 700/1567 loss 0.0251 lr 3e-04 (133s)
[12:11:54]   [cls-r1] ep21 800/1567 loss 0.0251 lr 3e-04 (150s)
[12:12:12]   [cls-r1] ep21 900/1567 loss 0.0252 lr 3e-04 (168s)
[12:12:33]   [cls-r1] ep21 1000/1567 loss 0.0253 lr 3e-04 (189s)
[12:12:55]   [cls-r1] ep21 1100/1567 loss 0.0254 lr 3e-04 (211s)
[12:13:17]   [cls-r1] ep21 1200/1567 loss 0.0256 lr 3e-04 (233s)
[12:13:39]   [cls-r1] ep21 1300/1567 loss 0.0256 lr 3e-04 (255s)
[12:14:00]   [cls-r1] ep21 1400/1567 loss 0.0255 lr 3e-04 (276s)
[12:14:22]   [cls-r1] ep21 1500/1567 loss 0.0256 lr 3e-04 (298s)
[12:14:37]   [cls-r1] ep21 1567/1567 loss 0.0255 lr 3e-04 (313s)
[12:14:50]   [cls-r1] Epoch 21 완료 | train L1 0.0255 | val argmax-MAE 8.45 | 개선없음 7/10
[12:15:06]   [cls-r1] ep22 100/1567 loss 0.0254 lr 3e-04 (16s)
[12:15:23]   [cls-r1] ep22 200/1567 loss 0.0257 lr 3e-04 (33s)
[12:15:43]   [cls-r1] ep22 300/1567 loss 0.0251 lr 3e-04 (53s)
[12:16:00]   [cls-r1] ep22 400/1567 loss 0.0251 lr 3e-04 (70s)
[12:16:18]   [cls-r1] ep22 500/1567 loss 0.0251 lr 3e-04 (88s)
[12:16:37]   [cls-r1] ep22 600/1567 loss 0.0253 lr 3e-04 (106s)
[12:16:58]   [cls-r1] ep22 700/1567 loss 0.0250 lr 3e-04 (128s)
[12:17:20]   [cls-r1] ep22 800/1567 loss 0.0252 lr 3e-04 (149s)
[12:17:41]   [cls-r1] ep22 900/1567 loss 0.0253 lr 3e-04 (171s)
[12:18:03]   [cls-r1] ep22 1000/1567 loss 0.0252 lr 3e-04 (192s)
[12:18:24]   [cls-r1] ep22 1100/1567 loss 0.0252 lr 3e-04 (214s)
[12:18:45]   [cls-r1] ep22 1200/1567 loss 0.0252 lr 3e-04 (235s)
[12:19:04]   [cls-r1] ep22 1300/1567 loss 0.0251 lr 3e-04 (254s)
[12:19:21]   [cls-r1] ep22 1400/1567 loss 0.0252 lr 3e-04 (271s)
[12:19:39]   [cls-r1] ep22 1500/1567 loss 0.0252 lr 3e-04 (289s)
[12:19:52]   [cls-r1] ep22 1567/1567 loss 0.0253 lr 3e-04 (302s)
[12:20:05]   [cls-r1] Epoch 22 완료 | train L1 0.0253 | val argmax-MAE 8.15 | 개선없음 8/10
[12:20:23]   [cls-r1] ep23 100/1567 loss 0.0233 lr 3e-04 (17s)
[12:20:40]   [cls-r1] ep23 200/1567 loss 0.0231 lr 3e-04 (35s)
[12:21:01]   [cls-r1] ep23 300/1567 loss 0.0239 lr 3e-04 (56s)
[12:21:23]   [cls-r1] ep23 400/1567 loss 0.0238 lr 3e-04 (77s)
[12:21:44]   [cls-r1] ep23 500/1567 loss 0.0237 lr 3e-04 (99s)
[12:22:06]   [cls-r1] ep23 600/1567 loss 0.0235 lr 3e-04 (121s)
[12:22:28]   [cls-r1] ep23 700/1567 loss 0.0235 lr 3e-04 (142s)
[12:22:49]   [cls-r1] ep23 800/1567 loss 0.0237 lr 3e-04 (164s)
[12:23:11]   [cls-r1] ep23 900/1567 loss 0.0235 lr 3e-04 (185s)
[12:23:28]   [cls-r1] ep23 1000/1567 loss 0.0237 lr 3e-04 (203s)
[12:23:46]   [cls-r1] ep23 1100/1567 loss 0.0237 lr 3e-04 (220s)
[12:24:04]   [cls-r1] ep23 1200/1567 loss 0.0237 lr 3e-04 (239s)
[12:24:22]   [cls-r1] ep23 1300/1567 loss 0.0237 lr 3e-04 (257s)
[12:24:40]   [cls-r1] ep23 1400/1567 loss 0.0237 lr 3e-04 (275s)
[12:24:57]   [cls-r1] ep23 1500/1567 loss 0.0238 lr 3e-04 (292s)
[12:25:11]   [cls-r1] ep23 1567/1567 loss 0.0238 lr 3e-04 (306s)
[12:25:26]   [cls-r1] Epoch 23 완료 | train L1 0.0238 | val argmax-MAE 8.08 | 개선없음 9/10
[12:25:49]   [cls-r1] ep24 100/1567 loss 0.0237 lr 3e-04 (22s)
[12:26:09]   [cls-r1] ep24 200/1567 loss 0.0234 lr 3e-04 (42s)
[12:26:31]   [cls-r1] ep24 300/1567 loss 0.0228 lr 3e-04 (64s)
[12:26:52]   [cls-r1] ep24 400/1567 loss 0.0229 lr 3e-04 (85s)
[12:27:14]   [cls-r1] ep24 500/1567 loss 0.0229 lr 3e-04 (107s)
[12:27:33]   [cls-r1] ep24 600/1567 loss 0.0229 lr 3e-04 (126s)
[12:27:51]   [cls-r1] ep24 700/1567 loss 0.0230 lr 3e-04 (144s)
[12:28:08]   [cls-r1] ep24 800/1567 loss 0.0230 lr 3e-04 (161s)
[12:28:27]   [cls-r1] ep24 900/1567 loss 0.0230 lr 3e-04 (180s)
[12:28:44]   [cls-r1] ep24 1000/1567 loss 0.0229 lr 3e-04 (197s)
[12:29:01]   [cls-r1] ep24 1100/1567 loss 0.0229 lr 3e-04 (214s)
[12:29:20]   [cls-r1] ep24 1200/1567 loss 0.0230 lr 3e-04 (233s)
[12:29:42]   [cls-r1] ep24 1300/1567 loss 0.0229 lr 3e-04 (255s)
[12:30:03]   [cls-r1] ep24 1400/1567 loss 0.0229 lr 3e-04 (276s)
[12:30:24]   [cls-r1] ep24 1500/1567 loss 0.0230 lr 3e-04 (297s)
[12:30:39]   [cls-r1] ep24 1567/1567 loss 0.0231 lr 3e-04 (312s)
[12:30:54]   [cls-r1] Epoch 24 완료 | train L1 0.0231 | val argmax-MAE 8.30 | 개선없음 10/10
[12:30:55]   [cls-r1] 조기종료 | best argmax-MAE 8.03 @ epoch 14
[12:32:23]   [r1] train 1000/12539 (마스크실패 0)
[12:33:34]   [r1] train 2000/12539 (마스크실패 0)
[12:34:57]   [r1] train 3000/12539 (마스크실패 0)
[12:36:17]   [r1] train 4000/12539 (마스크실패 0)
[12:37:36]   [r1] train 5000/12539 (마스크실패 0)
[12:39:04]   [r1] train 6000/12539 (마스크실패 0)
[12:40:27]   [r1] train 7000/12539 (마스크실패 0)
[12:41:45]   [r1] train 8000/12539 (마스크실패 0)
[12:43:00]   [r1] train 9000/12539 (마스크실패 0)
[12:44:16]   [r1] train 10000/12539 (마스크실패 0)
[12:45:32]   [r1] train 11000/12539 (마스크실패 0)
[12:46:47]   [r1] train 12000/12539 (마스크실패 0)
[12:47:28] [r1:train] 정상 12539 | 마스크실패(전체영역 대체) 0 | 파일없음 0
[12:47:28] [r2:train] CAM 기반 12539 | 밴드 폴백 0
[12:48:42]   [r1] val 1000/1425 (마스크실패 0)
[12:49:15] [r1:val] 정상 1425 | 마스크실패(전체영역 대체) 0 | 파일없음 0
[12:49:15] [r2:val] CAM 기반 1425 | 밴드 폴백 0
[12:49:31] [r1:test] 정상 200 | 마스크실패(전체영역 대체) 0 | 파일없음 0
[12:49:31] [r2:test] CAM 기반 200 | 밴드 폴백 0
[12:49:31] ### Phase I-b : 생략 (R2_MODE='band' - R2 는 Phase I-a 에서 생성됨) ###
Traceback (most recent call last):
  File "G:\Project\sinra_cho\attention_ldl_boneage_v3.py", line 1020, in <module>
    del m_r2; torch.cuda.empty_cache()
        ^^^^
NameError: name 'm_r2' is not defined
