================================================================
[16:31:53] Attention(R1/R2) + LDL 골연령 - v2 (손 크롭 폴더 입력) 시작
[16:31:53] PyTorch 2.6.0+cu124 | torchvision 0.21.0+cu124 | timm 1.0.28
[16:31:53] device cuda | CUDA True
Traceback (most recent call last):
  File "C:\ProgramData\gpu-guard\gpu_guard.py", line 438, in <module>
    main()
    ~~~~^^
  File "C:\ProgramData\gpu-guard\gpu_guard.py", line 332, in main
    sys.exit(gate_only(parse_kv(argv[1:])))
             ~~~~~~~~~^^^^^^^^^^^^^^^^^^^^
  File "C:\ProgramData\gpu-guard\gpu_guard.py", line 220, in gate_only
    led = cleanup_dead_running(load_ledger())
                               ~~~~~~~~~~~^^
  File "C:\ProgramData\gpu-guard\common.py", line 54, in load_ledger
    data = json.load(f)
  File "G:\anaconda3\Lib\json\__init__.py", line 293, in load
    return loads(fp.read(),
        cls=cls, object_hook=object_hook,
        parse_float=parse_float, parse_int=parse_int,
        parse_constant=parse_constant, object_pairs_hook=object_pairs_hook, **kw)
  File "G:\anaconda3\Lib\json\__init__.py", line 346, in loads
    return _default_decoder.decode(s)
           ~~~~~~~~~~~~~~~~~~~~~~~^^^
  File "G:\anaconda3\Lib\json\decoder.py", line 345, in decode
    obj, end = self.raw_decode(s, idx=_w(s, 0).end())
               ~~~~~~~~~~~~~~~^^^^^^^^^^^^^^^^^^^^^^^
  File "G:\anaconda3\Lib\json\decoder.py", line 363, in raw_decode
    raise JSONDecodeError("Expecting value", s, err.value) from None
json.decoder.JSONDecodeError: Expecting value: line 1 column 1 (char 0)
[16:31:53] GPU NVIDIA A100 80GB PCIe | CUDA 12.4
[16:31:53] BASE_DIR       G:\Project\sinra_cho
[16:31:53] HAND_CROP_DIR  G:\Project\sinra_cho\yolo_crop
[16:31:53] 채널 ('hand', 'r1', 'r2') | tau(R1/R2) 30/30 | 정규화 div255 | 증강 False
================================================================
[16:31:53]   TRAIN_CSV OK  G:\Project\sinra_cho\yolo_crop_csv\train.csv
[16:31:53]   VAL_CSV   OK  G:\Project\sinra_cho\yolo_crop_csv\Validation Dataset.csv
[16:31:53]   TEST_CSV  OK  G:\Project\sinra_cho\yolo_crop_csv\Bone age ground truth.csv
[16:31:53]   손크롭 train OK  G:\Project\sinra_cho\yolo_crop\train  (파일 12,611장)
[16:31:53]   손크롭 val   OK  G:\Project\sinra_cho\yolo_crop\validation  (파일 1,425장)
[16:31:53]   손크롭 test  OK  G:\Project\sinra_cho\yolo_crop\test  (파일 200장)
[16:31:53]   · train: 라벨 12,611 -> 사용 12,539 (제외/미크롭 72)
[16:31:53]   · val: 라벨 1,425 -> 사용 1,425 (제외/미크롭 0)
[16:31:53]   · test: 라벨 200 -> 사용 200 (제외/미크롭 0)
[16:31:53] 최종 | train 12,539 | val 1,425 | test 200 | 나이 127.5±40.9개월 | 남 54.2%
[16:31:53] hand560 캐시 유효 - 스킵
[16:31:54] 캐시 확인 후 | train 12,539 | val 1,425 | test 200
[16:31:54] ### Phase I-a : Region-1(수근골) 국소화 + Erased 생성 ###
[16:31:54] [cls-r1] 분류 모델 학습 | pool=gmp src=hand560 size=560 epochs=100
[16:31:55] [backbone] timm 'inception_v3' 로드 완료 (pretrained=True)
[16:31:55] [cls-gmp] feat (2048, 16, 16) -> FC 2048->240
[16:32:07]   [cls-r1] ep01 100/1567 loss 0.2732 lr 3e-04 (12s)
[16:32:17]   [cls-r1] ep01 200/1567 loss 0.2142 lr 3e-04 (22s)
[16:32:28]   [cls-r1] ep01 300/1567 loss 0.1854 lr 3e-04 (32s)
[16:32:38]   [cls-r1] ep01 400/1567 loss 0.1698 lr 3e-04 (43s)
[16:32:48]   [cls-r1] ep01 500/1567 loss 0.1589 lr 3e-04 (53s)
[16:32:58]   [cls-r1] ep01 600/1567 loss 0.1514 lr 3e-04 (63s)
[16:33:08]   [cls-r1] ep01 700/1567 loss 0.1450 lr 3e-04 (73s)
[16:33:19]   [cls-r1] ep01 800/1567 loss 0.1397 lr 3e-04 (84s)
[16:33:29]   [cls-r1] ep01 900/1567 loss 0.1353 lr 3e-04 (94s)
[16:33:39]   [cls-r1] ep01 1000/1567 loss 0.1314 lr 3e-04 (104s)
[16:33:49]   [cls-r1] ep01 1100/1567 loss 0.1280 lr 3e-04 (114s)
[16:34:00]   [cls-r1] ep01 1200/1567 loss 0.1253 lr 3e-04 (125s)
[16:34:10]   [cls-r1] ep01 1300/1567 loss 0.1228 lr 3e-04 (135s)
[16:34:20]   [cls-r1] ep01 1400/1567 loss 0.1205 lr 3e-04 (145s)
[16:34:30]   [cls-r1] ep01 1500/1567 loss 0.1188 lr 3e-04 (155s)
[16:34:37]   [cls-r1] ep01 1567/1567 loss 0.1175 lr 3e-04 (162s)
[16:34:47]   [cls-r1] Epoch 01 완료 | train L1 0.1175 | val argmax-MAE 10.22 | * best 저장 (10.22)
[16:34:58]   [cls-r1] ep02 100/1567 loss 0.0838 lr 3e-04 (10s)
[16:35:08]   [cls-r1] ep02 200/1567 loss 0.0833 lr 3e-04 (20s)
[16:35:18]   [cls-r1] ep02 300/1567 loss 0.0835 lr 3e-04 (31s)
[16:35:28]   [cls-r1] ep02 400/1567 loss 0.0847 lr 3e-04 (41s)
[16:35:39]   [cls-r1] ep02 500/1567 loss 0.0842 lr 3e-04 (51s)
[16:35:49]   [cls-r1] ep02 600/1567 loss 0.0843 lr 3e-04 (61s)
[16:36:00]   [cls-r1] ep02 700/1567 loss 0.0839 lr 3e-04 (72s)
[16:36:10]   [cls-r1] ep02 800/1567 loss 0.0838 lr 3e-04 (82s)
[16:36:19]   [cls-r1] ep02 900/1567 loss 0.0836 lr 3e-04 (91s)
[16:36:28]   [cls-r1] ep02 1000/1567 loss 0.0835 lr 3e-04 (101s)
[16:36:37]   [cls-r1] ep02 1100/1567 loss 0.0832 lr 3e-04 (110s)
[16:36:46]   [cls-r1] ep02 1200/1567 loss 0.0831 lr 3e-04 (119s)
[16:36:56]   [cls-r1] ep02 1300/1567 loss 0.0830 lr 3e-04 (128s)
[16:37:05]   [cls-r1] ep02 1400/1567 loss 0.0828 lr 3e-04 (137s)
[16:37:14]   [cls-r1] ep02 1500/1567 loss 0.0827 lr 3e-04 (146s)
[16:37:20]   [cls-r1] ep02 1567/1567 loss 0.0826 lr 3e-04 (153s)
[16:37:29]   [cls-r1] Epoch 02 완료 | train L1 0.0826 | val argmax-MAE 10.54 | 개선없음 1/10
[16:37:38]   [cls-r1] ep03 100/1567 loss 0.0746 lr 3e-04 (9s)
[16:37:48]   [cls-r1] ep03 200/1567 loss 0.0743 lr 3e-04 (18s)
[16:37:57]   [cls-r1] ep03 300/1567 loss 0.0740 lr 3e-04 (28s)
[16:38:06]   [cls-r1] ep03 400/1567 loss 0.0740 lr 3e-04 (37s)
[16:38:15]   [cls-r1] ep03 500/1567 loss 0.0738 lr 3e-04 (46s)
[16:38:24]   [cls-r1] ep03 600/1567 loss 0.0732 lr 3e-04 (55s)
[16:38:33]   [cls-r1] ep03 700/1567 loss 0.0735 lr 3e-04 (64s)
[16:38:43]   [cls-r1] ep03 800/1567 loss 0.0736 lr 3e-04 (73s)
[16:38:52]   [cls-r1] ep03 900/1567 loss 0.0741 lr 3e-04 (82s)
[16:39:01]   [cls-r1] ep03 1000/1567 loss 0.0742 lr 3e-04 (92s)
[16:39:10]   [cls-r1] ep03 1100/1567 loss 0.0746 lr 3e-04 (101s)
[16:39:19]   [cls-r1] ep03 1200/1567 loss 0.0744 lr 3e-04 (110s)
[16:39:29]   [cls-r1] ep03 1300/1567 loss 0.0744 lr 3e-04 (119s)
[16:39:38]   [cls-r1] ep03 1400/1567 loss 0.0743 lr 3e-04 (128s)
[16:39:47]   [cls-r1] ep03 1500/1567 loss 0.0742 lr 3e-04 (138s)
[16:39:53]   [cls-r1] ep03 1567/1567 loss 0.0740 lr 3e-04 (144s)
[16:40:02]   [cls-r1] Epoch 03 완료 | train L1 0.0740 | val argmax-MAE 10.25 | 개선없음 2/10
[16:40:11]   [cls-r1] ep04 100/1567 loss 0.0672 lr 3e-04 (9s)
[16:40:20]   [cls-r1] ep04 200/1567 loss 0.0672 lr 3e-04 (18s)
[16:40:29]   [cls-r1] ep04 300/1567 loss 0.0671 lr 3e-04 (26s)
[16:40:37]   [cls-r1] ep04 400/1567 loss 0.0672 lr 3e-04 (35s)
[16:40:46]   [cls-r1] ep04 500/1567 loss 0.0672 lr 3e-04 (44s)
[16:40:56]   [cls-r1] ep04 600/1567 loss 0.0677 lr 3e-04 (54s)
[16:41:06]   [cls-r1] ep04 700/1567 loss 0.0677 lr 3e-04 (63s)
[16:41:15]   [cls-r1] ep04 800/1567 loss 0.0679 lr 3e-04 (73s)
[16:41:24]   [cls-r1] ep04 900/1567 loss 0.0676 lr 3e-04 (82s)
[16:41:33]   [cls-r1] ep04 1000/1567 loss 0.0676 lr 3e-04 (91s)
[16:41:43]   [cls-r1] ep04 1100/1567 loss 0.0676 lr 3e-04 (100s)
[16:41:52]   [cls-r1] ep04 1200/1567 loss 0.0676 lr 3e-04 (110s)
[16:42:01]   [cls-r1] ep04 1300/1567 loss 0.0678 lr 3e-04 (119s)
[16:42:10]   [cls-r1] ep04 1400/1567 loss 0.0676 lr 3e-04 (128s)
[16:42:20]   [cls-r1] ep04 1500/1567 loss 0.0676 lr 3e-04 (137s)
[16:42:26]   [cls-r1] ep04 1567/1567 loss 0.0677 lr 3e-04 (144s)
[16:42:35]   [cls-r1] Epoch 04 완료 | train L1 0.0677 | val argmax-MAE 9.17 | * best 저장 (9.17)
[16:42:44]   [cls-r1] ep05 100/1567 loss 0.0602 lr 3e-04 (9s)
[16:42:53]   [cls-r1] ep05 200/1567 loss 0.0605 lr 3e-04 (18s)
[16:43:02]   [cls-r1] ep05 300/1567 loss 0.0599 lr 3e-04 (27s)
[16:43:11]   [cls-r1] ep05 400/1567 loss 0.0608 lr 3e-04 (36s)
[16:43:20]   [cls-r1] ep05 500/1567 loss 0.0607 lr 3e-04 (45s)
[16:43:29]   [cls-r1] ep05 600/1567 loss 0.0611 lr 3e-04 (54s)
[16:43:39]   [cls-r1] ep05 700/1567 loss 0.0612 lr 3e-04 (64s)
[16:43:48]   [cls-r1] ep05 800/1567 loss 0.0614 lr 3e-04 (73s)
[16:43:57]   [cls-r1] ep05 900/1567 loss 0.0614 lr 3e-04 (82s)
[16:44:06]   [cls-r1] ep05 1000/1567 loss 0.0616 lr 3e-04 (91s)
[16:44:15]   [cls-r1] ep05 1100/1567 loss 0.0618 lr 3e-04 (100s)
[16:44:25]   [cls-r1] ep05 1200/1567 loss 0.0617 lr 3e-04 (110s)
[16:44:34]   [cls-r1] ep05 1300/1567 loss 0.0617 lr 3e-04 (119s)
[16:44:43]   [cls-r1] ep05 1400/1567 loss 0.0617 lr 3e-04 (128s)
[16:44:52]   [cls-r1] ep05 1500/1567 loss 0.0618 lr 3e-04 (137s)
[16:44:58]   [cls-r1] ep05 1567/1567 loss 0.0618 lr 3e-04 (143s)
[16:45:07]   [cls-r1] Epoch 05 완료 | train L1 0.0618 | val argmax-MAE 9.30 | 개선없음 1/10
[16:45:17]   [cls-r1] ep06 100/1567 loss 0.0552 lr 3e-04 (9s)
[16:45:26]   [cls-r1] ep06 200/1567 loss 0.0541 lr 3e-04 (18s)
[16:45:35]   [cls-r1] ep06 300/1567 loss 0.0548 lr 3e-04 (28s)
[16:45:44]   [cls-r1] ep06 400/1567 loss 0.0553 lr 3e-04 (37s)
[16:45:53]   [cls-r1] ep06 500/1567 loss 0.0553 lr 3e-04 (46s)
[16:46:03]   [cls-r1] ep06 600/1567 loss 0.0554 lr 3e-04 (55s)
[16:46:12]   [cls-r1] ep06 700/1567 loss 0.0559 lr 3e-04 (64s)
[16:46:21]   [cls-r1] ep06 800/1567 loss 0.0565 lr 3e-04 (74s)
[16:46:30]   [cls-r1] ep06 900/1567 loss 0.0566 lr 3e-04 (83s)
[16:46:39]   [cls-r1] ep06 1000/1567 loss 0.0566 lr 3e-04 (92s)
[16:46:49]   [cls-r1] ep06 1100/1567 loss 0.0563 lr 3e-04 (101s)
[16:46:58]   [cls-r1] ep06 1200/1567 loss 0.0563 lr 3e-04 (110s)
[16:47:07]   [cls-r1] ep06 1300/1567 loss 0.0566 lr 3e-04 (119s)
[16:47:16]   [cls-r1] ep06 1400/1567 loss 0.0566 lr 3e-04 (128s)
[16:47:25]   [cls-r1] ep06 1500/1567 loss 0.0566 lr 3e-04 (138s)
[16:47:31]   [cls-r1] ep06 1567/1567 loss 0.0566 lr 3e-04 (144s)
[16:47:40]   [cls-r1] Epoch 06 완료 | train L1 0.0566 | val argmax-MAE 9.14 | 개선없음 2/10
[16:47:49]   [cls-r1] ep07 100/1567 loss 0.0520 lr 3e-04 (9s)
[16:48:02]   [cls-r1] ep07 200/1567 loss 0.0524 lr 3e-04 (21s)
[16:48:10]   [cls-r1] ep07 300/1567 loss 0.0520 lr 3e-04 (30s)
[16:48:19]   [cls-r1] ep07 400/1567 loss 0.0518 lr 3e-04 (39s)
[16:48:29]   [cls-r1] ep07 500/1567 loss 0.0522 lr 3e-04 (48s)
[16:48:38]   [cls-r1] ep07 600/1567 loss 0.0524 lr 3e-04 (57s)
[16:48:47]   [cls-r1] ep07 700/1567 loss 0.0526 lr 3e-04 (67s)
[16:48:56]   [cls-r1] ep07 800/1567 loss 0.0525 lr 3e-04 (76s)
[16:49:05]   [cls-r1] ep07 900/1567 loss 0.0524 lr 3e-04 (85s)
[16:49:15]   [cls-r1] ep07 1000/1567 loss 0.0524 lr 3e-04 (94s)
[16:49:24]   [cls-r1] ep07 1100/1567 loss 0.0525 lr 3e-04 (103s)
[16:49:33]   [cls-r1] ep07 1200/1567 loss 0.0525 lr 3e-04 (113s)
[16:49:42]   [cls-r1] ep07 1300/1567 loss 0.0526 lr 3e-04 (122s)
[16:49:51]   [cls-r1] ep07 1400/1567 loss 0.0525 lr 3e-04 (131s)
[16:50:01]   [cls-r1] ep07 1500/1567 loss 0.0525 lr 3e-04 (140s)
[16:50:07]   [cls-r1] ep07 1567/1567 loss 0.0526 lr 3e-04 (146s)
[16:50:16]   [cls-r1] Epoch 07 완료 | train L1 0.0526 | val argmax-MAE 9.13 | 개선없음 3/10
[16:50:28]   [cls-r1] ep08 100/1567 loss 0.0463 lr 3e-04 (12s)
[16:50:37]   [cls-r1] ep08 200/1567 loss 0.0480 lr 3e-04 (21s)
[16:50:46]   [cls-r1] ep08 300/1567 loss 0.0479 lr 3e-04 (30s)
[16:50:55]   [cls-r1] ep08 400/1567 loss 0.0470 lr 3e-04 (39s)
[16:51:05]   [cls-r1] ep08 500/1567 loss 0.0475 lr 3e-04 (49s)
[16:51:14]   [cls-r1] ep08 600/1567 loss 0.0473 lr 3e-04 (58s)
[16:51:23]   [cls-r1] ep08 700/1567 loss 0.0474 lr 3e-04 (67s)
[16:51:32]   [cls-r1] ep08 800/1567 loss 0.0473 lr 3e-04 (76s)
[16:51:42]   [cls-r1] ep08 900/1567 loss 0.0473 lr 3e-04 (86s)
[16:51:51]   [cls-r1] ep08 1000/1567 loss 0.0476 lr 3e-04 (95s)
[16:52:00]   [cls-r1] ep08 1100/1567 loss 0.0477 lr 3e-04 (104s)
[16:52:09]   [cls-r1] ep08 1200/1567 loss 0.0479 lr 3e-04 (113s)
[16:52:18]   [cls-r1] ep08 1300/1567 loss 0.0481 lr 3e-04 (122s)
[16:52:28]   [cls-r1] ep08 1400/1567 loss 0.0483 lr 3e-04 (132s)
[16:52:37]   [cls-r1] ep08 1500/1567 loss 0.0483 lr 3e-04 (141s)
[16:52:43]   [cls-r1] ep08 1567/1567 loss 0.0484 lr 3e-04 (147s)
[16:52:53]   [cls-r1] Epoch 08 완료 | train L1 0.0484 | val argmax-MAE 8.99 | * best 저장 (8.99)
[16:53:02]   [cls-r1] ep09 100/1567 loss 0.0446 lr 3e-04 (9s)
[16:53:11]   [cls-r1] ep09 200/1567 loss 0.0435 lr 3e-04 (18s)
[16:53:21]   [cls-r1] ep09 300/1567 loss 0.0442 lr 3e-04 (28s)
[16:53:30]   [cls-r1] ep09 400/1567 loss 0.0448 lr 3e-04 (37s)
[16:53:39]   [cls-r1] ep09 500/1567 loss 0.0448 lr 3e-04 (46s)
[16:53:48]   [cls-r1] ep09 600/1567 loss 0.0449 lr 3e-04 (55s)
[16:53:57]   [cls-r1] ep09 700/1567 loss 0.0449 lr 3e-04 (64s)
[16:54:06]   [cls-r1] ep09 800/1567 loss 0.0449 lr 3e-04 (73s)
[16:54:16]   [cls-r1] ep09 900/1567 loss 0.0455 lr 3e-04 (83s)
[16:54:25]   [cls-r1] ep09 1000/1567 loss 0.0455 lr 3e-04 (92s)
[16:54:34]   [cls-r1] ep09 1100/1567 loss 0.0456 lr 3e-04 (101s)
[16:54:43]   [cls-r1] ep09 1200/1567 loss 0.0455 lr 3e-04 (110s)
[16:54:52]   [cls-r1] ep09 1300/1567 loss 0.0457 lr 3e-04 (119s)
[16:55:02]   [cls-r1] ep09 1400/1567 loss 0.0458 lr 3e-04 (128s)
[16:55:11]   [cls-r1] ep09 1500/1567 loss 0.0455 lr 3e-04 (138s)
[16:55:17]   [cls-r1] ep09 1567/1567 loss 0.0457 lr 3e-04 (144s)
[16:55:26]   [cls-r1] Epoch 09 완료 | train L1 0.0457 | val argmax-MAE 9.09 | 개선없음 1/10
[16:55:35]   [cls-r1] ep10 100/1567 loss 0.0405 lr 3e-04 (9s)
[16:55:44]   [cls-r1] ep10 200/1567 loss 0.0411 lr 3e-04 (18s)
[16:55:53]   [cls-r1] ep10 300/1567 loss 0.0411 lr 3e-04 (28s)
[16:56:02]   [cls-r1] ep10 400/1567 loss 0.0410 lr 3e-04 (36s)
[16:56:11]   [cls-r1] ep10 500/1567 loss 0.0418 lr 3e-04 (45s)
[16:56:20]   [cls-r1] ep10 600/1567 loss 0.0422 lr 3e-04 (54s)
[16:56:29]   [cls-r1] ep10 700/1567 loss 0.0422 lr 3e-04 (63s)
[16:56:38]   [cls-r1] ep10 800/1567 loss 0.0422 lr 3e-04 (72s)
[16:56:47]   [cls-r1] ep10 900/1567 loss 0.0425 lr 3e-04 (81s)
[16:56:56]   [cls-r1] ep10 1000/1567 loss 0.0424 lr 3e-04 (90s)
[16:57:05]   [cls-r1] ep10 1100/1567 loss 0.0424 lr 3e-04 (99s)
[16:57:14]   [cls-r1] ep10 1200/1567 loss 0.0424 lr 3e-04 (108s)
[16:57:23]   [cls-r1] ep10 1300/1567 loss 0.0424 lr 3e-04 (117s)
[16:57:32]   [cls-r1] ep10 1400/1567 loss 0.0424 lr 3e-04 (126s)
[16:57:42]   [cls-r1] ep10 1500/1567 loss 0.0425 lr 3e-04 (136s)
[16:57:48]   [cls-r1] ep10 1567/1567 loss 0.0425 lr 3e-04 (142s)
[16:57:57]   [cls-r1] Epoch 10 완료 | train L1 0.0425 | val argmax-MAE 8.39 | * best 저장 (8.39)
[16:58:06]   [cls-r1] ep11 100/1567 loss 0.0420 lr 3e-04 (9s)
[16:58:14]   [cls-r1] ep11 200/1567 loss 0.0405 lr 3e-04 (17s)
[16:58:23]   [cls-r1] ep11 300/1567 loss 0.0402 lr 3e-04 (26s)
[16:58:33]   [cls-r1] ep11 400/1567 loss 0.0399 lr 3e-04 (35s)
[16:58:42]   [cls-r1] ep11 500/1567 loss 0.0400 lr 3e-04 (45s)
[16:58:51]   [cls-r1] ep11 600/1567 loss 0.0402 lr 3e-04 (54s)
[16:59:00]   [cls-r1] ep11 700/1567 loss 0.0401 lr 3e-04 (63s)
[16:59:09]   [cls-r1] ep11 800/1567 loss 0.0401 lr 3e-04 (72s)
[16:59:19]   [cls-r1] ep11 900/1567 loss 0.0400 lr 3e-04 (81s)
[16:59:28]   [cls-r1] ep11 1000/1567 loss 0.0401 lr 3e-04 (91s)
[16:59:37]   [cls-r1] ep11 1100/1567 loss 0.0401 lr 3e-04 (100s)
[16:59:46]   [cls-r1] ep11 1200/1567 loss 0.0401 lr 3e-04 (109s)
[16:59:55]   [cls-r1] ep11 1300/1567 loss 0.0404 lr 3e-04 (118s)
[17:00:05]   [cls-r1] ep11 1400/1567 loss 0.0404 lr 3e-04 (127s)
[17:00:14]   [cls-r1] ep11 1500/1567 loss 0.0404 lr 3e-04 (137s)
[17:00:20]   [cls-r1] ep11 1567/1567 loss 0.0404 lr 3e-04 (143s)
[17:00:29]   [cls-r1] Epoch 11 완료 | train L1 0.0404 | val argmax-MAE 8.55 | 개선없음 1/10
[17:00:38]   [cls-r1] ep12 100/1567 loss 0.0381 lr 3e-04 (9s)
[17:00:48]   [cls-r1] ep12 200/1567 loss 0.0367 lr 3e-04 (18s)
[17:00:57]   [cls-r1] ep12 300/1567 loss 0.0366 lr 3e-04 (28s)
[17:01:06]   [cls-r1] ep12 400/1567 loss 0.0366 lr 3e-04 (37s)
[17:01:15]   [cls-r1] ep12 500/1567 loss 0.0365 lr 3e-04 (46s)
[17:01:24]   [cls-r1] ep12 600/1567 loss 0.0368 lr 3e-04 (55s)
[17:01:33]   [cls-r1] ep12 700/1567 loss 0.0367 lr 3e-04 (64s)
[17:01:43]   [cls-r1] ep12 800/1567 loss 0.0369 lr 3e-04 (74s)
[17:01:52]   [cls-r1] ep12 900/1567 loss 0.0368 lr 3e-04 (83s)
[17:02:01]   [cls-r1] ep12 1000/1567 loss 0.0369 lr 3e-04 (92s)
[17:02:10]   [cls-r1] ep12 1100/1567 loss 0.0369 lr 3e-04 (101s)
[17:02:19]   [cls-r1] ep12 1200/1567 loss 0.0370 lr 3e-04 (110s)
[17:02:29]   [cls-r1] ep12 1300/1567 loss 0.0370 lr 3e-04 (120s)
[17:02:38]   [cls-r1] ep12 1400/1567 loss 0.0372 lr 3e-04 (129s)
[17:02:47]   [cls-r1] ep12 1500/1567 loss 0.0373 lr 3e-04 (138s)
[17:02:53]   [cls-r1] ep12 1567/1567 loss 0.0373 lr 3e-04 (144s)
[17:03:02]   [cls-r1] Epoch 12 완료 | train L1 0.0373 | val argmax-MAE 8.81 | 개선없음 2/10
[17:03:12]   [cls-r1] ep13 100/1567 loss 0.0342 lr 3e-04 (9s)
[17:03:21]   [cls-r1] ep13 200/1567 loss 0.0342 lr 3e-04 (18s)
[17:03:30]   [cls-r1] ep13 300/1567 loss 0.0348 lr 3e-04 (28s)
[17:03:39]   [cls-r1] ep13 400/1567 loss 0.0347 lr 3e-04 (37s)
[17:03:48]   [cls-r1] ep13 500/1567 loss 0.0345 lr 3e-04 (46s)
[17:03:58]   [cls-r1] ep13 600/1567 loss 0.0347 lr 3e-04 (55s)
[17:04:07]   [cls-r1] ep13 700/1567 loss 0.0347 lr 3e-04 (64s)
[17:04:16]   [cls-r1] ep13 800/1567 loss 0.0349 lr 3e-04 (73s)
[17:04:25]   [cls-r1] ep13 900/1567 loss 0.0349 lr 3e-04 (83s)
[17:04:34]   [cls-r1] ep13 1000/1567 loss 0.0349 lr 3e-04 (92s)
[17:04:43]   [cls-r1] ep13 1100/1567 loss 0.0349 lr 3e-04 (101s)
[17:04:53]   [cls-r1] ep13 1200/1567 loss 0.0348 lr 3e-04 (110s)
[17:05:02]   [cls-r1] ep13 1300/1567 loss 0.0347 lr 3e-04 (119s)
[17:05:11]   [cls-r1] ep13 1400/1567 loss 0.0348 lr 3e-04 (129s)
[17:05:20]   [cls-r1] ep13 1500/1567 loss 0.0350 lr 3e-04 (138s)
[17:05:26]   [cls-r1] ep13 1567/1567 loss 0.0350 lr 3e-04 (144s)
[17:05:35]   [cls-r1] Epoch 13 완료 | train L1 0.0350 | val argmax-MAE 8.28 | * best 저장 (8.28)
[17:05:45]   [cls-r1] ep14 100/1567 loss 0.0319 lr 3e-04 (9s)
[17:05:54]   [cls-r1] ep14 200/1567 loss 0.0328 lr 3e-04 (18s)
[17:06:03]   [cls-r1] ep14 300/1567 loss 0.0334 lr 3e-04 (28s)
[17:06:12]   [cls-r1] ep14 400/1567 loss 0.0337 lr 3e-04 (37s)
[17:06:21]   [cls-r1] ep14 500/1567 loss 0.0336 lr 3e-04 (46s)
[17:06:31]   [cls-r1] ep14 600/1567 loss 0.0335 lr 3e-04 (55s)
[17:06:40]   [cls-r1] ep14 700/1567 loss 0.0331 lr 3e-04 (64s)
[17:06:49]   [cls-r1] ep14 800/1567 loss 0.0333 lr 3e-04 (74s)
[17:06:58]   [cls-r1] ep14 900/1567 loss 0.0334 lr 3e-04 (83s)
[17:07:06]   [cls-r1] ep14 1000/1567 loss 0.0333 lr 3e-04 (91s)
[17:07:15]   [cls-r1] ep14 1100/1567 loss 0.0334 lr 3e-04 (100s)
[17:07:24]   [cls-r1] ep14 1200/1567 loss 0.0334 lr 3e-04 (109s)
[17:07:34]   [cls-r1] ep14 1300/1567 loss 0.0335 lr 3e-04 (118s)
[17:07:43]   [cls-r1] ep14 1400/1567 loss 0.0336 lr 3e-04 (127s)
[17:07:52]   [cls-r1] ep14 1500/1567 loss 0.0337 lr 3e-04 (137s)
[17:07:58]   [cls-r1] ep14 1567/1567 loss 0.0337 lr 3e-04 (143s)
[17:08:07]   [cls-r1] Epoch 14 완료 | train L1 0.0337 | val argmax-MAE 8.41 | 개선없음 1/10
[17:08:17]   [cls-r1] ep15 100/1567 loss 0.0326 lr 3e-04 (9s)
[17:08:26]   [cls-r1] ep15 200/1567 loss 0.0331 lr 3e-04 (18s)
[17:08:35]   [cls-r1] ep15 300/1567 loss 0.0333 lr 3e-04 (27s)
[17:08:44]   [cls-r1] ep15 400/1567 loss 0.0334 lr 3e-04 (37s)
[17:08:53]   [cls-r1] ep15 500/1567 loss 0.0330 lr 3e-04 (46s)
[17:09:02]   [cls-r1] ep15 600/1567 loss 0.0326 lr 3e-04 (55s)
[17:09:12]   [cls-r1] ep15 700/1567 loss 0.0325 lr 3e-04 (64s)
[17:09:21]   [cls-r1] ep15 800/1567 loss 0.0324 lr 3e-04 (74s)
[17:09:30]   [cls-r1] ep15 900/1567 loss 0.0324 lr 3e-04 (83s)
[17:09:39]   [cls-r1] ep15 1000/1567 loss 0.0322 lr 3e-04 (92s)
[17:09:48]   [cls-r1] ep15 1100/1567 loss 0.0322 lr 3e-04 (101s)
[17:09:58]   [cls-r1] ep15 1200/1567 loss 0.0323 lr 3e-04 (110s)
[17:10:07]   [cls-r1] ep15 1300/1567 loss 0.0323 lr 3e-04 (120s)
[17:10:16]   [cls-r1] ep15 1400/1567 loss 0.0322 lr 3e-04 (129s)
[17:10:25]   [cls-r1] ep15 1500/1567 loss 0.0323 lr 3e-04 (138s)
[17:10:31]   [cls-r1] ep15 1567/1567 loss 0.0322 lr 3e-04 (144s)
[17:10:40]   [cls-r1] Epoch 15 완료 | train L1 0.0322 | val argmax-MAE 8.74 | 개선없음 2/10
[17:10:50]   [cls-r1] ep16 100/1567 loss 0.0316 lr 3e-04 (9s)
[17:10:59]   [cls-r1] ep16 200/1567 loss 0.0305 lr 3e-04 (19s)
[17:11:08]   [cls-r1] ep16 300/1567 loss 0.0304 lr 3e-04 (28s)
[17:11:18]   [cls-r1] ep16 400/1567 loss 0.0301 lr 3e-04 (37s)
[17:11:27]   [cls-r1] ep16 500/1567 loss 0.0298 lr 3e-04 (47s)
[17:11:36]   [cls-r1] ep16 600/1567 loss 0.0297 lr 3e-04 (56s)
[17:11:46]   [cls-r1] ep16 700/1567 loss 0.0300 lr 3e-04 (65s)
[17:11:55]   [cls-r1] ep16 800/1567 loss 0.0303 lr 3e-04 (74s)
[17:12:04]   [cls-r1] ep16 900/1567 loss 0.0305 lr 3e-04 (84s)
[17:12:13]   [cls-r1] ep16 1000/1567 loss 0.0305 lr 3e-04 (93s)
[17:12:22]   [cls-r1] ep16 1100/1567 loss 0.0307 lr 3e-04 (102s)
[17:12:32]   [cls-r1] ep16 1200/1567 loss 0.0308 lr 3e-04 (111s)
[17:12:41]   [cls-r1] ep16 1300/1567 loss 0.0308 lr 3e-04 (120s)
[17:12:50]   [cls-r1] ep16 1400/1567 loss 0.0308 lr 3e-04 (130s)
[17:12:59]   [cls-r1] ep16 1500/1567 loss 0.0309 lr 3e-04 (139s)
[17:13:06]   [cls-r1] ep16 1567/1567 loss 0.0309 lr 3e-04 (145s)
[17:13:14]   [cls-r1] Epoch 16 완료 | train L1 0.0309 | val argmax-MAE 8.63 | 개선없음 3/10
[17:13:24]   [cls-r1] ep17 100/1567 loss 0.0300 lr 3e-04 (10s)
[17:13:33]   [cls-r1] ep17 200/1567 loss 0.0286 lr 3e-04 (19s)
[17:13:42]   [cls-r1] ep17 300/1567 loss 0.0289 lr 3e-04 (28s)
[17:13:52]   [cls-r1] ep17 400/1567 loss 0.0292 lr 3e-04 (37s)
[17:14:01]   [cls-r1] ep17 500/1567 loss 0.0295 lr 3e-04 (46s)
[17:14:10]   [cls-r1] ep17 600/1567 loss 0.0298 lr 3e-04 (56s)
[17:14:19]   [cls-r1] ep17 700/1567 loss 0.0299 lr 3e-04 (65s)
[17:14:29]   [cls-r1] ep17 800/1567 loss 0.0298 lr 3e-04 (74s)
[17:14:38]   [cls-r1] ep17 900/1567 loss 0.0298 lr 3e-04 (83s)
[17:14:47]   [cls-r1] ep17 1000/1567 loss 0.0298 lr 3e-04 (93s)
[17:14:56]   [cls-r1] ep17 1100/1567 loss 0.0299 lr 3e-04 (102s)
[17:15:06]   [cls-r1] ep17 1200/1567 loss 0.0299 lr 3e-04 (111s)
[17:15:15]   [cls-r1] ep17 1300/1567 loss 0.0300 lr 3e-04 (120s)
[17:15:24]   [cls-r1] ep17 1400/1567 loss 0.0299 lr 3e-04 (130s)
[17:15:33]   [cls-r1] ep17 1500/1567 loss 0.0297 lr 3e-04 (139s)
[17:15:39]   [cls-r1] ep17 1567/1567 loss 0.0297 lr 3e-04 (145s)
[17:15:47]   [cls-r1] Epoch 17 완료 | train L1 0.0297 | val argmax-MAE 8.56 | 개선없음 4/10
[17:15:56]   [cls-r1] ep18 100/1567 loss 0.0289 lr 3e-04 (9s)
[17:16:06]   [cls-r1] ep18 200/1567 loss 0.0290 lr 3e-04 (18s)
[17:16:15]   [cls-r1] ep18 300/1567 loss 0.0281 lr 3e-04 (28s)
[17:16:24]   [cls-r1] ep18 400/1567 loss 0.0282 lr 3e-04 (37s)
[17:16:34]   [cls-r1] ep18 500/1567 loss 0.0282 lr 3e-04 (46s)
[17:16:43]   [cls-r1] ep18 600/1567 loss 0.0283 lr 3e-04 (56s)
[17:16:52]   [cls-r1] ep18 700/1567 loss 0.0287 lr 3e-04 (65s)
[17:17:01]   [cls-r1] ep18 800/1567 loss 0.0287 lr 3e-04 (74s)
[17:17:11]   [cls-r1] ep18 900/1567 loss 0.0287 lr 3e-04 (83s)
[17:17:20]   [cls-r1] ep18 1000/1567 loss 0.0287 lr 3e-04 (93s)
[17:17:31]   [cls-r1] ep18 1100/1567 loss 0.0287 lr 3e-04 (103s)
[17:17:41]   [cls-r1] ep18 1200/1567 loss 0.0288 lr 3e-04 (114s)
[17:17:52]   [cls-r1] ep18 1300/1567 loss 0.0288 lr 3e-04 (124s)
[17:18:02]   [cls-r1] ep18 1400/1567 loss 0.0289 lr 3e-04 (135s)
[17:18:12]   [cls-r1] ep18 1500/1567 loss 0.0290 lr 3e-04 (145s)
[17:18:19]   [cls-r1] ep18 1567/1567 loss 0.0291 lr 3e-04 (152s)
[17:18:29]   [cls-r1] Epoch 18 완료 | train L1 0.0291 | val argmax-MAE 8.72 | 개선없음 5/10
[17:18:40]   [cls-r1] ep19 100/1567 loss 0.0279 lr 3e-04 (10s)
[17:18:50]   [cls-r1] ep19 200/1567 loss 0.0269 lr 3e-04 (21s)
[17:19:01]   [cls-r1] ep19 300/1567 loss 0.0273 lr 3e-04 (31s)
[17:19:11]   [cls-r1] ep19 400/1567 loss 0.0275 lr 3e-04 (42s)
[17:19:22]   [cls-r1] ep19 500/1567 loss 0.0274 lr 3e-04 (52s)
[17:19:32]   [cls-r1] ep19 600/1567 loss 0.0280 lr 3e-04 (63s)
[17:19:43]   [cls-r1] ep19 700/1567 loss 0.0281 lr 3e-04 (73s)
[17:19:53]   [cls-r1] ep19 800/1567 loss 0.0279 lr 3e-04 (84s)
[17:20:03]   [cls-r1] ep19 900/1567 loss 0.0278 lr 3e-04 (94s)
[17:20:14]   [cls-r1] ep19 1000/1567 loss 0.0280 lr 3e-04 (104s)
[17:20:24]   [cls-r1] ep19 1100/1567 loss 0.0278 lr 3e-04 (114s)
[17:20:34]   [cls-r1] ep19 1200/1567 loss 0.0279 lr 3e-04 (125s)
[17:20:45]   [cls-r1] ep19 1300/1567 loss 0.0279 lr 3e-04 (135s)
[17:20:55]   [cls-r1] ep19 1400/1567 loss 0.0280 lr 3e-04 (145s)
[17:21:05]   [cls-r1] ep19 1500/1567 loss 0.0281 lr 3e-04 (156s)
[17:21:12]   [cls-r1] ep19 1567/1567 loss 0.0281 lr 3e-04 (163s)
[17:21:22]   [cls-r1] Epoch 19 완료 | train L1 0.0281 | val argmax-MAE 8.17 | * best 저장 (8.17)
[17:21:32]   [cls-r1] ep20 100/1567 loss 0.0270 lr 3e-04 (10s)
[17:21:43]   [cls-r1] ep20 200/1567 loss 0.0264 lr 3e-04 (21s)
[17:21:53]   [cls-r1] ep20 300/1567 loss 0.0260 lr 3e-04 (31s)
[17:22:03]   [cls-r1] ep20 400/1567 loss 0.0258 lr 3e-04 (41s)
[17:22:14]   [cls-r1] ep20 500/1567 loss 0.0263 lr 3e-04 (52s)
[17:22:24]   [cls-r1] ep20 600/1567 loss 0.0264 lr 3e-04 (62s)
[17:22:34]   [cls-r1] ep20 700/1567 loss 0.0266 lr 3e-04 (72s)
[17:22:45]   [cls-r1] ep20 800/1567 loss 0.0266 lr 3e-04 (82s)
[17:22:55]   [cls-r1] ep20 900/1567 loss 0.0265 lr 3e-04 (93s)
[17:23:05]   [cls-r1] ep20 1000/1567 loss 0.0267 lr 3e-04 (103s)
[17:23:16]   [cls-r1] ep20 1100/1567 loss 0.0267 lr 3e-04 (113s)
[17:23:26]   [cls-r1] ep20 1200/1567 loss 0.0265 lr 3e-04 (124s)
[17:23:36]   [cls-r1] ep20 1300/1567 loss 0.0266 lr 3e-04 (134s)
[17:23:47]   [cls-r1] ep20 1400/1567 loss 0.0266 lr 3e-04 (145s)
[17:23:57]   [cls-r1] ep20 1500/1567 loss 0.0267 lr 3e-04 (155s)
[17:24:04]   [cls-r1] ep20 1567/1567 loss 0.0268 lr 3e-04 (162s)
[17:24:13]   [cls-r1] Epoch 20 완료 | train L1 0.0268 | val argmax-MAE 8.60 | 개선없음 1/10
[17:24:24]   [cls-r1] ep21 100/1567 loss 0.0279 lr 3e-04 (10s)
[17:24:35]   [cls-r1] ep21 200/1567 loss 0.0275 lr 3e-04 (21s)
[17:24:45]   [cls-r1] ep21 300/1567 loss 0.0277 lr 3e-04 (31s)
[17:24:55]   [cls-r1] ep21 400/1567 loss 0.0275 lr 3e-04 (41s)
[17:25:05]   [cls-r1] ep21 500/1567 loss 0.0272 lr 3e-04 (51s)
[17:25:16]   [cls-r1] ep21 600/1567 loss 0.0272 lr 3e-04 (62s)
[17:25:26]   [cls-r1] ep21 700/1567 loss 0.0271 lr 3e-04 (72s)
[17:25:36]   [cls-r1] ep21 800/1567 loss 0.0270 lr 3e-04 (82s)
[17:25:46]   [cls-r1] ep21 900/1567 loss 0.0269 lr 3e-04 (92s)
[17:25:56]   [cls-r1] ep21 1000/1567 loss 0.0268 lr 3e-04 (103s)
[17:26:07]   [cls-r1] ep21 1100/1567 loss 0.0270 lr 3e-04 (113s)
[17:26:17]   [cls-r1] ep21 1200/1567 loss 0.0268 lr 3e-04 (123s)
[17:26:27]   [cls-r1] ep21 1300/1567 loss 0.0267 lr 3e-04 (134s)
[17:26:38]   [cls-r1] ep21 1400/1567 loss 0.0266 lr 3e-04 (144s)
[17:26:47]   [cls-r1] ep21 1500/1567 loss 0.0266 lr 3e-04 (153s)
[17:26:53]   [cls-r1] ep21 1567/1567 loss 0.0266 lr 3e-04 (160s)
[17:27:02]   [cls-r1] Epoch 21 완료 | train L1 0.0266 | val argmax-MAE 8.36 | 개선없음 2/10
[17:27:12]   [cls-r1] ep22 100/1567 loss 0.0260 lr 3e-04 (9s)
[17:27:21]   [cls-r1] ep22 200/1567 loss 0.0257 lr 3e-04 (18s)
[17:27:30]   [cls-r1] ep22 300/1567 loss 0.0254 lr 3e-04 (28s)
[17:27:39]   [cls-r1] ep22 400/1567 loss 0.0253 lr 3e-04 (37s)
[17:27:49]   [cls-r1] ep22 500/1567 loss 0.0254 lr 3e-04 (46s)
[17:27:58]   [cls-r1] ep22 600/1567 loss 0.0254 lr 3e-04 (55s)
[17:28:07]   [cls-r1] ep22 700/1567 loss 0.0255 lr 3e-04 (65s)
[17:28:16]   [cls-r1] ep22 800/1567 loss 0.0257 lr 3e-04 (74s)
[17:28:26]   [cls-r1] ep22 900/1567 loss 0.0258 lr 3e-04 (83s)
[17:28:35]   [cls-r1] ep22 1000/1567 loss 0.0257 lr 3e-04 (92s)
[17:28:44]   [cls-r1] ep22 1100/1567 loss 0.0257 lr 3e-04 (102s)
[17:28:54]   [cls-r1] ep22 1200/1567 loss 0.0259 lr 3e-04 (111s)
[17:29:03]   [cls-r1] ep22 1300/1567 loss 0.0259 lr 3e-04 (120s)
[17:29:12]   [cls-r1] ep22 1400/1567 loss 0.0259 lr 3e-04 (129s)
[17:29:21]   [cls-r1] ep22 1500/1567 loss 0.0259 lr 3e-04 (139s)
[17:29:28]   [cls-r1] ep22 1567/1567 loss 0.0258 lr 3e-04 (145s)
[17:29:36]   [cls-r1] Epoch 22 완료 | train L1 0.0258 | val argmax-MAE 8.43 | 개선없음 3/10
[17:29:46]   [cls-r1] ep23 100/1567 loss 0.0250 lr 3e-04 (9s)
[17:29:55]   [cls-r1] ep23 200/1567 loss 0.0249 lr 3e-04 (19s)
[17:30:05]   [cls-r1] ep23 300/1567 loss 0.0249 lr 3e-04 (28s)
[17:30:14]   [cls-r1] ep23 400/1567 loss 0.0249 lr 3e-04 (37s)
[17:30:23]   [cls-r1] ep23 500/1567 loss 0.0249 lr 3e-04 (46s)
[17:30:32]   [cls-r1] ep23 600/1567 loss 0.0247 lr 3e-04 (56s)
[17:30:42]   [cls-r1] ep23 700/1567 loss 0.0246 lr 3e-04 (65s)
[17:30:51]   [cls-r1] ep23 800/1567 loss 0.0246 lr 3e-04 (74s)
[17:31:00]   [cls-r1] ep23 900/1567 loss 0.0245 lr 3e-04 (83s)
[17:31:09]   [cls-r1] ep23 1000/1567 loss 0.0245 lr 3e-04 (93s)
[17:31:19]   [cls-r1] ep23 1100/1567 loss 0.0246 lr 3e-04 (102s)
[17:31:28]   [cls-r1] ep23 1200/1567 loss 0.0246 lr 3e-04 (111s)
[17:31:37]   [cls-r1] ep23 1300/1567 loss 0.0247 lr 3e-04 (120s)
[17:31:46]   [cls-r1] ep23 1400/1567 loss 0.0249 lr 3e-04 (130s)
[17:31:56]   [cls-r1] ep23 1500/1567 loss 0.0249 lr 3e-04 (139s)
[17:32:02]   [cls-r1] ep23 1567/1567 loss 0.0249 lr 3e-04 (145s)
[17:32:11]   [cls-r1] Epoch 23 완료 | train L1 0.0249 | val argmax-MAE 8.30 | 개선없음 4/10
[17:32:20]   [cls-r1] ep24 100/1567 loss 0.0239 lr 3e-04 (9s)
[17:32:29]   [cls-r1] ep24 200/1567 loss 0.0245 lr 3e-04 (18s)
[17:32:39]   [cls-r1] ep24 300/1567 loss 0.0239 lr 3e-04 (27s)
[17:32:48]   [cls-r1] ep24 400/1567 loss 0.0244 lr 3e-04 (37s)
[17:32:57]   [cls-r1] ep24 500/1567 loss 0.0243 lr 3e-04 (46s)
[17:33:06]   [cls-r1] ep24 600/1567 loss 0.0245 lr 3e-04 (55s)
[17:33:15]   [cls-r1] ep24 700/1567 loss 0.0246 lr 3e-04 (64s)
[17:33:25]   [cls-r1] ep24 800/1567 loss 0.0244 lr 3e-04 (74s)
[17:33:34]   [cls-r1] ep24 900/1567 loss 0.0244 lr 3e-04 (83s)
[17:33:43]   [cls-r1] ep24 1000/1567 loss 0.0243 lr 3e-04 (92s)
[17:33:52]   [cls-r1] ep24 1100/1567 loss 0.0244 lr 3e-04 (101s)
[17:34:01]   [cls-r1] ep24 1200/1567 loss 0.0243 lr 3e-04 (110s)
[17:34:11]   [cls-r1] ep24 1300/1567 loss 0.0242 lr 3e-04 (120s)
[17:34:20]   [cls-r1] ep24 1400/1567 loss 0.0242 lr 3e-04 (129s)
[17:34:29]   [cls-r1] ep24 1500/1567 loss 0.0243 lr 3e-04 (138s)
[17:34:35]   [cls-r1] ep24 1567/1567 loss 0.0244 lr 3e-04 (144s)
[17:34:44]   [cls-r1] Epoch 24 완료 | train L1 0.0244 | val argmax-MAE 8.38 | 개선없음 5/10
[17:34:54]   [cls-r1] ep25 100/1567 loss 0.0231 lr 3e-04 (9s)
[17:35:03]   [cls-r1] ep25 200/1567 loss 0.0240 lr 3e-04 (18s)
[17:35:12]   [cls-r1] ep25 300/1567 loss 0.0236 lr 3e-04 (28s)
[17:35:21]   [cls-r1] ep25 400/1567 loss 0.0233 lr 3e-04 (37s)
[17:35:30]   [cls-r1] ep25 500/1567 loss 0.0235 lr 3e-04 (46s)
[17:35:40]   [cls-r1] ep25 600/1567 loss 0.0234 lr 3e-04 (55s)
[17:35:49]   [cls-r1] ep25 700/1567 loss 0.0234 lr 3e-04 (64s)
[17:35:58]   [cls-r1] ep25 800/1567 loss 0.0236 lr 3e-04 (74s)
[17:36:07]   [cls-r1] ep25 900/1567 loss 0.0233 lr 3e-04 (83s)
[17:36:16]   [cls-r1] ep25 1000/1567 loss 0.0233 lr 3e-04 (92s)
[17:36:26]   [cls-r1] ep25 1100/1567 loss 0.0233 lr 3e-04 (101s)
[17:36:35]   [cls-r1] ep25 1200/1567 loss 0.0234 lr 3e-04 (111s)
[17:36:44]   [cls-r1] ep25 1300/1567 loss 0.0234 lr 3e-04 (120s)
[17:36:54]   [cls-r1] ep25 1400/1567 loss 0.0234 lr 3e-04 (129s)
[17:37:03]   [cls-r1] ep25 1500/1567 loss 0.0233 lr 3e-04 (138s)
[17:37:09]   [cls-r1] ep25 1567/1567 loss 0.0234 lr 3e-04 (144s)
[17:37:18]   [cls-r1] Epoch 25 완료 | train L1 0.0234 | val argmax-MAE 8.35 | 개선없음 6/10
[17:37:28]   [cls-r1] ep26 100/1567 loss 0.0254 lr 3e-04 (9s)
[17:37:37]   [cls-r1] ep26 200/1567 loss 0.0246 lr 3e-04 (19s)
[17:37:46]   [cls-r1] ep26 300/1567 loss 0.0240 lr 3e-04 (28s)
[17:37:55]   [cls-r1] ep26 400/1567 loss 0.0238 lr 3e-04 (37s)
[17:38:04]   [cls-r1] ep26 500/1567 loss 0.0235 lr 3e-04 (46s)
[17:38:14]   [cls-r1] ep26 600/1567 loss 0.0237 lr 3e-04 (55s)
[17:38:23]   [cls-r1] ep26 700/1567 loss 0.0236 lr 3e-04 (65s)
[17:38:32]   [cls-r1] ep26 800/1567 loss 0.0234 lr 3e-04 (74s)
[17:38:41]   [cls-r1] ep26 900/1567 loss 0.0234 lr 3e-04 (83s)
[17:38:51]   [cls-r1] ep26 1000/1567 loss 0.0231 lr 3e-04 (92s)
[17:39:00]   [cls-r1] ep26 1100/1567 loss 0.0230 lr 3e-04 (102s)
[17:39:09]   [cls-r1] ep26 1200/1567 loss 0.0230 lr 3e-04 (111s)
[17:39:19]   [cls-r1] ep26 1300/1567 loss 0.0229 lr 3e-04 (120s)
[17:39:28]   [cls-r1] ep26 1400/1567 loss 0.0230 lr 3e-04 (130s)
[17:39:38]   [cls-r1] ep26 1500/1567 loss 0.0233 lr 3e-04 (139s)
[17:39:44]   [cls-r1] ep26 1567/1567 loss 0.0234 lr 3e-04 (146s)
[17:39:53]   [cls-r1] Epoch 26 완료 | train L1 0.0234 | val argmax-MAE 8.53 | 개선없음 7/10
[17:40:03]   [cls-r1] ep27 100/1567 loss 0.0229 lr 3e-04 (10s)
[17:40:13]   [cls-r1] ep27 200/1567 loss 0.0226 lr 3e-04 (19s)
[17:40:22]   [cls-r1] ep27 300/1567 loss 0.0227 lr 3e-04 (29s)
[17:40:31]   [cls-r1] ep27 400/1567 loss 0.0231 lr 3e-04 (38s)
[17:40:41]   [cls-r1] ep27 500/1567 loss 0.0232 lr 3e-04 (48s)
[17:40:50]   [cls-r1] ep27 600/1567 loss 0.0232 lr 3e-04 (57s)
[17:41:00]   [cls-r1] ep27 700/1567 loss 0.0230 lr 3e-04 (66s)
[17:41:09]   [cls-r1] ep27 800/1567 loss 0.0230 lr 3e-04 (76s)
[17:41:18]   [cls-r1] ep27 900/1567 loss 0.0228 lr 3e-04 (85s)
[17:41:27]   [cls-r1] ep27 1000/1567 loss 0.0226 lr 3e-04 (94s)
[17:41:37]   [cls-r1] ep27 1100/1567 loss 0.0227 lr 3e-04 (103s)
[17:41:46]   [cls-r1] ep27 1200/1567 loss 0.0227 lr 3e-04 (112s)
[17:41:55]   [cls-r1] ep27 1300/1567 loss 0.0226 lr 3e-04 (122s)
[17:42:04]   [cls-r1] ep27 1400/1567 loss 0.0226 lr 3e-04 (131s)
[17:42:13]   [cls-r1] ep27 1500/1567 loss 0.0226 lr 3e-04 (140s)
[17:42:19]   [cls-r1] ep27 1567/1567 loss 0.0226 lr 3e-04 (146s)
[17:42:28]   [cls-r1] Epoch 27 완료 | train L1 0.0226 | val argmax-MAE 8.23 | 개선없음 8/10
[17:42:38]   [cls-r1] ep28 100/1567 loss 0.0225 lr 3e-04 (9s)
[17:42:47]   [cls-r1] ep28 200/1567 loss 0.0224 lr 3e-04 (18s)
[17:42:56]   [cls-r1] ep28 300/1567 loss 0.0224 lr 3e-04 (28s)
[17:43:05]   [cls-r1] ep28 400/1567 loss 0.0223 lr 3e-04 (37s)
[17:43:14]   [cls-r1] ep28 500/1567 loss 0.0219 lr 3e-04 (46s)
[17:43:24]   [cls-r1] ep28 600/1567 loss 0.0221 lr 3e-04 (55s)
[17:43:33]   [cls-r1] ep28 700/1567 loss 0.0220 lr 3e-04 (65s)
[17:43:42]   [cls-r1] ep28 800/1567 loss 0.0221 lr 3e-04 (74s)
[17:43:51]   [cls-r1] ep28 900/1567 loss 0.0220 lr 3e-04 (83s)
[17:44:00]   [cls-r1] ep28 1000/1567 loss 0.0222 lr 3e-04 (92s)
[17:44:10]   [cls-r1] ep28 1100/1567 loss 0.0222 lr 3e-04 (101s)
[17:44:19]   [cls-r1] ep28 1200/1567 loss 0.0222 lr 3e-04 (111s)
[17:44:28]   [cls-r1] ep28 1300/1567 loss 0.0224 lr 3e-04 (120s)
[17:44:37]   [cls-r1] ep28 1400/1567 loss 0.0225 lr 3e-04 (129s)
[17:44:46]   [cls-r1] ep28 1500/1567 loss 0.0225 lr 3e-04 (138s)
[17:44:53]   [cls-r1] ep28 1567/1567 loss 0.0226 lr 3e-04 (144s)
[17:45:01]   [cls-r1] Epoch 28 완료 | train L1 0.0226 | val argmax-MAE 8.73 | 개선없음 9/10
[17:45:11]   [cls-r1] ep29 100/1567 loss 0.0207 lr 3e-04 (9s)
[17:45:20]   [cls-r1] ep29 200/1567 loss 0.0212 lr 3e-04 (18s)
[17:45:29]   [cls-r1] ep29 300/1567 loss 0.0215 lr 3e-04 (27s)
[17:45:39]   [cls-r1] ep29 400/1567 loss 0.0215 lr 3e-04 (37s)
[17:45:48]   [cls-r1] ep29 500/1567 loss 0.0214 lr 3e-04 (46s)
[17:45:57]   [cls-r1] ep29 600/1567 loss 0.0211 lr 3e-04 (55s)
[17:46:06]   [cls-r1] ep29 700/1567 loss 0.0212 lr 3e-04 (64s)
[17:46:15]   [cls-r1] ep29 800/1567 loss 0.0212 lr 3e-04 (74s)
[17:46:25]   [cls-r1] ep29 900/1567 loss 0.0211 lr 3e-04 (83s)
[17:46:34]   [cls-r1] ep29 1000/1567 loss 0.0210 lr 3e-04 (92s)
[17:46:43]   [cls-r1] ep29 1100/1567 loss 0.0209 lr 3e-04 (101s)
[17:46:52]   [cls-r1] ep29 1200/1567 loss 0.0209 lr 3e-04 (110s)
[17:47:02]   [cls-r1] ep29 1300/1567 loss 0.0210 lr 3e-04 (120s)
[17:47:11]   [cls-r1] ep29 1400/1567 loss 0.0209 lr 3e-04 (129s)
[17:47:20]   [cls-r1] ep29 1500/1567 loss 0.0209 lr 3e-04 (138s)
[17:47:26]   [cls-r1] ep29 1567/1567 loss 0.0209 lr 3e-04 (144s)
[17:47:34]   [cls-r1] Epoch 29 완료 | train L1 0.0209 | val argmax-MAE 8.42 | 개선없음 10/10
[17:47:34]   [cls-r1] 조기종료 | best argmax-MAE 8.17 @ epoch 19
[17:47:36] [r1:train] 정상 0 | 마스크실패(전체영역 대체) 0 | 파일없음 0
[17:47:36] [r1:val] 정상 0 | 마스크실패(전체영역 대체) 0 | 파일없음 0
[17:47:36] [r1:test] 정상 0 | 마스크실패(전체영역 대체) 0 | 파일없음 0
[17:47:36] ### Phase I-b : Region-2(중수골) 국소화 ###
[17:47:36] [cls-r2] 분류 모델 학습 | pool=gmp src=erased size=560 epochs=100
[17:47:37] [backbone] timm 'inception_v3' 로드 완료 (pretrained=True)
[17:47:37] [cls-gmp] feat (2048, 16, 16) -> FC 2048->240
[17:47:46]   [cls-r2] ep01 100/1567 loss 0.2904 lr 3e-04 (9s)
[17:47:55]   [cls-r2] ep01 200/1567 loss 0.2167 lr 3e-04 (19s)
[17:48:05]   [cls-r2] ep01 300/1567 loss 0.1835 lr 3e-04 (28s)
[17:48:14]   [cls-r2] ep01 400/1567 loss 0.1648 lr 3e-04 (37s)
[17:48:24]   [cls-r2] ep01 500/1567 loss 0.1512 lr 3e-04 (47s)
[17:48:33]   [cls-r2] ep01 600/1567 loss 0.1413 lr 3e-04 (56s)
[17:48:42]   [cls-r2] ep01 700/1567 loss 0.1344 lr 3e-04 (66s)
[17:48:52]   [cls-r2] ep01 800/1567 loss 0.1284 lr 3e-04 (75s)
[17:49:01]   [cls-r2] ep01 900/1567 loss 0.1240 lr 3e-04 (84s)
[17:49:10]   [cls-r2] ep01 1000/1567 loss 0.1200 lr 3e-04 (94s)
[17:49:20]   [cls-r2] ep01 1100/1567 loss 0.1166 lr 3e-04 (103s)
[17:49:29]   [cls-r2] ep01 1200/1567 loss 0.1137 lr 3e-04 (112s)
[17:49:39]   [cls-r2] ep01 1300/1567 loss 0.1113 lr 3e-04 (122s)
[17:49:48]   [cls-r2] ep01 1400/1567 loss 0.1091 lr 3e-04 (131s)
[17:49:57]   [cls-r2] ep01 1500/1567 loss 0.1069 lr 3e-04 (140s)
[17:50:04]   [cls-r2] ep01 1567/1567 loss 0.1058 lr 3e-04 (147s)
[17:50:13]   [cls-r2] Epoch 01 완료 | train L1 0.1058 | val argmax-MAE 11.09 | * best 저장 (11.09)
[17:50:22]   [cls-r2] ep02 100/1567 loss 0.0747 lr 3e-04 (9s)
[17:50:32]   [cls-r2] ep02 200/1567 loss 0.0740 lr 3e-04 (18s)
[17:50:41]   [cls-r2] ep02 300/1567 loss 0.0755 lr 3e-04 (28s)
[17:50:50]   [cls-r2] ep02 400/1567 loss 0.0747 lr 3e-04 (37s)
[17:50:59]   [cls-r2] ep02 500/1567 loss 0.0749 lr 3e-04 (46s)
[17:51:09]   [cls-r2] ep02 600/1567 loss 0.0735 lr 3e-04 (56s)
[17:51:18]   [cls-r2] ep02 700/1567 loss 0.0736 lr 3e-04 (65s)
[17:51:27]   [cls-r2] ep02 800/1567 loss 0.0731 lr 3e-04 (74s)
[17:51:37]   [cls-r2] ep02 900/1567 loss 0.0731 lr 3e-04 (83s)
[17:51:46]   [cls-r2] ep02 1000/1567 loss 0.0727 lr 3e-04 (93s)
[17:51:55]   [cls-r2] ep02 1100/1567 loss 0.0725 lr 3e-04 (102s)
[17:52:04]   [cls-r2] ep02 1200/1567 loss 0.0723 lr 3e-04 (111s)
[17:52:14]   [cls-r2] ep02 1300/1567 loss 0.0718 lr 3e-04 (121s)
[17:52:22]   [cls-r2] ep02 1400/1567 loss 0.0719 lr 3e-04 (129s)
[17:52:30]   [cls-r2] ep02 1500/1567 loss 0.0716 lr 3e-04 (137s)
[17:52:36]   [cls-r2] ep02 1567/1567 loss 0.0714 lr 3e-04 (143s)
[17:52:43]   [cls-r2] Epoch 02 완료 | train L1 0.0714 | val argmax-MAE 10.79 | * best 저장 (10.79)
[17:52:53]   [cls-r2] ep03 100/1567 loss 0.0663 lr 3e-04 (9s)
[17:53:02]   [cls-r2] ep03 200/1567 loss 0.0653 lr 3e-04 (19s)
[17:53:12]   [cls-r2] ep03 300/1567 loss 0.0655 lr 3e-04 (28s)
[17:53:21]   [cls-r2] ep03 400/1567 loss 0.0652 lr 3e-04 (37s)
[17:53:30]   [cls-r2] ep03 500/1567 loss 0.0650 lr 3e-04 (47s)
[17:53:40]   [cls-r2] ep03 600/1567 loss 0.0647 lr 3e-04 (56s)
[17:53:49]   [cls-r2] ep03 700/1567 loss 0.0648 lr 3e-04 (65s)
[17:53:58]   [cls-r2] ep03 800/1567 loss 0.0650 lr 3e-04 (75s)
[17:54:08]   [cls-r2] ep03 900/1567 loss 0.0651 lr 3e-04 (84s)
[17:54:17]   [cls-r2] ep03 1000/1567 loss 0.0649 lr 3e-04 (93s)
[17:54:26]   [cls-r2] ep03 1100/1567 loss 0.0652 lr 3e-04 (103s)
[17:54:36]   [cls-r2] ep03 1200/1567 loss 0.0649 lr 3e-04 (112s)
[17:54:45]   [cls-r2] ep03 1300/1567 loss 0.0648 lr 3e-04 (121s)
[17:54:54]   [cls-r2] ep03 1400/1567 loss 0.0645 lr 3e-04 (131s)
[17:55:04]   [cls-r2] ep03 1500/1567 loss 0.0643 lr 3e-04 (140s)
[17:55:10]   [cls-r2] ep03 1567/1567 loss 0.0642 lr 3e-04 (146s)
[17:55:19]   [cls-r2] Epoch 03 완료 | train L1 0.0642 | val argmax-MAE 10.90 | 개선없음 1/10
[17:55:28]   [cls-r2] ep04 100/1567 loss 0.0589 lr 3e-04 (9s)
[17:55:38]   [cls-r2] ep04 200/1567 loss 0.0583 lr 3e-04 (18s)
[17:55:47]   [cls-r2] ep04 300/1567 loss 0.0591 lr 3e-04 (28s)
[17:55:56]   [cls-r2] ep04 400/1567 loss 0.0594 lr 3e-04 (37s)
[17:56:06]   [cls-r2] ep04 500/1567 loss 0.0599 lr 3e-04 (46s)
[17:56:15]   [cls-r2] ep04 600/1567 loss 0.0598 lr 3e-04 (56s)
[17:56:24]   [cls-r2] ep04 700/1567 loss 0.0595 lr 3e-04 (65s)
[17:56:34]   [cls-r2] ep04 800/1567 loss 0.0597 lr 3e-04 (74s)
[17:56:43]   [cls-r2] ep04 900/1567 loss 0.0596 lr 3e-04 (84s)
[17:56:52]   [cls-r2] ep04 1000/1567 loss 0.0596 lr 3e-04 (93s)
[17:57:02]   [cls-r2] ep04 1100/1567 loss 0.0595 lr 3e-04 (102s)
[17:57:11]   [cls-r2] ep04 1200/1567 loss 0.0595 lr 3e-04 (112s)
[17:57:20]   [cls-r2] ep04 1300/1567 loss 0.0597 lr 3e-04 (121s)
[17:57:30]   [cls-r2] ep04 1400/1567 loss 0.0596 lr 3e-04 (130s)
[17:57:39]   [cls-r2] ep04 1500/1567 loss 0.0597 lr 3e-04 (140s)
[17:57:45]   [cls-r2] ep04 1567/1567 loss 0.0596 lr 3e-04 (146s)
[17:57:54]   [cls-r2] Epoch 04 완료 | train L1 0.0596 | val argmax-MAE 9.51 | * best 저장 (9.51)
[17:58:04]   [cls-r2] ep05 100/1567 loss 0.0556 lr 3e-04 (9s)
[17:58:13]   [cls-r2] ep05 200/1567 loss 0.0561 lr 3e-04 (19s)
[17:58:23]   [cls-r2] ep05 300/1567 loss 0.0555 lr 3e-04 (28s)
[17:58:32]   [cls-r2] ep05 400/1567 loss 0.0553 lr 3e-04 (37s)
[17:58:41]   [cls-r2] ep05 500/1567 loss 0.0554 lr 3e-04 (47s)
[17:58:51]   [cls-r2] ep05 600/1567 loss 0.0553 lr 3e-04 (56s)
[17:59:00]   [cls-r2] ep05 700/1567 loss 0.0554 lr 3e-04 (65s)
[17:59:09]   [cls-r2] ep05 800/1567 loss 0.0556 lr 3e-04 (75s)
[17:59:19]   [cls-r2] ep05 900/1567 loss 0.0555 lr 3e-04 (84s)
[17:59:28]   [cls-r2] ep05 1000/1567 loss 0.0555 lr 3e-04 (93s)
[17:59:37]   [cls-r2] ep05 1100/1567 loss 0.0553 lr 3e-04 (103s)
[17:59:46]   [cls-r2] ep05 1200/1567 loss 0.0554 lr 3e-04 (112s)
[17:59:56]   [cls-r2] ep05 1300/1567 loss 0.0554 lr 3e-04 (121s)
[18:00:05]   [cls-r2] ep05 1400/1567 loss 0.0553 lr 3e-04 (131s)
[18:00:14]   [cls-r2] ep05 1500/1567 loss 0.0553 lr 3e-04 (140s)
[18:00:21]   [cls-r2] ep05 1567/1567 loss 0.0552 lr 3e-04 (146s)
[18:00:29]   [cls-r2] Epoch 05 완료 | train L1 0.0552 | val argmax-MAE 9.69 | 개선없음 1/10
[18:00:38]   [cls-r2] ep06 100/1567 loss 0.0507 lr 3e-04 (9s)
[18:00:48]   [cls-r2] ep06 200/1567 loss 0.0503 lr 3e-04 (19s)
[18:00:57]   [cls-r2] ep06 300/1567 loss 0.0504 lr 3e-04 (28s)
[18:01:06]   [cls-r2] ep06 400/1567 loss 0.0503 lr 3e-04 (37s)
[18:01:16]   [cls-r2] ep06 500/1567 loss 0.0501 lr 3e-04 (47s)
[18:01:25]   [cls-r2] ep06 600/1567 loss 0.0504 lr 3e-04 (56s)
[18:01:34]   [cls-r2] ep06 700/1567 loss 0.0508 lr 3e-04 (65s)
[18:01:44]   [cls-r2] ep06 800/1567 loss 0.0510 lr 3e-04 (75s)
[18:01:53]   [cls-r2] ep06 900/1567 loss 0.0509 lr 3e-04 (84s)
[18:02:02]   [cls-r2] ep06 1000/1567 loss 0.0508 lr 3e-04 (93s)
[18:02:12]   [cls-r2] ep06 1100/1567 loss 0.0509 lr 3e-04 (103s)
[18:02:21]   [cls-r2] ep06 1200/1567 loss 0.0512 lr 3e-04 (112s)
[18:02:30]   [cls-r2] ep06 1300/1567 loss 0.0513 lr 3e-04 (121s)
[18:02:39]   [cls-r2] ep06 1400/1567 loss 0.0514 lr 3e-04 (131s)
[18:02:49]   [cls-r2] ep06 1500/1567 loss 0.0514 lr 3e-04 (140s)
[18:02:55]   [cls-r2] ep06 1567/1567 loss 0.0513 lr 3e-04 (146s)
[18:03:04]   [cls-r2] Epoch 06 완료 | train L1 0.0513 | val argmax-MAE 9.36 | * best 저장 (9.36)
[18:03:14]   [cls-r2] ep07 100/1567 loss 0.0458 lr 3e-04 (9s)
[18:03:23]   [cls-r2] ep07 200/1567 loss 0.0459 lr 3e-04 (19s)
[18:03:33]   [cls-r2] ep07 300/1567 loss 0.0461 lr 3e-04 (28s)
[18:03:42]   [cls-r2] ep07 400/1567 loss 0.0466 lr 3e-04 (37s)
[18:03:51]   [cls-r2] ep07 500/1567 loss 0.0469 lr 3e-04 (47s)
[18:04:01]   [cls-r2] ep07 600/1567 loss 0.0471 lr 3e-04 (56s)
[18:04:10]   [cls-r2] ep07 700/1567 loss 0.0471 lr 3e-04 (65s)
[18:04:19]   [cls-r2] ep07 800/1567 loss 0.0472 lr 3e-04 (75s)
[18:04:28]   [cls-r2] ep07 900/1567 loss 0.0477 lr 3e-04 (84s)
[18:04:38]   [cls-r2] ep07 1000/1567 loss 0.0476 lr 3e-04 (93s)
[18:04:47]   [cls-r2] ep07 1100/1567 loss 0.0475 lr 3e-04 (102s)
[18:04:56]   [cls-r2] ep07 1200/1567 loss 0.0476 lr 3e-04 (112s)
[18:05:06]   [cls-r2] ep07 1300/1567 loss 0.0476 lr 3e-04 (121s)
[18:05:15]   [cls-r2] ep07 1400/1567 loss 0.0477 lr 3e-04 (130s)
[18:05:24]   [cls-r2] ep07 1500/1567 loss 0.0476 lr 3e-04 (140s)
[18:05:30]   [cls-r2] ep07 1567/1567 loss 0.0476 lr 3e-04 (146s)
[18:05:39]   [cls-r2] Epoch 07 완료 | train L1 0.0476 | val argmax-MAE 9.45 | 개선없음 1/10
[18:05:49]   [cls-r2] ep08 100/1567 loss 0.0425 lr 3e-04 (9s)
[18:05:58]   [cls-r2] ep08 200/1567 loss 0.0441 lr 3e-04 (19s)
[18:06:08]   [cls-r2] ep08 300/1567 loss 0.0440 lr 3e-04 (28s)
[18:06:17]   [cls-r2] ep08 400/1567 loss 0.0438 lr 3e-04 (37s)
[18:06:26]   [cls-r2] ep08 500/1567 loss 0.0447 lr 3e-04 (47s)
[18:06:36]   [cls-r2] ep08 600/1567 loss 0.0445 lr 3e-04 (56s)
[18:06:45]   [cls-r2] ep08 700/1567 loss 0.0445 lr 3e-04 (65s)
[18:06:55]   [cls-r2] ep08 800/1567 loss 0.0442 lr 3e-04 (75s)
[18:07:04]   [cls-r2] ep08 900/1567 loss 0.0441 lr 3e-04 (84s)
[18:07:13]   [cls-r2] ep08 1000/1567 loss 0.0442 lr 3e-04 (94s)
[18:07:23]   [cls-r2] ep08 1100/1567 loss 0.0444 lr 3e-04 (103s)
[18:07:32]   [cls-r2] ep08 1200/1567 loss 0.0444 lr 3e-04 (112s)
[18:07:41]   [cls-r2] ep08 1300/1567 loss 0.0445 lr 3e-04 (122s)
[18:07:51]   [cls-r2] ep08 1400/1567 loss 0.0445 lr 3e-04 (131s)
[18:08:00]   [cls-r2] ep08 1500/1567 loss 0.0445 lr 3e-04 (140s)
[18:08:06]   [cls-r2] ep08 1567/1567 loss 0.0445 lr 3e-04 (146s)
[18:08:15]   [cls-r2] Epoch 08 완료 | train L1 0.0445 | val argmax-MAE 9.43 | 개선없음 2/10
[18:08:25]   [cls-r2] ep09 100/1567 loss 0.0395 lr 3e-04 (9s)
[18:08:34]   [cls-r2] ep09 200/1567 loss 0.0396 lr 3e-04 (19s)
[18:08:44]   [cls-r2] ep09 300/1567 loss 0.0405 lr 3e-04 (28s)
[18:08:53]   [cls-r2] ep09 400/1567 loss 0.0406 lr 3e-04 (37s)
[18:09:02]   [cls-r2] ep09 500/1567 loss 0.0409 lr 3e-04 (47s)
[18:09:12]   [cls-r2] ep09 600/1567 loss 0.0408 lr 3e-04 (56s)
[18:09:21]   [cls-r2] ep09 700/1567 loss 0.0405 lr 3e-04 (65s)
[18:09:30]   [cls-r2] ep09 800/1567 loss 0.0409 lr 3e-04 (75s)
[18:09:40]   [cls-r2] ep09 900/1567 loss 0.0408 lr 3e-04 (84s)
[18:09:49]   [cls-r2] ep09 1000/1567 loss 0.0408 lr 3e-04 (93s)
[18:09:58]   [cls-r2] ep09 1100/1567 loss 0.0407 lr 3e-04 (103s)
[18:10:08]   [cls-r2] ep09 1200/1567 loss 0.0407 lr 3e-04 (112s)
[18:10:17]   [cls-r2] ep09 1300/1567 loss 0.0408 lr 3e-04 (121s)
[18:10:26]   [cls-r2] ep09 1400/1567 loss 0.0410 lr 3e-04 (131s)
[18:10:36]   [cls-r2] ep09 1500/1567 loss 0.0410 lr 3e-04 (140s)
[18:10:42]   [cls-r2] ep09 1567/1567 loss 0.0410 lr 3e-04 (146s)
[18:10:51]   [cls-r2] Epoch 09 완료 | train L1 0.0410 | val argmax-MAE 10.16 | 개선없음 3/10
[18:11:01]   [cls-r2] ep10 100/1567 loss 0.0391 lr 3e-04 (9s)
[18:11:10]   [cls-r2] ep10 200/1567 loss 0.0381 lr 3e-04 (19s)
[18:11:19]   [cls-r2] ep10 300/1567 loss 0.0374 lr 3e-04 (28s)
[18:11:29]   [cls-r2] ep10 400/1567 loss 0.0375 lr 3e-04 (37s)
[18:11:38]   [cls-r2] ep10 500/1567 loss 0.0377 lr 3e-04 (47s)
[18:11:47]   [cls-r2] ep10 600/1567 loss 0.0378 lr 3e-04 (56s)
[18:11:57]   [cls-r2] ep10 700/1567 loss 0.0378 lr 3e-04 (65s)
[18:12:06]   [cls-r2] ep10 800/1567 loss 0.0379 lr 3e-04 (75s)
[18:12:15]   [cls-r2] ep10 900/1567 loss 0.0380 lr 3e-04 (84s)
[18:12:25]   [cls-r2] ep10 1000/1567 loss 0.0380 lr 3e-04 (93s)
[18:12:34]   [cls-r2] ep10 1100/1567 loss 0.0381 lr 3e-04 (103s)
[18:12:43]   [cls-r2] ep10 1200/1567 loss 0.0380 lr 3e-04 (112s)
[18:12:52]   [cls-r2] ep10 1300/1567 loss 0.0381 lr 3e-04 (121s)
[18:13:02]   [cls-r2] ep10 1400/1567 loss 0.0382 lr 3e-04 (131s)
[18:13:11]   [cls-r2] ep10 1500/1567 loss 0.0382 lr 3e-04 (140s)
[18:13:17]   [cls-r2] ep10 1567/1567 loss 0.0384 lr 3e-04 (146s)
[18:13:27]   [cls-r2] Epoch 10 완료 | train L1 0.0384 | val argmax-MAE 9.17 | * best 저장 (9.17)
[18:13:36]   [cls-r2] ep11 100/1567 loss 0.0360 lr 3e-04 (9s)
[18:13:46]   [cls-r2] ep11 200/1567 loss 0.0346 lr 3e-04 (19s)
[18:13:55]   [cls-r2] ep11 300/1567 loss 0.0350 lr 3e-04 (28s)
[18:14:04]   [cls-r2] ep11 400/1567 loss 0.0343 lr 3e-04 (37s)
[18:14:14]   [cls-r2] ep11 500/1567 loss 0.0345 lr 3e-04 (47s)
[18:14:23]   [cls-r2] ep11 600/1567 loss 0.0346 lr 3e-04 (56s)
[18:14:32]   [cls-r2] ep11 700/1567 loss 0.0346 lr 3e-04 (65s)
[18:14:42]   [cls-r2] ep11 800/1567 loss 0.0347 lr 3e-04 (75s)
[18:14:51]   [cls-r2] ep11 900/1567 loss 0.0344 lr 3e-04 (84s)
[18:15:00]   [cls-r2] ep11 1000/1567 loss 0.0344 lr 3e-04 (93s)
[18:15:10]   [cls-r2] ep11 1100/1567 loss 0.0346 lr 3e-04 (103s)
[18:15:19]   [cls-r2] ep11 1200/1567 loss 0.0350 lr 3e-04 (112s)
[18:15:28]   [cls-r2] ep11 1300/1567 loss 0.0352 lr 3e-04 (121s)
[18:15:37]   [cls-r2] ep11 1400/1567 loss 0.0353 lr 3e-04 (131s)
[18:15:47]   [cls-r2] ep11 1500/1567 loss 0.0354 lr 3e-04 (140s)
[18:15:53]   [cls-r2] ep11 1567/1567 loss 0.0355 lr 3e-04 (146s)
[18:16:02]   [cls-r2] Epoch 11 완료 | train L1 0.0355 | val argmax-MAE 9.42 | 개선없음 1/10
[18:16:12]   [cls-r2] ep12 100/1567 loss 0.0311 lr 3e-04 (9s)
[18:16:21]   [cls-r2] ep12 200/1567 loss 0.0326 lr 3e-04 (19s)
[18:16:30]   [cls-r2] ep12 300/1567 loss 0.0330 lr 3e-04 (28s)
[18:16:40]   [cls-r2] ep12 400/1567 loss 0.0333 lr 3e-04 (37s)
[18:16:49]   [cls-r2] ep12 500/1567 loss 0.0332 lr 3e-04 (47s)
[18:16:58]   [cls-r2] ep12 600/1567 loss 0.0331 lr 3e-04 (56s)
[18:17:08]   [cls-r2] ep12 700/1567 loss 0.0329 lr 3e-04 (65s)
[18:17:17]   [cls-r2] ep12 800/1567 loss 0.0327 lr 3e-04 (75s)
[18:17:26]   [cls-r2] ep12 900/1567 loss 0.0329 lr 3e-04 (84s)
[18:17:36]   [cls-r2] ep12 1000/1567 loss 0.0331 lr 3e-04 (93s)
[18:17:45]   [cls-r2] ep12 1100/1567 loss 0.0331 lr 3e-04 (102s)
[18:17:54]   [cls-r2] ep12 1200/1567 loss 0.0331 lr 3e-04 (112s)
[18:18:03]   [cls-r2] ep12 1300/1567 loss 0.0331 lr 3e-04 (121s)
[18:18:13]   [cls-r2] ep12 1400/1567 loss 0.0332 lr 3e-04 (130s)
[18:18:22]   [cls-r2] ep12 1500/1567 loss 0.0332 lr 3e-04 (139s)
[18:18:28]   [cls-r2] ep12 1567/1567 loss 0.0332 lr 3e-04 (146s)
[18:18:37]   [cls-r2] Epoch 12 완료 | train L1 0.0332 | val argmax-MAE 9.02 | * best 저장 (9.02)
[18:18:47]   [cls-r2] ep13 100/1567 loss 0.0309 lr 3e-04 (9s)
[18:18:56]   [cls-r2] ep13 200/1567 loss 0.0305 lr 3e-04 (19s)
[18:19:04]   [cls-r2] ep13 300/1567 loss 0.0306 lr 3e-04 (27s)
[18:19:14]   [cls-r2] ep13 400/1567 loss 0.0310 lr 3e-04 (36s)
[18:19:23]   [cls-r2] ep13 500/1567 loss 0.0307 lr 3e-04 (45s)
[18:19:32]   [cls-r2] ep13 600/1567 loss 0.0306 lr 3e-04 (55s)
[18:19:42]   [cls-r2] ep13 700/1567 loss 0.0307 lr 3e-04 (64s)
[18:19:51]   [cls-r2] ep13 800/1567 loss 0.0309 lr 3e-04 (73s)
[18:20:00]   [cls-r2] ep13 900/1567 loss 0.0307 lr 3e-04 (82s)
[18:20:09]   [cls-r2] ep13 1000/1567 loss 0.0310 lr 3e-04 (92s)
[18:20:19]   [cls-r2] ep13 1100/1567 loss 0.0312 lr 3e-04 (101s)
[18:20:28]   [cls-r2] ep13 1200/1567 loss 0.0311 lr 3e-04 (110s)
[18:20:37]   [cls-r2] ep13 1300/1567 loss 0.0311 lr 3e-04 (120s)
[18:20:46]   [cls-r2] ep13 1400/1567 loss 0.0312 lr 3e-04 (129s)
[18:20:56]   [cls-r2] ep13 1500/1567 loss 0.0313 lr 3e-04 (138s)
[18:21:02]   [cls-r2] ep13 1567/1567 loss 0.0312 lr 3e-04 (144s)
[18:21:11]   [cls-r2] Epoch 13 완료 | train L1 0.0312 | val argmax-MAE 9.20 | 개선없음 1/10
[18:21:20]   [cls-r2] ep14 100/1567 loss 0.0288 lr 3e-04 (9s)
[18:21:29]   [cls-r2] ep14 200/1567 loss 0.0289 lr 3e-04 (18s)
[18:21:38]   [cls-r2] ep14 300/1567 loss 0.0294 lr 3e-04 (27s)
[18:21:48]   [cls-r2] ep14 400/1567 loss 0.0292 lr 3e-04 (36s)
[18:21:57]   [cls-r2] ep14 500/1567 loss 0.0298 lr 3e-04 (46s)
[18:22:06]   [cls-r2] ep14 600/1567 loss 0.0296 lr 3e-04 (55s)
[18:22:15]   [cls-r2] ep14 700/1567 loss 0.0296 lr 3e-04 (64s)
[18:22:25]   [cls-r2] ep14 800/1567 loss 0.0294 lr 3e-04 (74s)
[18:22:34]   [cls-r2] ep14 900/1567 loss 0.0296 lr 3e-04 (83s)
[18:22:43]   [cls-r2] ep14 1000/1567 loss 0.0296 lr 3e-04 (92s)
[18:22:53]   [cls-r2] ep14 1100/1567 loss 0.0295 lr 3e-04 (101s)
[18:23:02]   [cls-r2] ep14 1200/1567 loss 0.0295 lr 3e-04 (111s)
[18:23:11]   [cls-r2] ep14 1300/1567 loss 0.0296 lr 3e-04 (120s)
[18:23:20]   [cls-r2] ep14 1400/1567 loss 0.0296 lr 3e-04 (129s)
[18:23:30]   [cls-r2] ep14 1500/1567 loss 0.0296 lr 3e-04 (138s)
[18:23:36]   [cls-r2] ep14 1567/1567 loss 0.0295 lr 3e-04 (145s)
[18:23:45]   [cls-r2] Epoch 14 완료 | train L1 0.0295 | val argmax-MAE 8.92 | * best 저장 (8.92)
[18:23:54]   [cls-r2] ep15 100/1567 loss 0.0260 lr 3e-04 (9s)
[18:24:04]   [cls-r2] ep15 200/1567 loss 0.0283 lr 3e-04 (18s)
[18:24:13]   [cls-r2] ep15 300/1567 loss 0.0275 lr 3e-04 (28s)
[18:24:22]   [cls-r2] ep15 400/1567 loss 0.0277 lr 3e-04 (37s)
[18:24:31]   [cls-r2] ep15 500/1567 loss 0.0280 lr 3e-04 (46s)
[18:24:41]   [cls-r2] ep15 600/1567 loss 0.0278 lr 3e-04 (56s)
[18:24:50]   [cls-r2] ep15 700/1567 loss 0.0276 lr 3e-04 (65s)
[18:24:59]   [cls-r2] ep15 800/1567 loss 0.0279 lr 3e-04 (74s)
[18:25:09]   [cls-r2] ep15 900/1567 loss 0.0280 lr 3e-04 (83s)
[18:25:18]   [cls-r2] ep15 1000/1567 loss 0.0281 lr 3e-04 (93s)
[18:25:27]   [cls-r2] ep15 1100/1567 loss 0.0281 lr 3e-04 (102s)
[18:25:36]   [cls-r2] ep15 1200/1567 loss 0.0283 lr 3e-04 (111s)
[18:25:46]   [cls-r2] ep15 1300/1567 loss 0.0285 lr 3e-04 (121s)
[18:25:55]   [cls-r2] ep15 1400/1567 loss 0.0286 lr 3e-04 (130s)
[18:26:04]   [cls-r2] ep15 1500/1567 loss 0.0286 lr 3e-04 (139s)
[18:26:10]   [cls-r2] ep15 1567/1567 loss 0.0287 lr 3e-04 (145s)
[18:26:19]   [cls-r2] Epoch 15 완료 | train L1 0.0287 | val argmax-MAE 9.07 | 개선없음 1/10
[18:26:29]   [cls-r2] ep16 100/1567 loss 0.0298 lr 3e-04 (9s)
[18:26:38]   [cls-r2] ep16 200/1567 loss 0.0282 lr 3e-04 (19s)
[18:26:48]   [cls-r2] ep16 300/1567 loss 0.0275 lr 3e-04 (28s)
[18:26:57]   [cls-r2] ep16 400/1567 loss 0.0271 lr 3e-04 (37s)
[18:27:06]   [cls-r2] ep16 500/1567 loss 0.0268 lr 3e-04 (46s)
[18:27:15]   [cls-r2] ep16 600/1567 loss 0.0264 lr 3e-04 (56s)
[18:27:25]   [cls-r2] ep16 700/1567 loss 0.0262 lr 3e-04 (65s)
[18:27:34]   [cls-r2] ep16 800/1567 loss 0.0263 lr 3e-04 (74s)
[18:27:43]   [cls-r2] ep16 900/1567 loss 0.0265 lr 3e-04 (84s)
[18:27:53]   [cls-r2] ep16 1000/1567 loss 0.0267 lr 3e-04 (93s)
[18:28:02]   [cls-r2] ep16 1100/1567 loss 0.0267 lr 3e-04 (102s)
[18:28:11]   [cls-r2] ep16 1200/1567 loss 0.0268 lr 3e-04 (111s)
[18:28:20]   [cls-r2] ep16 1300/1567 loss 0.0269 lr 3e-04 (121s)
[18:28:30]   [cls-r2] ep16 1400/1567 loss 0.0270 lr 3e-04 (130s)
[18:28:39]   [cls-r2] ep16 1500/1567 loss 0.0270 lr 3e-04 (139s)
[18:28:45]   [cls-r2] ep16 1567/1567 loss 0.0270 lr 3e-04 (145s)
[18:28:54]   [cls-r2] Epoch 16 완료 | train L1 0.0270 | val argmax-MAE 8.99 | 개선없음 2/10
[18:29:04]   [cls-r2] ep17 100/1567 loss 0.0266 lr 3e-04 (9s)
[18:29:13]   [cls-r2] ep17 200/1567 loss 0.0267 lr 3e-04 (19s)
[18:29:22]   [cls-r2] ep17 300/1567 loss 0.0267 lr 3e-04 (28s)
[18:29:32]   [cls-r2] ep17 400/1567 loss 0.0264 lr 3e-04 (37s)
[18:29:41]   [cls-r2] ep17 500/1567 loss 0.0263 lr 3e-04 (47s)
[18:29:50]   [cls-r2] ep17 600/1567 loss 0.0262 lr 3e-04 (56s)
[18:30:00]   [cls-r2] ep17 700/1567 loss 0.0262 lr 3e-04 (65s)
[18:30:09]   [cls-r2] ep17 800/1567 loss 0.0260 lr 3e-04 (75s)
[18:30:18]   [cls-r2] ep17 900/1567 loss 0.0260 lr 3e-04 (84s)
[18:30:28]   [cls-r2] ep17 1000/1567 loss 0.0259 lr 3e-04 (93s)
[18:30:37]   [cls-r2] ep17 1100/1567 loss 0.0259 lr 3e-04 (102s)
[18:30:46]   [cls-r2] ep17 1200/1567 loss 0.0258 lr 3e-04 (112s)
[18:30:55]   [cls-r2] ep17 1300/1567 loss 0.0258 lr 3e-04 (121s)
[18:31:05]   [cls-r2] ep17 1400/1567 loss 0.0258 lr 3e-04 (130s)
[18:31:14]   [cls-r2] ep17 1500/1567 loss 0.0261 lr 3e-04 (139s)
[18:31:20]   [cls-r2] ep17 1567/1567 loss 0.0261 lr 3e-04 (146s)
[18:31:29]   [cls-r2] Epoch 17 완료 | train L1 0.0261 | val argmax-MAE 8.91 | 개선없음 3/10
[18:31:39]   [cls-r2] ep18 100/1567 loss 0.0248 lr 3e-04 (9s)
[18:31:48]   [cls-r2] ep18 200/1567 loss 0.0254 lr 3e-04 (19s)
[18:31:57]   [cls-r2] ep18 300/1567 loss 0.0252 lr 3e-04 (27s)
[18:32:06]   [cls-r2] ep18 400/1567 loss 0.0252 lr 3e-04 (36s)
[18:32:15]   [cls-r2] ep18 500/1567 loss 0.0251 lr 3e-04 (46s)
[18:32:24]   [cls-r2] ep18 600/1567 loss 0.0251 lr 3e-04 (55s)
[18:32:34]   [cls-r2] ep18 700/1567 loss 0.0247 lr 3e-04 (64s)
[18:32:43]   [cls-r2] ep18 800/1567 loss 0.0246 lr 3e-04 (73s)
[18:32:52]   [cls-r2] ep18 900/1567 loss 0.0247 lr 3e-04 (83s)
[18:33:01]   [cls-r2] ep18 1000/1567 loss 0.0249 lr 3e-04 (92s)
[18:33:11]   [cls-r2] ep18 1100/1567 loss 0.0249 lr 3e-04 (101s)
[18:33:20]   [cls-r2] ep18 1200/1567 loss 0.0251 lr 3e-04 (111s)
[18:33:29]   [cls-r2] ep18 1300/1567 loss 0.0251 lr 3e-04 (120s)
[18:33:39]   [cls-r2] ep18 1400/1567 loss 0.0251 lr 3e-04 (129s)
[18:33:48]   [cls-r2] ep18 1500/1567 loss 0.0251 lr 3e-04 (138s)
[18:33:54]   [cls-r2] ep18 1567/1567 loss 0.0251 lr 3e-04 (145s)
[18:34:03]   [cls-r2] Epoch 18 완료 | train L1 0.0251 | val argmax-MAE 9.11 | 개선없음 4/10
[18:34:12]   [cls-r2] ep19 100/1567 loss 0.0255 lr 3e-04 (9s)
[18:34:22]   [cls-r2] ep19 200/1567 loss 0.0237 lr 3e-04 (18s)
[18:34:31]   [cls-r2] ep19 300/1567 loss 0.0238 lr 3e-04 (28s)
[18:34:40]   [cls-r2] ep19 400/1567 loss 0.0238 lr 3e-04 (37s)
[18:34:50]   [cls-r2] ep19 500/1567 loss 0.0238 lr 3e-04 (46s)
[18:34:59]   [cls-r2] ep19 600/1567 loss 0.0239 lr 3e-04 (55s)
[18:35:08]   [cls-r2] ep19 700/1567 loss 0.0237 lr 3e-04 (65s)
[18:35:17]   [cls-r2] ep19 800/1567 loss 0.0236 lr 3e-04 (74s)
[18:35:27]   [cls-r2] ep19 900/1567 loss 0.0239 lr 3e-04 (83s)
[18:35:36]   [cls-r2] ep19 1000/1567 loss 0.0238 lr 3e-04 (93s)
[18:35:45]   [cls-r2] ep19 1100/1567 loss 0.0238 lr 3e-04 (102s)
[18:35:55]   [cls-r2] ep19 1200/1567 loss 0.0239 lr 3e-04 (111s)
[18:36:04]   [cls-r2] ep19 1300/1567 loss 0.0239 lr 3e-04 (121s)
[18:36:13]   [cls-r2] ep19 1400/1567 loss 0.0238 lr 3e-04 (130s)
[18:36:23]   [cls-r2] ep19 1500/1567 loss 0.0237 lr 3e-04 (139s)
[18:36:29]   [cls-r2] ep19 1567/1567 loss 0.0237 lr 3e-04 (145s)
[18:36:38]   [cls-r2] Epoch 19 완료 | train L1 0.0237 | val argmax-MAE 8.78 | * best 저장 (8.78)
[18:36:47]   [cls-r2] ep20 100/1567 loss 0.0224 lr 3e-04 (9s)
[18:36:57]   [cls-r2] ep20 200/1567 loss 0.0231 lr 3e-04 (19s)
[18:37:06]   [cls-r2] ep20 300/1567 loss 0.0232 lr 3e-04 (28s)
[18:37:15]   [cls-r2] ep20 400/1567 loss 0.0232 lr 3e-04 (37s)
[18:37:25]   [cls-r2] ep20 500/1567 loss 0.0231 lr 3e-04 (46s)
[18:37:34]   [cls-r2] ep20 600/1567 loss 0.0231 lr 3e-04 (56s)
[18:37:43]   [cls-r2] ep20 700/1567 loss 0.0230 lr 3e-04 (65s)
[18:37:53]   [cls-r2] ep20 800/1567 loss 0.0231 lr 3e-04 (74s)
[18:38:02]   [cls-r2] ep20 900/1567 loss 0.0230 lr 3e-04 (84s)
[18:38:11]   [cls-r2] ep20 1000/1567 loss 0.0233 lr 3e-04 (93s)
[18:38:20]   [cls-r2] ep20 1100/1567 loss 0.0234 lr 3e-04 (102s)
[18:38:30]   [cls-r2] ep20 1200/1567 loss 0.0233 lr 3e-04 (112s)
[18:38:39]   [cls-r2] ep20 1300/1567 loss 0.0232 lr 3e-04 (121s)
[18:38:48]   [cls-r2] ep20 1400/1567 loss 0.0233 lr 3e-04 (130s)
[18:38:58]   [cls-r2] ep20 1500/1567 loss 0.0233 lr 3e-04 (139s)
[18:39:04]   [cls-r2] ep20 1567/1567 loss 0.0233 lr 3e-04 (146s)
[18:39:13]   [cls-r2] Epoch 20 완료 | train L1 0.0233 | val argmax-MAE 8.91 | 개선없음 1/10
[18:39:22]   [cls-r2] ep21 100/1567 loss 0.0226 lr 3e-04 (9s)
[18:39:31]   [cls-r2] ep21 200/1567 loss 0.0226 lr 3e-04 (18s)
[18:39:41]   [cls-r2] ep21 300/1567 loss 0.0225 lr 3e-04 (28s)
[18:39:50]   [cls-r2] ep21 400/1567 loss 0.0221 lr 3e-04 (37s)
[18:39:59]   [cls-r2] ep21 500/1567 loss 0.0223 lr 3e-04 (46s)
[18:40:09]   [cls-r2] ep21 600/1567 loss 0.0220 lr 3e-04 (56s)
[18:40:18]   [cls-r2] ep21 700/1567 loss 0.0220 lr 3e-04 (65s)
[18:40:27]   [cls-r2] ep21 800/1567 loss 0.0220 lr 3e-04 (74s)
[18:40:37]   [cls-r2] ep21 900/1567 loss 0.0221 lr 3e-04 (83s)
[18:40:46]   [cls-r2] ep21 1000/1567 loss 0.0221 lr 3e-04 (93s)
[18:40:55]   [cls-r2] ep21 1100/1567 loss 0.0220 lr 3e-04 (102s)
[18:41:05]   [cls-r2] ep21 1200/1567 loss 0.0220 lr 3e-04 (111s)
[18:41:14]   [cls-r2] ep21 1300/1567 loss 0.0220 lr 3e-04 (121s)
[18:41:23]   [cls-r2] ep21 1400/1567 loss 0.0221 lr 3e-04 (130s)
[18:41:32]   [cls-r2] ep21 1500/1567 loss 0.0220 lr 3e-04 (139s)
[18:41:39]   [cls-r2] ep21 1567/1567 loss 0.0220 lr 3e-04 (145s)
[18:41:48]   [cls-r2] Epoch 21 완료 | train L1 0.0220 | val argmax-MAE 8.91 | 개선없음 2/10
[18:41:57]   [cls-r2] ep22 100/1567 loss 0.0207 lr 3e-04 (9s)
[18:42:06]   [cls-r2] ep22 200/1567 loss 0.0210 lr 3e-04 (19s)
[18:42:16]   [cls-r2] ep22 300/1567 loss 0.0204 lr 3e-04 (28s)
[18:42:25]   [cls-r2] ep22 400/1567 loss 0.0203 lr 3e-04 (37s)
[18:42:34]   [cls-r2] ep22 500/1567 loss 0.0213 lr 3e-04 (46s)
[18:42:44]   [cls-r2] ep22 600/1567 loss 0.0215 lr 3e-04 (56s)
[18:42:53]   [cls-r2] ep22 700/1567 loss 0.0214 lr 3e-04 (65s)
[18:43:02]   [cls-r2] ep22 800/1567 loss 0.0214 lr 3e-04 (74s)
[18:43:12]   [cls-r2] ep22 900/1567 loss 0.0214 lr 3e-04 (84s)
[18:43:21]   [cls-r2] ep22 1000/1567 loss 0.0214 lr 3e-04 (93s)
[18:43:30]   [cls-r2] ep22 1100/1567 loss 0.0215 lr 3e-04 (102s)
[18:43:39]   [cls-r2] ep22 1200/1567 loss 0.0215 lr 3e-04 (111s)
[18:43:49]   [cls-r2] ep22 1300/1567 loss 0.0214 lr 3e-04 (121s)
[18:43:58]   [cls-r2] ep22 1400/1567 loss 0.0216 lr 3e-04 (130s)
[18:44:07]   [cls-r2] ep22 1500/1567 loss 0.0216 lr 3e-04 (139s)
[18:44:13]   [cls-r2] ep22 1567/1567 loss 0.0216 lr 3e-04 (146s)
[18:44:22]   [cls-r2] Epoch 22 완료 | train L1 0.0216 | val argmax-MAE 8.84 | 개선없음 3/10
[18:44:32]   [cls-r2] ep23 100/1567 loss 0.0202 lr 3e-04 (9s)
[18:44:41]   [cls-r2] ep23 200/1567 loss 0.0207 lr 3e-04 (18s)
[18:44:50]   [cls-r2] ep23 300/1567 loss 0.0211 lr 3e-04 (28s)
[18:45:00]   [cls-r2] ep23 400/1567 loss 0.0209 lr 3e-04 (37s)
[18:45:09]   [cls-r2] ep23 500/1567 loss 0.0206 lr 3e-04 (46s)
[18:45:18]   [cls-r2] ep23 600/1567 loss 0.0210 lr 3e-04 (56s)
[18:45:28]   [cls-r2] ep23 700/1567 loss 0.0211 lr 3e-04 (65s)
[18:45:37]   [cls-r2] ep23 800/1567 loss 0.0212 lr 3e-04 (74s)
[18:45:46]   [cls-r2] ep23 900/1567 loss 0.0211 lr 3e-04 (83s)
[18:45:56]   [cls-r2] ep23 1000/1567 loss 0.0210 lr 3e-04 (93s)
[18:46:05]   [cls-r2] ep23 1100/1567 loss 0.0209 lr 3e-04 (102s)
[18:46:14]   [cls-r2] ep23 1200/1567 loss 0.0210 lr 3e-04 (111s)
[18:46:23]   [cls-r2] ep23 1300/1567 loss 0.0209 lr 3e-04 (121s)
[18:46:33]   [cls-r2] ep23 1400/1567 loss 0.0210 lr 3e-04 (130s)
[18:46:42]   [cls-r2] ep23 1500/1567 loss 0.0210 lr 3e-04 (139s)
[18:46:48]   [cls-r2] ep23 1567/1567 loss 0.0211 lr 3e-04 (145s)
[18:46:57]   [cls-r2] Epoch 23 완료 | train L1 0.0211 | val argmax-MAE 9.03 | 개선없음 4/10
[18:47:07]   [cls-r2] ep24 100/1567 loss 0.0211 lr 3e-04 (9s)
[18:47:16]   [cls-r2] ep24 200/1567 loss 0.0207 lr 3e-04 (19s)
[18:47:25]   [cls-r2] ep24 300/1567 loss 0.0208 lr 3e-04 (28s)
[18:47:35]   [cls-r2] ep24 400/1567 loss 0.0203 lr 3e-04 (37s)
[18:47:44]   [cls-r2] ep24 500/1567 loss 0.0202 lr 3e-04 (46s)
[18:47:53]   [cls-r2] ep24 600/1567 loss 0.0201 lr 3e-04 (56s)
[18:48:03]   [cls-r2] ep24 700/1567 loss 0.0204 lr 3e-04 (65s)
[18:48:12]   [cls-r2] ep24 800/1567 loss 0.0204 lr 3e-04 (74s)
[18:48:21]   [cls-r2] ep24 900/1567 loss 0.0203 lr 3e-04 (84s)
[18:48:31]   [cls-r2] ep24 1000/1567 loss 0.0203 lr 3e-04 (93s)
[18:48:40]   [cls-r2] ep24 1100/1567 loss 0.0203 lr 3e-04 (102s)
[18:48:49]   [cls-r2] ep24 1200/1567 loss 0.0203 lr 3e-04 (112s)
[18:48:58]   [cls-r2] ep24 1300/1567 loss 0.0204 lr 3e-04 (121s)
[18:49:08]   [cls-r2] ep24 1400/1567 loss 0.0205 lr 3e-04 (130s)
[18:49:17]   [cls-r2] ep24 1500/1567 loss 0.0205 lr 3e-04 (139s)
[18:49:23]   [cls-r2] ep24 1567/1567 loss 0.0205 lr 3e-04 (146s)
[18:49:32]   [cls-r2] Epoch 24 완료 | train L1 0.0205 | val argmax-MAE 8.97 | 개선없음 5/10
[18:49:42]   [cls-r2] ep25 100/1567 loss 0.0200 lr 3e-04 (9s)
[18:49:51]   [cls-r2] ep25 200/1567 loss 0.0205 lr 3e-04 (19s)
[18:50:00]   [cls-r2] ep25 300/1567 loss 0.0198 lr 3e-04 (28s)
[18:50:10]   [cls-r2] ep25 400/1567 loss 0.0199 lr 3e-04 (37s)
[18:50:19]   [cls-r2] ep25 500/1567 loss 0.0202 lr 3e-04 (46s)
[18:50:28]   [cls-r2] ep25 600/1567 loss 0.0201 lr 3e-04 (56s)
[18:50:38]   [cls-r2] ep25 700/1567 loss 0.0201 lr 3e-04 (65s)
[18:50:47]   [cls-r2] ep25 800/1567 loss 0.0199 lr 3e-04 (74s)
[18:50:56]   [cls-r2] ep25 900/1567 loss 0.0198 lr 3e-04 (84s)
[18:51:05]   [cls-r2] ep25 1000/1567 loss 0.0198 lr 3e-04 (93s)
[18:51:15]   [cls-r2] ep25 1100/1567 loss 0.0199 lr 3e-04 (102s)
[18:51:24]   [cls-r2] ep25 1200/1567 loss 0.0201 lr 3e-04 (112s)
[18:51:33]   [cls-r2] ep25 1300/1567 loss 0.0200 lr 3e-04 (121s)
[18:51:43]   [cls-r2] ep25 1400/1567 loss 0.0200 lr 3e-04 (130s)
[18:51:52]   [cls-r2] ep25 1500/1567 loss 0.0198 lr 3e-04 (139s)
[18:51:58]   [cls-r2] ep25 1567/1567 loss 0.0198 lr 3e-04 (146s)
[18:52:07]   [cls-r2] Epoch 25 완료 | train L1 0.0198 | val argmax-MAE 8.93 | 개선없음 6/10
[18:52:17]   [cls-r2] ep26 100/1567 loss 0.0182 lr 3e-04 (9s)
[18:52:26]   [cls-r2] ep26 200/1567 loss 0.0186 lr 3e-04 (19s)
[18:52:35]   [cls-r2] ep26 300/1567 loss 0.0191 lr 3e-04 (28s)
[18:52:45]   [cls-r2] ep26 400/1567 loss 0.0191 lr 3e-04 (37s)
[18:52:54]   [cls-r2] ep26 500/1567 loss 0.0192 lr 3e-04 (46s)
[18:53:03]   [cls-r2] ep26 600/1567 loss 0.0192 lr 3e-04 (56s)
[18:53:13]   [cls-r2] ep26 700/1567 loss 0.0192 lr 3e-04 (65s)
[18:53:22]   [cls-r2] ep26 800/1567 loss 0.0193 lr 3e-04 (74s)
[18:53:31]   [cls-r2] ep26 900/1567 loss 0.0192 lr 3e-04 (84s)
[18:53:40]   [cls-r2] ep26 1000/1567 loss 0.0192 lr 3e-04 (93s)
[18:53:50]   [cls-r2] ep26 1100/1567 loss 0.0193 lr 3e-04 (102s)
[18:53:59]   [cls-r2] ep26 1200/1567 loss 0.0194 lr 3e-04 (112s)
[18:54:08]   [cls-r2] ep26 1300/1567 loss 0.0193 lr 3e-04 (121s)
[18:54:18]   [cls-r2] ep26 1400/1567 loss 0.0194 lr 3e-04 (130s)
[18:54:27]   [cls-r2] ep26 1500/1567 loss 0.0194 lr 3e-04 (139s)
[18:54:33]   [cls-r2] ep26 1567/1567 loss 0.0194 lr 3e-04 (146s)
[18:54:42]   [cls-r2] Epoch 26 완료 | train L1 0.0194 | val argmax-MAE 8.97 | 개선없음 7/10
[18:54:52]   [cls-r2] ep27 100/1567 loss 0.0185 lr 3e-04 (9s)
[18:55:01]   [cls-r2] ep27 200/1567 loss 0.0192 lr 3e-04 (19s)
[18:55:10]   [cls-r2] ep27 300/1567 loss 0.0187 lr 3e-04 (28s)
[18:55:20]   [cls-r2] ep27 400/1567 loss 0.0186 lr 3e-04 (37s)
[18:55:29]   [cls-r2] ep27 500/1567 loss 0.0186 lr 3e-04 (46s)
[18:55:38]   [cls-r2] ep27 600/1567 loss 0.0184 lr 3e-04 (56s)
[18:55:48]   [cls-r2] ep27 700/1567 loss 0.0188 lr 3e-04 (65s)
[18:55:57]   [cls-r2] ep27 800/1567 loss 0.0188 lr 3e-04 (74s)
[18:56:06]   [cls-r2] ep27 900/1567 loss 0.0189 lr 3e-04 (84s)
[18:56:16]   [cls-r2] ep27 1000/1567 loss 0.0191 lr 3e-04 (93s)
[18:56:25]   [cls-r2] ep27 1100/1567 loss 0.0192 lr 3e-04 (102s)
[18:56:34]   [cls-r2] ep27 1200/1567 loss 0.0191 lr 3e-04 (112s)
[18:56:43]   [cls-r2] ep27 1300/1567 loss 0.0191 lr 3e-04 (121s)
[18:56:53]   [cls-r2] ep27 1400/1567 loss 0.0190 lr 3e-04 (130s)
[18:57:02]   [cls-r2] ep27 1500/1567 loss 0.0190 lr 3e-04 (140s)
[18:57:08]   [cls-r2] ep27 1567/1567 loss 0.0189 lr 3e-04 (146s)
[18:57:17]   [cls-r2] Epoch 27 완료 | train L1 0.0189 | val argmax-MAE 8.75 | 개선없음 8/10
[18:57:27]   [cls-r2] ep28 100/1567 loss 0.0173 lr 3e-04 (9s)
[18:57:36]   [cls-r2] ep28 200/1567 loss 0.0181 lr 3e-04 (18s)
[18:57:45]   [cls-r2] ep28 300/1567 loss 0.0181 lr 3e-04 (28s)
[18:57:55]   [cls-r2] ep28 400/1567 loss 0.0184 lr 3e-04 (37s)
[18:58:04]   [cls-r2] ep28 500/1567 loss 0.0182 lr 3e-04 (46s)
[18:58:13]   [cls-r2] ep28 600/1567 loss 0.0182 lr 3e-04 (56s)
[18:58:22]   [cls-r2] ep28 700/1567 loss 0.0183 lr 3e-04 (65s)
[18:58:32]   [cls-r2] ep28 800/1567 loss 0.0183 lr 3e-04 (74s)
[18:58:41]   [cls-r2] ep28 900/1567 loss 0.0183 lr 3e-04 (83s)
[18:58:50]   [cls-r2] ep28 1000/1567 loss 0.0183 lr 3e-04 (92s)
[18:58:59]   [cls-r2] ep28 1100/1567 loss 0.0184 lr 3e-04 (102s)
[18:59:09]   [cls-r2] ep28 1200/1567 loss 0.0184 lr 3e-04 (111s)
[18:59:18]   [cls-r2] ep28 1300/1567 loss 0.0184 lr 3e-04 (120s)
[18:59:27]   [cls-r2] ep28 1400/1567 loss 0.0183 lr 3e-04 (129s)
[18:59:36]   [cls-r2] ep28 1500/1567 loss 0.0182 lr 3e-04 (139s)
[18:59:43]   [cls-r2] ep28 1567/1567 loss 0.0183 lr 3e-04 (145s)
[18:59:51]   [cls-r2] Epoch 28 완료 | train L1 0.0183 | val argmax-MAE 8.75 | 개선없음 9/10
[19:00:01]   [cls-r2] ep29 100/1567 loss 0.0178 lr 3e-04 (9s)
[19:00:10]   [cls-r2] ep29 200/1567 loss 0.0171 lr 3e-04 (19s)
[19:00:20]   [cls-r2] ep29 300/1567 loss 0.0177 lr 3e-04 (28s)
[19:00:29]   [cls-r2] ep29 400/1567 loss 0.0180 lr 3e-04 (37s)
[19:00:38]   [cls-r2] ep29 500/1567 loss 0.0183 lr 3e-04 (46s)
[19:00:48]   [cls-r2] ep29 600/1567 loss 0.0184 lr 3e-04 (56s)
[19:00:57]   [cls-r2] ep29 700/1567 loss 0.0183 lr 3e-04 (65s)
[19:01:06]   [cls-r2] ep29 800/1567 loss 0.0185 lr 3e-04 (74s)
[19:01:15]   [cls-r2] ep29 900/1567 loss 0.0183 lr 3e-04 (84s)
[19:01:25]   [cls-r2] ep29 1000/1567 loss 0.0182 lr 3e-04 (93s)
[19:01:34]   [cls-r2] ep29 1100/1567 loss 0.0180 lr 3e-04 (102s)
[19:01:43]   [cls-r2] ep29 1200/1567 loss 0.0180 lr 3e-04 (111s)
[19:01:53]   [cls-r2] ep29 1300/1567 loss 0.0181 lr 3e-04 (121s)
[19:02:02]   [cls-r2] ep29 1400/1567 loss 0.0181 lr 3e-04 (130s)
[19:02:11]   [cls-r2] ep29 1500/1567 loss 0.0183 lr 3e-04 (139s)
[19:02:17]   [cls-r2] ep29 1567/1567 loss 0.0182 lr 3e-04 (145s)
[19:02:26]   [cls-r2] Epoch 29 완료 | train L1 0.0182 | val argmax-MAE 8.64 | * best 저장 (8.64)
[19:02:36]   [cls-r2] ep30 100/1567 loss 0.0186 lr 3e-04 (9s)
[19:02:45]   [cls-r2] ep30 200/1567 loss 0.0181 lr 3e-04 (19s)
[19:02:55]   [cls-r2] ep30 300/1567 loss 0.0179 lr 3e-04 (28s)
[19:03:04]   [cls-r2] ep30 400/1567 loss 0.0178 lr 3e-04 (37s)
[19:03:13]   [cls-r2] ep30 500/1567 loss 0.0177 lr 3e-04 (46s)
[19:03:22]   [cls-r2] ep30 600/1567 loss 0.0172 lr 3e-04 (56s)
[19:03:32]   [cls-r2] ep30 700/1567 loss 0.0170 lr 3e-04 (65s)
[19:03:41]   [cls-r2] ep30 800/1567 loss 0.0172 lr 3e-04 (74s)
[19:03:50]   [cls-r2] ep30 900/1567 loss 0.0172 lr 3e-04 (84s)
[19:03:59]   [cls-r2] ep30 1000/1567 loss 0.0171 lr 3e-04 (93s)
[19:04:09]   [cls-r2] ep30 1100/1567 loss 0.0171 lr 3e-04 (102s)
[19:04:18]   [cls-r2] ep30 1200/1567 loss 0.0172 lr 3e-04 (111s)
[19:04:27]   [cls-r2] ep30 1300/1567 loss 0.0173 lr 3e-04 (121s)
[19:04:37]   [cls-r2] ep30 1400/1567 loss 0.0174 lr 3e-04 (130s)
[19:04:46]   [cls-r2] ep30 1500/1567 loss 0.0174 lr 3e-04 (139s)
[19:04:52]   [cls-r2] ep30 1567/1567 loss 0.0174 lr 3e-04 (145s)
[19:05:01]   [cls-r2] Epoch 30 완료 | train L1 0.0174 | val argmax-MAE 9.07 | 개선없음 1/10
[19:05:10]   [cls-r2] ep31 100/1567 loss 0.0184 lr 3e-04 (9s)
[19:05:20]   [cls-r2] ep31 200/1567 loss 0.0173 lr 3e-04 (19s)
[19:05:29]   [cls-r2] ep31 300/1567 loss 0.0177 lr 3e-04 (28s)
[19:05:38]   [cls-r2] ep31 400/1567 loss 0.0177 lr 3e-04 (37s)
[19:05:47]   [cls-r2] ep31 500/1567 loss 0.0173 lr 3e-04 (47s)
[19:05:57]   [cls-r2] ep31 600/1567 loss 0.0176 lr 3e-04 (56s)
[19:06:06]   [cls-r2] ep31 700/1567 loss 0.0174 lr 3e-04 (65s)
[19:06:15]   [cls-r2] ep31 800/1567 loss 0.0173 lr 3e-04 (74s)
[19:06:25]   [cls-r2] ep31 900/1567 loss 0.0175 lr 3e-04 (84s)
[19:06:34]   [cls-r2] ep31 1000/1567 loss 0.0176 lr 3e-04 (93s)
[19:06:43]   [cls-r2] ep31 1100/1567 loss 0.0175 lr 3e-04 (102s)
[19:06:52]   [cls-r2] ep31 1200/1567 loss 0.0175 lr 3e-04 (111s)
[19:07:02]   [cls-r2] ep31 1300/1567 loss 0.0175 lr 3e-04 (121s)
[19:07:11]   [cls-r2] ep31 1400/1567 loss 0.0176 lr 3e-04 (130s)
[19:07:20]   [cls-r2] ep31 1500/1567 loss 0.0175 lr 3e-04 (139s)
[19:07:26]   [cls-r2] ep31 1567/1567 loss 0.0176 lr 3e-04 (145s)
[19:07:35]   [cls-r2] Epoch 31 완료 | train L1 0.0176 | val argmax-MAE 8.68 | 개선없음 2/10
[19:07:45]   [cls-r2] ep32 100/1567 loss 0.0164 lr 3e-04 (9s)
[19:07:54]   [cls-r2] ep32 200/1567 loss 0.0173 lr 3e-04 (18s)
[19:08:03]   [cls-r2] ep32 300/1567 loss 0.0172 lr 3e-04 (28s)
[19:08:13]   [cls-r2] ep32 400/1567 loss 0.0173 lr 3e-04 (37s)
[19:08:22]   [cls-r2] ep32 500/1567 loss 0.0169 lr 3e-04 (46s)
[19:08:31]   [cls-r2] ep32 600/1567 loss 0.0168 lr 3e-04 (56s)
[19:08:40]   [cls-r2] ep32 700/1567 loss 0.0167 lr 3e-04 (65s)
[19:08:50]   [cls-r2] ep32 800/1567 loss 0.0170 lr 3e-04 (74s)
[19:08:59]   [cls-r2] ep32 900/1567 loss 0.0169 lr 3e-04 (83s)
[19:09:08]   [cls-r2] ep32 1000/1567 loss 0.0169 lr 3e-04 (93s)
[19:09:18]   [cls-r2] ep32 1100/1567 loss 0.0167 lr 3e-04 (102s)
[19:09:27]   [cls-r2] ep32 1200/1567 loss 0.0167 lr 3e-04 (111s)
[19:09:36]   [cls-r2] ep32 1300/1567 loss 0.0169 lr 3e-04 (121s)
[19:09:46]   [cls-r2] ep32 1400/1567 loss 0.0169 lr 3e-04 (130s)
[19:09:55]   [cls-r2] ep32 1500/1567 loss 0.0169 lr 3e-04 (139s)
[19:10:01]   [cls-r2] ep32 1567/1567 loss 0.0170 lr 3e-04 (146s)
[19:10:09]   [cls-r2] Epoch 32 완료 | train L1 0.0170 | val argmax-MAE 8.87 | 개선없음 3/10
[19:10:19]   [cls-r2] ep33 100/1567 loss 0.0162 lr 3e-04 (9s)
[19:10:28]   [cls-r2] ep33 200/1567 loss 0.0165 lr 3e-04 (19s)
[19:10:37]   [cls-r2] ep33 300/1567 loss 0.0163 lr 3e-04 (28s)
[19:10:47]   [cls-r2] ep33 400/1567 loss 0.0165 lr 3e-04 (37s)
[19:10:56]   [cls-r2] ep33 500/1567 loss 0.0165 lr 3e-04 (47s)
[19:11:05]   [cls-r2] ep33 600/1567 loss 0.0167 lr 3e-04 (56s)
[19:11:15]   [cls-r2] ep33 700/1567 loss 0.0167 lr 3e-04 (65s)
[19:11:24]   [cls-r2] ep33 800/1567 loss 0.0167 lr 3e-04 (75s)
[19:11:33]   [cls-r2] ep33 900/1567 loss 0.0166 lr 3e-04 (84s)
[19:11:43]   [cls-r2] ep33 1000/1567 loss 0.0166 lr 3e-04 (93s)
[19:11:52]   [cls-r2] ep33 1100/1567 loss 0.0165 lr 3e-04 (102s)
[19:12:01]   [cls-r2] ep33 1200/1567 loss 0.0165 lr 3e-04 (111s)
[19:12:10]   [cls-r2] ep33 1300/1567 loss 0.0165 lr 3e-04 (120s)
[19:12:19]   [cls-r2] ep33 1400/1567 loss 0.0164 lr 3e-04 (130s)
[19:12:28]   [cls-r2] ep33 1500/1567 loss 0.0164 lr 3e-04 (139s)
[19:12:34]   [cls-r2] ep33 1567/1567 loss 0.0164 lr 3e-04 (145s)
[19:12:43]   [cls-r2] Epoch 33 완료 | train L1 0.0164 | val argmax-MAE 8.99 | 개선없음 4/10
[19:12:52]   [cls-r2] ep34 100/1567 loss 0.0163 lr 3e-04 (9s)
[19:13:00]   [cls-r2] ep34 200/1567 loss 0.0164 lr 3e-04 (17s)
[19:13:09]   [cls-r2] ep34 300/1567 loss 0.0156 lr 3e-04 (26s)
[19:13:18]   [cls-r2] ep34 400/1567 loss 0.0158 lr 3e-04 (35s)
[19:13:27]   [cls-r2] ep34 500/1567 loss 0.0161 lr 3e-04 (44s)
[19:13:37]   [cls-r2] ep34 600/1567 loss 0.0159 lr 3e-04 (53s)
[19:13:46]   [cls-r2] ep34 700/1567 loss 0.0161 lr 3e-04 (63s)
[19:13:55]   [cls-r2] ep34 800/1567 loss 0.0161 lr 3e-04 (72s)
[19:14:04]   [cls-r2] ep34 900/1567 loss 0.0162 lr 3e-04 (81s)
[19:14:13]   [cls-r2] ep34 1000/1567 loss 0.0162 lr 3e-04 (90s)
[19:14:23]   [cls-r2] ep34 1100/1567 loss 0.0160 lr 3e-04 (100s)
[19:14:32]   [cls-r2] ep34 1200/1567 loss 0.0160 lr 3e-04 (109s)
[19:14:41]   [cls-r2] ep34 1300/1567 loss 0.0159 lr 3e-04 (118s)
[19:14:51]   [cls-r2] ep34 1400/1567 loss 0.0159 lr 3e-04 (127s)
[19:15:00]   [cls-r2] ep34 1500/1567 loss 0.0160 lr 3e-04 (137s)
[19:15:06]   [cls-r2] ep34 1567/1567 loss 0.0160 lr 3e-04 (143s)
[19:15:15]   [cls-r2] Epoch 34 완료 | train L1 0.0160 | val argmax-MAE 8.83 | 개선없음 5/10
[19:15:25]   [cls-r2] ep35 100/1567 loss 0.0148 lr 3e-04 (9s)
[19:15:34]   [cls-r2] ep35 200/1567 loss 0.0148 lr 3e-04 (19s)
[19:15:43]   [cls-r2] ep35 300/1567 loss 0.0152 lr 3e-04 (28s)
[19:15:52]   [cls-r2] ep35 400/1567 loss 0.0155 lr 3e-04 (37s)
[19:16:02]   [cls-r2] ep35 500/1567 loss 0.0158 lr 3e-04 (46s)
[19:16:11]   [cls-r2] ep35 600/1567 loss 0.0157 lr 3e-04 (56s)
[19:16:20]   [cls-r2] ep35 700/1567 loss 0.0156 lr 3e-04 (65s)
[19:16:30]   [cls-r2] ep35 800/1567 loss 0.0156 lr 3e-04 (74s)
[19:16:39]   [cls-r2] ep35 900/1567 loss 0.0155 lr 3e-04 (83s)
[19:16:48]   [cls-r2] ep35 1000/1567 loss 0.0156 lr 3e-04 (92s)
[19:16:57]   [cls-r2] ep35 1100/1567 loss 0.0156 lr 3e-04 (102s)
[19:17:06]   [cls-r2] ep35 1200/1567 loss 0.0157 lr 3e-04 (111s)
[19:17:16]   [cls-r2] ep35 1300/1567 loss 0.0157 lr 3e-04 (120s)
[19:17:25]   [cls-r2] ep35 1400/1567 loss 0.0156 lr 3e-04 (129s)
[19:17:34]   [cls-r2] ep35 1500/1567 loss 0.0158 lr 3e-04 (138s)
[19:17:40]   [cls-r2] ep35 1567/1567 loss 0.0158 lr 3e-04 (144s)
[19:17:48]   [cls-r2] Epoch 35 완료 | train L1 0.0158 | val argmax-MAE 8.77 | 개선없음 6/10
[19:17:57]   [cls-r2] ep36 100/1567 loss 0.0154 lr 3e-04 (9s)
[19:18:06]   [cls-r2] ep36 200/1567 loss 0.0150 lr 3e-04 (18s)
[19:18:15]   [cls-r2] ep36 300/1567 loss 0.0151 lr 3e-04 (27s)
[19:18:24]   [cls-r2] ep36 400/1567 loss 0.0153 lr 3e-04 (36s)
[19:18:33]   [cls-r2] ep36 500/1567 loss 0.0156 lr 3e-04 (45s)
[19:18:42]   [cls-r2] ep36 600/1567 loss 0.0158 lr 3e-04 (54s)
[19:18:52]   [cls-r2] ep36 700/1567 loss 0.0157 lr 3e-04 (64s)
[19:19:04]   [cls-r2] ep36 800/1567 loss 0.0156 lr 3e-04 (76s)
[19:19:16]   [cls-r2] ep36 900/1567 loss 0.0156 lr 3e-04 (88s)
[19:19:28]   [cls-r2] ep36 1000/1567 loss 0.0155 lr 3e-04 (99s)
[19:19:39]   [cls-r2] ep36 1100/1567 loss 0.0155 lr 3e-04 (111s)
[19:19:51]   [cls-r2] ep36 1200/1567 loss 0.0155 lr 3e-04 (123s)
[19:20:02]   [cls-r2] ep36 1300/1567 loss 0.0154 lr 3e-04 (134s)
[19:20:14]   [cls-r2] ep36 1400/1567 loss 0.0154 lr 3e-04 (146s)
[19:20:26]   [cls-r2] ep36 1500/1567 loss 0.0154 lr 3e-04 (158s)
[19:20:34]   [cls-r2] ep36 1567/1567 loss 0.0154 lr 3e-04 (166s)
[19:20:43]   [cls-r2] Epoch 36 완료 | train L1 0.0154 | val argmax-MAE 8.76 | 개선없음 7/10
[19:20:56]   [cls-r2] ep37 100/1567 loss 0.0143 lr 3e-04 (12s)
[19:21:07]   [cls-r2] ep37 200/1567 loss 0.0146 lr 3e-04 (23s)
[19:21:19]   [cls-r2] ep37 300/1567 loss 0.0147 lr 3e-04 (35s)
[19:21:30]   [cls-r2] ep37 400/1567 loss 0.0148 lr 3e-04 (46s)
[19:21:40]   [cls-r2] ep37 500/1567 loss 0.0147 lr 3e-04 (56s)
[19:21:49]   [cls-r2] ep37 600/1567 loss 0.0144 lr 3e-04 (65s)
[19:22:00]   [cls-r2] ep37 700/1567 loss 0.0145 lr 3e-04 (76s)
[19:22:12]   [cls-r2] ep37 800/1567 loss 0.0147 lr 3e-04 (88s)
[19:22:24]   [cls-r2] ep37 900/1567 loss 0.0149 lr 3e-04 (100s)
[19:22:36]   [cls-r2] ep37 1000/1567 loss 0.0149 lr 3e-04 (112s)
[19:22:48]   [cls-r2] ep37 1100/1567 loss 0.0151 lr 3e-04 (124s)
[19:23:00]   [cls-r2] ep37 1200/1567 loss 0.0152 lr 3e-04 (136s)
[19:23:13]   [cls-r2] ep37 1300/1567 loss 0.0153 lr 3e-04 (149s)
[19:23:25]   [cls-r2] ep37 1400/1567 loss 0.0152 lr 3e-04 (161s)
[19:23:37]   [cls-r2] ep37 1500/1567 loss 0.0152 lr 3e-04 (173s)
[19:23:45]   [cls-r2] ep37 1567/1567 loss 0.0152 lr 3e-04 (181s)
[19:23:55]   [cls-r2] Epoch 37 완료 | train L1 0.0152 | val argmax-MAE 8.87 | 개선없음 8/10
[19:24:07]   [cls-r2] ep38 100/1567 loss 0.0141 lr 3e-04 (12s)
[19:24:19]   [cls-r2] ep38 200/1567 loss 0.0148 lr 3e-04 (24s)
[19:24:31]   [cls-r2] ep38 300/1567 loss 0.0149 lr 3e-04 (36s)
[19:24:44]   [cls-r2] ep38 400/1567 loss 0.0149 lr 3e-04 (48s)
[19:24:56]   [cls-r2] ep38 500/1567 loss 0.0147 lr 3e-04 (61s)
[19:25:08]   [cls-r2] ep38 600/1567 loss 0.0149 lr 3e-04 (73s)
[19:25:20]   [cls-r2] ep38 700/1567 loss 0.0147 lr 3e-04 (85s)
[19:25:33]   [cls-r2] ep38 800/1567 loss 0.0149 lr 3e-04 (97s)
[19:25:45]   [cls-r2] ep38 900/1567 loss 0.0148 lr 3e-04 (109s)
[19:25:57]   [cls-r2] ep38 1000/1567 loss 0.0147 lr 3e-04 (122s)
[19:26:09]   [cls-r2] ep38 1100/1567 loss 0.0146 lr 3e-04 (134s)
[19:26:21]   [cls-r2] ep38 1200/1567 loss 0.0145 lr 3e-04 (145s)
[19:26:33]   [cls-r2] ep38 1300/1567 loss 0.0146 lr 3e-04 (158s)
[19:26:46]   [cls-r2] ep38 1400/1567 loss 0.0146 lr 3e-04 (170s)
[19:26:58]   [cls-r2] ep38 1500/1567 loss 0.0147 lr 3e-04 (183s)
[19:27:06]   [cls-r2] ep38 1567/1567 loss 0.0148 lr 3e-04 (191s)
[19:27:16]   [cls-r2] Epoch 38 완료 | train L1 0.0148 | val argmax-MAE 9.02 | 개선없음 9/10
[19:27:29]   [cls-r2] ep39 100/1567 loss 0.0141 lr 3e-04 (12s)
[19:27:41]   [cls-r2] ep39 200/1567 loss 0.0143 lr 3e-04 (24s)
[19:27:54]   [cls-r2] ep39 300/1567 loss 0.0141 lr 3e-04 (37s)
[19:28:06]   [cls-r2] ep39 400/1567 loss 0.0142 lr 3e-04 (49s)
[19:28:17]   [cls-r2] ep39 500/1567 loss 0.0144 lr 3e-04 (60s)
[19:28:29]   [cls-r2] ep39 600/1567 loss 0.0144 lr 3e-04 (72s)
[19:28:42]   [cls-r2] ep39 700/1567 loss 0.0141 lr 3e-04 (85s)
[19:28:54]   [cls-r2] ep39 800/1567 loss 0.0142 lr 3e-04 (97s)
[19:29:06]   [cls-r2] ep39 900/1567 loss 0.0142 lr 3e-04 (109s)
[19:29:18]   [cls-r2] ep39 1000/1567 loss 0.0142 lr 3e-04 (121s)
[19:29:31]   [cls-r2] ep39 1100/1567 loss 0.0144 lr 3e-04 (134s)
[19:29:43]   [cls-r2] ep39 1200/1567 loss 0.0144 lr 3e-04 (146s)
[19:29:55]   [cls-r2] ep39 1300/1567 loss 0.0144 lr 3e-04 (159s)
[19:30:08]   [cls-r2] ep39 1400/1567 loss 0.0144 lr 3e-04 (171s)
[19:30:19]   [cls-r2] ep39 1500/1567 loss 0.0144 lr 3e-04 (183s)
[19:30:27]   [cls-r2] ep39 1567/1567 loss 0.0144 lr 3e-04 (190s)
[19:30:37]   [cls-r2] Epoch 39 완료 | train L1 0.0144 | val argmax-MAE 9.20 | 개선없음 10/10
[19:30:37]   [cls-r2] 조기종료 | best argmax-MAE 8.64 @ epoch 29
[19:31:23]   [r2] train 1000/12539 (마스크실패 0)
[19:32:03]   [r2] train 2000/12539 (마스크실패 0)
[19:32:46]   [r2] train 3000/12539 (마스크실패 0)
[19:33:31]   [r2] train 4000/12539 (마스크실패 0)
[19:34:16]   [r2] train 5000/12539 (마스크실패 0)
[19:35:00]   [r2] train 6000/12539 (마스크실패 0)
[19:35:41]   [r2] train 7000/12539 (마스크실패 0)
[19:36:22]   [r2] train 8000/12539 (마스크실패 0)
[19:37:04]   [r2] train 9000/12539 (마스크실패 0)
[19:37:44]   [r2] train 10000/12539 (마스크실패 0)
[19:38:25]   [r2] train 11000/12539 (마스크실패 0)
[19:39:06]   [r2] train 12000/12539 (마스크실패 0)
[19:39:28] [r2:train] 정상 12539 | 마스크실패(전체영역 대체) 0 | 파일없음 0
[19:40:08]   [r2] val 1000/1425 (마스크실패 0)
[19:40:25] [r2:val] 정상 1425 | 마스크실패(전체영역 대체) 0 | 파일없음 0
[19:40:35] [r2:test] 정상 200 | 마스크실패(전체영역 대체) 0 | 파일없음 0
[19:40:35] bbox 로그 저장: G:\Project\sinra_cho\checkpoints_attention_v2\roi_bboxes.csv
[19:40:35] R1/R2/E 캐시 완료
[19:40:37] RoI QC 시트 저장: G:\Project\sinra_cho\checkpoints_attention_v2\qc_roi.png  <- 수근골이 제대로 잡혔는지 반드시 확인
[19:40:37] Phase II 정규화 div255 | 증강 OFF (논문 기준선)
[19:40:37] Phase II 설정: {'BACKBONE': 'xception', 'IMG_SIZE': 560, 'AGE_BINS': 240, 'GENDER_EMB_DIM': 32, 'HEAD_RELU': True, 'GENDER_RELU': True, 'LDL_DELTA': 15.0, 'LDL_LAMBDA': 0.5, 'AGG_CHANNELS': ['hand', 'r1', 'r2'], 'NORMALIZE': 'div255', 'USE_AUG': False, 'TAU_R1': 30, 'TAU_R2': 30, 'CLS_SIZE_REGION': 560, 'HAND_SQUARE_PAD': False, 'HAND_SOURCE': 'G:\\Project\\sinra_cho\\yolo_crop', 'BOX_CFG': {'r1': {'pad_x': 0.3, 'pad_y': 0.35, 'min_w': 0.55, 'min_h': 0.32}, 'r2': {'pad_x': 0.35, 'pad_y': 0.25, 'min_w': 0.85, 'min_h': 0.28}}, 'MERGE_COMPONENTS': True}
[19:40:37] 조기종료 | Phase I patience 10 | Phase II patience 15 (최소 65에폭 이후)
[19:40:37] 배치 수 | train 1567 | val 179 | test 25
[19:40:38] [backbone] timm 'legacy_xception' 로드 완료 (pretrained=True)
[19:40:38] [reg] backbone out (2048, 18, 18) -> z 6,400 | params 27.1M
[19:40:38] [LDL] loss = l_MAE + 0.5 * D_KL(G||p) | bins 240 | delta 15.0
[19:40:38] Phase II 새로 학습 시작
[19:41:16]   Epoch 001 100/1567 train_mae 22.23 kl 1.219 lr 3e-04 (38s)
[19:41:45]   Epoch 001 200/1567 train_mae 17.89 kl 0.997 lr 3e-04 (67s)
[19:42:14]   Epoch 001 300/1567 train_mae 15.74 kl 0.884 lr 3e-04 (96s)
[19:42:43]   Epoch 001 400/1567 train_mae 14.47 kl 0.783 lr 3e-04 (125s)
[19:43:07]   Epoch 001 500/1567 train_mae 13.44 kl 0.719 lr 3e-04 (149s)
[19:43:33]   Epoch 001 600/1567 train_mae 12.77 kl 0.675 lr 3e-04 (175s)
[19:44:01]   Epoch 001 700/1567 train_mae 12.21 kl 0.637 lr 3e-04 (203s)
[19:44:29]   Epoch 001 800/1567 train_mae 11.80 kl 0.607 lr 3e-04 (232s)
[19:44:59]   Epoch 001 900/1567 train_mae 11.39 kl 0.581 lr 3e-04 (261s)
[19:45:27]   Epoch 001 1000/1567 train_mae 11.08 kl 0.564 lr 3e-04 (289s)
[19:45:55]   Epoch 001 1100/1567 train_mae 10.85 kl 0.549 lr 3e-04 (317s)
[19:46:23]   Epoch 001 1200/1567 train_mae 10.58 kl 0.536 lr 3e-04 (345s)
[19:46:52]   Epoch 001 1300/1567 train_mae 10.38 kl 0.523 lr 3e-04 (374s)
[19:47:20]   Epoch 001 1400/1567 train_mae 10.20 kl 0.511 lr 3e-04 (402s)
[19:47:48]   Epoch 001 1500/1567 train_mae 10.01 kl 0.501 lr 3e-04 (431s)
[19:48:08]   Epoch 001 1567/1567 train_mae 9.90 kl 0.493 lr 3e-04 (450s)
[19:48:51] [Epoch 001 완료] train MAE 9.90 | val MAE 9.89 | val RMSE 12.89 | lr 3e-04 | * best 저장 (val MAE 9.89)
[19:49:11]   Epoch 002 100/1567 train_mae 6.30 kl 0.301 lr 3e-04 (20s)
[19:49:32]   Epoch 002 200/1567 train_mae 6.62 kl 0.296 lr 3e-04 (41s)
[19:49:52]   Epoch 002 300/1567 train_mae 6.58 kl 0.291 lr 3e-04 (61s)
[19:50:12]   Epoch 002 400/1567 train_mae 6.54 kl 0.292 lr 3e-04 (81s)
[19:50:32]   Epoch 002 500/1567 train_mae 6.49 kl 0.289 lr 3e-04 (101s)
[19:50:52]   Epoch 002 600/1567 train_mae 6.62 kl 0.297 lr 3e-04 (121s)
[19:51:13]   Epoch 002 700/1567 train_mae 6.59 kl 0.297 lr 3e-04 (142s)
[19:51:33]   Epoch 002 800/1567 train_mae 6.60 kl 0.297 lr 3e-04 (162s)
[19:51:53]   Epoch 002 900/1567 train_mae 6.61 kl 0.298 lr 3e-04 (182s)
[19:52:14]   Epoch 002 1000/1567 train_mae 6.60 kl 0.296 lr 3e-04 (203s)
[19:52:34]   Epoch 002 1100/1567 train_mae 6.61 kl 0.299 lr 3e-04 (223s)
[19:52:53]   Epoch 002 1200/1567 train_mae 6.60 kl 0.300 lr 3e-04 (242s)
[19:53:13]   Epoch 002 1300/1567 train_mae 6.58 kl 0.300 lr 3e-04 (262s)
[19:53:33]   Epoch 002 1400/1567 train_mae 6.56 kl 0.300 lr 3e-04 (282s)
[19:53:53]   Epoch 002 1500/1567 train_mae 6.57 kl 0.303 lr 3e-04 (302s)
[19:54:06]   Epoch 002 1567/1567 train_mae 6.57 kl 0.302 lr 3e-04 (315s)
[19:54:27] [Epoch 002 완료] train MAE 6.57 | val MAE 9.19 | val RMSE 12.04 | lr 3e-04 | * best 저장 (val MAE 9.19)
[19:54:47]   Epoch 003 100/1567 train_mae 5.63 kl 0.285 lr 3e-04 (20s)
[19:55:07]   Epoch 003 200/1567 train_mae 5.57 kl 0.286 lr 3e-04 (40s)
[19:55:27]   Epoch 003 300/1567 train_mae 5.71 kl 0.284 lr 3e-04 (59s)
[19:55:47]   Epoch 003 400/1567 train_mae 5.78 kl 0.290 lr 3e-04 (79s)
[19:56:06]   Epoch 003 500/1567 train_mae 5.84 kl 0.289 lr 3e-04 (99s)
[19:56:27]   Epoch 003 600/1567 train_mae 5.84 kl 0.290 lr 3e-04 (119s)
[19:56:47]   Epoch 003 700/1567 train_mae 5.92 kl 0.291 lr 3e-04 (139s)
[19:57:07]   Epoch 003 800/1567 train_mae 5.87 kl 0.286 lr 3e-04 (159s)
[19:57:27]   Epoch 003 900/1567 train_mae 5.86 kl 0.283 lr 3e-04 (179s)
[19:57:47]   Epoch 003 1000/1567 train_mae 5.86 kl 0.284 lr 3e-04 (199s)
[19:58:07]   Epoch 003 1100/1567 train_mae 5.87 kl 0.283 lr 3e-04 (219s)
[19:58:27]   Epoch 003 1200/1567 train_mae 5.87 kl 0.283 lr 3e-04 (240s)
[19:58:47]   Epoch 003 1300/1567 train_mae 5.87 kl 0.285 lr 3e-04 (260s)
[19:59:08]   Epoch 003 1400/1567 train_mae 5.85 kl 0.284 lr 3e-04 (280s)
[19:59:28]   Epoch 003 1500/1567 train_mae 5.84 kl 0.284 lr 3e-04 (300s)
[19:59:41]   Epoch 003 1567/1567 train_mae 5.84 kl 0.285 lr 3e-04 (314s)
[20:00:07] [Epoch 003 완료] train MAE 5.84 | val MAE 8.87 | val RMSE 11.55 | lr 3e-04 | * best 저장 (val MAE 8.87)
[20:00:27]   Epoch 004 100/1567 train_mae 5.18 kl 0.276 lr 3e-04 (20s)
[20:00:48]   Epoch 004 200/1567 train_mae 5.32 kl 0.280 lr 3e-04 (40s)
[20:01:07]   Epoch 004 300/1567 train_mae 5.22 kl 0.284 lr 3e-04 (60s)
[20:01:28]   Epoch 004 400/1567 train_mae 5.24 kl 0.284 lr 3e-04 (80s)
[20:01:47]   Epoch 004 500/1567 train_mae 5.20 kl 0.280 lr 3e-04 (100s)
[20:02:08]   Epoch 004 600/1567 train_mae 5.22 kl 0.280 lr 3e-04 (120s)
[20:02:28]   Epoch 004 700/1567 train_mae 5.25 kl 0.280 lr 3e-04 (141s)
[20:02:48]   Epoch 004 800/1567 train_mae 5.27 kl 0.278 lr 3e-04 (161s)
[20:03:08]   Epoch 004 900/1567 train_mae 5.26 kl 0.277 lr 3e-04 (181s)
[20:03:28]   Epoch 004 1000/1567 train_mae 5.29 kl 0.276 lr 3e-04 (201s)
[20:03:48]   Epoch 004 1100/1567 train_mae 5.30 kl 0.278 lr 3e-04 (221s)
[20:04:08]   Epoch 004 1200/1567 train_mae 5.30 kl 0.278 lr 3e-04 (241s)
[20:04:28]   Epoch 004 1300/1567 train_mae 5.29 kl 0.276 lr 3e-04 (261s)
[20:04:48]   Epoch 004 1400/1567 train_mae 5.33 kl 0.278 lr 3e-04 (281s)
[20:05:08]   Epoch 004 1500/1567 train_mae 5.34 kl 0.279 lr 3e-04 (301s)
[20:05:22]   Epoch 004 1567/1567 train_mae 5.34 kl 0.279 lr 3e-04 (315s)
[20:05:46] [Epoch 004 완료] train MAE 5.34 | val MAE 8.84 | val RMSE 11.62 | lr 3e-04 | * best 저장 (val MAE 8.84)
[20:06:07]   Epoch 005 100/1567 train_mae 4.98 kl 0.267 lr 3e-04 (21s)
[20:06:27]   Epoch 005 200/1567 train_mae 5.05 kl 0.273 lr 3e-04 (41s)
[20:06:48]   Epoch 005 300/1567 train_mae 5.03 kl 0.281 lr 3e-04 (61s)
[20:07:08]   Epoch 005 400/1567 train_mae 4.99 kl 0.281 lr 3e-04 (82s)
[20:07:28]   Epoch 005 500/1567 train_mae 4.93 kl 0.276 lr 3e-04 (102s)
[20:07:48]   Epoch 005 600/1567 train_mae 4.90 kl 0.275 lr 3e-04 (122s)
[20:08:08]   Epoch 005 700/1567 train_mae 4.90 kl 0.274 lr 3e-04 (142s)
[20:08:29]   Epoch 005 800/1567 train_mae 4.89 kl 0.275 lr 3e-04 (162s)
[20:08:49]   Epoch 005 900/1567 train_mae 4.89 kl 0.273 lr 3e-04 (182s)
[20:09:09]   Epoch 005 1000/1567 train_mae 4.90 kl 0.272 lr 3e-04 (202s)
[20:09:28]   Epoch 005 1100/1567 train_mae 4.93 kl 0.273 lr 3e-04 (222s)
[20:09:48]   Epoch 005 1200/1567 train_mae 4.93 kl 0.272 lr 3e-04 (242s)
[20:10:08]   Epoch 005 1300/1567 train_mae 4.93 kl 0.272 lr 3e-04 (262s)
[20:10:29]   Epoch 005 1400/1567 train_mae 4.92 kl 0.272 lr 3e-04 (282s)
[20:10:48]   Epoch 005 1500/1567 train_mae 4.92 kl 0.272 lr 3e-04 (302s)
[20:11:02]   Epoch 005 1567/1567 train_mae 4.93 kl 0.271 lr 3e-04 (316s)
[20:11:28] [Epoch 005 완료] train MAE 4.93 | val MAE 8.72 | val RMSE 11.67 | lr 3e-04 | * best 저장 (val MAE 8.72)
[20:11:48]   Epoch 006 100/1567 train_mae 4.55 kl 0.256 lr 3e-04 (20s)
[20:12:08]   Epoch 006 200/1567 train_mae 4.50 kl 0.250 lr 3e-04 (40s)
[20:12:28]   Epoch 006 300/1567 train_mae 4.48 kl 0.247 lr 3e-04 (60s)
[20:12:48]   Epoch 006 400/1567 train_mae 4.40 kl 0.242 lr 3e-04 (79s)
[20:13:07]   Epoch 006 500/1567 train_mae 4.40 kl 0.238 lr 3e-04 (99s)
[20:13:27]   Epoch 006 600/1567 train_mae 4.40 kl 0.237 lr 3e-04 (119s)
[20:13:47]   Epoch 006 700/1567 train_mae 4.40 kl 0.237 lr 3e-04 (139s)
[20:14:07]   Epoch 006 800/1567 train_mae 4.43 kl 0.236 lr 3e-04 (159s)
[20:14:28]   Epoch 006 900/1567 train_mae 4.45 kl 0.237 lr 3e-04 (180s)
[20:14:48]   Epoch 006 1000/1567 train_mae 4.48 kl 0.239 lr 3e-04 (200s)
[20:15:08]   Epoch 006 1100/1567 train_mae 4.48 kl 0.238 lr 3e-04 (220s)
[20:15:29]   Epoch 006 1200/1567 train_mae 4.50 kl 0.238 lr 3e-04 (241s)
[20:15:49]   Epoch 006 1300/1567 train_mae 4.53 kl 0.238 lr 3e-04 (261s)
[20:16:09]   Epoch 006 1400/1567 train_mae 4.51 kl 0.238 lr 3e-04 (281s)
[20:16:29]   Epoch 006 1500/1567 train_mae 4.51 kl 0.240 lr 3e-04 (301s)
[20:16:42]   Epoch 006 1567/1567 train_mae 4.51 kl 0.241 lr 3e-04 (314s)
[20:17:05] [Epoch 006 완료] train MAE 4.51 | val MAE 8.42 | val RMSE 11.20 | lr 3e-04 | * best 저장 (val MAE 8.42)
[20:17:26]   Epoch 007 100/1567 train_mae 4.28 kl 0.249 lr 3e-04 (21s)
[20:17:47]   Epoch 007 200/1567 train_mae 4.29 kl 0.232 lr 3e-04 (42s)
[20:18:07]   Epoch 007 300/1567 train_mae 4.25 kl 0.236 lr 3e-04 (62s)
[20:18:27]   Epoch 007 400/1567 train_mae 4.20 kl 0.230 lr 3e-04 (82s)
[20:18:47]   Epoch 007 500/1567 train_mae 4.23 kl 0.232 lr 3e-04 (102s)
[20:19:07]   Epoch 007 600/1567 train_mae 4.23 kl 0.233 lr 3e-04 (122s)
[20:19:27]   Epoch 007 700/1567 train_mae 4.19 kl 0.234 lr 3e-04 (142s)
[20:19:47]   Epoch 007 800/1567 train_mae 4.20 kl 0.232 lr 3e-04 (162s)
[20:20:07]   Epoch 007 900/1567 train_mae 4.18 kl 0.232 lr 3e-04 (182s)
[20:20:27]   Epoch 007 1000/1567 train_mae 4.20 kl 0.231 lr 3e-04 (201s)
[20:20:47]   Epoch 007 1100/1567 train_mae 4.20 kl 0.231 lr 3e-04 (222s)
[20:21:07]   Epoch 007 1200/1567 train_mae 4.20 kl 0.231 lr 3e-04 (241s)
[20:21:27]   Epoch 007 1300/1567 train_mae 4.21 kl 0.230 lr 3e-04 (262s)
[20:21:47]   Epoch 007 1400/1567 train_mae 4.21 kl 0.229 lr 3e-04 (282s)
[20:22:07]   Epoch 007 1500/1567 train_mae 4.21 kl 0.230 lr 3e-04 (302s)
[20:22:20]   Epoch 007 1567/1567 train_mae 4.21 kl 0.229 lr 3e-04 (315s)
[20:22:41] [Epoch 007 완료] train MAE 4.21 | val MAE 8.61 | val RMSE 11.38 | lr 3e-04 | 개선없음 1/15
[20:22:57]   Epoch 008 100/1567 train_mae 3.78 kl 0.232 lr 3e-04 (16s)
[20:23:13]   Epoch 008 200/1567 train_mae 3.82 kl 0.233 lr 3e-04 (32s)
[20:23:29]   Epoch 008 300/1567 train_mae 3.82 kl 0.221 lr 3e-04 (48s)
[20:23:45]   Epoch 008 400/1567 train_mae 3.82 kl 0.215 lr 3e-04 (64s)
[20:24:01]   Epoch 008 500/1567 train_mae 3.83 kl 0.215 lr 3e-04 (79s)
[20:24:16]   Epoch 008 600/1567 train_mae 3.80 kl 0.211 lr 3e-04 (95s)
[20:24:32]   Epoch 008 700/1567 train_mae 3.80 kl 0.210 lr 3e-04 (111s)
[20:24:48]   Epoch 008 800/1567 train_mae 3.80 kl 0.208 lr 3e-04 (127s)
[20:25:04]   Epoch 008 900/1567 train_mae 3.80 kl 0.209 lr 3e-04 (143s)
[20:25:20]   Epoch 008 1000/1567 train_mae 3.79 kl 0.210 lr 3e-04 (159s)
[20:25:36]   Epoch 008 1100/1567 train_mae 3.79 kl 0.209 lr 3e-04 (175s)
[20:25:52]   Epoch 008 1200/1567 train_mae 3.81 kl 0.210 lr 3e-04 (190s)
[20:26:07]   Epoch 008 1300/1567 train_mae 3.84 kl 0.212 lr 3e-04 (206s)
[20:26:23]   Epoch 008 1400/1567 train_mae 3.84 kl 0.213 lr 3e-04 (222s)
[20:26:39]   Epoch 008 1500/1567 train_mae 3.85 kl 0.211 lr 3e-04 (238s)
[20:26:50]   Epoch 008 1567/1567 train_mae 3.86 kl 0.212 lr 3e-04 (249s)
[20:27:11] [Epoch 008 완료] train MAE 3.86 | val MAE 8.79 | val RMSE 11.56 | lr 3e-04 | 개선없음 2/15
[20:27:27]   Epoch 009 100/1567 train_mae 3.46 kl 0.188 lr 3e-04 (16s)
[20:27:43]   Epoch 009 200/1567 train_mae 3.59 kl 0.192 lr 3e-04 (32s)
[20:27:59]   Epoch 009 300/1567 train_mae 3.63 kl 0.191 lr 3e-04 (48s)
[20:28:15]   Epoch 009 400/1567 train_mae 3.62 kl 0.193 lr 3e-04 (64s)
[20:28:31]   Epoch 009 500/1567 train_mae 3.56 kl 0.194 lr 3e-04 (79s)
[20:28:47]   Epoch 009 600/1567 train_mae 3.55 kl 0.196 lr 3e-04 (95s)
[20:29:02]   Epoch 009 700/1567 train_mae 3.60 kl 0.197 lr 3e-04 (111s)
[20:29:18]   Epoch 009 800/1567 train_mae 3.61 kl 0.196 lr 3e-04 (127s)
[20:29:34]   Epoch 009 900/1567 train_mae 3.60 kl 0.194 lr 3e-04 (143s)
[20:29:50]   Epoch 009 1000/1567 train_mae 3.58 kl 0.194 lr 3e-04 (159s)
[20:30:06]   Epoch 009 1100/1567 train_mae 3.58 kl 0.195 lr 3e-04 (175s)
[20:30:22]   Epoch 009 1200/1567 train_mae 3.58 kl 0.194 lr 3e-04 (190s)
[20:30:38]   Epoch 009 1300/1567 train_mae 3.58 kl 0.194 lr 3e-04 (206s)
[20:30:54]   Epoch 009 1400/1567 train_mae 3.59 kl 0.195 lr 3e-04 (222s)
[20:31:10]   Epoch 009 1500/1567 train_mae 3.59 kl 0.195 lr 3e-04 (238s)
[20:31:20]   Epoch 009 1567/1567 train_mae 3.61 kl 0.196 lr 3e-04 (249s)
[20:31:41] [Epoch 009 완료] train MAE 3.61 | val MAE 8.47 | val RMSE 11.41 | lr 3e-04 | 개선없음 3/15
[20:31:56]   Epoch 010 100/1567 train_mae 3.56 kl 0.199 lr 3e-04 (15s)
[20:32:12]   Epoch 010 200/1567 train_mae 3.41 kl 0.190 lr 3e-04 (31s)
[20:32:28]   Epoch 010 300/1567 train_mae 3.40 kl 0.193 lr 3e-04 (47s)
[20:32:44]   Epoch 010 400/1567 train_mae 3.46 kl 0.190 lr 3e-04 (63s)
[20:33:00]   Epoch 010 500/1567 train_mae 3.46 kl 0.187 lr 3e-04 (79s)
[20:33:16]   Epoch 010 600/1567 train_mae 3.45 kl 0.189 lr 3e-04 (95s)
[20:33:32]   Epoch 010 700/1567 train_mae 3.44 kl 0.189 lr 3e-04 (110s)
