================================================================
[12:19:45] Attention(R1/R2) + LDL 골연령 - v2 (손 크롭 폴더 입력) 시작
[12:19:45] PyTorch 2.6.0+cu124 | torchvision 0.21.0+cu124 | timm 1.0.28
[12:19:45] device cuda | CUDA True
Traceback (most recent call last):
  File "C:\ProgramData\gpu-guard\gpu_guard.py", line 438, in <module>
    main()
    ~~~~^^
  File "C:\ProgramData\gpu-guard\gpu_guard.py", line 332, in main
    sys.exit(gate_only(parse_kv(argv[1:])))
             ~~~~~~~~~^^^^^^^^^^^^^^^^^^^^
  File "C:\ProgramData\gpu-guard\gpu_guard.py", line 220, in gate_only
    led = cleanup_dead_running(load_ledger())
                               ~~~~~~~~~~~^^
  File "C:\ProgramData\gpu-guard\common.py", line 54, in load_ledger
    data = json.load(f)
  File "G:\anaconda3\Lib\json\__init__.py", line 293, in load
    return loads(fp.read(),
        cls=cls, object_hook=object_hook,
        parse_float=parse_float, parse_int=parse_int,
        parse_constant=parse_constant, object_pairs_hook=object_pairs_hook, **kw)
  File "G:\anaconda3\Lib\json\__init__.py", line 346, in loads
    return _default_decoder.decode(s)
           ~~~~~~~~~~~~~~~~~~~~~~~^^^
  File "G:\anaconda3\Lib\json\decoder.py", line 345, in decode
    obj, end = self.raw_decode(s, idx=_w(s, 0).end())
               ~~~~~~~~~~~~~~~^^^^^^^^^^^^^^^^^^^^^^^
  File "G:\anaconda3\Lib\json\decoder.py", line 363, in raw_decode
    raise JSONDecodeError("Expecting value", s, err.value) from None
json.decoder.JSONDecodeError: Expecting value: line 1 column 1 (char 0)
[12:19:45] GPU NVIDIA A100 80GB PCIe | CUDA 12.4
[12:19:45] BASE_DIR       G:\Project\sinra_cho
[12:19:45] HAND_CROP_DIR  G:\Project\sinra_cho\yolo_crop
[12:19:45] 채널 ('hand', 'r1', 'erased') | tau(R1/R2) 50/50 | 정규화 div255 | 증강 False
================================================================
[12:19:45]   TRAIN_CSV OK  G:\Project\sinra_cho\yolo_crop_csv\train.csv
[12:19:45]   VAL_CSV   OK  G:\Project\sinra_cho\yolo_crop_csv\Validation Dataset.csv
[12:19:45]   TEST_CSV  OK  G:\Project\sinra_cho\yolo_crop_csv\Bone age ground truth.csv
Traceback (most recent call last):
  File "G:\Project\sinra_cho\attention_ldl_boneage_v2.py", line 407, in <module>
    RAW_DIRS = {"train": TRAIN_IMG_DIR, "val": VAL_IMG_DIR, "test": TEST_IMG_DIR}
                         ^^^^^^^^^^^^^
NameError: name 'TRAIN_IMG_DIR' is not defined
