================================================================
[22:18:14] 골연령 Xception 회귀 - 프로세스 시작
[22:18:14] PyTorch 2.6.0+cu124 | torchvision 0.21.0+cu124 | timm 1.0.28
[22:18:14] device cuda | CUDA True
Traceback (most recent call last):
  File "C:\ProgramData\gpu-guard\gpu_guard.py", line 438, in <module>
    main()
    ~~~~^^
  File "C:\ProgramData\gpu-guard\gpu_guard.py", line 332, in main
    sys.exit(gate_only(parse_kv(argv[1:])))
             ~~~~~~~~~^^^^^^^^^^^^^^^^^^^^
  File "C:\ProgramData\gpu-guard\gpu_guard.py", line 220, in gate_only
    led = cleanup_dead_running(load_ledger())
                               ~~~~~~~~~~~^^
  File "C:\ProgramData\gpu-guard\common.py", line 54, in load_ledger
    data = json.load(f)
  File "G:\anaconda3\Lib\json\__init__.py", line 293, in load
    return loads(fp.read(),
        cls=cls, object_hook=object_hook,
        parse_float=parse_float, parse_int=parse_int,
        parse_constant=parse_constant, object_pairs_hook=object_pairs_hook, **kw)
  File "G:\anaconda3\Lib\json\__init__.py", line 346, in loads
    return _default_decoder.decode(s)
           ~~~~~~~~~~~~~~~~~~~~~~~^^^
  File "G:\anaconda3\Lib\json\decoder.py", line 345, in decode
    obj, end = self.raw_decode(s, idx=_w(s, 0).end())
               ~~~~~~~~~~~~~~~^^^^^^^^^^^^^^^^^^^^^^^
  File "G:\anaconda3\Lib\json\decoder.py", line 363, in raw_decode
    raise JSONDecodeError("Expecting value", s, err.value) from None
json.decoder.JSONDecodeError: Expecting value: line 1 column 1 (char 0)
[22:18:14] GPU NVIDIA A100 80GB PCIe | CUDA 12.4
[22:18:14] BASE_DIR  G:\Project\sinra_cho
[22:18:14] IMG_SIZE 512 | CROP_MODE advanced | EQUALIZE none | USE_AUG False
[22:18:14] CACHE     G:\Project\sinra_cho\cache_preprocessed_3\advanced_512_none
[22:18:14] CKPT      G:\Project\sinra_cho\checkpoints_xception_3
================================================================
[22:18:14]   TRAIN_IMG OK  G:\Project\sinra_cho\boneage-training-dataset\boneage-training-dataset
[22:18:14]   TRAIN_CSV OK  G:\Project\sinra_cho\boneage-training-dataset\train.csv
[22:18:14]   VAL_IMG   OK  G:\Project\sinra_cho\boneage-validation-dataset\boneage-validation-dataset
[22:18:14]   VAL_CSV   OK  G:\Project\sinra_cho\boneage-validation-dataset\Validation Dataset.csv
[22:18:14]   TEST_IMG  OK  G:\Project\sinra_cho\Bone Age Test Set\Test Set Images
[22:18:14]   TEST_CSV  OK  G:\Project\sinra_cho\Bone Age Test Set\Bone age ground truth.csv
[22:18:14]   · train: 이상 이미지 72장 제외
[22:18:14] 라벨 | train 12,539 | val 1,425 | test 200 | 나이 127.52±40.93개월 | 남 54.2%
[22:18:14] 전처리 시작 (train/val/test)...
Traceback (most recent call last):
  File "G:\Project\sinra_cho\xception_boneage_age(att)_삭제데이터 추가.py", line 613, in <module>
    build_cache(train_df, "train")
  File "G:\Project\sinra_cho\xception_boneage_age(att)_삭제데이터 추가.py", line 596, in build_cache
    imwrite_kr(dst, preprocess(g)); made += 1
    ^^^^^^^^^^^^^^^^^^^^^^^^^^^^^^
  File "G:\Project\sinra_cho\xception_boneage_age(att)_삭제데이터 추가.py", line 277, in imwrite_kr
    if ok: buf.tofile(path)
           ^^^^^^^^^^^^^^^^
FileNotFoundError: [Errno 2] No such file or directory: 'G:\\Project\\sinra_cho\\cache_preprocessed_3\\advanced_512_none\\train\\1911.png'
