================================================================
[15:08:18] Attention(R1/R2) + LDL 골연령 - v2 (손 크롭 폴더 입력) 시작
[15:08:18] PyTorch 2.6.0+cu124 | torchvision 0.21.0+cu124 | timm 1.0.28
[15:08:18] device cuda | CUDA True
[GPU-GUARD] (inproc) 바로 실행 — 티켓 13번 infer 16000MiB
[15:08:18] GPU NVIDIA A100 80GB PCIe | CUDA 12.4
[15:08:18] BASE_DIR       G:\Project\sinra_cho
[15:08:18] HAND_CROP_DIR  G:\Project\sinra_cho\yolo_crop
[15:08:18] 채널 ('hand', 'r1', 'r2') | tau(R1/R2) 30/30 | 정규화 div255 | 증강 False
================================================================
[15:08:18]   TRAIN_CSV OK  G:\Project\sinra_cho\yolo_crop_csv\train.csv
[15:08:18]   VAL_CSV   OK  G:\Project\sinra_cho\yolo_crop_csv\Validation Dataset.csv
[15:08:18]   TEST_CSV  OK  G:\Project\sinra_cho\yolo_crop_csv\Bone age ground truth.csv
[15:08:19]   손크롭 train OK  G:\Project\sinra_cho\yolo_crop\train  (파일 12,611장)
[15:08:19]   손크롭 val   OK  G:\Project\sinra_cho\yolo_crop\validation  (파일 1,425장)
[15:08:19]   손크롭 test  OK  G:\Project\sinra_cho\yolo_crop\test  (파일 200장)
[15:08:19]   · train: 라벨 12,611 -> 사용 12,539 (제외/미크롭 72)
[15:08:19]   · val: 라벨 1,425 -> 사용 1,425 (제외/미크롭 0)
[15:08:19]   · test: 라벨 200 -> 사용 200 (제외/미크롭 0)
[15:08:19] 최종 | train 12,539 | val 1,425 | test 200 | 나이 127.5±40.9개월 | 남 54.2%
[15:08:19] hand560 캐시 생성 (손 크롭 -> 560x560, pad=False)...
[15:08:58]   hand560 train 2000/12539
