================================================================
[22:34:39] 골연령 Xception 회귀 - 프로세스 시작
[22:34:39] PyTorch 2.6.0+cu124 | torchvision 0.21.0+cu124 | timm 1.0.28
[22:34:39] device cuda | CUDA True
Traceback (most recent call last):
  File "C:\ProgramData\gpu-guard\gpu_guard.py", line 438, in <module>
    main()
    ~~~~^^
  File "C:\ProgramData\gpu-guard\gpu_guard.py", line 332, in main
    sys.exit(gate_only(parse_kv(argv[1:])))
             ~~~~~~~~~^^^^^^^^^^^^^^^^^^^^
  File "C:\ProgramData\gpu-guard\gpu_guard.py", line 220, in gate_only
    led = cleanup_dead_running(load_ledger())
                               ~~~~~~~~~~~^^
  File "C:\ProgramData\gpu-guard\common.py", line 54, in load_ledger
    data = json.load(f)
  File "G:\anaconda3\Lib\json\__init__.py", line 293, in load
    return loads(fp.read(),
        cls=cls, object_hook=object_hook,
        parse_float=parse_float, parse_int=parse_int,
        parse_constant=parse_constant, object_pairs_hook=object_pairs_hook, **kw)
  File "G:\anaconda3\Lib\json\__init__.py", line 346, in loads
    return _default_decoder.decode(s)
           ~~~~~~~~~~~~~~~~~~~~~~~^^^
  File "G:\anaconda3\Lib\json\decoder.py", line 345, in decode
    obj, end = self.raw_decode(s, idx=_w(s, 0).end())
               ~~~~~~~~~~~~~~~^^^^^^^^^^^^^^^^^^^^^^^
  File "G:\anaconda3\Lib\json\decoder.py", line 363, in raw_decode
    raise JSONDecodeError("Expecting value", s, err.value) from None
json.decoder.JSONDecodeError: Expecting value: line 1 column 1 (char 0)
[22:34:39] GPU NVIDIA A100 80GB PCIe | CUDA 12.4
[22:34:39] BASE_DIR  G:\Project\sinra_cho
[22:34:39] IMG_SIZE 512 | CROP_MODE advanced | EQUALIZE clahe | USE_AUG False
[22:34:39] CACHE     G:\Project\sinra_cho\cache_preprocessed_3\advanced_512_clahe
[22:34:39] CKPT      G:\Project\sinra_cho\checkpoints_xception_3
================================================================
[22:34:39]   TRAIN_IMG OK  G:\Project\sinra_cho\boneage-training-dataset\boneage-training-dataset
[22:34:39]   TRAIN_CSV OK  G:\Project\sinra_cho\boneage-training-dataset\train.csv
[22:34:39]   VAL_IMG   OK  G:\Project\sinra_cho\boneage-validation-dataset\boneage-validation-dataset
[22:34:39]   VAL_CSV   OK  G:\Project\sinra_cho\boneage-validation-dataset\Validation Dataset.csv
[22:34:39]   TEST_IMG  OK  G:\Project\sinra_cho\Bone Age Test Set\Test Set Images
[22:34:39]   TEST_CSV  OK  G:\Project\sinra_cho\Bone Age Test Set\Bone age ground truth.csv
[22:34:40]   · train: 이상 이미지 15장 제외
[22:34:40] 라벨 | train 12,596 | val 1,425 | test 200 | 나이 127.31±41.17개월 | 남 54.2%
[22:34:40] 전처리 시작 (train/val/test)...
[22:44:54]   전처리 train 2000/12596
[22:54:16]   전처리 train 4000/12596
[23:01:41]   전처리 train 6000/12596
[23:08:59]   전처리 train 8000/12596
[23:16:25]   전처리 train 10000/12596
[23:23:41]   전처리 train 12000/12596
[23:25:53] [train] 생성 12596 | 스킵 0 | 실패 0
[23:31:14] [val] 생성 1425 | 스킵 0 | 실패 0
[23:31:51] [test] 생성 200 | 스킵 0 | 실패 0
[23:31:51] 전처리 완료 표식 저장: G:\Project\sinra_cho\cache_preprocessed_3\advanced_512_clahe\_DONE.json
[23:31:52] 사용 가능 | train 12,596 | val 1,425 | test 200
[23:31:57] 크롭 QC 시트 저장: G:\Project\sinra_cho\checkpoints_xception_3\qc_crop.png (손/마커 상태를 눈으로 확인하세요)
[23:31:57] train 증강: OFF (논문 재현 기준선)
[23:31:57] [LDL] 라벨분포학습 ON - 타깃 z-정규화 비활성화 (출력이 개월 원단위)
[23:31:57] 설정: {'GENDER_EMB_DIM': 32, 'HEAD_RELU': True, 'GENDER_RELU': True, 'BACKBONE': 'xception', 'IMG_SIZE': 512, 'CROP_MODE': 'advanced', 'USE_AUG': False, 'EQUALIZE': 'clahe', 'USE_LDL': True, 'AGE_BINS': 240, 'LDL_DELTA': 15.0, 'LDL_LAMBDA': 0.5}
[23:31:57] batch 16 | epochs 100 | lr 0.0001 | auto_resume True
[23:31:57] 배치 수 | train 787 | val 90 | test 13
[23:31:57] [backbone] timm 'legacy_xception' 로드 완료 (pretrained=True)
[23:31:57] [model] head = LDL softmax 240-way (식 6~8)
[23:31:57] [model] backbone out = 2048x16x16 -> z dim = 6,400 (논문 9,216 = IMG_SIZE 608일 때)
[23:31:57] [model] total params = 27.1M (논문 표4: 22.9M)
[23:31:57] [LDL] loss = ℓ_MAE + 0.5·D_KL(G‖p) | bins 240 | δ 15.0
[23:31:57] 새로 학습 시작
[23:31:57] 파라미터 27.1M (논문 표4 ≈22.9M)
[23:32:19]   Epoch 01  50/787  train_mae 26.11  kl 1.265  (22s)
[23:32:35]   Epoch 01  100/787  train_mae 21.69  kl 1.207  (38s)
[23:32:51]   Epoch 01  150/787  train_mae 19.35  kl 1.153  (54s)
[23:33:07]   Epoch 01  200/787  train_mae 18.07  kl 1.112  (69s)
[23:33:22]   Epoch 01  250/787  train_mae 17.08  kl 1.080  (85s)
[23:33:38]   Epoch 01  300/787  train_mae 16.28  kl 1.047  (101s)
[23:33:54]   Epoch 01  350/787  train_mae 15.70  kl 1.028  (116s)
[23:34:09]   Epoch 01  400/787  train_mae 15.20  kl 1.022  (132s)
[23:34:25]   Epoch 01  450/787  train_mae 14.76  kl 1.008  (148s)
[23:34:41]   Epoch 01  500/787  train_mae 14.35  kl 0.994  (164s)
[23:34:57]   Epoch 01  550/787  train_mae 14.08  kl 0.985  (179s)
[23:35:12]   Epoch 01  600/787  train_mae 13.78  kl 0.975  (195s)
[23:35:28]   Epoch 01  650/787  train_mae 13.52  kl 0.969  (211s)
[23:35:44]   Epoch 01  700/787  train_mae 13.32  kl 0.961  (227s)
[23:36:00]   Epoch 01  750/787  train_mae 13.09  kl 0.956  (242s)
[23:36:11]   Epoch 01  787/787  train_mae 12.92  kl 0.952  (254s)
[23:36:34] [Epoch 01 완료] train MAE 12.92 | val MAE 10.52 | val RMSE 13.67 | lr 1.0e-04 | * best 저장 (val MAE 10.52)
[23:36:44]   Epoch 02  50/787  train_mae 8.79  kl 0.926  (9s)
[23:36:53]   Epoch 02  100/787  train_mae 8.57  kl 0.909  (18s)
[23:37:02]   Epoch 02  150/787  train_mae 8.36  kl 0.883  (27s)
[23:37:11]   Epoch 02  200/787  train_mae 8.40  kl 0.884  (36s)
[23:37:20]   Epoch 02  250/787  train_mae 8.36  kl 0.878  (45s)
[23:37:29]   Epoch 02  300/787  train_mae 8.39  kl 0.876  (54s)
[23:37:38]   Epoch 02  350/787  train_mae 8.30  kl 0.874  (64s)
[23:37:47]   Epoch 02  400/787  train_mae 8.31  kl 0.871  (73s)
[23:37:56]   Epoch 02  450/787  train_mae 8.28  kl 0.869  (82s)
[23:38:05]   Epoch 02  500/787  train_mae 8.26  kl 0.869  (91s)
[23:38:15]   Epoch 02  550/787  train_mae 8.21  kl 0.868  (100s)
[23:38:24]   Epoch 02  600/787  train_mae 8.19  kl 0.870  (109s)
[23:38:33]   Epoch 02  650/787  train_mae 8.21  kl 0.875  (118s)
[23:38:42]   Epoch 02  700/787  train_mae 8.21  kl 0.877  (127s)
[23:38:51]   Epoch 02  750/787  train_mae 8.17  kl 0.875  (136s)
[23:38:58]   Epoch 02  787/787  train_mae 8.14  kl 0.875  (143s)
[23:39:08] [Epoch 02 완료] train MAE 8.14 | val MAE 8.01 | val RMSE 10.76 | lr 1.0e-04 | * best 저장 (val MAE 8.01)
[23:39:18]   Epoch 03  50/787  train_mae 7.39  kl 0.838  (9s)
[23:39:27]   Epoch 03  100/787  train_mae 7.08  kl 0.841  (18s)
[23:39:36]   Epoch 03  150/787  train_mae 7.05  kl 0.845  (27s)
[23:39:45]   Epoch 03  200/787  train_mae 7.04  kl 0.839  (36s)
[23:39:54]   Epoch 03  250/787  train_mae 6.92  kl 0.831  (46s)
[23:40:03]   Epoch 03  300/787  train_mae 6.85  kl 0.836  (55s)
[23:40:12]   Epoch 03  350/787  train_mae 6.88  kl 0.841  (64s)
[23:40:21]   Epoch 03  400/787  train_mae 6.86  kl 0.839  (73s)
[23:40:30]   Epoch 03  450/787  train_mae 6.89  kl 0.838  (82s)
[23:40:39]   Epoch 03  500/787  train_mae 6.92  kl 0.834  (91s)
[23:40:48]   Epoch 03  550/787  train_mae 6.96  kl 0.832  (100s)
[23:40:57]   Epoch 03  600/787  train_mae 6.95  kl 0.831  (109s)
[23:41:06]   Epoch 03  650/787  train_mae 6.99  kl 0.830  (118s)
[23:41:15]   Epoch 03  700/787  train_mae 6.99  kl 0.831  (127s)
[23:41:24]   Epoch 03  750/787  train_mae 7.00  kl 0.827  (136s)
[23:41:31]   Epoch 03  787/787  train_mae 7.01  kl 0.826  (143s)
[23:41:42] [Epoch 03 완료] train MAE 7.01 | val MAE 7.81 | val RMSE 10.64 | lr 1.0e-04 | * best 저장 (val MAE 7.81)
[23:41:51]   Epoch 04  50/787  train_mae 5.98  kl 0.776  (9s)
[23:42:00]   Epoch 04  100/787  train_mae 5.92  kl 0.769  (18s)
[23:42:09]   Epoch 04  150/787  train_mae 5.96  kl 0.754  (27s)
[23:42:18]   Epoch 04  200/787  train_mae 6.05  kl 0.748  (36s)
[23:42:27]   Epoch 04  250/787  train_mae 6.09  kl 0.754  (45s)
[23:42:36]   Epoch 04  300/787  train_mae 6.10  kl 0.747  (54s)
[23:42:45]   Epoch 04  350/787  train_mae 6.13  kl 0.748  (63s)
[23:42:55]   Epoch 04  400/787  train_mae 6.13  kl 0.746  (72s)
[23:43:04]   Epoch 04  450/787  train_mae 6.12  kl 0.743  (82s)
[23:43:13]   Epoch 04  500/787  train_mae 6.15  kl 0.740  (91s)
[23:43:22]   Epoch 04  550/787  train_mae 6.16  kl 0.734  (100s)
[23:43:31]   Epoch 04  600/787  train_mae 6.18  kl 0.730  (109s)
[23:43:40]   Epoch 04  650/787  train_mae 6.19  kl 0.729  (118s)
[23:43:49]   Epoch 04  700/787  train_mae 6.20  kl 0.730  (127s)
[23:43:58]   Epoch 04  750/787  train_mae 6.21  kl 0.730  (136s)
[23:44:05]   Epoch 04  787/787  train_mae 6.20  kl 0.730  (143s)
[23:44:15] [Epoch 04 완료] train MAE 6.20 | val MAE 7.68 | val RMSE 10.37 | lr 1.0e-04 | * best 저장 (val MAE 7.68)
[23:44:25]   Epoch 05  50/787  train_mae 5.32  kl 0.681  (9s)
[23:44:34]   Epoch 05  100/787  train_mae 5.32  kl 0.674  (18s)
[23:44:43]   Epoch 05  150/787  train_mae 5.43  kl 0.658  (27s)
[23:44:52]   Epoch 05  200/787  train_mae 5.42  kl 0.654  (36s)
[23:45:01]   Epoch 05  250/787  train_mae 5.42  kl 0.658  (45s)
[23:45:10]   Epoch 05  300/787  train_mae 5.41  kl 0.663  (54s)
[23:45:19]   Epoch 05  350/787  train_mae 5.43  kl 0.667  (64s)
[23:45:28]   Epoch 05  400/787  train_mae 5.45  kl 0.665  (73s)
[23:45:37]   Epoch 05  450/787  train_mae 5.45  kl 0.663  (82s)
[23:45:46]   Epoch 05  500/787  train_mae 5.46  kl 0.662  (91s)
[23:45:56]   Epoch 05  550/787  train_mae 5.46  kl 0.665  (100s)
[23:46:05]   Epoch 05  600/787  train_mae 5.46  kl 0.661  (109s)
[23:46:14]   Epoch 05  650/787  train_mae 5.52  kl 0.664  (118s)
[23:46:23]   Epoch 05  700/787  train_mae 5.52  kl 0.664  (127s)
[23:46:32]   Epoch 05  750/787  train_mae 5.53  kl 0.663  (136s)
[23:46:38]   Epoch 05  787/787  train_mae 5.52  kl 0.660  (143s)
[23:46:49] [Epoch 05 완료] train MAE 5.52 | val MAE 7.96 | val RMSE 10.52 | lr 1.0e-04 | 개선없음 1/15
[23:46:59]   Epoch 06  50/787  train_mae 4.83  kl 0.605  (9s)
[23:47:07]   Epoch 06  100/787  train_mae 4.86  kl 0.617  (18s)
[23:47:16]   Epoch 06  150/787  train_mae 5.03  kl 0.608  (27s)
[23:47:25]   Epoch 06  200/787  train_mae 5.03  kl 0.609  (35s)
[23:47:33]   Epoch 06  250/787  train_mae 4.95  kl 0.606  (44s)
[23:47:42]   Epoch 06  300/787  train_mae 4.93  kl 0.607  (52s)
[23:47:50]   Epoch 06  350/787  train_mae 4.90  kl 0.606  (61s)
[23:47:58]   Epoch 06  400/787  train_mae 4.89  kl 0.602  (69s)
[23:48:07]   Epoch 06  450/787  train_mae 4.95  kl 0.600  (77s)
[23:48:15]   Epoch 06  500/787  train_mae 4.95  kl 0.600  (86s)
[23:48:24]   Epoch 06  550/787  train_mae 4.96  kl 0.599  (94s)
[23:48:32]   Epoch 06  600/787  train_mae 4.97  kl 0.598  (103s)
[23:48:40]   Epoch 06  650/787  train_mae 4.97  kl 0.597  (111s)
[23:48:48]   Epoch 06  700/787  train_mae 4.98  kl 0.596  (119s)
[23:48:57]   Epoch 06  750/787  train_mae 5.00  kl 0.594  (127s)
[23:49:03]   Epoch 06  787/787  train_mae 5.03  kl 0.593  (133s)
[23:49:12] [Epoch 06 완료] train MAE 5.03 | val MAE 7.95 | val RMSE 10.70 | lr 1.0e-04 | 개선없음 2/15
[23:49:21]   Epoch 07  50/787  train_mae 4.63  kl 0.549  (8s)
[23:49:29]   Epoch 07  100/787  train_mae 4.66  kl 0.540  (17s)
[23:49:38]   Epoch 07  150/787  train_mae 4.60  kl 0.546  (25s)
[23:49:46]   Epoch 07  200/787  train_mae 4.67  kl 0.549  (34s)
[23:49:54]   Epoch 07  250/787  train_mae 4.60  kl 0.549  (42s)
[23:50:03]   Epoch 07  300/787  train_mae 4.53  kl 0.548  (50s)
[23:50:11]   Epoch 07  350/787  train_mae 4.50  kl 0.546  (59s)
[23:50:20]   Epoch 07  400/787  train_mae 4.51  kl 0.543  (67s)
[23:50:28]   Epoch 07  450/787  train_mae 4.52  kl 0.543  (76s)
[23:50:36]   Epoch 07  500/787  train_mae 4.54  kl 0.545  (84s)
[23:50:45]   Epoch 07  550/787  train_mae 4.53  kl 0.547  (92s)
[23:50:53]   Epoch 07  600/787  train_mae 4.54  kl 0.547  (101s)
[23:51:02]   Epoch 07  650/787  train_mae 4.55  kl 0.549  (109s)
[23:51:10]   Epoch 07  700/787  train_mae 4.55  kl 0.548  (118s)
[23:51:19]   Epoch 07  750/787  train_mae 4.55  kl 0.548  (126s)
[23:51:25]   Epoch 07  787/787  train_mae 4.56  kl 0.548  (132s)
[23:51:35] [Epoch 07 완료] train MAE 4.56 | val MAE 8.38 | val RMSE 11.38 | lr 1.0e-04 | 개선없음 3/15
[23:51:43]   Epoch 08  50/787  train_mae 4.63  kl 0.552  (8s)
[23:51:52]   Epoch 08  100/787  train_mae 4.47  kl 0.537  (17s)
[23:52:00]   Epoch 08  150/787  train_mae 4.42  kl 0.525  (25s)
[23:52:09]   Epoch 08  200/787  train_mae 4.33  kl 0.525  (34s)
[23:52:17]   Epoch 08  250/787  train_mae 4.33  kl 0.522  (42s)
[23:52:25]   Epoch 08  300/787  train_mae 4.31  kl 0.524  (50s)
[23:52:34]   Epoch 08  350/787  train_mae 4.28  kl 0.521  (59s)
[23:52:42]   Epoch 08  400/787  train_mae 4.27  kl 0.519  (67s)
[23:52:51]   Epoch 08  450/787  train_mae 4.29  kl 0.517  (76s)
[23:52:59]   Epoch 08  500/787  train_mae 4.27  kl 0.516  (84s)
[23:53:07]   Epoch 08  550/787  train_mae 4.27  kl 0.513  (92s)
[23:53:16]   Epoch 08  600/787  train_mae 4.27  kl 0.513  (101s)
[23:53:24]   Epoch 08  650/787  train_mae 4.27  kl 0.511  (109s)
[23:53:33]   Epoch 08  700/787  train_mae 4.26  kl 0.511  (118s)
[23:53:41]   Epoch 08  750/787  train_mae 4.24  kl 0.509  (126s)
[23:53:47]   Epoch 08  787/787  train_mae 4.23  kl 0.508  (132s)
[23:53:56] [Epoch 08 완료] train MAE 4.23 | val MAE 7.78 | val RMSE 10.63 | lr 5.0e-05 | 개선없음 4/15
[23:54:04]   Epoch 09  50/787  train_mae 4.00  kl 0.469  (8s)
[23:54:13]   Epoch 09  100/787  train_mae 3.85  kl 0.485  (17s)
[23:54:21]   Epoch 09  150/787  train_mae 3.69  kl 0.486  (25s)
[23:54:29]   Epoch 09  200/787  train_mae 3.63  kl 0.486  (33s)
[23:54:38]   Epoch 09  250/787  train_mae 3.58  kl 0.487  (42s)
[23:54:46]   Epoch 09  300/787  train_mae 3.57  kl 0.480  (50s)
[23:54:55]   Epoch 09  350/787  train_mae 3.51  kl 0.479  (59s)
[23:55:03]   Epoch 09  400/787  train_mae 3.48  kl 0.478  (67s)
[23:55:11]   Epoch 09  450/787  train_mae 3.47  kl 0.477  (76s)
[23:55:20]   Epoch 09  500/787  train_mae 3.47  kl 0.475  (84s)
[23:55:28]   Epoch 09  550/787  train_mae 3.47  kl 0.474  (92s)
[23:55:37]   Epoch 09  600/787  train_mae 3.47  kl 0.474  (101s)
[23:55:45]   Epoch 09  650/787  train_mae 3.48  kl 0.473  (109s)
[23:55:54]   Epoch 09  700/787  train_mae 3.47  kl 0.474  (118s)
[23:56:02]   Epoch 09  750/787  train_mae 3.44  kl 0.474  (126s)
[23:56:08]   Epoch 09  787/787  train_mae 3.44  kl 0.473  (132s)
[23:56:18] [Epoch 09 완료] train MAE 3.44 | val MAE 7.26 | val RMSE 9.81 | lr 5.0e-05 | * best 저장 (val MAE 7.26)
[23:56:27]   Epoch 10  50/787  train_mae 2.70  kl 0.443  (8s)
[23:56:36]   Epoch 10  100/787  train_mae 2.73  kl 0.442  (17s)
[23:56:44]   Epoch 10  150/787  train_mae 2.73  kl 0.449  (25s)
[23:56:52]   Epoch 10  200/787  train_mae 2.72  kl 0.447  (34s)
[23:57:01]   Epoch 10  250/787  train_mae 2.72  kl 0.444  (42s)
[23:57:09]   Epoch 10  300/787  train_mae 2.72  kl 0.443  (51s)
[23:57:18]   Epoch 10  350/787  train_mae 2.73  kl 0.443  (59s)
[23:57:26]   Epoch 10  400/787  train_mae 2.76  kl 0.445  (67s)
[23:57:35]   Epoch 10  450/787  train_mae 2.78  kl 0.446  (76s)
[23:57:43]   Epoch 10  500/787  train_mae 2.77  kl 0.446  (84s)
[23:57:52]   Epoch 10  550/787  train_mae 2.76  kl 0.446  (93s)
[23:58:00]   Epoch 10  600/787  train_mae 2.76  kl 0.444  (101s)
[23:58:08]   Epoch 10  650/787  train_mae 2.76  kl 0.443  (110s)
[23:58:17]   Epoch 10  700/787  train_mae 2.76  kl 0.441  (118s)
[23:58:25]   Epoch 10  750/787  train_mae 2.75  kl 0.441  (127s)
[23:58:32]   Epoch 10  787/787  train_mae 2.75  kl 0.441  (133s)
[23:58:42] [Epoch 10 완료] train MAE 2.75 | val MAE 7.11 | val RMSE 9.77 | lr 5.0e-05 | * best 저장 (val MAE 7.11)
[23:58:50]   Epoch 11  50/787  train_mae 2.53  kl 0.446  (8s)
[23:58:59]   Epoch 11  100/787  train_mae 2.53  kl 0.439  (17s)
[23:59:07]   Epoch 11  150/787  train_mae 2.56  kl 0.428  (25s)
[23:59:16]   Epoch 11  200/787  train_mae 2.52  kl 0.424  (34s)
[23:59:24]   Epoch 11  250/787  train_mae 2.51  kl 0.429  (42s)
[23:59:32]   Epoch 11  300/787  train_mae 2.52  kl 0.428  (50s)
[23:59:41]   Epoch 11  350/787  train_mae 2.54  kl 0.425  (59s)
[23:59:49]   Epoch 11  400/787  train_mae 2.54  kl 0.423  (67s)
[23:59:58]   Epoch 11  450/787  train_mae 2.54  kl 0.423  (76s)
[00:00:06]   Epoch 11  500/787  train_mae 2.53  kl 0.423  (84s)
[00:00:15]   Epoch 11  550/787  train_mae 2.51  kl 0.422  (93s)
[00:00:23]   Epoch 11  600/787  train_mae 2.51  kl 0.422  (101s)
[00:00:31]   Epoch 11  650/787  train_mae 2.50  kl 0.420  (110s)
[00:00:40]   Epoch 11  700/787  train_mae 2.49  kl 0.420  (118s)
[00:00:48]   Epoch 11  750/787  train_mae 2.49  kl 0.419  (126s)
[00:00:55]   Epoch 11  787/787  train_mae 2.48  kl 0.419  (133s)
[00:01:04] [Epoch 11 완료] train MAE 2.48 | val MAE 7.22 | val RMSE 9.79 | lr 5.0e-05 | 개선없음 1/15
[00:01:13]   Epoch 12  50/787  train_mae 2.31  kl 0.402  (8s)
[00:01:22]   Epoch 12  100/787  train_mae 2.35  kl 0.403  (17s)
[00:01:30]   Epoch 12  150/787  train_mae 2.41  kl 0.402  (25s)
[00:01:38]   Epoch 12  200/787  train_mae 2.40  kl 0.399  (34s)
[00:01:47]   Epoch 12  250/787  train_mae 2.37  kl 0.399  (42s)
[00:01:55]   Epoch 12  300/787  train_mae 2.35  kl 0.401  (50s)
[00:02:04]   Epoch 12  350/787  train_mae 2.34  kl 0.399  (59s)
[00:02:12]   Epoch 12  400/787  train_mae 2.33  kl 0.397  (67s)
[00:02:20]   Epoch 12  450/787  train_mae 2.31  kl 0.398  (76s)
[00:02:28]   Epoch 12  500/787  train_mae 2.30  kl 0.397  (83s)
[00:02:36]   Epoch 12  550/787  train_mae 2.32  kl 0.396  (91s)
[00:02:44]   Epoch 12  600/787  train_mae 2.32  kl 0.397  (100s)
[00:02:53]   Epoch 12  650/787  train_mae 2.32  kl 0.397  (108s)
[00:03:01]   Epoch 12  700/787  train_mae 2.33  kl 0.397  (117s)
[00:03:10]   Epoch 12  750/787  train_mae 2.33  kl 0.398  (125s)
[00:03:16]   Epoch 12  787/787  train_mae 2.34  kl 0.398  (131s)
[00:03:26] [Epoch 12 완료] train MAE 2.34 | val MAE 7.16 | val RMSE 9.76 | lr 5.0e-05 | 개선없음 2/15
[00:03:35]   Epoch 13  50/787  train_mae 2.51  kl 0.393  (8s)
[00:03:43]   Epoch 13  100/787  train_mae 2.45  kl 0.395  (17s)
[00:03:52]   Epoch 13  150/787  train_mae 2.37  kl 0.390  (25s)
[00:04:00]   Epoch 13  200/787  train_mae 2.38  kl 0.390  (34s)
[00:04:08]   Epoch 13  250/787  train_mae 2.36  kl 0.385  (42s)
[00:04:17]   Epoch 13  300/787  train_mae 2.33  kl 0.384  (50s)
[00:04:25]   Epoch 13  350/787  train_mae 2.30  kl 0.388  (59s)
[00:04:34]   Epoch 13  400/787  train_mae 2.30  kl 0.389  (67s)
[00:04:42]   Epoch 13  450/787  train_mae 2.27  kl 0.389  (76s)
[00:04:50]   Epoch 13  500/787  train_mae 2.24  kl 0.388  (84s)
[00:04:59]   Epoch 13  550/787  train_mae 2.25  kl 0.387  (93s)
[00:05:07]   Epoch 13  600/787  train_mae 2.24  kl 0.385  (101s)
[00:05:16]   Epoch 13  650/787  train_mae 2.24  kl 0.385  (109s)
[00:05:24]   Epoch 13  700/787  train_mae 2.24  kl 0.385  (118s)
[00:05:32]   Epoch 13  750/787  train_mae 2.25  kl 0.384  (126s)
[00:05:39]   Epoch 13  787/787  train_mae 2.25  kl 0.383  (133s)
[00:05:49] [Epoch 13 완료] train MAE 2.25 | val MAE 7.15 | val RMSE 9.78 | lr 5.0e-05 | 개선없음 3/15
[00:05:57]   Epoch 14  50/787  train_mae 2.25  kl 0.386  (8s)
[00:06:06]   Epoch 14  100/787  train_mae 2.28  kl 0.381  (17s)
[00:06:14]   Epoch 14  150/787  train_mae 2.21  kl 0.385  (25s)
[00:06:23]   Epoch 14  200/787  train_mae 2.22  kl 0.387  (34s)
[00:06:31]   Epoch 14  250/787  train_mae 2.20  kl 0.383  (42s)
[00:06:40]   Epoch 14  300/787  train_mae 2.21  kl 0.382  (51s)
[00:06:48]   Epoch 14  350/787  train_mae 2.20  kl 0.381  (59s)
[00:06:57]   Epoch 14  400/787  train_mae 2.18  kl 0.380  (68s)
[00:07:05]   Epoch 14  450/787  train_mae 2.17  kl 0.380  (76s)
[00:07:13]   Epoch 14  500/787  train_mae 2.16  kl 0.379  (84s)
[00:07:22]   Epoch 14  550/787  train_mae 2.15  kl 0.378  (93s)
[00:07:30]   Epoch 14  600/787  train_mae 2.15  kl 0.377  (101s)
[00:07:39]   Epoch 14  650/787  train_mae 2.15  kl 0.376  (110s)
[00:07:47]   Epoch 14  700/787  train_mae 2.14  kl 0.375  (118s)
[00:07:56]   Epoch 14  750/787  train_mae 2.15  kl 0.376  (127s)
[00:08:02]   Epoch 14  787/787  train_mae 2.14  kl 0.374  (133s)
[00:08:12] [Epoch 14 완료] train MAE 2.14 | val MAE 7.15 | val RMSE 9.84 | lr 2.5e-05 | 개선없음 4/15
[00:08:21]   Epoch 15  50/787  train_mae 2.08  kl 0.371  (8s)
[00:08:29]   Epoch 15  100/787  train_mae 2.05  kl 0.367  (17s)
[00:08:37]   Epoch 15  150/787  train_mae 2.02  kl 0.362  (25s)
[00:08:46]   Epoch 15  200/787  train_mae 1.97  kl 0.357  (34s)
[00:08:54]   Epoch 15  250/787  train_mae 1.96  kl 0.357  (42s)
[00:09:03]   Epoch 15  300/787  train_mae 1.95  kl 0.360  (50s)
[00:09:11]   Epoch 15  350/787  train_mae 1.95  kl 0.360  (59s)
[00:09:19]   Epoch 15  400/787  train_mae 1.93  kl 0.360  (67s)
[00:09:28]   Epoch 15  450/787  train_mae 1.91  kl 0.361  (76s)
[00:09:36]   Epoch 15  500/787  train_mae 1.90  kl 0.361  (84s)
[00:09:45]   Epoch 15  550/787  train_mae 1.90  kl 0.362  (92s)
[00:09:53]   Epoch 15  600/787  train_mae 1.88  kl 0.361  (101s)
[00:10:01]   Epoch 15  650/787  train_mae 1.87  kl 0.361  (109s)
[00:10:10]   Epoch 15  700/787  train_mae 1.86  kl 0.360  (118s)
[00:10:18]   Epoch 15  750/787  train_mae 1.87  kl 0.359  (126s)
[00:10:25]   Epoch 15  787/787  train_mae 1.87  kl 0.358  (132s)
[00:10:34] [Epoch 15 완료] train MAE 1.87 | val MAE 7.06 | val RMSE 9.65 | lr 2.5e-05 | * best 저장 (val MAE 7.06)
[00:10:43]   Epoch 16  50/787  train_mae 1.51  kl 0.351  (8s)
[00:10:52]   Epoch 16  100/787  train_mae 1.50  kl 0.351  (17s)
[00:11:00]   Epoch 16  150/787  train_mae 1.47  kl 0.349  (25s)
[00:11:08]   Epoch 16  200/787  train_mae 1.46  kl 0.347  (34s)
[00:11:17]   Epoch 16  250/787  train_mae 1.47  kl 0.347  (42s)
[00:11:25]   Epoch 16  300/787  train_mae 1.49  kl 0.348  (50s)
[00:11:34]   Epoch 16  350/787  train_mae 1.48  kl 0.348  (59s)
[00:11:42]   Epoch 16  400/787  train_mae 1.48  kl 0.348  (67s)
[00:11:51]   Epoch 16  450/787  train_mae 1.47  kl 0.348  (76s)
[00:11:59]   Epoch 16  500/787  train_mae 1.46  kl 0.347  (84s)
[00:12:07]   Epoch 16  550/787  train_mae 1.46  kl 0.346  (93s)
[00:12:16]   Epoch 16  600/787  train_mae 1.47  kl 0.346  (101s)
[00:12:24]   Epoch 16  650/787  train_mae 1.48  kl 0.346  (109s)
[00:12:33]   Epoch 16  700/787  train_mae 1.48  kl 0.347  (118s)
[00:12:41]   Epoch 16  750/787  train_mae 1.48  kl 0.346  (126s)
[00:12:47]   Epoch 16  787/787  train_mae 1.48  kl 0.346  (133s)
[00:12:57] [Epoch 16 완료] train MAE 1.48 | val MAE 7.09 | val RMSE 9.68 | lr 2.5e-05 | 개선없음 1/15
[00:13:06]   Epoch 17  50/787  train_mae 1.38  kl 0.357  (8s)
[00:13:14]   Epoch 17  100/787  train_mae 1.38  kl 0.343  (17s)
[00:13:23]   Epoch 17  150/787  train_mae 1.37  kl 0.344  (25s)
[00:13:31]   Epoch 17  200/787  train_mae 1.36  kl 0.341  (33s)
[00:13:40]   Epoch 17  250/787  train_mae 1.36  kl 0.339  (42s)
[00:13:48]   Epoch 17  300/787  train_mae 1.34  kl 0.339  (50s)
[00:13:56]   Epoch 17  350/787  train_mae 1.34  kl 0.339  (59s)
[00:14:05]   Epoch 17  400/787  train_mae 1.34  kl 0.340  (67s)
[00:14:13]   Epoch 17  450/787  train_mae 1.36  kl 0.342  (76s)
[00:14:22]   Epoch 17  500/787  train_mae 1.36  kl 0.340  (84s)
[00:14:30]   Epoch 17  550/787  train_mae 1.37  kl 0.340  (93s)
[00:14:39]   Epoch 17  600/787  train_mae 1.35  kl 0.340  (101s)
[00:14:47]   Epoch 17  650/787  train_mae 1.36  kl 0.339  (109s)
[00:14:56]   Epoch 17  700/787  train_mae 1.37  kl 0.338  (118s)
[00:15:04]   Epoch 17  750/787  train_mae 1.37  kl 0.338  (126s)
[00:15:10]   Epoch 17  787/787  train_mae 1.36  kl 0.339  (132s)
[00:15:20] [Epoch 17 완료] train MAE 1.36 | val MAE 7.06 | val RMSE 9.70 | lr 2.5e-05 | 개선없음 2/15
[00:15:29]   Epoch 18  50/787  train_mae 1.28  kl 0.334  (8s)
[00:15:37]   Epoch 18  100/787  train_mae 1.32  kl 0.338  (17s)
[00:15:45]   Epoch 18  150/787  train_mae 1.30  kl 0.335  (25s)
[00:15:54]   Epoch 18  200/787  train_mae 1.31  kl 0.336  (34s)
[00:16:02]   Epoch 18  250/787  train_mae 1.33  kl 0.333  (42s)
[00:16:11]   Epoch 18  300/787  train_mae 1.32  kl 0.334  (50s)
[00:16:19]   Epoch 18  350/787  train_mae 1.30  kl 0.332  (59s)
[00:16:27]   Epoch 18  400/787  train_mae 1.30  kl 0.333  (67s)
[00:16:36]   Epoch 18  450/787  train_mae 1.30  kl 0.334  (76s)
[00:16:44]   Epoch 18  500/787  train_mae 1.30  kl 0.332  (84s)
[00:16:53]   Epoch 18  550/787  train_mae 1.30  kl 0.332  (93s)
[00:17:01]   Epoch 18  600/787  train_mae 1.29  kl 0.331  (101s)
[00:17:10]   Epoch 18  650/787  train_mae 1.28  kl 0.332  (110s)
[00:17:18]   Epoch 18  700/787  train_mae 1.28  kl 0.332  (118s)
[00:17:27]   Epoch 18  750/787  train_mae 1.29  kl 0.332  (126s)
[00:17:33]   Epoch 18  787/787  train_mae 1.28  kl 0.332  (133s)
[00:17:43] [Epoch 18 완료] train MAE 1.28 | val MAE 7.11 | val RMSE 9.69 | lr 2.5e-05 | 개선없음 3/15
[00:17:51]   Epoch 19  50/787  train_mae 1.31  kl 0.308  (8s)
[00:18:00]   Epoch 19  100/787  train_mae 1.31  kl 0.314  (17s)
[00:18:08]   Epoch 19  150/787  train_mae 1.33  kl 0.316  (25s)
[00:18:16]   Epoch 19  200/787  train_mae 1.31  kl 0.318  (33s)
[00:18:25]   Epoch 19  250/787  train_mae 1.30  kl 0.318  (42s)
[00:18:33]   Epoch 19  300/787  train_mae 1.31  kl 0.319  (50s)
[00:18:42]   Epoch 19  350/787  train_mae 1.30  kl 0.322  (59s)
[00:18:50]   Epoch 19  400/787  train_mae 1.30  kl 0.322  (67s)
[00:18:58]   Epoch 19  450/787  train_mae 1.29  kl 0.322  (75s)
[00:19:05]   Epoch 19  500/787  train_mae 1.28  kl 0.322  (82s)
[00:19:14]   Epoch 19  550/787  train_mae 1.27  kl 0.322  (91s)
[00:19:22]   Epoch 19  600/787  train_mae 1.27  kl 0.322  (99s)
[00:19:31]   Epoch 19  650/787  train_mae 1.26  kl 0.322  (108s)
[00:19:39]   Epoch 19  700/787  train_mae 1.26  kl 0.322  (116s)
[00:19:47]   Epoch 19  750/787  train_mae 1.26  kl 0.322  (124s)
[00:19:54]   Epoch 19  787/787  train_mae 1.26  kl 0.323  (131s)
[00:20:04] [Epoch 19 완료] train MAE 1.26 | val MAE 7.04 | val RMSE 9.66 | lr 2.5e-05 | * best 저장 (val MAE 7.04)
[00:20:12]   Epoch 20  50/787  train_mae 1.16  kl 0.322  (8s)
[00:20:21]   Epoch 20  100/787  train_mae 1.19  kl 0.316  (17s)
[00:20:29]   Epoch 20  150/787  train_mae 1.23  kl 0.323  (25s)
[00:20:38]   Epoch 20  200/787  train_mae 1.21  kl 0.323  (34s)
[00:20:46]   Epoch 20  250/787  train_mae 1.22  kl 0.320  (42s)
[00:20:55]   Epoch 20  300/787  train_mae 1.22  kl 0.319  (51s)
[00:21:03]   Epoch 20  350/787  train_mae 1.22  kl 0.319  (59s)
[00:21:11]   Epoch 20  400/787  train_mae 1.22  kl 0.318  (67s)
[00:21:20]   Epoch 20  450/787  train_mae 1.21  kl 0.318  (76s)
[00:21:28]   Epoch 20  500/787  train_mae 1.21  kl 0.317  (84s)
[00:21:37]   Epoch 20  550/787  train_mae 1.21  kl 0.317  (93s)
[00:21:45]   Epoch 20  600/787  train_mae 1.22  kl 0.319  (101s)
[00:21:53]   Epoch 20  650/787  train_mae 1.21  kl 0.319  (109s)
[00:22:02]   Epoch 20  700/787  train_mae 1.21  kl 0.319  (118s)
[00:22:10]   Epoch 20  750/787  train_mae 1.21  kl 0.318  (126s)
[00:22:17]   Epoch 20  787/787  train_mae 1.21  kl 0.318  (133s)
[00:22:26] [Epoch 20 완료] train MAE 1.21 | val MAE 7.08 | val RMSE 9.71 | lr 2.5e-05 | 개선없음 1/15
[00:22:35]   Epoch 21  50/787  train_mae 1.21  kl 0.315  (8s)
[00:22:44]   Epoch 21  100/787  train_mae 1.21  kl 0.311  (17s)
[00:22:52]   Epoch 21  150/787  train_mae 1.22  kl 0.312  (25s)
[00:23:00]   Epoch 21  200/787  train_mae 1.24  kl 0.310  (34s)
[00:23:09]   Epoch 21  250/787  train_mae 1.23  kl 0.310  (42s)
[00:23:17]   Epoch 21  300/787  train_mae 1.22  kl 0.309  (50s)
[00:23:26]   Epoch 21  350/787  train_mae 1.21  kl 0.310  (59s)
[00:23:34]   Epoch 21  400/787  train_mae 1.22  kl 0.312  (67s)
[00:23:42]   Epoch 21  450/787  train_mae 1.21  kl 0.312  (76s)
[00:23:51]   Epoch 21  500/787  train_mae 1.21  kl 0.312  (84s)
[00:23:59]   Epoch 21  550/787  train_mae 1.22  kl 0.312  (92s)
[00:24:08]   Epoch 21  600/787  train_mae 1.21  kl 0.312  (101s)
[00:24:16]   Epoch 21  650/787  train_mae 1.21  kl 0.311  (109s)
[00:24:24]   Epoch 21  700/787  train_mae 1.21  kl 0.312  (118s)
[00:24:33]   Epoch 21  750/787  train_mae 1.21  kl 0.311  (126s)
[00:24:39]   Epoch 21  787/787  train_mae 1.21  kl 0.312  (132s)
[00:24:49] [Epoch 21 완료] train MAE 1.21 | val MAE 7.10 | val RMSE 9.74 | lr 2.5e-05 | 개선없음 2/15
[00:24:58]   Epoch 22  50/787  train_mae 1.16  kl 0.296  (8s)
[00:25:06]   Epoch 22  100/787  train_mae 1.20  kl 0.306  (17s)
[00:25:15]   Epoch 22  150/787  train_mae 1.19  kl 0.305  (25s)
[00:25:23]   Epoch 22  200/787  train_mae 1.16  kl 0.306  (34s)
[00:25:31]   Epoch 22  250/787  train_mae 1.16  kl 0.307  (42s)
[00:25:40]   Epoch 22  300/787  train_mae 1.17  kl 0.307  (50s)
[00:25:48]   Epoch 22  350/787  train_mae 1.19  kl 0.307  (59s)
[00:25:57]   Epoch 22  400/787  train_mae 1.20  kl 0.307  (67s)
[00:26:05]   Epoch 22  450/787  train_mae 1.19  kl 0.306  (76s)
[00:26:13]   Epoch 22  500/787  train_mae 1.18  kl 0.305  (84s)
[00:26:22]   Epoch 22  550/787  train_mae 1.19  kl 0.305  (92s)
[00:26:30]   Epoch 22  600/787  train_mae 1.19  kl 0.305  (101s)
[00:26:39]   Epoch 22  650/787  train_mae 1.19  kl 0.305  (109s)
[00:26:47]   Epoch 22  700/787  train_mae 1.20  kl 0.305  (118s)
[00:26:55]   Epoch 22  750/787  train_mae 1.20  kl 0.305  (126s)
[00:27:02]   Epoch 22  787/787  train_mae 1.20  kl 0.305  (132s)
[00:27:11] [Epoch 22 완료] train MAE 1.20 | val MAE 7.15 | val RMSE 9.77 | lr 2.5e-05 | 개선없음 3/15
[00:27:20]   Epoch 23  50/787  train_mae 1.18  kl 0.309  (8s)
[00:27:28]   Epoch 23  100/787  train_mae 1.21  kl 0.308  (17s)
[00:27:37]   Epoch 23  150/787  train_mae 1.18  kl 0.308  (25s)
[00:27:45]   Epoch 23  200/787  train_mae 1.20  kl 0.308  (34s)
[00:27:54]   Epoch 23  250/787  train_mae 1.18  kl 0.305  (42s)
[00:28:02]   Epoch 23  300/787  train_mae 1.17  kl 0.305  (50s)
[00:28:10]   Epoch 23  350/787  train_mae 1.17  kl 0.305  (59s)
[00:28:19]   Epoch 23  400/787  train_mae 1.16  kl 0.304  (67s)
[00:28:26]   Epoch 23  450/787  train_mae 1.16  kl 0.304  (75s)
[00:28:35]   Epoch 23  500/787  train_mae 1.15  kl 0.303  (83s)
[00:28:43]   Epoch 23  550/787  train_mae 1.16  kl 0.302  (91s)
[00:28:52]   Epoch 23  600/787  train_mae 1.17  kl 0.302  (100s)
[00:29:00]   Epoch 23  650/787  train_mae 1.16  kl 0.302  (108s)
[00:29:08]   Epoch 23  700/787  train_mae 1.16  kl 0.302  (117s)
[00:29:17]   Epoch 23  750/787  train_mae 1.16  kl 0.302  (125s)
[00:29:23]   Epoch 23  787/787  train_mae 1.16  kl 0.302  (131s)
[00:29:33] [Epoch 23 완료] train MAE 1.16 | val MAE 7.07 | val RMSE 9.67 | lr 1.3e-05 | 개선없음 4/15
[00:29:42]   Epoch 24  50/787  train_mae 1.03  kl 0.296  (8s)
[00:29:50]   Epoch 24  100/787  train_mae 1.08  kl 0.293  (17s)
[00:29:59]   Epoch 24  150/787  train_mae 1.08  kl 0.296  (25s)
[00:30:07]   Epoch 24  200/787  train_mae 1.06  kl 0.297  (34s)
[00:30:15]   Epoch 24  250/787  train_mae 1.07  kl 0.297  (42s)
[00:30:24]   Epoch 24  300/787  train_mae 1.07  kl 0.297  (51s)
[00:30:32]   Epoch 24  350/787  train_mae 1.06  kl 0.296  (59s)
[00:30:41]   Epoch 24  400/787  train_mae 1.06  kl 0.297  (68s)
[00:30:49]   Epoch 24  450/787  train_mae 1.06  kl 0.297  (76s)
[00:30:58]   Epoch 24  500/787  train_mae 1.05  kl 0.297  (84s)
[00:31:06]   Epoch 24  550/787  train_mae 1.06  kl 0.296  (93s)
[00:31:14]   Epoch 24  600/787  train_mae 1.06  kl 0.296  (101s)
[00:31:23]   Epoch 24  650/787  train_mae 1.06  kl 0.295  (110s)
[00:31:31]   Epoch 24  700/787  train_mae 1.06  kl 0.295  (118s)
[00:31:40]   Epoch 24  750/787  train_mae 1.06  kl 0.295  (126s)
[00:31:46]   Epoch 24  787/787  train_mae 1.06  kl 0.296  (133s)
[00:31:56] [Epoch 24 완료] train MAE 1.06 | val MAE 7.09 | val RMSE 9.68 | lr 1.3e-05 | 개선없음 5/15
[00:32:05]   Epoch 25  50/787  train_mae 0.89  kl 0.297  (8s)
[00:32:13]   Epoch 25  100/787  train_mae 0.87  kl 0.296  (17s)
[00:32:21]   Epoch 25  150/787  train_mae 0.86  kl 0.296  (25s)
[00:32:30]   Epoch 25  200/787  train_mae 0.87  kl 0.296  (33s)
[00:32:38]   Epoch 25  250/787  train_mae 0.88  kl 0.295  (42s)
[00:32:46]   Epoch 25  300/787  train_mae 0.88  kl 0.293  (50s)
[00:32:55]   Epoch 25  350/787  train_mae 0.87  kl 0.293  (59s)
[00:33:03]   Epoch 25  400/787  train_mae 0.88  kl 0.292  (67s)
[00:33:12]   Epoch 25  450/787  train_mae 0.89  kl 0.293  (76s)
[00:33:20]   Epoch 25  500/787  train_mae 0.90  kl 0.293  (84s)
[00:33:29]   Epoch 25  550/787  train_mae 0.90  kl 0.293  (92s)
[00:33:37]   Epoch 25  600/787  train_mae 0.89  kl 0.292  (101s)
[00:33:45]   Epoch 25  650/787  train_mae 0.89  kl 0.293  (109s)
[00:33:54]   Epoch 25  700/787  train_mae 0.89  kl 0.293  (118s)
[00:34:02]   Epoch 25  750/787  train_mae 0.89  kl 0.293  (126s)
[00:34:08]   Epoch 25  787/787  train_mae 0.89  kl 0.292  (132s)
[00:34:18] [Epoch 25 완료] train MAE 0.89 | val MAE 7.05 | val RMSE 9.68 | lr 1.3e-05 | 개선없음 6/15
[00:34:27]   Epoch 26  50/787  train_mae 0.85  kl 0.297  (8s)
[00:34:35]   Epoch 26  100/787  train_mae 0.81  kl 0.290  (17s)
[00:34:44]   Epoch 26  150/787  train_mae 0.81  kl 0.291  (25s)
[00:34:52]   Epoch 26  200/787  train_mae 0.80  kl 0.291  (34s)
[00:35:01]   Epoch 26  250/787  train_mae 0.81  kl 0.291  (42s)
[00:35:09]   Epoch 26  300/787  train_mae 0.81  kl 0.290  (50s)
[00:35:17]   Epoch 26  350/787  train_mae 0.82  kl 0.290  (59s)
[00:35:26]   Epoch 26  400/787  train_mae 0.82  kl 0.290  (67s)
[00:35:34]   Epoch 26  450/787  train_mae 0.81  kl 0.288  (76s)
[00:35:43]   Epoch 26  500/787  train_mae 0.81  kl 0.289  (84s)
[00:35:51]   Epoch 26  550/787  train_mae 0.82  kl 0.288  (92s)
[00:35:59]   Epoch 26  600/787  train_mae 0.81  kl 0.288  (101s)
[00:36:08]   Epoch 26  650/787  train_mae 0.81  kl 0.289  (109s)
[00:36:16]   Epoch 26  700/787  train_mae 0.82  kl 0.289  (117s)
[00:36:24]   Epoch 26  750/787  train_mae 0.81  kl 0.289  (126s)
[00:36:31]   Epoch 26  787/787  train_mae 0.81  kl 0.288  (132s)
[00:36:40] [Epoch 26 완료] train MAE 0.81 | val MAE 7.06 | val RMSE 9.65 | lr 1.3e-05 | 개선없음 7/15
[00:36:49]   Epoch 27  50/787  train_mae 0.83  kl 0.284  (8s)
[00:36:57]   Epoch 27  100/787  train_mae 0.80  kl 0.290  (17s)
[00:37:06]   Epoch 27  150/787  train_mae 0.80  kl 0.290  (25s)
[00:37:14]   Epoch 27  200/787  train_mae 0.80  kl 0.290  (34s)
[00:37:23]   Epoch 27  250/787  train_mae 0.79  kl 0.288  (42s)
[00:37:31]   Epoch 27  300/787  train_mae 0.79  kl 0.287  (50s)
[00:37:40]   Epoch 27  350/787  train_mae 0.79  kl 0.288  (59s)
[00:37:48]   Epoch 27  400/787  train_mae 0.80  kl 0.286  (67s)
[00:37:56]   Epoch 27  450/787  train_mae 0.80  kl 0.287  (76s)
[00:38:05]   Epoch 27  500/787  train_mae 0.80  kl 0.287  (84s)
[00:38:13]   Epoch 27  550/787  train_mae 0.79  kl 0.286  (93s)
[00:38:22]   Epoch 27  600/787  train_mae 0.79  kl 0.286  (101s)
[00:38:30]   Epoch 27  650/787  train_mae 0.79  kl 0.286  (109s)
[00:38:39]   Epoch 27  700/787  train_mae 0.79  kl 0.285  (118s)
[00:38:47]   Epoch 27  750/787  train_mae 0.79  kl 0.286  (126s)
[00:38:53]   Epoch 27  787/787  train_mae 0.79  kl 0.285  (133s)
[00:39:03] [Epoch 27 완료] train MAE 0.79 | val MAE 7.08 | val RMSE 9.70 | lr 6.3e-06 | 개선없음 8/15
[00:39:12]   Epoch 28  50/787  train_mae 0.71  kl 0.288  (8s)
[00:39:20]   Epoch 28  100/787  train_mae 0.72  kl 0.284  (16s)
[00:39:28]   Epoch 28  150/787  train_mae 0.71  kl 0.284  (25s)
[00:39:36]   Epoch 28  200/787  train_mae 0.72  kl 0.283  (32s)
[00:39:44]   Epoch 28  250/787  train_mae 0.72  kl 0.283  (41s)
[00:39:53]   Epoch 28  300/787  train_mae 0.72  kl 0.283  (49s)
[00:40:01]   Epoch 28  350/787  train_mae 0.72  kl 0.284  (58s)
[00:40:09]   Epoch 28  400/787  train_mae 0.72  kl 0.284  (66s)
[00:40:18]   Epoch 28  450/787  train_mae 0.72  kl 0.283  (75s)
[00:40:26]   Epoch 28  500/787  train_mae 0.72  kl 0.284  (83s)
[00:40:35]   Epoch 28  550/787  train_mae 0.72  kl 0.284  (91s)
[00:40:43]   Epoch 28  600/787  train_mae 0.72  kl 0.284  (100s)
[00:40:52]   Epoch 28  650/787  train_mae 0.71  kl 0.284  (108s)
[00:41:00]   Epoch 28  700/787  train_mae 0.71  kl 0.284  (117s)
[00:41:08]   Epoch 28  750/787  train_mae 0.71  kl 0.283  (125s)
[00:41:15]   Epoch 28  787/787  train_mae 0.71  kl 0.283  (131s)
[00:41:25] [Epoch 28 완료] train MAE 0.71 | val MAE 7.08 | val RMSE 9.69 | lr 6.3e-06 | 개선없음 9/15
[00:41:33]   Epoch 29  50/787  train_mae 0.67  kl 0.287  (8s)
[00:41:42]   Epoch 29  100/787  train_mae 0.64  kl 0.285  (17s)
[00:41:50]   Epoch 29  150/787  train_mae 0.65  kl 0.282  (25s)
[00:41:58]   Epoch 29  200/787  train_mae 0.65  kl 0.282  (33s)
[00:42:07]   Epoch 29  250/787  train_mae 0.64  kl 0.281  (42s)
[00:42:15]   Epoch 29  300/787  train_mae 0.65  kl 0.282  (50s)
[00:42:23]   Epoch 29  350/787  train_mae 0.65  kl 0.282  (58s)
[00:42:31]   Epoch 29  400/787  train_mae 0.64  kl 0.283  (66s)
[00:42:40]   Epoch 29  450/787  train_mae 0.64  kl 0.283  (75s)
[00:42:48]   Epoch 29  500/787  train_mae 0.64  kl 0.283  (83s)
[00:42:56]   Epoch 29  550/787  train_mae 0.64  kl 0.282  (91s)
[00:43:05]   Epoch 29  600/787  train_mae 0.64  kl 0.282  (100s)
[00:43:13]   Epoch 29  650/787  train_mae 0.64  kl 0.282  (108s)
[00:43:22]   Epoch 29  700/787  train_mae 0.64  kl 0.281  (117s)
[00:43:30]   Epoch 29  750/787  train_mae 0.64  kl 0.282  (125s)
[00:43:36]   Epoch 29  787/787  train_mae 0.65  kl 0.282  (131s)
[00:43:46] [Epoch 29 완료] train MAE 0.65 | val MAE 7.09 | val RMSE 9.70 | lr 6.3e-06 | 개선없음 10/15
[00:43:55]   Epoch 30  50/787  train_mae 0.57  kl 0.280  (8s)
[00:44:03]   Epoch 30  100/787  train_mae 0.60  kl 0.277  (17s)
[00:44:12]   Epoch 30  150/787  train_mae 0.60  kl 0.277  (25s)
[00:44:20]   Epoch 30  200/787  train_mae 0.61  kl 0.278  (34s)
[00:44:29]   Epoch 30  250/787  train_mae 0.61  kl 0.279  (42s)
[00:44:37]   Epoch 30  300/787  train_mae 0.62  kl 0.280  (50s)
[00:44:45]   Epoch 30  350/787  train_mae 0.63  kl 0.280  (59s)
[00:44:54]   Epoch 30  400/787  train_mae 0.62  kl 0.280  (67s)
[00:45:02]   Epoch 30  450/787  train_mae 0.62  kl 0.279  (76s)
[00:45:11]   Epoch 30  500/787  train_mae 0.62  kl 0.279  (84s)
[00:45:19]   Epoch 30  550/787  train_mae 0.62  kl 0.280  (92s)
[00:45:27]   Epoch 30  600/787  train_mae 0.62  kl 0.280  (101s)
[00:45:36]   Epoch 30  650/787  train_mae 0.62  kl 0.279  (109s)
[00:45:44]   Epoch 30  700/787  train_mae 0.62  kl 0.279  (118s)
[00:45:53]   Epoch 30  750/787  train_mae 0.62  kl 0.279  (126s)
[00:45:59]   Epoch 30  787/787  train_mae 0.62  kl 0.279  (132s)
[00:46:09] [Epoch 30 완료] train MAE 0.62 | val MAE 7.10 | val RMSE 9.70 | lr 6.3e-06 | 개선없음 11/15
[00:46:17]   Epoch 31  50/787  train_mae 0.57  kl 0.280  (8s)
[00:46:25]   Epoch 31  100/787  train_mae 0.58  kl 0.282  (16s)
[00:46:34]   Epoch 31  150/787  train_mae 0.57  kl 0.278  (25s)
[00:46:42]   Epoch 31  200/787  train_mae 0.57  kl 0.278  (33s)
[00:46:51]   Epoch 31  250/787  train_mae 0.58  kl 0.279  (42s)
[00:46:59]   Epoch 31  300/787  train_mae 0.59  kl 0.280  (50s)
[00:47:07]   Epoch 31  350/787  train_mae 0.59  kl 0.279  (58s)
[00:47:16]   Epoch 31  400/787  train_mae 0.59  kl 0.279  (67s)
[00:47:24]   Epoch 31  450/787  train_mae 0.59  kl 0.278  (75s)
[00:47:32]   Epoch 31  500/787  train_mae 0.59  kl 0.278  (83s)
[00:47:41]   Epoch 31  550/787  train_mae 0.59  kl 0.278  (92s)
[00:47:49]   Epoch 31  600/787  train_mae 0.59  kl 0.278  (100s)
[00:47:58]   Epoch 31  650/787  train_mae 0.59  kl 0.278  (109s)
[00:48:06]   Epoch 31  700/787  train_mae 0.59  kl 0.278  (117s)
[00:48:14]   Epoch 31  750/787  train_mae 0.59  kl 0.278  (125s)
[00:48:21]   Epoch 31  787/787  train_mae 0.59  kl 0.278  (132s)
[00:48:30] [Epoch 31 완료] train MAE 0.59 | val MAE 7.07 | val RMSE 9.69 | lr 3.1e-06 | 개선없음 12/15
[00:48:39]   Epoch 32  50/787  train_mae 0.55  kl 0.273  (8s)
[00:48:47]   Epoch 32  100/787  train_mae 0.55  kl 0.272  (16s)
[00:48:54]   Epoch 32  150/787  train_mae 0.55  kl 0.275  (23s)
[00:49:02]   Epoch 32  200/787  train_mae 0.55  kl 0.275  (31s)
[00:49:10]   Epoch 32  250/787  train_mae 0.55  kl 0.274  (40s)
[00:49:19]   Epoch 32  300/787  train_mae 0.56  kl 0.273  (48s)
[00:49:27]   Epoch 32  350/787  train_mae 0.56  kl 0.273  (57s)
[00:49:36]   Epoch 32  400/787  train_mae 0.56  kl 0.272  (65s)
[00:49:44]   Epoch 32  450/787  train_mae 0.56  kl 0.272  (73s)
[00:49:52]   Epoch 32  500/787  train_mae 0.56  kl 0.273  (82s)
[00:50:01]   Epoch 32  550/787  train_mae 0.56  kl 0.273  (90s)
[00:50:09]   Epoch 32  600/787  train_mae 0.55  kl 0.274  (99s)
[00:50:18]   Epoch 32  650/787  train_mae 0.56  kl 0.274  (107s)
[00:50:26]   Epoch 32  700/787  train_mae 0.56  kl 0.275  (115s)
[00:50:34]   Epoch 32  750/787  train_mae 0.56  kl 0.275  (124s)
[00:50:41]   Epoch 32  787/787  train_mae 0.56  kl 0.275  (130s)
[00:50:50] [Epoch 32 완료] train MAE 0.56 | val MAE 7.08 | val RMSE 9.68 | lr 3.1e-06 | 개선없음 13/15
[00:50:59]   Epoch 33  50/787  train_mae 0.54  kl 0.280  (8s)
[00:51:07]   Epoch 33  100/787  train_mae 0.51  kl 0.274  (17s)
[00:51:16]   Epoch 33  150/787  train_mae 0.52  kl 0.273  (25s)
[00:51:24]   Epoch 33  200/787  train_mae 0.53  kl 0.272  (33s)
[00:51:33]   Epoch 33  250/787  train_mae 0.52  kl 0.271  (42s)
[00:51:41]   Epoch 33  300/787  train_mae 0.52  kl 0.272  (50s)
[00:51:49]   Epoch 33  350/787  train_mae 0.53  kl 0.273  (59s)
[00:51:58]   Epoch 33  400/787  train_mae 0.53  kl 0.274  (67s)
[00:52:06]   Epoch 33  450/787  train_mae 0.53  kl 0.274  (75s)
[00:52:15]   Epoch 33  500/787  train_mae 0.53  kl 0.274  (84s)
[00:52:23]   Epoch 33  550/787  train_mae 0.54  kl 0.274  (92s)
[00:52:31]   Epoch 33  600/787  train_mae 0.53  kl 0.275  (101s)
[00:52:40]   Epoch 33  650/787  train_mae 0.54  kl 0.276  (109s)
[00:52:48]   Epoch 33  700/787  train_mae 0.54  kl 0.275  (118s)
[00:52:57]   Epoch 33  750/787  train_mae 0.54  kl 0.275  (126s)
[00:53:03]   Epoch 33  787/787  train_mae 0.53  kl 0.275  (132s)
[00:53:13] [Epoch 33 완료] train MAE 0.53 | val MAE 7.08 | val RMSE 9.68 | lr 3.1e-06 | 개선없음 14/15
[00:53:21]   Epoch 34  50/787  train_mae 0.55  kl 0.269  (8s)
[00:53:30]   Epoch 34  100/787  train_mae 0.51  kl 0.272  (17s)
[00:53:38]   Epoch 34  150/787  train_mae 0.50  kl 0.273  (25s)
[00:53:47]   Epoch 34  200/787  train_mae 0.50  kl 0.273  (33s)
[00:53:55]   Epoch 34  250/787  train_mae 0.50  kl 0.274  (42s)
[00:54:03]   Epoch 34  300/787  train_mae 0.52  kl 0.274  (50s)
[00:54:12]   Epoch 34  350/787  train_mae 0.51  kl 0.275  (59s)
[00:54:20]   Epoch 34  400/787  train_mae 0.51  kl 0.273  (67s)
[00:54:28]   Epoch 34  450/787  train_mae 0.51  kl 0.273  (75s)
[00:54:37]   Epoch 34  500/787  train_mae 0.51  kl 0.273  (84s)
[00:54:45]   Epoch 34  550/787  train_mae 0.51  kl 0.273  (92s)
[00:54:54]   Epoch 34  600/787  train_mae 0.51  kl 0.273  (100s)
[00:55:02]   Epoch 34  650/787  train_mae 0.51  kl 0.273  (109s)
[00:55:10]   Epoch 34  700/787  train_mae 0.51  kl 0.273  (117s)
[00:55:18]   Epoch 34  750/787  train_mae 0.51  kl 0.274  (125s)
[00:55:25]   Epoch 34  787/787  train_mae 0.51  kl 0.274  (132s)
[00:55:34] [Epoch 34 완료] train MAE 0.51 | val MAE 7.09 | val RMSE 9.70 | lr 3.1e-06 | 개선없음 15/15
[00:55:35] 조기종료: 15에폭 연속 개선 없음 | 최고 val MAE 7.04 @ epoch 19
================================================================
[00:55:35] 최종 평가 (best.pt 로드)
[00:55:35] [backbone] timm 'legacy_xception' 로드 완료 (pretrained=False)
[00:55:35] [model] head = LDL softmax 240-way (식 6~8)
[00:55:35] [model] backbone out = 2048x16x16 -> z dim = 6,400 (논문 9,216 = IMG_SIZE 608일 때)
[00:55:35] [model] total params = 27.1M (논문 표4: 22.9M)
[00:55:35] best.pt 로드 완료 | 정규화 0.0±1.0 | IMG 512
[00:55:35]  split |      N |  MAE(mo) |  RMSE(mo) |    bias
[00:56:51]  train | 12,596 |     1.13 |      1.75 |   +0.15
[00:57:01]    val |  1,425 |     7.04 |      9.66 |   +0.03
[00:57:05]   test |    200 |     6.17 |      7.80 |   +1.33
[00:57:07] 나이 분포 저장: G:\Project\sinra_cho\checkpoints_xception_3\age_distribution.png
======================================================
골연령 Xception 회귀 (IMG=512, advanced, eq=clahe)
2026-07-24 00:55
======================================================
 split |      N |  MAE(mo) |  RMSE(mo) |    bias
 train | 12,596 |     1.13 |      1.75 |   +0.15
   val |  1,425 |     7.04 |      9.66 |   +0.03
  test |    200 |     6.17 |      7.80 |   +1.33
------------------------------------------------------
[test 연령대별]
  group |     N |    MAE |   RMSE |   bias
   0-4y |    10 |   6.88 |   8.66 |  +4.79
   4-8y |    34 |   8.76 |   9.79 |  +5.95
  8-12y |    65 |   6.95 |   8.75 |  +2.14
 12-16y |    80 |   4.47 |   5.62 |  -0.93
   >16y |    11 |   5.19 |   7.83 |  -4.38
======================================================
[00:57:07] 결과 저장: G:\Project\sinra_cho\checkpoints_xception_3\results.txt
[00:57:07] [Grad-CAM] target layer = act4
[00:57:07] [경고] Grad-CAM 생략: Output 0 of BackwardHookFunctionBackward is a view and is being modified inplace. This view was created inside a custom Function (or because an input was returned as-is) and the autograd logic to handle view+inplace would override the custom backward associated with the custom Function, leading to incorrect gradients. This behavior is forbidden. You can fix this by cloning the output of the custom Function.
[00:57:07] 추론 함수 준비 완료 · best.pt: G:\Project\sinra_cho\checkpoints_xception_3\best.pt
[00:57:07] === 전체 완료 ===
