================================================================
[01:36:34] Attention(R1/R2) + LDL 골연령 - v9 (EfficientNetV2-S) 시작
[01:36:34] PyTorch 2.6.0+cu124 | torchvision 0.21.0+cu124 | timm 1.0.28
[01:36:34] device cuda | CUDA True
[GPU-GUARD] (inproc) 바로 실행 — 티켓 115번 infer 16000MiB
[01:36:34] GPU NVIDIA A100 80GB PCIe | CUDA 12.4
[01:36:34] BASE_DIR       G:\Project\sinra_cho
[01:36:34] HAND_CROP_DIR  G:\Project\sinra_cho\crop_data
[01:36:34] 채널 ('hand', 'r1', 'r2') | tau(R1/R2) 30/50 | 정규화 div255 | 증강 True
================================================================
[01:36:34]   TRAIN_CSV OK  G:\Project\sinra_cho\crop_data_csv\training.csv
[01:36:34]   VAL_CSV   OK  G:\Project\sinra_cho\crop_data_csv\validation.csv
[01:36:34]   TEST_CSV  OK  G:\Project\sinra_cho\crop_data_csv\test.csv
[01:36:35]   손크롭 train OK  G:\Project\sinra_cho\crop_data\training  (파일 11,643장)
[01:36:35]   손크롭 val   OK  G:\Project\sinra_cho\crop_data\validation  (파일 1,324장)
[01:36:35]   손크롭 test  OK  G:\Project\sinra_cho\crop_data\test  (파일 167장)
[01:36:35]   · train: 라벨 11,643 -> 사용 11,628 (제외/미크롭 15)
[01:36:35]   · val: 라벨 1,324 -> 사용 1,319 (제외/미크롭 5)
[01:36:35]   · test: 라벨 167 -> 사용 166 (제외/미크롭 1)
[01:36:35] 최종 | train 11,628 | val 1,319 | test 166 | 나이 128.5±39.5개월 | 남 54.5%
[01:36:35] hand512 캐시 생성: 정규화(none) -> TopHat(none) -> CLAHE(2.0,8@post_resize) -> scale(per_image) -> pad(auto) -> 512px
[01:37:17]   hand512 train 2000/11628
[01:38:03]   hand512 train 4000/11628
[01:38:49]   hand512 train 6000/11628
[01:39:38]   hand512 train 8000/11628
[01:40:26]   hand512 train 10000/11628
[01:41:05] [hand512:train] 생성 11628 | 스킵 0 | 실패 0
[01:41:36] [hand512:val] 생성 1319 | 스킵 0 | 실패 0
[01:41:40] [hand512:test] 생성 166 | 스킵 0 | 실패 0
[01:41:40]   Top-Hat 커널 중앙값 0px (뼈 굵기 84~88px 보다 커야 정상) | 패딩 비율 중앙값 25.4%
[01:41:40]   [마커] 제거된 이미지 0/13113 (0.0%) | 제거 덩어리 총 0개 | 안전상 건너뜀 13113장 {'off': 13113}
[01:41:40]        ↳ 마커가 없는 크롭은 '제거 0'이 정상입니다. 비율이 비정상적으로 높으면 MARKER_* 조건을 조이세요.
[01:41:40] hand512 캐시 완료
[01:41:40] 캐시 확인 후 | train 11,628 | val 1,319 | test 166
[01:41:40] ### Phase I-a : R1(수근골) 국소화 + Erased 생성 ###
[01:41:40]   R1 밴드 {'x0': 0.12, 'y0': 0.52, 'x1': 0.88, 'y1': 0.98} | clamp True | tau 30
[01:41:40]   크기 맞추기: 비율유지 + 배경색 패딩(왜곡 0)
[01:41:40] [cls-r1] 분류 모델 학습 | pool=gmp src=hand512 size=512 epochs=70
[01:41:41] [backbone] timm 'inception_v3' 로드 완료 (pretrained=True)
[01:41:42] [cls-gmp] feat (2048, 14, 14) -> FC 2048->240
[01:42:05]   [cls-r1] ep01 100/1453 loss 0.2566 lr 3e-04 (23s)
[01:42:23]   [cls-r1] ep01 200/1453 loss 0.2028 lr 3e-04 (41s)
[01:42:41]   [cls-r1] ep01 300/1453 loss 0.1794 lr 3e-04 (59s)
[01:42:59]   [cls-r1] ep01 400/1453 loss 0.1643 lr 3e-04 (77s)
[01:43:18]   [cls-r1] ep01 500/1453 loss 0.1543 lr 3e-04 (96s)
[01:43:36]   [cls-r1] ep01 600/1453 loss 0.1474 lr 3e-04 (114s)
[01:43:54]   [cls-r1] ep01 700/1453 loss 0.1416 lr 3e-04 (132s)
[01:44:12]   [cls-r1] ep01 800/1453 loss 0.1367 lr 3e-04 (150s)
[01:44:31]   [cls-r1] ep01 900/1453 loss 0.1337 lr 3e-04 (169s)
[01:44:49]   [cls-r1] ep01 1000/1453 loss 0.1299 lr 3e-04 (187s)
[01:45:07]   [cls-r1] ep01 1100/1453 loss 0.1269 lr 3e-04 (205s)
[01:45:25]   [cls-r1] ep01 1200/1453 loss 0.1244 lr 3e-04 (224s)
[01:45:44]   [cls-r1] ep01 1300/1453 loss 0.1220 lr 3e-04 (242s)
[01:46:02]   [cls-r1] ep01 1400/1453 loss 0.1197 lr 3e-04 (260s)
[01:46:12]   [cls-r1] ep01 1453/1453 loss 0.1189 lr 3e-04 (270s)
[01:46:34]   [cls-r1] Epoch 01 완료 | train L1 0.1189 | val argmax-MAE 13.34 | * best 저장 (13.34)
[01:46:45]   [cls-r1] ep02 100/1453 loss 0.0929 lr 3e-04 (10s)
[01:46:54]   [cls-r1] ep02 200/1453 loss 0.0903 lr 3e-04 (20s)
[01:47:04]   [cls-r1] ep02 300/1453 loss 0.0898 lr 3e-04 (30s)
[01:47:14]   [cls-r1] ep02 400/1453 loss 0.0896 lr 3e-04 (40s)
[01:47:26]   [cls-r1] ep02 500/1453 loss 0.0894 lr 3e-04 (52s)
[01:47:38]   [cls-r1] ep02 600/1453 loss 0.0892 lr 3e-04 (64s)
[01:47:50]   [cls-r1] ep02 700/1453 loss 0.0887 lr 3e-04 (76s)
[01:48:03]   [cls-r1] ep02 800/1453 loss 0.0880 lr 3e-04 (88s)
[01:48:16]   [cls-r1] ep02 900/1453 loss 0.0878 lr 3e-04 (101s)
[01:48:28]   [cls-r1] ep02 1000/1453 loss 0.0876 lr 3e-04 (113s)
[01:48:40]   [cls-r1] ep02 1100/1453 loss 0.0872 lr 3e-04 (126s)
[01:48:52]   [cls-r1] ep02 1200/1453 loss 0.0868 lr 3e-04 (137s)
[01:49:04]   [cls-r1] ep02 1300/1453 loss 0.0867 lr 3e-04 (149s)
[01:49:15]   [cls-r1] ep02 1400/1453 loss 0.0864 lr 3e-04 (161s)
[01:49:21]   [cls-r1] ep02 1453/1453 loss 0.0864 lr 3e-04 (167s)
[01:49:30]   [cls-r1] Epoch 02 완료 | train L1 0.0864 | val argmax-MAE 11.22 | * best 저장 (11.22)
[01:49:43]   [cls-r1] ep03 100/1453 loss 0.0800 lr 3e-04 (12s)
[01:49:55]   [cls-r1] ep03 200/1453 loss 0.0822 lr 3e-04 (24s)
[01:50:07]   [cls-r1] ep03 300/1453 loss 0.0817 lr 3e-04 (36s)
[01:50:19]   [cls-r1] ep03 400/1453 loss 0.0797 lr 3e-04 (49s)
[01:50:32]   [cls-r1] ep03 500/1453 loss 0.0801 lr 3e-04 (61s)
[01:50:45]   [cls-r1] ep03 600/1453 loss 0.0802 lr 3e-04 (74s)
[01:51:00]   [cls-r1] ep03 700/1453 loss 0.0801 lr 3e-04 (89s)
[01:51:16]   [cls-r1] ep03 800/1453 loss 0.0798 lr 3e-04 (105s)
[01:51:31]   [cls-r1] ep03 900/1453 loss 0.0798 lr 3e-04 (121s)
[01:51:47]   [cls-r1] ep03 1000/1453 loss 0.0795 lr 3e-04 (136s)
[01:52:03]   [cls-r1] ep03 1100/1453 loss 0.0791 lr 3e-04 (152s)
[01:52:18]   [cls-r1] ep03 1200/1453 loss 0.0788 lr 3e-04 (167s)
[01:52:33]   [cls-r1] ep03 1300/1453 loss 0.0788 lr 3e-04 (183s)
[01:52:48]   [cls-r1] ep03 1400/1453 loss 0.0787 lr 3e-04 (197s)
[01:52:55]   [cls-r1] ep03 1453/1453 loss 0.0787 lr 3e-04 (204s)
[01:53:04]   [cls-r1] Epoch 03 완료 | train L1 0.0787 | val argmax-MAE 11.40 | 개선없음 1/8
[01:53:20]   [cls-r1] ep04 100/1453 loss 0.0712 lr 3e-04 (15s)
[01:53:36]   [cls-r1] ep04 200/1453 loss 0.0711 lr 3e-04 (31s)
[01:53:51]   [cls-r1] ep04 300/1453 loss 0.0707 lr 3e-04 (46s)
[01:54:07]   [cls-r1] ep04 400/1453 loss 0.0712 lr 3e-04 (62s)
[01:54:22]   [cls-r1] ep04 500/1453 loss 0.0711 lr 3e-04 (77s)
[01:54:38]   [cls-r1] ep04 600/1453 loss 0.0713 lr 3e-04 (93s)
[01:54:53]   [cls-r1] ep04 700/1453 loss 0.0719 lr 3e-04 (108s)
[01:55:08]   [cls-r1] ep04 800/1453 loss 0.0721 lr 3e-04 (123s)
[01:55:24]   [cls-r1] ep04 900/1453 loss 0.0722 lr 3e-04 (139s)
[01:55:39]   [cls-r1] ep04 1000/1453 loss 0.0725 lr 3e-04 (154s)
[01:55:55]   [cls-r1] ep04 1100/1453 loss 0.0725 lr 3e-04 (170s)
[01:56:10]   [cls-r1] ep04 1200/1453 loss 0.0726 lr 3e-04 (185s)
[01:56:25]   [cls-r1] ep04 1300/1453 loss 0.0724 lr 3e-04 (200s)
[01:56:40]   [cls-r1] ep04 1400/1453 loss 0.0722 lr 3e-04 (215s)
[01:56:46]   [cls-r1] ep04 1453/1453 loss 0.0722 lr 3e-04 (221s)
[01:56:55]   [cls-r1] Epoch 04 완료 | train L1 0.0722 | val argmax-MAE 9.69 | * best 저장 (9.69)
[01:57:09]   [cls-r1] ep05 100/1453 loss 0.0654 lr 3e-04 (13s)
[01:57:22]   [cls-r1] ep05 200/1453 loss 0.0647 lr 3e-04 (27s)
[01:57:37]   [cls-r1] ep05 300/1453 loss 0.0651 lr 3e-04 (42s)
[01:57:53]   [cls-r1] ep05 400/1453 loss 0.0648 lr 3e-04 (57s)
[01:58:09]   [cls-r1] ep05 500/1453 loss 0.0657 lr 3e-04 (73s)
[01:58:27]   [cls-r1] ep05 600/1453 loss 0.0660 lr 3e-04 (92s)
[01:58:43]   [cls-r1] ep05 700/1453 loss 0.0661 lr 3e-04 (107s)
[01:58:59]   [cls-r1] ep05 800/1453 loss 0.0663 lr 3e-04 (123s)
[01:59:15]   [cls-r1] ep05 900/1453 loss 0.0659 lr 3e-04 (139s)
[01:59:29]   [cls-r1] ep05 1000/1453 loss 0.0662 lr 3e-04 (154s)
[01:59:44]   [cls-r1] ep05 1100/1453 loss 0.0662 lr 3e-04 (168s)
[01:59:59]   [cls-r1] ep05 1200/1453 loss 0.0663 lr 3e-04 (183s)
[02:00:15]   [cls-r1] ep05 1300/1453 loss 0.0662 lr 3e-04 (199s)
[02:00:31]   [cls-r1] ep05 1400/1453 loss 0.0664 lr 3e-04 (215s)
[02:00:39]   [cls-r1] ep05 1453/1453 loss 0.0664 lr 3e-04 (223s)
[02:00:49]   [cls-r1] Epoch 05 완료 | train L1 0.0664 | val argmax-MAE 9.45 | * best 저장 (9.45)
[02:01:05]   [cls-r1] ep06 100/1453 loss 0.0587 lr 3e-04 (16s)
[02:01:20]   [cls-r1] ep06 200/1453 loss 0.0598 lr 3e-04 (31s)
[02:01:36]   [cls-r1] ep06 300/1453 loss 0.0605 lr 3e-04 (47s)
[02:01:51]   [cls-r1] ep06 400/1453 loss 0.0605 lr 3e-04 (62s)
[02:02:06]   [cls-r1] ep06 500/1453 loss 0.0606 lr 3e-04 (76s)
[02:02:21]   [cls-r1] ep06 600/1453 loss 0.0606 lr 3e-04 (92s)
[02:02:37]   [cls-r1] ep06 700/1453 loss 0.0609 lr 3e-04 (107s)
[02:02:52]   [cls-r1] ep06 800/1453 loss 0.0608 lr 3e-04 (122s)
[02:03:06]   [cls-r1] ep06 900/1453 loss 0.0608 lr 3e-04 (137s)
[02:03:22]   [cls-r1] ep06 1000/1453 loss 0.0608 lr 3e-04 (152s)
[02:03:37]   [cls-r1] ep06 1100/1453 loss 0.0607 lr 3e-04 (168s)
[02:03:52]   [cls-r1] ep06 1200/1453 loss 0.0608 lr 3e-04 (183s)
[02:04:07]   [cls-r1] ep06 1300/1453 loss 0.0608 lr 3e-04 (198s)
[02:04:23]   [cls-r1] ep06 1400/1453 loss 0.0607 lr 3e-04 (213s)
[02:04:31]   [cls-r1] ep06 1453/1453 loss 0.0607 lr 3e-04 (222s)
[02:04:41]   [cls-r1] Epoch 06 완료 | train L1 0.0607 | val argmax-MAE 9.75 | 개선없음 1/8
[02:04:55]   [cls-r1] ep07 100/1453 loss 0.0538 lr 3e-04 (14s)
[02:05:11]   [cls-r1] ep07 200/1453 loss 0.0545 lr 3e-04 (30s)
[02:05:25]   [cls-r1] ep07 300/1453 loss 0.0544 lr 3e-04 (44s)
[02:05:39]   [cls-r1] ep07 400/1453 loss 0.0547 lr 3e-04 (58s)
[02:05:55]   [cls-r1] ep07 500/1453 loss 0.0550 lr 3e-04 (73s)
[02:06:13]   [cls-r1] ep07 600/1453 loss 0.0550 lr 3e-04 (92s)
[02:06:28]   [cls-r1] ep07 700/1453 loss 0.0555 lr 3e-04 (107s)
[02:06:44]   [cls-r1] ep07 800/1453 loss 0.0556 lr 3e-04 (122s)
[02:06:57]   [cls-r1] ep07 900/1453 loss 0.0556 lr 3e-04 (136s)
[02:07:12]   [cls-r1] ep07 1000/1453 loss 0.0558 lr 3e-04 (151s)
[02:07:27]   [cls-r1] ep07 1100/1453 loss 0.0558 lr 3e-04 (166s)
[02:07:43]   [cls-r1] ep07 1200/1453 loss 0.0561 lr 3e-04 (182s)
[02:07:58]   [cls-r1] ep07 1300/1453 loss 0.0561 lr 3e-04 (197s)
[02:08:14]   [cls-r1] ep07 1400/1453 loss 0.0561 lr 3e-04 (213s)
[02:08:22]   [cls-r1] ep07 1453/1453 loss 0.0563 lr 3e-04 (221s)
[02:08:32]   [cls-r1] Epoch 07 완료 | train L1 0.0563 | val argmax-MAE 9.37 | * best 저장 (9.37)
[02:08:48]   [cls-r1] ep08 100/1453 loss 0.0512 lr 3e-04 (15s)
[02:09:03]   [cls-r1] ep08 200/1453 loss 0.0509 lr 3e-04 (31s)
[02:09:20]   [cls-r1] ep08 300/1453 loss 0.0513 lr 3e-04 (47s)
[02:09:35]   [cls-r1] ep08 400/1453 loss 0.0518 lr 3e-04 (63s)
[02:09:51]   [cls-r1] ep08 500/1453 loss 0.0525 lr 3e-04 (79s)
[02:10:06]   [cls-r1] ep08 600/1453 loss 0.0525 lr 3e-04 (93s)
[02:10:20]   [cls-r1] ep08 700/1453 loss 0.0524 lr 3e-04 (108s)
[02:10:35]   [cls-r1] ep08 800/1453 loss 0.0521 lr 3e-04 (122s)
[02:10:51]   [cls-r1] ep08 900/1453 loss 0.0520 lr 3e-04 (138s)
[02:11:06]   [cls-r1] ep08 1000/1453 loss 0.0522 lr 3e-04 (154s)
[02:11:22]   [cls-r1] ep08 1100/1453 loss 0.0523 lr 3e-04 (169s)
[02:11:37]   [cls-r1] ep08 1200/1453 loss 0.0523 lr 3e-04 (184s)
[02:11:50]   [cls-r1] ep08 1300/1453 loss 0.0521 lr 3e-04 (197s)
[02:12:05]   [cls-r1] ep08 1400/1453 loss 0.0522 lr 3e-04 (213s)
[02:12:13]   [cls-r1] ep08 1453/1453 loss 0.0522 lr 3e-04 (221s)
[02:12:23]   [cls-r1] Epoch 08 완료 | train L1 0.0522 | val argmax-MAE 9.22 | * best 저장 (9.22)
[02:12:36]   [cls-r1] ep09 100/1453 loss 0.0461 lr 3e-04 (13s)
[02:12:50]   [cls-r1] ep09 200/1453 loss 0.0462 lr 3e-04 (27s)
[02:13:04]   [cls-r1] ep09 300/1453 loss 0.0475 lr 3e-04 (41s)
[02:13:18]   [cls-r1] ep09 400/1453 loss 0.0473 lr 3e-04 (55s)
[02:13:33]   [cls-r1] ep09 500/1453 loss 0.0469 lr 3e-04 (69s)
[02:13:47]   [cls-r1] ep09 600/1453 loss 0.0477 lr 3e-04 (84s)
[02:14:01]   [cls-r1] ep09 700/1453 loss 0.0477 lr 3e-04 (97s)
[02:14:15]   [cls-r1] ep09 800/1453 loss 0.0476 lr 3e-04 (111s)
[02:14:29]   [cls-r1] ep09 900/1453 loss 0.0476 lr 3e-04 (126s)
[02:14:48]   [cls-r1] ep09 1000/1453 loss 0.0479 lr 3e-04 (145s)
[02:15:11]   [cls-r1] ep09 1100/1453 loss 0.0479 lr 3e-04 (167s)
[02:15:35]   [cls-r1] ep09 1200/1453 loss 0.0481 lr 3e-04 (192s)
[02:15:56]   [cls-r1] ep09 1300/1453 loss 0.0482 lr 3e-04 (213s)
[02:16:16]   [cls-r1] ep09 1400/1453 loss 0.0484 lr 3e-04 (232s)
[02:16:26]   [cls-r1] ep09 1453/1453 loss 0.0485 lr 3e-04 (243s)
[02:16:44]   [cls-r1] Epoch 09 완료 | train L1 0.0485 | val argmax-MAE 9.30 | 개선없음 1/8
[02:17:05]   [cls-r1] ep10 100/1453 loss 0.0438 lr 3e-04 (20s)
[02:17:25]   [cls-r1] ep10 200/1453 loss 0.0441 lr 3e-04 (40s)
[02:17:45]   [cls-r1] ep10 300/1453 loss 0.0449 lr 3e-04 (60s)
[02:18:03]   [cls-r1] ep10 400/1453 loss 0.0444 lr 3e-04 (78s)
[02:18:20]   [cls-r1] ep10 500/1453 loss 0.0445 lr 3e-04 (96s)
[02:18:38]   [cls-r1] ep10 600/1453 loss 0.0447 lr 3e-04 (113s)
[02:18:56]   [cls-r1] ep10 700/1453 loss 0.0447 lr 3e-04 (132s)
[02:19:15]   [cls-r1] ep10 800/1453 loss 0.0446 lr 3e-04 (150s)
[02:19:34]   [cls-r1] ep10 900/1453 loss 0.0448 lr 3e-04 (169s)
[02:19:53]   [cls-r1] ep10 1000/1453 loss 0.0449 lr 3e-04 (189s)
[02:20:12]   [cls-r1] ep10 1100/1453 loss 0.0448 lr 3e-04 (208s)
[02:20:32]   [cls-r1] ep10 1200/1453 loss 0.0450 lr 3e-04 (227s)
[02:20:54]   [cls-r1] ep10 1300/1453 loss 0.0450 lr 3e-04 (249s)
[02:21:15]   [cls-r1] ep10 1400/1453 loss 0.0451 lr 3e-04 (270s)
[02:21:28]   [cls-r1] ep10 1453/1453 loss 0.0452 lr 3e-04 (283s)
[02:21:43]   [cls-r1] Epoch 10 완료 | train L1 0.0452 | val argmax-MAE 8.89 | * best 저장 (8.89)
[02:22:05]   [cls-r1] ep11 100/1453 loss 0.0405 lr 3e-04 (21s)
[02:22:30]   [cls-r1] ep11 200/1453 loss 0.0409 lr 3e-04 (46s)
[02:22:47]   [cls-r1] ep11 300/1453 loss 0.0406 lr 3e-04 (63s)
[02:23:01]   [cls-r1] ep11 400/1453 loss 0.0402 lr 3e-04 (77s)
[02:23:14]   [cls-r1] ep11 500/1453 loss 0.0402 lr 3e-04 (91s)
[02:23:29]   [cls-r1] ep11 600/1453 loss 0.0404 lr 3e-04 (105s)
[02:23:43]   [cls-r1] ep11 700/1453 loss 0.0411 lr 3e-04 (120s)
[02:23:59]   [cls-r1] ep11 800/1453 loss 0.0413 lr 3e-04 (135s)
[02:24:20]   [cls-r1] ep11 900/1453 loss 0.0418 lr 3e-04 (156s)
[02:24:43]   [cls-r1] ep11 1000/1453 loss 0.0417 lr 3e-04 (180s)
[02:25:03]   [cls-r1] ep11 1100/1453 loss 0.0416 lr 3e-04 (199s)
[02:25:21]   [cls-r1] ep11 1200/1453 loss 0.0418 lr 3e-04 (217s)
[02:25:41]   [cls-r1] ep11 1300/1453 loss 0.0420 lr 3e-04 (237s)
[02:26:03]   [cls-r1] ep11 1400/1453 loss 0.0422 lr 3e-04 (260s)
[02:26:14]   [cls-r1] ep11 1453/1453 loss 0.0423 lr 3e-04 (271s)
[02:26:31]   [cls-r1] Epoch 11 완료 | train L1 0.0423 | val argmax-MAE 8.82 | * best 저장 (8.82)
[02:26:57]   [cls-r1] ep12 100/1453 loss 0.0407 lr 3e-04 (26s)
[02:27:18]   [cls-r1] ep12 200/1453 loss 0.0395 lr 3e-04 (47s)
[02:27:40]   [cls-r1] ep12 300/1453 loss 0.0400 lr 3e-04 (69s)
[02:28:11]   [cls-r1] ep12 400/1453 loss 0.0399 lr 3e-04 (100s)
[02:28:30]   [cls-r1] ep12 500/1453 loss 0.0396 lr 3e-04 (119s)
[02:28:48]   [cls-r1] ep12 600/1453 loss 0.0397 lr 3e-04 (137s)
[02:29:05]   [cls-r1] ep12 700/1453 loss 0.0394 lr 3e-04 (154s)
[02:29:24]   [cls-r1] ep12 800/1453 loss 0.0394 lr 3e-04 (172s)
[02:29:42]   [cls-r1] ep12 900/1453 loss 0.0393 lr 3e-04 (191s)
[02:30:01]   [cls-r1] ep12 1000/1453 loss 0.0392 lr 3e-04 (210s)
[02:30:20]   [cls-r1] ep12 1100/1453 loss 0.0393 lr 3e-04 (229s)
[02:30:40]   [cls-r1] ep12 1200/1453 loss 0.0395 lr 3e-04 (249s)
[02:31:00]   [cls-r1] ep12 1300/1453 loss 0.0397 lr 3e-04 (269s)
[02:31:22]   [cls-r1] ep12 1400/1453 loss 0.0397 lr 3e-04 (291s)
[02:31:34]   [cls-r1] ep12 1453/1453 loss 0.0398 lr 3e-04 (302s)
[02:31:47]   [cls-r1] Epoch 12 완료 | train L1 0.0398 | val argmax-MAE 9.13 | 개선없음 1/8
[02:32:09]   [cls-r1] ep13 100/1453 loss 0.0393 lr 3e-04 (21s)
[02:32:35]   [cls-r1] ep13 200/1453 loss 0.0387 lr 3e-04 (48s)
[02:33:03]   [cls-r1] ep13 300/1453 loss 0.0379 lr 3e-04 (75s)
[02:33:28]   [cls-r1] ep13 400/1453 loss 0.0378 lr 3e-04 (100s)
[02:33:56]   [cls-r1] ep13 500/1453 loss 0.0374 lr 3e-04 (128s)
[02:34:23]   [cls-r1] ep13 600/1453 loss 0.0374 lr 3e-04 (155s)
[02:34:51]   [cls-r1] ep13 700/1453 loss 0.0377 lr 3e-04 (183s)
[02:35:20]   [cls-r1] ep13 800/1453 loss 0.0378 lr 3e-04 (212s)
[02:35:52]   [cls-r1] ep13 900/1453 loss 0.0378 lr 3e-04 (244s)
[02:36:21]   [cls-r1] ep13 1000/1453 loss 0.0378 lr 3e-04 (273s)
[02:36:50]   [cls-r1] ep13 1100/1453 loss 0.0377 lr 3e-04 (302s)
[02:37:13]   [cls-r1] ep13 1200/1453 loss 0.0380 lr 3e-04 (325s)
[02:37:35]   [cls-r1] ep13 1300/1453 loss 0.0380 lr 3e-04 (347s)
[02:37:57]   [cls-r1] ep13 1400/1453 loss 0.0381 lr 3e-04 (369s)
[02:38:11]   [cls-r1] ep13 1453/1453 loss 0.0381 lr 3e-04 (384s)
[02:38:27]   [cls-r1] Epoch 13 완료 | train L1 0.0381 | val argmax-MAE 9.00 | 개선없음 2/8
[02:38:55]   [cls-r1] ep14 100/1453 loss 0.0341 lr 3e-04 (27s)
[02:39:21]   [cls-r1] ep14 200/1453 loss 0.0345 lr 3e-04 (53s)
[02:39:48]   [cls-r1] ep14 300/1453 loss 0.0348 lr 3e-04 (80s)
[02:40:14]   [cls-r1] ep14 400/1453 loss 0.0350 lr 3e-04 (107s)
[02:40:42]   [cls-r1] ep14 500/1453 loss 0.0351 lr 3e-04 (135s)
[02:41:11]   [cls-r1] ep14 600/1453 loss 0.0353 lr 3e-04 (163s)
[02:41:34]   [cls-r1] ep14 700/1453 loss 0.0353 lr 3e-04 (187s)
[02:42:02]   [cls-r1] ep14 800/1453 loss 0.0355 lr 3e-04 (214s)
[02:42:30]   [cls-r1] ep14 900/1453 loss 0.0357 lr 3e-04 (242s)
[02:42:58]   [cls-r1] ep14 1000/1453 loss 0.0360 lr 3e-04 (270s)
[02:43:26]   [cls-r1] ep14 1100/1453 loss 0.0362 lr 3e-04 (298s)
[02:43:53]   [cls-r1] ep14 1200/1453 loss 0.0363 lr 3e-04 (325s)
[02:44:22]   [cls-r1] ep14 1300/1453 loss 0.0363 lr 3e-04 (354s)
[02:44:49]   [cls-r1] ep14 1400/1453 loss 0.0363 lr 3e-04 (382s)
[02:45:00]   [cls-r1] ep14 1453/1453 loss 0.0362 lr 3e-04 (393s)
[02:45:15]   [cls-r1] Epoch 14 완료 | train L1 0.0362 | val argmax-MAE 8.92 | 개선없음 3/8
[02:45:39]   [cls-r1] ep15 100/1453 loss 0.0346 lr 3e-04 (23s)
[02:46:01]   [cls-r1] ep15 200/1453 loss 0.0341 lr 3e-04 (45s)
[02:46:25]   [cls-r1] ep15 300/1453 loss 0.0346 lr 3e-04 (69s)
[02:46:49]   [cls-r1] ep15 400/1453 loss 0.0344 lr 3e-04 (93s)
[02:47:16]   [cls-r1] ep15 500/1453 loss 0.0342 lr 3e-04 (121s)
[02:47:43]   [cls-r1] ep15 600/1453 loss 0.0343 lr 3e-04 (147s)
[02:48:09]   [cls-r1] ep15 700/1453 loss 0.0343 lr 3e-04 (173s)
[02:48:37]   [cls-r1] ep15 800/1453 loss 0.0343 lr 3e-04 (201s)
[02:49:04]   [cls-r1] ep15 900/1453 loss 0.0342 lr 3e-04 (228s)
[02:49:34]   [cls-r1] ep15 1000/1453 loss 0.0341 lr 3e-04 (258s)
[02:50:08]   [cls-r1] ep15 1100/1453 loss 0.0344 lr 3e-04 (293s)
[02:50:38]   [cls-r1] ep15 1200/1453 loss 0.0344 lr 3e-04 (323s)
[02:51:10]   [cls-r1] ep15 1300/1453 loss 0.0344 lr 3e-04 (355s)
[02:51:36]   [cls-r1] ep15 1400/1453 loss 0.0345 lr 3e-04 (380s)
[02:51:48]   [cls-r1] ep15 1453/1453 loss 0.0344 lr 3e-04 (392s)
[02:52:02]   [cls-r1] Epoch 15 완료 | train L1 0.0344 | val argmax-MAE 9.14 | 개선없음 4/8
[02:52:25]   [cls-r1] ep16 100/1453 loss 0.0321 lr 3e-04 (22s)
[02:52:48]   [cls-r1] ep16 200/1453 loss 0.0317 lr 3e-04 (45s)
[02:53:16]   [cls-r1] ep16 300/1453 loss 0.0322 lr 3e-04 (73s)
[02:53:44]   [cls-r1] ep16 400/1453 loss 0.0322 lr 3e-04 (102s)
[02:54:12]   [cls-r1] ep16 500/1453 loss 0.0323 lr 3e-04 (129s)
[02:54:41]   [cls-r1] ep16 600/1453 loss 0.0325 lr 3e-04 (158s)
[02:55:09]   [cls-r1] ep16 700/1453 loss 0.0328 lr 3e-04 (187s)
[02:55:38]   [cls-r1] ep16 800/1453 loss 0.0330 lr 3e-04 (215s)
[02:56:06]   [cls-r1] ep16 900/1453 loss 0.0329 lr 3e-04 (244s)
[02:56:36]   [cls-r1] ep16 1000/1453 loss 0.0327 lr 3e-04 (273s)
[02:57:08]   [cls-r1] ep16 1100/1453 loss 0.0328 lr 3e-04 (305s)
[02:57:41]   [cls-r1] ep16 1200/1453 loss 0.0328 lr 3e-04 (339s)
[02:58:09]   [cls-r1] ep16 1300/1453 loss 0.0328 lr 3e-04 (367s)
[02:58:38]   [cls-r1] ep16 1400/1453 loss 0.0329 lr 3e-04 (396s)
[02:58:56]   [cls-r1] ep16 1453/1453 loss 0.0328 lr 3e-04 (413s)
[02:59:14]   [cls-r1] Epoch 16 완료 | train L1 0.0328 | val argmax-MAE 8.79 | 개선없음 5/8
[02:59:47]   [cls-r1] ep17 100/1453 loss 0.0332 lr 3e-04 (32s)
[03:00:18]   [cls-r1] ep17 200/1453 loss 0.0323 lr 3e-04 (63s)
[03:00:48]   [cls-r1] ep17 300/1453 loss 0.0315 lr 3e-04 (93s)
[03:01:18]   [cls-r1] ep17 400/1453 loss 0.0309 lr 3e-04 (123s)
[03:01:46]   [cls-r1] ep17 500/1453 loss 0.0308 lr 3e-04 (151s)
[03:02:15]   [cls-r1] ep17 600/1453 loss 0.0310 lr 3e-04 (181s)
[03:02:46]   [cls-r1] ep17 700/1453 loss 0.0314 lr 3e-04 (211s)
[03:03:16]   [cls-r1] ep17 800/1453 loss 0.0312 lr 3e-04 (241s)
[03:03:40]   [cls-r1] ep17 900/1453 loss 0.0314 lr 3e-04 (265s)
[03:04:07]   [cls-r1] ep17 1000/1453 loss 0.0316 lr 3e-04 (293s)
[03:04:37]   [cls-r1] ep17 1100/1453 loss 0.0318 lr 3e-04 (322s)
[03:05:06]   [cls-r1] ep17 1200/1453 loss 0.0318 lr 3e-04 (351s)
[03:05:37]   [cls-r1] ep17 1300/1453 loss 0.0319 lr 3e-04 (382s)
[03:06:10]   [cls-r1] ep17 1400/1453 loss 0.0320 lr 3e-04 (415s)
[03:06:22]   [cls-r1] ep17 1453/1453 loss 0.0320 lr 3e-04 (427s)
[03:06:37]   [cls-r1] Epoch 17 완료 | train L1 0.0320 | val argmax-MAE 8.75 | * best 저장 (8.75)
[03:07:00]   [cls-r1] ep18 100/1453 loss 0.0330 lr 3e-04 (23s)
[03:07:22]   [cls-r1] ep18 200/1453 loss 0.0323 lr 3e-04 (45s)
[03:07:46]   [cls-r1] ep18 300/1453 loss 0.0310 lr 3e-04 (68s)
[03:08:16]   [cls-r1] ep18 400/1453 loss 0.0313 lr 3e-04 (98s)
[03:08:46]   [cls-r1] ep18 500/1453 loss 0.0311 lr 3e-04 (128s)
[03:09:16]   [cls-r1] ep18 600/1453 loss 0.0310 lr 3e-04 (159s)
[03:09:44]   [cls-r1] ep18 700/1453 loss 0.0307 lr 3e-04 (186s)
[03:10:11]   [cls-r1] ep18 800/1453 loss 0.0305 lr 3e-04 (214s)
[03:10:40]   [cls-r1] ep18 900/1453 loss 0.0306 lr 3e-04 (243s)
[03:11:08]   [cls-r1] ep18 1000/1453 loss 0.0309 lr 3e-04 (271s)
[03:11:38]   [cls-r1] ep18 1100/1453 loss 0.0312 lr 3e-04 (301s)
[03:12:09]   [cls-r1] ep18 1200/1453 loss 0.0312 lr 3e-04 (331s)
[03:12:39]   [cls-r1] ep18 1300/1453 loss 0.0312 lr 3e-04 (362s)
[03:13:09]   [cls-r1] ep18 1400/1453 loss 0.0311 lr 3e-04 (391s)
[03:13:25]   [cls-r1] ep18 1453/1453 loss 0.0311 lr 3e-04 (408s)
[03:13:41]   [cls-r1] Epoch 18 완료 | train L1 0.0311 | val argmax-MAE 9.19 | 개선없음 1/8
[03:14:08]   [cls-r1] ep19 100/1453 loss 0.0295 lr 3e-04 (27s)
[03:14:37]   [cls-r1] ep19 200/1453 loss 0.0303 lr 3e-04 (56s)
[03:15:06]   [cls-r1] ep19 300/1453 loss 0.0299 lr 3e-04 (85s)
[03:15:36]   [cls-r1] ep19 400/1453 loss 0.0302 lr 3e-04 (115s)
[03:16:10]   [cls-r1] ep19 500/1453 loss 0.0303 lr 3e-04 (148s)
[03:16:39]   [cls-r1] ep19 600/1453 loss 0.0302 lr 3e-04 (178s)
[03:17:07]   [cls-r1] ep19 700/1453 loss 0.0299 lr 3e-04 (206s)
[03:17:37]   [cls-r1] ep19 800/1453 loss 0.0297 lr 3e-04 (236s)
[03:18:05]   [cls-r1] ep19 900/1453 loss 0.0297 lr 3e-04 (264s)
[03:18:35]   [cls-r1] ep19 1000/1453 loss 0.0299 lr 3e-04 (294s)
[03:19:11]   [cls-r1] ep19 1100/1453 loss 0.0301 lr 3e-04 (330s)
[03:19:40]   [cls-r1] ep19 1200/1453 loss 0.0300 lr 3e-04 (358s)
[03:20:10]   [cls-r1] ep19 1300/1453 loss 0.0299 lr 3e-04 (389s)
[03:20:37]   [cls-r1] ep19 1400/1453 loss 0.0298 lr 3e-04 (415s)
[03:20:52]   [cls-r1] ep19 1453/1453 loss 0.0298 lr 3e-04 (431s)
[03:21:08]   [cls-r1] Epoch 19 완료 | train L1 0.0298 | val argmax-MAE 8.61 | * best 저장 (8.61)
[03:21:35]   [cls-r1] ep20 100/1453 loss 0.0287 lr 3e-04 (27s)
[03:22:00]   [cls-r1] ep20 200/1453 loss 0.0289 lr 3e-04 (52s)
[03:22:32]   [cls-r1] ep20 300/1453 loss 0.0293 lr 3e-04 (84s)
[03:22:56]   [cls-r1] ep20 400/1453 loss 0.0294 lr 3e-04 (107s)
[03:23:18]   [cls-r1] ep20 500/1453 loss 0.0293 lr 3e-04 (130s)
[03:23:43]   [cls-r1] ep20 600/1453 loss 0.0294 lr 3e-04 (155s)
[03:24:14]   [cls-r1] ep20 700/1453 loss 0.0294 lr 3e-04 (185s)
[03:24:42]   [cls-r1] ep20 800/1453 loss 0.0291 lr 3e-04 (213s)
[03:25:09]   [cls-r1] ep20 900/1453 loss 0.0291 lr 3e-04 (241s)
[03:25:43]   [cls-r1] ep20 1000/1453 loss 0.0291 lr 3e-04 (274s)
[03:26:15]   [cls-r1] ep20 1100/1453 loss 0.0289 lr 3e-04 (307s)
[03:26:45]   [cls-r1] ep20 1200/1453 loss 0.0289 lr 3e-04 (336s)
[03:27:09]   [cls-r1] ep20 1300/1453 loss 0.0290 lr 3e-04 (361s)
[03:27:37]   [cls-r1] ep20 1400/1453 loss 0.0291 lr 3e-04 (389s)
[03:27:53]   [cls-r1] ep20 1453/1453 loss 0.0290 lr 3e-04 (404s)
[03:28:13]   [cls-r1] Epoch 20 완료 | train L1 0.0290 | val argmax-MAE 9.36 | 개선없음 1/8
[03:28:42]   [cls-r1] ep21 100/1453 loss 0.0285 lr 3e-04 (29s)
[03:29:17]   [cls-r1] ep21 200/1453 loss 0.0270 lr 3e-04 (64s)
[03:29:43]   [cls-r1] ep21 300/1453 loss 0.0276 lr 3e-04 (90s)
[03:30:12]   [cls-r1] ep21 400/1453 loss 0.0275 lr 3e-04 (119s)
[03:30:40]   [cls-r1] ep21 500/1453 loss 0.0277 lr 3e-04 (147s)
[03:31:04]   [cls-r1] ep21 600/1453 loss 0.0279 lr 3e-04 (171s)
[03:31:27]   [cls-r1] ep21 700/1453 loss 0.0279 lr 3e-04 (194s)
[03:31:50]   [cls-r1] ep21 800/1453 loss 0.0280 lr 3e-04 (217s)
[03:32:18]   [cls-r1] ep21 900/1453 loss 0.0279 lr 3e-04 (244s)
[03:32:45]   [cls-r1] ep21 1000/1453 loss 0.0277 lr 3e-04 (272s)
[03:33:13]   [cls-r1] ep21 1100/1453 loss 0.0276 lr 3e-04 (300s)
[03:33:42]   [cls-r1] ep21 1200/1453 loss 0.0278 lr 3e-04 (329s)
[03:34:13]   [cls-r1] ep21 1300/1453 loss 0.0278 lr 3e-04 (360s)
[03:34:47]   [cls-r1] ep21 1400/1453 loss 0.0278 lr 3e-04 (394s)
[03:35:02]   [cls-r1] ep21 1453/1453 loss 0.0277 lr 3e-04 (409s)
[03:35:20]   [cls-r1] Epoch 21 완료 | train L1 0.0277 | val argmax-MAE 8.47 | * best 저장 (8.47)
[03:35:52]   [cls-r1] ep22 100/1453 loss 0.0285 lr 3e-04 (31s)
[03:36:18]   [cls-r1] ep22 200/1453 loss 0.0269 lr 3e-04 (57s)
[03:36:44]   [cls-r1] ep22 300/1453 loss 0.0267 lr 3e-04 (83s)
[03:37:12]   [cls-r1] ep22 400/1453 loss 0.0270 lr 3e-04 (112s)
[03:37:43]   [cls-r1] ep22 500/1453 loss 0.0267 lr 3e-04 (142s)
[03:38:11]   [cls-r1] ep22 600/1453 loss 0.0268 lr 3e-04 (170s)
[03:38:37]   [cls-r1] ep22 700/1453 loss 0.0269 lr 3e-04 (196s)
[03:39:00]   [cls-r1] ep22 800/1453 loss 0.0267 lr 3e-04 (219s)
[03:39:24]   [cls-r1] ep22 900/1453 loss 0.0266 lr 3e-04 (243s)
[03:39:54]   [cls-r1] ep22 1000/1453 loss 0.0266 lr 3e-04 (273s)
[03:40:21]   [cls-r1] ep22 1100/1453 loss 0.0267 lr 3e-04 (301s)
[03:40:50]   [cls-r1] ep22 1200/1453 loss 0.0268 lr 3e-04 (330s)
[03:41:23]   [cls-r1] ep22 1300/1453 loss 0.0269 lr 3e-04 (363s)
[03:41:53]   [cls-r1] ep22 1400/1453 loss 0.0270 lr 3e-04 (392s)
[03:42:06]   [cls-r1] ep22 1453/1453 loss 0.0269 lr 3e-04 (405s)
[03:42:18]   [cls-r1] Epoch 22 완료 | train L1 0.0269 | val argmax-MAE 8.50 | 개선없음 1/8
[03:42:45]   [cls-r1] ep23 100/1453 loss 0.0266 lr 3e-04 (26s)
[03:43:13]   [cls-r1] ep23 200/1453 loss 0.0265 lr 3e-04 (54s)
[03:43:43]   [cls-r1] ep23 300/1453 loss 0.0260 lr 3e-04 (84s)
[03:44:13]   [cls-r1] ep23 400/1453 loss 0.0258 lr 3e-04 (115s)
[03:44:43]   [cls-r1] ep23 500/1453 loss 0.0260 lr 3e-04 (144s)
[03:45:11]   [cls-r1] ep23 600/1453 loss 0.0262 lr 3e-04 (172s)
[03:45:39]   [cls-r1] ep23 700/1453 loss 0.0262 lr 3e-04 (200s)
[03:46:10]   [cls-r1] ep23 800/1453 loss 0.0264 lr 3e-04 (231s)
[03:46:44]   [cls-r1] ep23 900/1453 loss 0.0264 lr 3e-04 (266s)
[03:47:12]   [cls-r1] ep23 1000/1453 loss 0.0264 lr 3e-04 (293s)
[03:47:38]   [cls-r1] ep23 1100/1453 loss 0.0266 lr 3e-04 (320s)
[03:48:08]   [cls-r1] ep23 1200/1453 loss 0.0264 lr 3e-04 (350s)
[03:48:36]   [cls-r1] ep23 1300/1453 loss 0.0264 lr 3e-04 (377s)
[03:49:01]   [cls-r1] ep23 1400/1453 loss 0.0263 lr 3e-04 (402s)
[03:49:16]   [cls-r1] ep23 1453/1453 loss 0.0264 lr 3e-04 (417s)
[03:49:29]   [cls-r1] Epoch 23 완료 | train L1 0.0264 | val argmax-MAE 8.67 | 개선없음 2/8
[03:49:54]   [cls-r1] ep24 100/1453 loss 0.0257 lr 3e-04 (24s)
[03:50:22]   [cls-r1] ep24 200/1453 loss 0.0258 lr 3e-04 (52s)
[03:50:50]   [cls-r1] ep24 300/1453 loss 0.0255 lr 3e-04 (80s)
[03:51:12]   [cls-r1] ep24 400/1453 loss 0.0252 lr 3e-04 (102s)
[03:51:36]   [cls-r1] ep24 500/1453 loss 0.0253 lr 3e-04 (126s)
[03:52:00]   [cls-r1] ep24 600/1453 loss 0.0254 lr 3e-04 (150s)
[03:52:22]   [cls-r1] ep24 700/1453 loss 0.0254 lr 3e-04 (172s)
[03:52:46]   [cls-r1] ep24 800/1453 loss 0.0255 lr 3e-04 (196s)
[03:53:10]   [cls-r1] ep24 900/1453 loss 0.0253 lr 3e-04 (220s)
[03:53:36]   [cls-r1] ep24 1000/1453 loss 0.0254 lr 3e-04 (246s)
[03:54:06]   [cls-r1] ep24 1100/1453 loss 0.0255 lr 3e-04 (276s)
[03:54:38]   [cls-r1] ep24 1200/1453 loss 0.0255 lr 3e-04 (308s)
[03:55:09]   [cls-r1] ep24 1300/1453 loss 0.0255 lr 3e-04 (339s)
[03:55:42]   [cls-r1] ep24 1400/1453 loss 0.0255 lr 3e-04 (372s)
[03:55:58]   [cls-r1] ep24 1453/1453 loss 0.0255 lr 3e-04 (388s)
[03:56:13]   [cls-r1] Epoch 24 완료 | train L1 0.0255 | val argmax-MAE 8.46 | 개선없음 3/8
[03:56:38]   [cls-r1] ep25 100/1453 loss 0.0253 lr 3e-04 (24s)
[03:57:06]   [cls-r1] ep25 200/1453 loss 0.0251 lr 3e-04 (52s)
[03:57:39]   [cls-r1] ep25 300/1453 loss 0.0254 lr 3e-04 (85s)
[03:58:06]   [cls-r1] ep25 400/1453 loss 0.0251 lr 3e-04 (112s)
[03:58:30]   [cls-r1] ep25 500/1453 loss 0.0255 lr 3e-04 (137s)
[03:58:54]   [cls-r1] ep25 600/1453 loss 0.0253 lr 3e-04 (161s)
[03:59:21]   [cls-r1] ep25 700/1453 loss 0.0254 lr 3e-04 (188s)
[03:59:50]   [cls-r1] ep25 800/1453 loss 0.0253 lr 3e-04 (217s)
[04:00:20]   [cls-r1] ep25 900/1453 loss 0.0253 lr 3e-04 (247s)
[04:00:54]   [cls-r1] ep25 1000/1453 loss 0.0251 lr 3e-04 (280s)
[04:01:23]   [cls-r1] ep25 1100/1453 loss 0.0251 lr 3e-04 (310s)
[04:01:52]   [cls-r1] ep25 1200/1453 loss 0.0252 lr 3e-04 (339s)
[04:02:22]   [cls-r1] ep25 1300/1453 loss 0.0251 lr 3e-04 (368s)
[04:02:51]   [cls-r1] ep25 1400/1453 loss 0.0250 lr 3e-04 (398s)
[04:03:05]   [cls-r1] ep25 1453/1453 loss 0.0252 lr 3e-04 (412s)
[04:03:21]   [cls-r1] Epoch 25 완료 | train L1 0.0252 | val argmax-MAE 8.61 | 개선없음 4/8
[04:03:45]   [cls-r1] ep26 100/1453 loss 0.0244 lr 3e-04 (24s)
[04:04:07]   [cls-r1] ep26 200/1453 loss 0.0237 lr 3e-04 (46s)
[04:04:31]   [cls-r1] ep26 300/1453 loss 0.0236 lr 3e-04 (70s)
[04:05:00]   [cls-r1] ep26 400/1453 loss 0.0238 lr 3e-04 (99s)
[04:05:30]   [cls-r1] ep26 500/1453 loss 0.0241 lr 3e-04 (129s)
[04:06:01]   [cls-r1] ep26 600/1453 loss 0.0241 lr 3e-04 (160s)
[04:06:32]   [cls-r1] ep26 700/1453 loss 0.0242 lr 3e-04 (191s)
[04:06:55]   [cls-r1] ep26 800/1453 loss 0.0241 lr 3e-04 (214s)
[04:07:21]   [cls-r1] ep26 900/1453 loss 0.0242 lr 3e-04 (240s)
[04:07:51]   [cls-r1] ep26 1000/1453 loss 0.0243 lr 3e-04 (270s)
[04:08:20]   [cls-r1] ep26 1100/1453 loss 0.0243 lr 3e-04 (299s)
[04:08:48]   [cls-r1] ep26 1200/1453 loss 0.0242 lr 3e-04 (327s)
[04:09:18]   [cls-r1] ep26 1300/1453 loss 0.0243 lr 3e-04 (356s)
[04:09:44]   [cls-r1] ep26 1400/1453 loss 0.0244 lr 3e-04 (383s)
[04:09:59]   [cls-r1] ep26 1453/1453 loss 0.0244 lr 3e-04 (398s)
[04:10:14]   [cls-r1] Epoch 26 완료 | train L1 0.0244 | val argmax-MAE 8.99 | 개선없음 5/8
[04:10:43]   [cls-r1] ep27 100/1453 loss 0.0242 lr 3e-04 (28s)
[04:11:11]   [cls-r1] ep27 200/1453 loss 0.0241 lr 3e-04 (56s)
[04:11:40]   [cls-r1] ep27 300/1453 loss 0.0242 lr 3e-04 (85s)
[04:12:11]   [cls-r1] ep27 400/1453 loss 0.0240 lr 3e-04 (116s)
[04:12:43]   [cls-r1] ep27 500/1453 loss 0.0240 lr 3e-04 (148s)
[04:13:16]   [cls-r1] ep27 600/1453 loss 0.0241 lr 3e-04 (181s)
[04:13:45]   [cls-r1] ep27 700/1453 loss 0.0242 lr 3e-04 (210s)
[04:14:10]   [cls-r1] ep27 800/1453 loss 0.0242 lr 3e-04 (235s)
[04:14:41]   [cls-r1] ep27 900/1453 loss 0.0241 lr 3e-04 (266s)
[04:15:12]   [cls-r1] ep27 1000/1453 loss 0.0239 lr 3e-04 (297s)
[04:15:43]   [cls-r1] ep27 1100/1453 loss 0.0238 lr 3e-04 (328s)
[04:16:17]   [cls-r1] ep27 1200/1453 loss 0.0237 lr 3e-04 (363s)
[04:16:46]   [cls-r1] ep27 1300/1453 loss 0.0237 lr 3e-04 (391s)
[04:17:17]   [cls-r1] ep27 1400/1453 loss 0.0236 lr 3e-04 (422s)
[04:17:32]   [cls-r1] ep27 1453/1453 loss 0.0235 lr 3e-04 (437s)
[04:17:48]   [cls-r1] Epoch 27 완료 | train L1 0.0235 | val argmax-MAE 8.78 | 개선없음 6/8
[04:18:18]   [cls-r1] ep28 100/1453 loss 0.0241 lr 3e-04 (29s)
[04:18:49]   [cls-r1] ep28 200/1453 loss 0.0238 lr 3e-04 (61s)
[04:19:19]   [cls-r1] ep28 300/1453 loss 0.0232 lr 3e-04 (90s)
[04:19:45]   [cls-r1] ep28 400/1453 loss 0.0231 lr 3e-04 (117s)
[04:20:12]   [cls-r1] ep28 500/1453 loss 0.0233 lr 3e-04 (144s)
[04:20:41]   [cls-r1] ep28 600/1453 loss 0.0231 lr 3e-04 (173s)
[04:21:09]   [cls-r1] ep28 700/1453 loss 0.0230 lr 3e-04 (201s)
[04:21:38]   [cls-r1] ep28 800/1453 loss 0.0230 lr 3e-04 (230s)
[04:22:05]   [cls-r1] ep28 900/1453 loss 0.0231 lr 3e-04 (257s)
[04:22:34]   [cls-r1] ep28 1000/1453 loss 0.0233 lr 3e-04 (285s)
[04:23:04]   [cls-r1] ep28 1100/1453 loss 0.0234 lr 3e-04 (315s)
[04:23:30]   [cls-r1] ep28 1200/1453 loss 0.0232 lr 3e-04 (341s)
[04:24:03]   [cls-r1] ep28 1300/1453 loss 0.0231 lr 3e-04 (375s)
[04:24:31]   [cls-r1] ep28 1400/1453 loss 0.0233 lr 3e-04 (403s)
[04:24:44]   [cls-r1] ep28 1453/1453 loss 0.0234 lr 3e-04 (416s)
[04:24:58]   [cls-r1] Epoch 28 완료 | train L1 0.0234 | val argmax-MAE 9.01 | 개선없음 7/8
[04:25:24]   [cls-r1] ep29 100/1453 loss 0.0243 lr 3e-04 (25s)
[04:25:53]   [cls-r1] ep29 200/1453 loss 0.0235 lr 3e-04 (54s)
[04:26:18]   [cls-r1] ep29 300/1453 loss 0.0232 lr 3e-04 (79s)
[04:26:46]   [cls-r1] ep29 400/1453 loss 0.0229 lr 3e-04 (107s)
[04:27:13]   [cls-r1] ep29 500/1453 loss 0.0225 lr 3e-04 (134s)
[04:27:39]   [cls-r1] ep29 600/1453 loss 0.0226 lr 3e-04 (160s)
[04:28:10]   [cls-r1] ep29 700/1453 loss 0.0226 lr 3e-04 (191s)
[04:28:40]   [cls-r1] ep29 800/1453 loss 0.0226 lr 3e-04 (221s)
[04:29:10]   [cls-r1] ep29 900/1453 loss 0.0225 lr 3e-04 (251s)
[04:29:39]   [cls-r1] ep29 1000/1453 loss 0.0226 lr 3e-04 (280s)
[04:30:08]   [cls-r1] ep29 1100/1453 loss 0.0225 lr 3e-04 (309s)
[04:30:37]   [cls-r1] ep29 1200/1453 loss 0.0225 lr 3e-04 (338s)
[04:31:07]   [cls-r1] ep29 1300/1453 loss 0.0224 lr 3e-04 (368s)
[04:31:34]   [cls-r1] ep29 1400/1453 loss 0.0224 lr 3e-04 (395s)
[04:31:50]   [cls-r1] ep29 1453/1453 loss 0.0225 lr 3e-04 (411s)
[04:32:05]   [cls-r1] Epoch 29 완료 | train L1 0.0225 | val argmax-MAE 8.71 | 개선없음 8/8
[04:32:06]   [cls-r1] 조기종료 | best argmax-MAE 8.47 @ epoch 21
[04:33:39]   [r1] train 1000/11628
[04:34:52]   [r1] train 2000/11628
[04:36:09]   [r1] train 3000/11628
[04:37:28]   [r1] train 4000/11628
[04:38:48]   [r1] train 5000/11628
[04:40:06]   [r1] train 6000/11628
[04:41:20]   [r1] train 7000/11628
[04:42:39]   [r1] train 8000/11628
[04:43:53]   [r1] train 9000/11628
[04:45:09]   [r1] train 10000/11628
[04:46:24]   [r1] train 11000/11628
[04:47:09] [r1:train] CAM 11628 | 밴드폴백 0 | 파일없음 0
[04:48:24]   [r1] val 1000/1319
[04:48:49] [r1:val] CAM 1319 | 밴드폴백 0 | 파일없음 0
[04:49:03] [r1:test] CAM 166 | 밴드폴백 0 | 파일없음 0
[04:49:03] ### Phase I-b : R2(중수골) 국소화 - 논문 방식(erase 재학습) ###
[04:49:03]   E 이미지로 cls-r2 재학습 -> CAM tau=50 | 밴드 제약 없음 | 박스 확대 없음 | 최대연결성분 True
[04:49:03] [cls-r2] 분류 모델 학습 | pool=gmp src=erased size=512 epochs=70
[04:49:04] [backbone] timm 'inception_v3' 로드 완료 (pretrained=True)
[04:49:04] [cls-gmp] feat (2048, 14, 14) -> FC 2048->240
[04:49:40]   [cls-r2] ep01 100/1453 loss 0.2511 lr 3e-04 (33s)
[04:50:13]   [cls-r2] ep01 200/1453 loss 0.1925 lr 3e-04 (66s)
[04:50:44]   [cls-r2] ep01 300/1453 loss 0.1638 lr 3e-04 (97s)
[04:51:16]   [cls-r2] ep01 400/1453 loss 0.1485 lr 3e-04 (128s)
[04:51:47]   [cls-r2] ep01 500/1453 loss 0.1377 lr 3e-04 (159s)
[04:52:19]   [cls-r2] ep01 600/1453 loss 0.1299 lr 3e-04 (192s)
[04:52:55]   [cls-r2] ep01 700/1453 loss 0.1235 lr 3e-04 (228s)
[04:53:27]   [cls-r2] ep01 800/1453 loss 0.1183 lr 3e-04 (259s)
[04:53:54]   [cls-r2] ep01 900/1453 loss 0.1143 lr 3e-04 (286s)
[04:54:21]   [cls-r2] ep01 1000/1453 loss 0.1107 lr 3e-04 (313s)
[04:54:47]   [cls-r2] ep01 1100/1453 loss 0.1079 lr 3e-04 (340s)
[04:55:15]   [cls-r2] ep01 1200/1453 loss 0.1053 lr 3e-04 (367s)
[04:55:46]   [cls-r2] ep01 1300/1453 loss 0.1028 lr 3e-04 (398s)
[04:56:15]   [cls-r2] ep01 1400/1453 loss 0.1004 lr 3e-04 (428s)
[04:56:34]   [cls-r2] ep01 1453/1453 loss 0.0996 lr 3e-04 (447s)
[04:57:04]   [cls-r2] Epoch 01 완료 | train L1 0.0996 | val argmax-MAE 10.40 | * best 저장 (10.40)
[04:57:23]   [cls-r2] ep02 100/1453 loss 0.0669 lr 3e-04 (19s)
[04:57:42]   [cls-r2] ep02 200/1453 loss 0.0667 lr 3e-04 (37s)
[04:57:59]   [cls-r2] ep02 300/1453 loss 0.0663 lr 3e-04 (54s)
[04:58:18]   [cls-r2] ep02 400/1453 loss 0.0662 lr 3e-04 (73s)
[04:58:37]   [cls-r2] ep02 500/1453 loss 0.0665 lr 3e-04 (92s)
[04:58:56]   [cls-r2] ep02 600/1453 loss 0.0665 lr 3e-04 (111s)
[04:59:16]   [cls-r2] ep02 700/1453 loss 0.0666 lr 3e-04 (131s)
[04:59:34]   [cls-r2] ep02 800/1453 loss 0.0670 lr 3e-04 (150s)
[04:59:53]   [cls-r2] ep02 900/1453 loss 0.0673 lr 3e-04 (168s)
[05:00:12]   [cls-r2] ep02 1000/1453 loss 0.0675 lr 3e-04 (188s)
[05:00:31]   [cls-r2] ep02 1100/1453 loss 0.0674 lr 3e-04 (206s)
[05:00:49]   [cls-r2] ep02 1200/1453 loss 0.0671 lr 3e-04 (225s)
[05:01:10]   [cls-r2] ep02 1300/1453 loss 0.0665 lr 3e-04 (245s)
[05:01:29]   [cls-r2] ep02 1400/1453 loss 0.0663 lr 3e-04 (265s)
[05:01:39]   [cls-r2] ep02 1453/1453 loss 0.0659 lr 3e-04 (275s)
[05:01:52]   [cls-r2] Epoch 02 완료 | train L1 0.0659 | val argmax-MAE 9.65 | * best 저장 (9.65)
[05:02:12]   [cls-r2] ep03 100/1453 loss 0.0609 lr 3e-04 (19s)
[05:02:30]   [cls-r2] ep03 200/1453 loss 0.0619 lr 3e-04 (38s)
[05:02:50]   [cls-r2] ep03 300/1453 loss 0.0618 lr 3e-04 (57s)
[05:03:13]   [cls-r2] ep03 400/1453 loss 0.0609 lr 3e-04 (80s)
[05:03:34]   [cls-r2] ep03 500/1453 loss 0.0609 lr 3e-04 (102s)
[05:03:54]   [cls-r2] ep03 600/1453 loss 0.0608 lr 3e-04 (121s)
[05:04:16]   [cls-r2] ep03 700/1453 loss 0.0604 lr 3e-04 (143s)
[05:04:35]   [cls-r2] ep03 800/1453 loss 0.0603 lr 3e-04 (163s)
[05:04:53]   [cls-r2] ep03 900/1453 loss 0.0603 lr 3e-04 (181s)
[05:05:12]   [cls-r2] ep03 1000/1453 loss 0.0599 lr 3e-04 (199s)
[05:05:29]   [cls-r2] ep03 1100/1453 loss 0.0600 lr 3e-04 (217s)
[05:05:47]   [cls-r2] ep03 1200/1453 loss 0.0600 lr 3e-04 (234s)
[05:06:05]   [cls-r2] ep03 1300/1453 loss 0.0602 lr 3e-04 (252s)
[05:06:23]   [cls-r2] ep03 1400/1453 loss 0.0602 lr 3e-04 (270s)
[05:06:32]   [cls-r2] ep03 1453/1453 loss 0.0602 lr 3e-04 (280s)
[05:06:45]   [cls-r2] Epoch 03 완료 | train L1 0.0602 | val argmax-MAE 11.38 | 개선없음 1/8
[05:07:04]   [cls-r2] ep04 100/1453 loss 0.0591 lr 3e-04 (18s)
[05:07:22]   [cls-r2] ep04 200/1453 loss 0.0575 lr 3e-04 (37s)
[05:07:41]   [cls-r2] ep04 300/1453 loss 0.0567 lr 3e-04 (56s)
[05:07:59]   [cls-r2] ep04 400/1453 loss 0.0567 lr 3e-04 (74s)
[05:08:17]   [cls-r2] ep04 500/1453 loss 0.0565 lr 3e-04 (91s)
[05:08:35]   [cls-r2] ep04 600/1453 loss 0.0567 lr 3e-04 (109s)
[05:08:53]   [cls-r2] ep04 700/1453 loss 0.0567 lr 3e-04 (127s)
[05:09:10]   [cls-r2] ep04 800/1453 loss 0.0567 lr 3e-04 (145s)
[05:09:28]   [cls-r2] ep04 900/1453 loss 0.0566 lr 3e-04 (162s)
[05:09:45]   [cls-r2] ep04 1000/1453 loss 0.0567 lr 3e-04 (180s)
[05:10:02]   [cls-r2] ep04 1100/1453 loss 0.0565 lr 3e-04 (196s)
[05:10:19]   [cls-r2] ep04 1200/1453 loss 0.0566 lr 3e-04 (213s)
[05:10:36]   [cls-r2] ep04 1300/1453 loss 0.0566 lr 3e-04 (230s)
[05:10:54]   [cls-r2] ep04 1400/1453 loss 0.0568 lr 3e-04 (249s)
[05:11:06]   [cls-r2] ep04 1453/1453 loss 0.0566 lr 3e-04 (261s)
[05:11:19]   [cls-r2] Epoch 04 완료 | train L1 0.0566 | val argmax-MAE 9.56 | * best 저장 (9.56)
[05:11:39]   [cls-r2] ep05 100/1453 loss 0.0554 lr 3e-04 (20s)
[05:11:58]   [cls-r2] ep05 200/1453 loss 0.0535 lr 3e-04 (39s)
[05:12:17]   [cls-r2] ep05 300/1453 loss 0.0529 lr 3e-04 (58s)
[05:12:36]   [cls-r2] ep05 400/1453 loss 0.0527 lr 3e-04 (77s)
[05:12:55]   [cls-r2] ep05 500/1453 loss 0.0524 lr 3e-04 (96s)
[05:13:14]   [cls-r2] ep05 600/1453 loss 0.0523 lr 3e-04 (114s)
[05:13:32]   [cls-r2] ep05 700/1453 loss 0.0525 lr 3e-04 (133s)
[05:13:52]   [cls-r2] ep05 800/1453 loss 0.0527 lr 3e-04 (153s)
[05:14:10]   [cls-r2] ep05 900/1453 loss 0.0529 lr 3e-04 (171s)
[05:14:29]   [cls-r2] ep05 1000/1453 loss 0.0528 lr 3e-04 (190s)
[05:14:48]   [cls-r2] ep05 1100/1453 loss 0.0526 lr 3e-04 (209s)
[05:15:07]   [cls-r2] ep05 1200/1453 loss 0.0526 lr 3e-04 (228s)
[05:15:28]   [cls-r2] ep05 1300/1453 loss 0.0527 lr 3e-04 (248s)
[05:15:49]   [cls-r2] ep05 1400/1453 loss 0.0526 lr 3e-04 (270s)
[05:16:00]   [cls-r2] ep05 1453/1453 loss 0.0525 lr 3e-04 (281s)
[05:16:19]   [cls-r2] Epoch 05 완료 | train L1 0.0525 | val argmax-MAE 9.49 | * best 저장 (9.49)
[05:16:39]   [cls-r2] ep06 100/1453 loss 0.0471 lr 3e-04 (20s)
[05:16:59]   [cls-r2] ep06 200/1453 loss 0.0476 lr 3e-04 (39s)
[05:17:18]   [cls-r2] ep06 300/1453 loss 0.0490 lr 3e-04 (59s)
[05:17:38]   [cls-r2] ep06 400/1453 loss 0.0493 lr 3e-04 (79s)
[05:17:58]   [cls-r2] ep06 500/1453 loss 0.0498 lr 3e-04 (98s)
[05:18:17]   [cls-r2] ep06 600/1453 loss 0.0503 lr 3e-04 (117s)
[05:18:36]   [cls-r2] ep06 700/1453 loss 0.0500 lr 3e-04 (136s)
[05:18:54]   [cls-r2] ep06 800/1453 loss 0.0503 lr 3e-04 (155s)
[05:19:14]   [cls-r2] ep06 900/1453 loss 0.0504 lr 3e-04 (174s)
[05:19:34]   [cls-r2] ep06 1000/1453 loss 0.0503 lr 3e-04 (194s)
[05:19:53]   [cls-r2] ep06 1100/1453 loss 0.0504 lr 3e-04 (214s)
[05:20:11]   [cls-r2] ep06 1200/1453 loss 0.0503 lr 3e-04 (232s)
[05:20:30]   [cls-r2] ep06 1300/1453 loss 0.0502 lr 3e-04 (250s)
[05:20:50]   [cls-r2] ep06 1400/1453 loss 0.0502 lr 3e-04 (271s)
[05:21:01]   [cls-r2] ep06 1453/1453 loss 0.0501 lr 3e-04 (281s)
[05:21:13]   [cls-r2] Epoch 06 완료 | train L1 0.0501 | val argmax-MAE 8.90 | * best 저장 (8.90)
[05:21:33]   [cls-r2] ep07 100/1453 loss 0.0474 lr 3e-04 (19s)
[05:21:52]   [cls-r2] ep07 200/1453 loss 0.0474 lr 3e-04 (38s)
[05:22:15]   [cls-r2] ep07 300/1453 loss 0.0472 lr 3e-04 (61s)
[05:22:43]   [cls-r2] ep07 400/1453 loss 0.0472 lr 3e-04 (90s)
[05:23:14]   [cls-r2] ep07 500/1453 loss 0.0470 lr 3e-04 (120s)
[05:23:46]   [cls-r2] ep07 600/1453 loss 0.0471 lr 3e-04 (152s)
[05:24:18]   [cls-r2] ep07 700/1453 loss 0.0477 lr 3e-04 (184s)
[05:24:49]   [cls-r2] ep07 800/1453 loss 0.0476 lr 3e-04 (215s)
[05:25:20]   [cls-r2] ep07 900/1453 loss 0.0474 lr 3e-04 (246s)
[05:25:45]   [cls-r2] ep07 1000/1453 loss 0.0474 lr 3e-04 (271s)
[05:26:15]   [cls-r2] ep07 1100/1453 loss 0.0473 lr 3e-04 (301s)
[05:26:44]   [cls-r2] ep07 1200/1453 loss 0.0474 lr 3e-04 (331s)
[05:27:15]   [cls-r2] ep07 1300/1453 loss 0.0474 lr 3e-04 (361s)
[05:27:46]   [cls-r2] ep07 1400/1453 loss 0.0473 lr 3e-04 (392s)
[05:28:04]   [cls-r2] ep07 1453/1453 loss 0.0474 lr 3e-04 (410s)
[05:28:24]   [cls-r2] Epoch 07 완료 | train L1 0.0474 | val argmax-MAE 8.88 | 개선없음 1/8
[05:28:52]   [cls-r2] ep08 100/1453 loss 0.0438 lr 3e-04 (28s)
[05:29:20]   [cls-r2] ep08 200/1453 loss 0.0442 lr 3e-04 (56s)
[05:29:51]   [cls-r2] ep08 300/1453 loss 0.0440 lr 3e-04 (86s)
[05:30:20]   [cls-r2] ep08 400/1453 loss 0.0444 lr 3e-04 (116s)
[05:30:45]   [cls-r2] ep08 500/1453 loss 0.0446 lr 3e-04 (141s)
[05:31:13]   [cls-r2] ep08 600/1453 loss 0.0444 lr 3e-04 (169s)
[05:31:42]   [cls-r2] ep08 700/1453 loss 0.0443 lr 3e-04 (198s)
[05:32:10]   [cls-r2] ep08 800/1453 loss 0.0445 lr 3e-04 (226s)
[05:32:42]   [cls-r2] ep08 900/1453 loss 0.0441 lr 3e-04 (258s)
[05:33:15]   [cls-r2] ep08 1000/1453 loss 0.0441 lr 3e-04 (291s)
[05:33:49]   [cls-r2] ep08 1100/1453 loss 0.0441 lr 3e-04 (325s)
[05:34:20]   [cls-r2] ep08 1200/1453 loss 0.0441 lr 3e-04 (356s)
[05:34:45]   [cls-r2] ep08 1300/1453 loss 0.0440 lr 3e-04 (381s)
[05:35:14]   [cls-r2] ep08 1400/1453 loss 0.0442 lr 3e-04 (410s)
[05:35:31]   [cls-r2] ep08 1453/1453 loss 0.0443 lr 3e-04 (427s)
[05:35:47]   [cls-r2] Epoch 08 완료 | train L1 0.0443 | val argmax-MAE 8.93 | 개선없음 2/8
[05:36:19]   [cls-r2] ep09 100/1453 loss 0.0402 lr 3e-04 (32s)
[05:36:43]   [cls-r2] ep09 200/1453 loss 0.0393 lr 3e-04 (56s)
[05:37:06]   [cls-r2] ep09 300/1453 loss 0.0392 lr 3e-04 (79s)
[05:37:34]   [cls-r2] ep09 400/1453 loss 0.0399 lr 3e-04 (107s)
[05:38:08]   [cls-r2] ep09 500/1453 loss 0.0403 lr 3e-04 (141s)
[05:38:41]   [cls-r2] ep09 600/1453 loss 0.0401 lr 3e-04 (174s)
[05:39:15]   [cls-r2] ep09 700/1453 loss 0.0402 lr 3e-04 (207s)
[05:39:49]   [cls-r2] ep09 800/1453 loss 0.0404 lr 3e-04 (241s)
[05:40:21]   [cls-r2] ep09 900/1453 loss 0.0407 lr 3e-04 (273s)
[05:40:54]   [cls-r2] ep09 1000/1453 loss 0.0409 lr 3e-04 (307s)
[05:41:28]   [cls-r2] ep09 1100/1453 loss 0.0412 lr 3e-04 (341s)
[05:42:00]   [cls-r2] ep09 1200/1453 loss 0.0410 lr 3e-04 (373s)
[05:42:30]   [cls-r2] ep09 1300/1453 loss 0.0411 lr 3e-04 (403s)
[05:43:02]   [cls-r2] ep09 1400/1453 loss 0.0413 lr 3e-04 (435s)
[05:43:19]   [cls-r2] ep09 1453/1453 loss 0.0414 lr 3e-04 (452s)
[05:43:39]   [cls-r2] Epoch 09 완료 | train L1 0.0414 | val argmax-MAE 8.87 | 개선없음 3/8
[05:44:07]   [cls-r2] ep10 100/1453 loss 0.0381 lr 3e-04 (28s)
[05:44:35]   [cls-r2] ep10 200/1453 loss 0.0378 lr 3e-04 (55s)
[05:45:03]   [cls-r2] ep10 300/1453 loss 0.0376 lr 3e-04 (84s)
[05:45:31]   [cls-r2] ep10 400/1453 loss 0.0377 lr 3e-04 (111s)
[05:45:55]   [cls-r2] ep10 500/1453 loss 0.0376 lr 3e-04 (135s)
[05:46:24]   [cls-r2] ep10 600/1453 loss 0.0378 lr 3e-04 (165s)
[05:46:51]   [cls-r2] ep10 700/1453 loss 0.0382 lr 3e-04 (192s)
[05:47:18]   [cls-r2] ep10 800/1453 loss 0.0384 lr 3e-04 (218s)
[05:47:41]   [cls-r2] ep10 900/1453 loss 0.0386 lr 3e-04 (241s)
[05:47:59]   [cls-r2] ep10 1000/1453 loss 0.0385 lr 3e-04 (259s)
[05:48:16]   [cls-r2] ep10 1100/1453 loss 0.0388 lr 3e-04 (277s)
[05:48:37]   [cls-r2] ep10 1200/1453 loss 0.0389 lr 3e-04 (297s)
[05:48:57]   [cls-r2] ep10 1300/1453 loss 0.0389 lr 3e-04 (318s)
[05:49:17]   [cls-r2] ep10 1400/1453 loss 0.0390 lr 3e-04 (338s)
[05:49:28]   [cls-r2] ep10 1453/1453 loss 0.0391 lr 3e-04 (348s)
[05:49:40]   [cls-r2] Epoch 10 완료 | train L1 0.0391 | val argmax-MAE 9.23 | 개선없음 4/8
[05:50:00]   [cls-r2] ep11 100/1453 loss 0.0370 lr 3e-04 (19s)
[05:50:19]   [cls-r2] ep11 200/1453 loss 0.0358 lr 3e-04 (39s)
[05:50:40]   [cls-r2] ep11 300/1453 loss 0.0361 lr 3e-04 (60s)
[05:51:01]   [cls-r2] ep11 400/1453 loss 0.0361 lr 3e-04 (81s)
[05:51:21]   [cls-r2] ep11 500/1453 loss 0.0359 lr 3e-04 (101s)
[05:51:39]   [cls-r2] ep11 600/1453 loss 0.0362 lr 3e-04 (119s)
[05:51:58]   [cls-r2] ep11 700/1453 loss 0.0364 lr 3e-04 (138s)
[05:52:17]   [cls-r2] ep11 800/1453 loss 0.0364 lr 3e-04 (156s)
[05:52:36]   [cls-r2] ep11 900/1453 loss 0.0366 lr 3e-04 (176s)
[05:52:56]   [cls-r2] ep11 1000/1453 loss 0.0366 lr 3e-04 (195s)
[05:53:16]   [cls-r2] ep11 1100/1453 loss 0.0367 lr 3e-04 (216s)
[05:53:37]   [cls-r2] ep11 1200/1453 loss 0.0367 lr 3e-04 (237s)
[05:53:56]   [cls-r2] ep11 1300/1453 loss 0.0368 lr 3e-04 (256s)
[05:54:16]   [cls-r2] ep11 1400/1453 loss 0.0367 lr 3e-04 (276s)
[05:54:26]   [cls-r2] ep11 1453/1453 loss 0.0368 lr 3e-04 (286s)
[05:54:37]   [cls-r2] Epoch 11 완료 | train L1 0.0368 | val argmax-MAE 9.07 | 개선없음 5/8
[05:54:58]   [cls-r2] ep12 100/1453 loss 0.0338 lr 3e-04 (20s)
[05:55:18]   [cls-r2] ep12 200/1453 loss 0.0342 lr 3e-04 (40s)
[05:55:37]   [cls-r2] ep12 300/1453 loss 0.0339 lr 3e-04 (60s)
[05:55:57]   [cls-r2] ep12 400/1453 loss 0.0343 lr 3e-04 (79s)
[05:56:18]   [cls-r2] ep12 500/1453 loss 0.0344 lr 3e-04 (100s)
[05:56:37]   [cls-r2] ep12 600/1453 loss 0.0342 lr 3e-04 (119s)
[05:56:56]   [cls-r2] ep12 700/1453 loss 0.0341 lr 3e-04 (138s)
[05:57:13]   [cls-r2] ep12 800/1453 loss 0.0344 lr 3e-04 (156s)
[05:57:32]   [cls-r2] ep12 900/1453 loss 0.0345 lr 3e-04 (175s)
[05:57:51]   [cls-r2] ep12 1000/1453 loss 0.0344 lr 3e-04 (193s)
[05:58:10]   [cls-r2] ep12 1100/1453 loss 0.0345 lr 3e-04 (212s)
[05:58:29]   [cls-r2] ep12 1200/1453 loss 0.0345 lr 3e-04 (231s)
[05:58:48]   [cls-r2] ep12 1300/1453 loss 0.0345 lr 3e-04 (250s)
[05:59:07]   [cls-r2] ep12 1400/1453 loss 0.0345 lr 3e-04 (269s)
[05:59:17]   [cls-r2] ep12 1453/1453 loss 0.0346 lr 3e-04 (279s)
[05:59:29]   [cls-r2] Epoch 12 완료 | train L1 0.0346 | val argmax-MAE 8.89 | 개선없음 6/8
[05:59:48]   [cls-r2] ep13 100/1453 loss 0.0314 lr 3e-04 (19s)
[06:00:06]   [cls-r2] ep13 200/1453 loss 0.0323 lr 3e-04 (37s)
[06:00:23]   [cls-r2] ep13 300/1453 loss 0.0329 lr 3e-04 (54s)
[06:00:42]   [cls-r2] ep13 400/1453 loss 0.0325 lr 3e-04 (72s)
[06:01:02]   [cls-r2] ep13 500/1453 loss 0.0323 lr 3e-04 (93s)
[06:01:21]   [cls-r2] ep13 600/1453 loss 0.0324 lr 3e-04 (111s)
[06:01:40]   [cls-r2] ep13 700/1453 loss 0.0326 lr 3e-04 (131s)
[06:01:59]   [cls-r2] ep13 800/1453 loss 0.0325 lr 3e-04 (150s)
[06:02:19]   [cls-r2] ep13 900/1453 loss 0.0325 lr 3e-04 (170s)
[06:02:40]   [cls-r2] ep13 1000/1453 loss 0.0329 lr 3e-04 (191s)
[06:03:02]   [cls-r2] ep13 1100/1453 loss 0.0330 lr 3e-04 (213s)
[06:03:22]   [cls-r2] ep13 1200/1453 loss 0.0330 lr 3e-04 (233s)
[06:03:41]   [cls-r2] ep13 1300/1453 loss 0.0331 lr 3e-04 (252s)
[06:04:01]   [cls-r2] ep13 1400/1453 loss 0.0330 lr 3e-04 (272s)
[06:04:11]   [cls-r2] ep13 1453/1453 loss 0.0329 lr 3e-04 (282s)
[06:04:23]   [cls-r2] Epoch 13 완료 | train L1 0.0329 | val argmax-MAE 9.23 | 개선없음 7/8
[06:04:40]   [cls-r2] ep14 100/1453 loss 0.0285 lr 3e-04 (17s)
[06:04:56]   [cls-r2] ep14 200/1453 loss 0.0291 lr 3e-04 (33s)
[06:05:12]   [cls-r2] ep14 300/1453 loss 0.0296 lr 3e-04 (49s)
[06:05:26]   [cls-r2] ep14 400/1453 loss 0.0300 lr 3e-04 (63s)
[06:05:40]   [cls-r2] ep14 500/1453 loss 0.0296 lr 3e-04 (77s)
[06:05:55]   [cls-r2] ep14 600/1453 loss 0.0300 lr 3e-04 (92s)
[06:06:09]   [cls-r2] ep14 700/1453 loss 0.0304 lr 3e-04 (105s)
[06:06:23]   [cls-r2] ep14 800/1453 loss 0.0305 lr 3e-04 (119s)
[06:06:36]   [cls-r2] ep14 900/1453 loss 0.0308 lr 3e-04 (133s)
[06:06:50]   [cls-r2] ep14 1000/1453 loss 0.0307 lr 3e-04 (147s)
[06:07:03]   [cls-r2] ep14 1100/1453 loss 0.0309 lr 3e-04 (159s)
[06:07:16]   [cls-r2] ep14 1200/1453 loss 0.0308 lr 3e-04 (173s)
[06:07:31]   [cls-r2] ep14 1300/1453 loss 0.0308 lr 3e-04 (188s)
[06:07:45]   [cls-r2] ep14 1400/1453 loss 0.0307 lr 3e-04 (202s)
[06:07:52]   [cls-r2] ep14 1453/1453 loss 0.0307 lr 3e-04 (209s)
[06:08:02]   [cls-r2] Epoch 14 완료 | train L1 0.0307 | val argmax-MAE 8.76 | * best 저장 (8.76)
[06:08:17]   [cls-r2] ep15 100/1453 loss 0.0276 lr 3e-04 (15s)
[06:08:32]   [cls-r2] ep15 200/1453 loss 0.0294 lr 3e-04 (29s)
[06:08:46]   [cls-r2] ep15 300/1453 loss 0.0291 lr 3e-04 (43s)
[06:09:01]   [cls-r2] ep15 400/1453 loss 0.0292 lr 3e-04 (58s)
[06:09:16]   [cls-r2] ep15 500/1453 loss 0.0290 lr 3e-04 (73s)
[06:09:30]   [cls-r2] ep15 600/1453 loss 0.0296 lr 3e-04 (88s)
[06:09:45]   [cls-r2] ep15 700/1453 loss 0.0294 lr 3e-04 (103s)
[06:09:59]   [cls-r2] ep15 800/1453 loss 0.0292 lr 3e-04 (116s)
[06:10:14]   [cls-r2] ep15 900/1453 loss 0.0292 lr 3e-04 (131s)
[06:10:28]   [cls-r2] ep15 1000/1453 loss 0.0291 lr 3e-04 (146s)
[06:10:43]   [cls-r2] ep15 1100/1453 loss 0.0293 lr 3e-04 (161s)
[06:10:59]   [cls-r2] ep15 1200/1453 loss 0.0296 lr 3e-04 (176s)
[06:11:14]   [cls-r2] ep15 1300/1453 loss 0.0297 lr 3e-04 (192s)
[06:11:30]   [cls-r2] ep15 1400/1453 loss 0.0297 lr 3e-04 (207s)
[06:11:37]   [cls-r2] ep15 1453/1453 loss 0.0296 lr 3e-04 (214s)
[06:11:46]   [cls-r2] Epoch 15 완료 | train L1 0.0296 | val argmax-MAE 9.01 | 개선없음 1/8
[06:12:01]   [cls-r2] ep16 100/1453 loss 0.0292 lr 3e-04 (14s)
[06:12:15]   [cls-r2] ep16 200/1453 loss 0.0276 lr 3e-04 (28s)
[06:12:29]   [cls-r2] ep16 300/1453 loss 0.0276 lr 3e-04 (42s)
[06:12:43]   [cls-r2] ep16 400/1453 loss 0.0269 lr 3e-04 (56s)
[06:12:58]   [cls-r2] ep16 500/1453 loss 0.0267 lr 3e-04 (71s)
[06:13:12]   [cls-r2] ep16 600/1453 loss 0.0267 lr 3e-04 (85s)
[06:13:26]   [cls-r2] ep16 700/1453 loss 0.0269 lr 3e-04 (99s)
[06:13:40]   [cls-r2] ep16 800/1453 loss 0.0269 lr 3e-04 (113s)
[06:13:56]   [cls-r2] ep16 900/1453 loss 0.0268 lr 3e-04 (129s)
[06:14:10]   [cls-r2] ep16 1000/1453 loss 0.0270 lr 3e-04 (144s)
[06:14:25]   [cls-r2] ep16 1100/1453 loss 0.0273 lr 3e-04 (158s)
[06:14:39]   [cls-r2] ep16 1200/1453 loss 0.0274 lr 3e-04 (172s)
[06:14:53]   [cls-r2] ep16 1300/1453 loss 0.0275 lr 3e-04 (186s)
[06:15:07]   [cls-r2] ep16 1400/1453 loss 0.0277 lr 3e-04 (200s)
[06:15:14]   [cls-r2] ep16 1453/1453 loss 0.0278 lr 3e-04 (208s)
[06:15:25]   [cls-r2] Epoch 16 완료 | train L1 0.0278 | val argmax-MAE 9.10 | 개선없음 2/8
[06:15:39]   [cls-r2] ep17 100/1453 loss 0.0269 lr 3e-04 (14s)
[06:15:53]   [cls-r2] ep17 200/1453 loss 0.0273 lr 3e-04 (28s)
[06:16:08]   [cls-r2] ep17 300/1453 loss 0.0267 lr 3e-04 (43s)
[06:16:24]   [cls-r2] ep17 400/1453 loss 0.0266 lr 3e-04 (59s)
[06:16:39]   [cls-r2] ep17 500/1453 loss 0.0264 lr 3e-04 (74s)
[06:16:52]   [cls-r2] ep17 600/1453 loss 0.0262 lr 3e-04 (87s)
[06:17:07]   [cls-r2] ep17 700/1453 loss 0.0265 lr 3e-04 (102s)
[06:17:21]   [cls-r2] ep17 800/1453 loss 0.0266 lr 3e-04 (116s)
[06:17:35]   [cls-r2] ep17 900/1453 loss 0.0266 lr 3e-04 (130s)
[06:17:49]   [cls-r2] ep17 1000/1453 loss 0.0265 lr 3e-04 (144s)
[06:18:03]   [cls-r2] ep17 1100/1453 loss 0.0266 lr 3e-04 (158s)
[06:18:17]   [cls-r2] ep17 1200/1453 loss 0.0267 lr 3e-04 (172s)
[06:18:31]   [cls-r2] ep17 1300/1453 loss 0.0267 lr 3e-04 (186s)
[06:18:45]   [cls-r2] ep17 1400/1453 loss 0.0268 lr 3e-04 (200s)
[06:18:53]   [cls-r2] ep17 1453/1453 loss 0.0269 lr 3e-04 (208s)
[06:19:03]   [cls-r2] Epoch 17 완료 | train L1 0.0269 | val argmax-MAE 9.15 | 개선없음 3/8
[06:19:18]   [cls-r2] ep18 100/1453 loss 0.0261 lr 3e-04 (14s)
[06:19:31]   [cls-r2] ep18 200/1453 loss 0.0252 lr 3e-04 (28s)
[06:19:45]   [cls-r2] ep18 300/1453 loss 0.0248 lr 3e-04 (41s)
[06:19:59]   [cls-r2] ep18 400/1453 loss 0.0251 lr 3e-04 (55s)
[06:20:12]   [cls-r2] ep18 500/1453 loss 0.0246 lr 3e-04 (69s)
[06:20:26]   [cls-r2] ep18 600/1453 loss 0.0247 lr 3e-04 (83s)
[06:20:41]   [cls-r2] ep18 700/1453 loss 0.0247 lr 3e-04 (97s)
[06:20:55]   [cls-r2] ep18 800/1453 loss 0.0247 lr 3e-04 (112s)
[06:21:10]   [cls-r2] ep18 900/1453 loss 0.0246 lr 3e-04 (126s)
[06:21:26]   [cls-r2] ep18 1000/1453 loss 0.0248 lr 3e-04 (142s)
[06:21:40]   [cls-r2] ep18 1100/1453 loss 0.0249 lr 3e-04 (157s)
[06:21:54]   [cls-r2] ep18 1200/1453 loss 0.0251 lr 3e-04 (171s)
[06:22:10]   [cls-r2] ep18 1300/1453 loss 0.0255 lr 3e-04 (186s)
[06:22:24]   [cls-r2] ep18 1400/1453 loss 0.0255 lr 3e-04 (201s)
[06:22:32]   [cls-r2] ep18 1453/1453 loss 0.0255 lr 3e-04 (208s)
[06:22:41]   [cls-r2] Epoch 18 완료 | train L1 0.0255 | val argmax-MAE 8.88 | 개선없음 4/8
[06:22:56]   [cls-r2] ep19 100/1453 loss 0.0242 lr 3e-04 (15s)
[06:23:10]   [cls-r2] ep19 200/1453 loss 0.0239 lr 3e-04 (28s)
[06:23:23]   [cls-r2] ep19 300/1453 loss 0.0245 lr 3e-04 (42s)
[06:23:37]   [cls-r2] ep19 400/1453 loss 0.0242 lr 3e-04 (56s)
[06:23:51]   [cls-r2] ep19 500/1453 loss 0.0241 lr 3e-04 (70s)
[06:24:06]   [cls-r2] ep19 600/1453 loss 0.0243 lr 3e-04 (85s)
[06:24:21]   [cls-r2] ep19 700/1453 loss 0.0243 lr 3e-04 (100s)
[06:24:36]   [cls-r2] ep19 800/1453 loss 0.0243 lr 3e-04 (114s)
[06:24:50]   [cls-r2] ep19 900/1453 loss 0.0245 lr 3e-04 (129s)
[06:25:03]   [cls-r2] ep19 1000/1453 loss 0.0246 lr 3e-04 (142s)
[06:25:17]   [cls-r2] ep19 1100/1453 loss 0.0246 lr 3e-04 (156s)
[06:25:31]   [cls-r2] ep19 1200/1453 loss 0.0249 lr 3e-04 (170s)
[06:25:46]   [cls-r2] ep19 1300/1453 loss 0.0251 lr 3e-04 (185s)
[06:26:01]   [cls-r2] ep19 1400/1453 loss 0.0250 lr 3e-04 (199s)
[06:26:08]   [cls-r2] ep19 1453/1453 loss 0.0250 lr 3e-04 (207s)
[06:26:18]   [cls-r2] Epoch 19 완료 | train L1 0.0250 | val argmax-MAE 8.91 | 개선없음 5/8
[06:26:33]   [cls-r2] ep20 100/1453 loss 0.0226 lr 3e-04 (15s)
[06:26:47]   [cls-r2] ep20 200/1453 loss 0.0232 lr 3e-04 (29s)
[06:27:03]   [cls-r2] ep20 300/1453 loss 0.0235 lr 3e-04 (44s)
[06:27:16]   [cls-r2] ep20 400/1453 loss 0.0239 lr 3e-04 (58s)
[06:27:30]   [cls-r2] ep20 500/1453 loss 0.0240 lr 3e-04 (72s)
[06:27:44]   [cls-r2] ep20 600/1453 loss 0.0241 lr 3e-04 (86s)
[06:27:59]   [cls-r2] ep20 700/1453 loss 0.0239 lr 3e-04 (101s)
[06:28:13]   [cls-r2] ep20 800/1453 loss 0.0237 lr 3e-04 (115s)
[06:28:28]   [cls-r2] ep20 900/1453 loss 0.0236 lr 3e-04 (130s)
[06:28:42]   [cls-r2] ep20 1000/1453 loss 0.0235 lr 3e-04 (144s)
[06:28:56]   [cls-r2] ep20 1100/1453 loss 0.0235 lr 3e-04 (158s)
[06:29:10]   [cls-r2] ep20 1200/1453 loss 0.0235 lr 3e-04 (172s)
[06:29:24]   [cls-r2] ep20 1300/1453 loss 0.0235 lr 3e-04 (186s)
[06:29:38]   [cls-r2] ep20 1400/1453 loss 0.0236 lr 3e-04 (200s)
[06:29:46]   [cls-r2] ep20 1453/1453 loss 0.0236 lr 3e-04 (208s)
[06:29:56]   [cls-r2] Epoch 20 완료 | train L1 0.0236 | val argmax-MAE 8.94 | 개선없음 6/8
[06:30:10]   [cls-r2] ep21 100/1453 loss 0.0210 lr 3e-04 (14s)
[06:30:25]   [cls-r2] ep21 200/1453 loss 0.0218 lr 3e-04 (28s)
[06:30:39]   [cls-r2] ep21 300/1453 loss 0.0218 lr 3e-04 (43s)
[06:30:55]   [cls-r2] ep21 400/1453 loss 0.0220 lr 3e-04 (59s)
[06:31:10]   [cls-r2] ep21 500/1453 loss 0.0224 lr 3e-04 (74s)
[06:31:25]   [cls-r2] ep21 600/1453 loss 0.0222 lr 3e-04 (89s)
[06:31:41]   [cls-r2] ep21 700/1453 loss 0.0224 lr 3e-04 (104s)
[06:31:55]   [cls-r2] ep21 800/1453 loss 0.0224 lr 3e-04 (119s)
[06:32:09]   [cls-r2] ep21 900/1453 loss 0.0227 lr 3e-04 (133s)
[06:32:23]   [cls-r2] ep21 1000/1453 loss 0.0228 lr 3e-04 (147s)
[06:32:37]   [cls-r2] ep21 1100/1453 loss 0.0229 lr 3e-04 (161s)
[06:32:52]   [cls-r2] ep21 1200/1453 loss 0.0229 lr 3e-04 (176s)
[06:33:06]   [cls-r2] ep21 1300/1453 loss 0.0230 lr 3e-04 (190s)
[06:33:20]   [cls-r2] ep21 1400/1453 loss 0.0231 lr 3e-04 (204s)
[06:33:27]   [cls-r2] ep21 1453/1453 loss 0.0231 lr 3e-04 (211s)
[06:33:37]   [cls-r2] Epoch 21 완료 | train L1 0.0231 | val argmax-MAE 8.79 | 개선없음 7/8
[06:33:51]   [cls-r2] ep22 100/1453 loss 0.0227 lr 3e-04 (14s)
[06:34:05]   [cls-r2] ep22 200/1453 loss 0.0222 lr 3e-04 (28s)
[06:34:19]   [cls-r2] ep22 300/1453 loss 0.0214 lr 3e-04 (41s)
[06:34:32]   [cls-r2] ep22 400/1453 loss 0.0208 lr 3e-04 (55s)
[06:34:46]   [cls-r2] ep22 500/1453 loss 0.0207 lr 3e-04 (69s)
[06:34:59]   [cls-r2] ep22 600/1453 loss 0.0212 lr 3e-04 (82s)
[06:35:13]   [cls-r2] ep22 700/1453 loss 0.0211 lr 3e-04 (95s)
[06:35:26]   [cls-r2] ep22 800/1453 loss 0.0215 lr 3e-04 (109s)
[06:35:42]   [cls-r2] ep22 900/1453 loss 0.0214 lr 3e-04 (125s)
[06:35:56]   [cls-r2] ep22 1000/1453 loss 0.0215 lr 3e-04 (139s)
[06:36:10]   [cls-r2] ep22 1100/1453 loss 0.0216 lr 3e-04 (153s)
[06:36:24]   [cls-r2] ep22 1200/1453 loss 0.0216 lr 3e-04 (167s)
[06:36:38]   [cls-r2] ep22 1300/1453 loss 0.0217 lr 3e-04 (180s)
[06:36:53]   [cls-r2] ep22 1400/1453 loss 0.0219 lr 3e-04 (195s)
[06:37:01]   [cls-r2] ep22 1453/1453 loss 0.0219 lr 3e-04 (204s)
[06:37:11]   [cls-r2] Epoch 22 완료 | train L1 0.0219 | val argmax-MAE 8.97 | 개선없음 8/8
[06:37:11]   [cls-r2] 조기종료 | best argmax-MAE 8.76 @ epoch 14
[06:38:13]   [r2] train 1000/11628
[06:39:09]   [r2] train 2000/11628
[06:40:09]   [r2] train 3000/11628
[06:41:11]   [r2] train 4000/11628
[06:42:12]   [r2] train 5000/11628
[06:43:14]   [r2] train 6000/11628
[06:44:16]   [r2] train 7000/11628
[06:45:20]   [r2] train 8000/11628
[06:46:23]   [r2] train 9000/11628
[06:47:26]   [r2] train 10000/11628
[06:48:27]   [r2] train 11000/11628
[06:49:06] [r2:train] CAM 11628 | 마스크실패 0 | 파일없음 0
[06:50:03]   [r2] val 1000/1319
[06:50:20] [r2:val] CAM 1319 | 마스크실패 0 | 파일없음 0
[06:50:31] [r2:test] CAM 166 | 마스크실패 0 | 파일없음 0
[06:50:31] bbox 로그 저장: G:\Project\sinra_cho\checkpoints_attention_v9\roi_bboxes.csv
[06:50:32]   [r1] 박스 폭 중앙값 246px (48%) | 높이 중앙값 189px (37%)
[06:50:32]   [r2] 박스 폭 중앙값 202px (39%) | 높이 중앙값 190px (37%)
[06:50:32] R1/R2/E 캐시 완료
[06:50:33] [backbone] timm 'inception_v3' 로드 완료 (pretrained=False)
[06:50:34] [cls-gmp] feat (2048, 14, 14) -> FC 2048->240
[06:50:37] [backbone] timm 'inception_v3' 로드 완료 (pretrained=False)
[06:50:37] [cls-gmp] feat (2048, 14, 14) -> FC 2048->240
[06:50:40] [경고] QC 시트 생성 실패: 'r2'
[06:50:40] Phase II 정규화 div255 | 증강 ON
[06:50:40] Phase II 설정: {'BACKBONE': 'tf_efficientnetv2_s.in21k_ft_in1k', 'IMG_SIZE': 512, 'AGE_BINS': 240, 'GENDER_EMB_DIM': 32, 'HEAD_RELU': True, 'GENDER_RELU': True, 'LDL_DELTA': 15.0, 'LDL_LAMBDA': 0.5, 'AGG_CHANNELS': ['hand', 'r1', 'r2'], 'NORMALIZE': 'div255', 'USE_AUG': True, 'TAU_R1': 30, 'TAU_R2': 50, 'R2_METHOD': 'paper_erase', 'CLS_SIZE_REGION': 512, 'PRE': {'IMG_SIZE': 512, 'NORM_MODE': 'none', 'NORM_LO': 1.0, 'NORM_HI': 99.0, 'TOPHAT_MODE': 'none', 'TOPHAT_KFRAC': 0.1, 'TOPHAT_KSIZE': 0, 'TOPHAT_SHAPE': 'rect', 'TOPHAT_WEIGHT': 1.0, 'CLAHE_CLIP': 2.0, 'CLAHE_TILE': 8, 'SCALE_MODE': 'per_image', 'PAD_MODE': 'auto', 'PAD_BORDER_FRAC': 0.02, 'PAD_BORDER_PCTL': 25.0, 'PAD_ANCHOR': 'center', 'MARKER_MODE': 'off', 'MARKER_BRIGHT_PCTL': 99.2, 'MARKER_BRIGHT_MIN': 200, 'MARKER_MAX_AREA_FRAC': 0.03, 'MARKER_REQUIRE_BORDER': True, 'MARKER_BORDER_FRAC': 0.18, 'MARKER_MAX_COUNT': 4, 'ALIGN_MODE': 'off', 'ALIGN_MAX_DEG': 35.0, 'ALIGN_FIX_FLIP': True, 'CLAHE_STAGE': 'post_resize'}, 'PRE_TAG': '512_nnone_mkoff_aloff_thoff_c2t8@post_img_padauto', 'HAND_SOURCE': 'G:\\Project\\sinra_cho\\crop_data', 'BOX_CFG': {'r1': {'pad_x': 0.1, 'pad_y': 0.12, 'min_w': 0.48, 'min_h': 0.34}}, 'MERGE_COMPONENTS': True, 'BANDS': {'r1': {'x0': 0.12, 'y0': 0.52, 'x1': 0.88, 'y1': 0.98}}, 'CLAMP_TO_BAND': True, 'PAD_TO_SQUARE': True}
[06:50:40] 조기종료 | Phase I patience 8 | Phase II patience 15 (최소 65에폭 이후)
[06:50:40] 배치 수 | train 1162 | val 132 | test 17
[06:50:41] [backbone] timm 'tf_efficientnetv2_s.in21k_ft_in1k' 로드 완료 (pretrained=True)
[06:50:42] [reg] backbone out (1280, 16, 16) -> z 4,096 | params 24.1M
[06:50:45] [LDL] loss = l_MAE + 0.5 * D_KL(G||p) | bins 240 | delta 15.0
[06:50:45] Phase II 새로 학습 시작
[06:51:58]   Epoch 001 100/1162 train_mae 17.77 kl 1.721 lr 1e-04 (73s)
[06:52:52]   Epoch 001 200/1162 train_mae 14.43 kl 1.582 lr 1e-04 (127s)
[06:53:45]   Epoch 001 300/1162 train_mae 12.63 kl 1.477 lr 1e-04 (180s)
[06:54:38]   Epoch 001 400/1162 train_mae 11.57 kl 1.331 lr 1e-04 (233s)
[06:55:33]   Epoch 001 500/1162 train_mae 10.76 kl 1.209 lr 1e-04 (288s)
[06:56:26]   Epoch 001 600/1162 train_mae 10.16 kl 1.118 lr 1e-04 (341s)
[06:57:18]   Epoch 001 700/1162 train_mae 9.62 kl 1.023 lr 1e-04 (394s)
[06:58:10]   Epoch 001 800/1162 train_mae 9.22 kl 0.956 lr 1e-04 (446s)
[06:59:04]   Epoch 001 900/1162 train_mae 8.88 kl 0.897 lr 1e-04 (500s)
[06:59:59]   Epoch 001 1000/1162 train_mae 8.59 kl 0.851 lr 1e-04 (554s)
[07:00:54]   Epoch 001 1100/1162 train_mae 8.36 kl 0.813 lr 1e-04 (609s)
[07:01:27]   Epoch 001 1162/1162 train_mae 8.23 kl 0.792 lr 1e-04 (643s)
[07:02:25] [Epoch 001 완료] train MAE 8.23 | val MAE 9.57 | val RMSE 12.56 | lr 1e-04 | * best 저장 (val MAE 9.57)
[07:02:58]   Epoch 002 100/1162 train_mae 5.41 kl 0.364 lr 1e-04 (32s)
[07:03:29]   Epoch 002 200/1162 train_mae 5.46 kl 0.379 lr 1e-04 (63s)
[07:04:01]   Epoch 002 300/1162 train_mae 5.39 kl 0.377 lr 1e-04 (96s)
[07:04:35]   Epoch 002 400/1162 train_mae 5.27 kl 0.369 lr 1e-04 (130s)
[07:05:09]   Epoch 002 500/1162 train_mae 5.28 kl 0.386 lr 1e-04 (164s)
[07:05:38]   Epoch 002 600/1162 train_mae 5.33 kl 0.383 lr 1e-04 (193s)
[07:06:04]   Epoch 002 700/1162 train_mae 5.34 kl 0.382 lr 1e-04 (219s)
[07:06:30]   Epoch 002 800/1162 train_mae 5.29 kl 0.377 lr 1e-04 (245s)
[07:06:56]   Epoch 002 900/1162 train_mae 5.27 kl 0.374 lr 1e-04 (271s)
[07:07:24]   Epoch 002 1000/1162 train_mae 5.27 kl 0.372 lr 1e-04 (298s)
[07:07:50]   Epoch 002 1100/1162 train_mae 5.25 kl 0.368 lr 1e-04 (325s)
[07:08:07]   Epoch 002 1162/1162 train_mae 5.25 kl 0.370 lr 1e-04 (342s)
[07:08:27] [Epoch 002 완료] train MAE 5.25 | val MAE 9.20 | val RMSE 12.20 | lr 1e-04 | * best 저장 (val MAE 9.20)
[07:08:53]   Epoch 003 100/1162 train_mae 4.72 kl 0.341 lr 1e-04 (25s)
[07:09:19]   Epoch 003 200/1162 train_mae 4.85 kl 0.345 lr 1e-04 (52s)
[07:09:46]   Epoch 003 300/1162 train_mae 4.82 kl 0.346 lr 1e-04 (78s)
[07:10:13]   Epoch 003 400/1162 train_mae 4.74 kl 0.347 lr 1e-04 (106s)
[07:10:39]   Epoch 003 500/1162 train_mae 4.79 kl 0.346 lr 1e-04 (132s)
[07:11:05]   Epoch 003 600/1162 train_mae 4.81 kl 0.349 lr 1e-04 (158s)
[07:11:31]   Epoch 003 700/1162 train_mae 4.82 kl 0.348 lr 1e-04 (184s)
[07:11:56]   Epoch 003 800/1162 train_mae 4.84 kl 0.352 lr 1e-04 (209s)
[07:12:21]   Epoch 003 900/1162 train_mae 4.82 kl 0.350 lr 1e-04 (234s)
[07:12:47]   Epoch 003 1000/1162 train_mae 4.81 kl 0.350 lr 1e-04 (260s)
[07:13:12]   Epoch 003 1100/1162 train_mae 4.82 kl 0.352 lr 1e-04 (285s)
[07:13:28]   Epoch 003 1162/1162 train_mae 4.80 kl 0.354 lr 1e-04 (301s)
[07:13:48] [Epoch 003 완료] train MAE 4.80 | val MAE 9.03 | val RMSE 11.95 | lr 1e-04 | * best 저장 (val MAE 9.03)
[07:14:12]   Epoch 004 100/1162 train_mae 4.40 kl 0.344 lr 1e-04 (24s)
[07:14:36]   Epoch 004 200/1162 train_mae 4.45 kl 0.364 lr 1e-04 (47s)
[07:15:01]   Epoch 004 300/1162 train_mae 4.43 kl 0.367 lr 1e-04 (72s)
[07:15:26]   Epoch 004 400/1162 train_mae 4.37 kl 0.357 lr 1e-04 (97s)
[07:15:52]   Epoch 004 500/1162 train_mae 4.43 kl 0.348 lr 1e-04 (124s)
[07:16:17]   Epoch 004 600/1162 train_mae 4.43 kl 0.343 lr 1e-04 (148s)
[07:16:41]   Epoch 004 700/1162 train_mae 4.42 kl 0.340 lr 1e-04 (173s)
[07:17:08]   Epoch 004 800/1162 train_mae 4.43 kl 0.338 lr 1e-04 (199s)
[07:17:32]   Epoch 004 900/1162 train_mae 4.43 kl 0.340 lr 1e-04 (223s)
[07:17:58]   Epoch 004 1000/1162 train_mae 4.43 kl 0.341 lr 1e-04 (249s)
[07:18:23]   Epoch 004 1100/1162 train_mae 4.44 kl 0.345 lr 1e-04 (274s)
[07:18:38]   Epoch 004 1162/1162 train_mae 4.46 kl 0.345 lr 1e-04 (289s)
[07:18:57] [Epoch 004 완료] train MAE 4.46 | val MAE 8.74 | val RMSE 11.70 | lr 1e-04 | * best 저장 (val MAE 8.74)
[07:19:23]   Epoch 005 100/1162 train_mae 4.17 kl 0.356 lr 1e-04 (25s)
[07:19:49]   Epoch 005 200/1162 train_mae 4.05 kl 0.343 lr 1e-04 (51s)
[07:20:15]   Epoch 005 300/1162 train_mae 4.12 kl 0.341 lr 1e-04 (77s)
[07:20:40]   Epoch 005 400/1162 train_mae 4.15 kl 0.334 lr 1e-04 (102s)
[07:21:07]   Epoch 005 500/1162 train_mae 4.21 kl 0.334 lr 1e-04 (129s)
[07:21:33]   Epoch 005 600/1162 train_mae 4.22 kl 0.336 lr 1e-04 (155s)
[07:21:59]   Epoch 005 700/1162 train_mae 4.22 kl 0.334 lr 1e-04 (181s)
[07:22:27]   Epoch 005 800/1162 train_mae 4.22 kl 0.337 lr 1e-04 (209s)
[07:22:56]   Epoch 005 900/1162 train_mae 4.24 kl 0.337 lr 1e-04 (238s)
[07:23:21]   Epoch 005 1000/1162 train_mae 4.21 kl 0.334 lr 1e-04 (263s)
[07:23:47]   Epoch 005 1100/1162 train_mae 4.21 kl 0.338 lr 1e-04 (289s)
[07:24:04]   Epoch 005 1162/1162 train_mae 4.23 kl 0.338 lr 1e-04 (306s)
[07:24:24] [Epoch 005 완료] train MAE 4.23 | val MAE 8.81 | val RMSE 11.78 | lr 1e-04 | 개선없음 1/15
[07:24:50]   Epoch 006 100/1162 train_mae 4.00 kl 0.317 lr 1e-04 (25s)
[07:25:17]   Epoch 006 200/1162 train_mae 3.90 kl 0.312 lr 1e-04 (52s)
[07:25:43]   Epoch 006 300/1162 train_mae 3.88 kl 0.316 lr 1e-04 (78s)
[07:26:08]   Epoch 006 400/1162 train_mae 3.86 kl 0.315 lr 1e-04 (104s)
[07:26:35]   Epoch 006 500/1162 train_mae 3.91 kl 0.317 lr 1e-04 (130s)
[07:27:03]   Epoch 006 600/1162 train_mae 3.89 kl 0.327 lr 1e-04 (159s)
[07:27:37]   Epoch 006 700/1162 train_mae 3.94 kl 0.328 lr 1e-04 (192s)
[07:28:15]   Epoch 006 800/1162 train_mae 3.96 kl 0.324 lr 1e-04 (230s)
[07:28:57]   Epoch 006 900/1162 train_mae 3.97 kl 0.326 lr 1e-04 (272s)
[07:29:35]   Epoch 006 1000/1162 train_mae 3.98 kl 0.324 lr 1e-04 (310s)
[07:30:17]   Epoch 006 1100/1162 train_mae 3.98 kl 0.323 lr 1e-04 (352s)
[07:30:41]   Epoch 006 1162/1162 train_mae 3.98 kl 0.323 lr 1e-04 (376s)
[07:31:06] [Epoch 006 완료] train MAE 3.98 | val MAE 8.87 | val RMSE 12.16 | lr 1e-04 | 개선없음 2/15
[07:31:47]   Epoch 007 100/1162 train_mae 3.93 kl 0.327 lr 1e-04 (41s)
[07:32:24]   Epoch 007 200/1162 train_mae 3.79 kl 0.335 lr 1e-04 (77s)
[07:33:06]   Epoch 007 300/1162 train_mae 3.86 kl 0.331 lr 1e-04 (119s)
[07:33:35]   Epoch 007 400/1162 train_mae 3.79 kl 0.325 lr 1e-04 (148s)
[07:34:04]   Epoch 007 500/1162 train_mae 3.81 kl 0.325 lr 1e-04 (177s)
[07:34:35]   Epoch 007 600/1162 train_mae 3.83 kl 0.323 lr 1e-04 (209s)
[07:35:10]   Epoch 007 700/1162 train_mae 3.83 kl 0.325 lr 1e-04 (243s)
[07:35:48]   Epoch 007 800/1162 train_mae 3.85 kl 0.324 lr 1e-04 (281s)
[07:36:29]   Epoch 007 900/1162 train_mae 3.87 kl 0.331 lr 1e-04 (322s)
[07:37:09]   Epoch 007 1000/1162 train_mae 3.85 kl 0.332 lr 1e-04 (362s)
[07:37:48]   Epoch 007 1100/1162 train_mae 3.86 kl 0.334 lr 1e-04 (402s)
[07:38:12]   Epoch 007 1162/1162 train_mae 3.85 kl 0.335 lr 1e-04 (426s)
[07:38:36] [Epoch 007 완료] train MAE 3.85 | val MAE 8.82 | val RMSE 11.88 | lr 1e-04 | 개선없음 3/15
[07:39:16]   Epoch 008 100/1162 train_mae 3.63 kl 0.304 lr 1e-04 (39s)
[07:39:56]   Epoch 008 200/1162 train_mae 3.63 kl 0.311 lr 1e-04 (79s)
[07:40:36]   Epoch 008 300/1162 train_mae 3.67 kl 0.313 lr 1e-04 (119s)
[07:41:14]   Epoch 008 400/1162 train_mae 3.72 kl 0.304 lr 1e-04 (157s)
[07:41:54]   Epoch 008 500/1162 train_mae 3.71 kl 0.305 lr 1e-04 (198s)
[07:42:35]   Epoch 008 600/1162 train_mae 3.69 kl 0.308 lr 1e-04 (239s)
[07:43:14]   Epoch 008 700/1162 train_mae 3.66 kl 0.309 lr 1e-04 (278s)
[07:43:54]   Epoch 008 800/1162 train_mae 3.65 kl 0.316 lr 1e-04 (317s)
[07:44:34]   Epoch 008 900/1162 train_mae 3.63 kl 0.315 lr 1e-04 (357s)
[07:45:11]   Epoch 008 1000/1162 train_mae 3.67 kl 0.318 lr 1e-04 (395s)
[07:45:52]   Epoch 008 1100/1162 train_mae 3.67 kl 0.323 lr 1e-04 (435s)
[07:46:17]   Epoch 008 1162/1162 train_mae 3.68 kl 0.321 lr 1e-04 (461s)
[07:46:42] [Epoch 008 완료] train MAE 3.68 | val MAE 8.67 | val RMSE 11.79 | lr 1e-04 | * best 저장 (val MAE 8.67)
[07:47:18]   Epoch 009 100/1162 train_mae 3.44 kl 0.322 lr 1e-04 (36s)
[07:47:55]   Epoch 009 200/1162 train_mae 3.43 kl 0.327 lr 1e-04 (72s)
[07:48:33]   Epoch 009 300/1162 train_mae 3.39 kl 0.325 lr 1e-04 (110s)
[07:49:13]   Epoch 009 400/1162 train_mae 3.42 kl 0.316 lr 1e-04 (151s)
[07:49:52]   Epoch 009 500/1162 train_mae 3.46 kl 0.318 lr 1e-04 (190s)
[07:50:33]   Epoch 009 600/1162 train_mae 3.49 kl 0.320 lr 1e-04 (231s)
[07:51:11]   Epoch 009 700/1162 train_mae 3.51 kl 0.318 lr 1e-04 (269s)
[07:51:49]   Epoch 009 800/1162 train_mae 3.53 kl 0.317 lr 1e-04 (306s)
[07:52:27]   Epoch 009 900/1162 train_mae 3.52 kl 0.318 lr 1e-04 (345s)
[07:53:04]   Epoch 009 1000/1162 train_mae 3.54 kl 0.317 lr 1e-04 (381s)
[07:53:41]   Epoch 009 1100/1162 train_mae 3.53 kl 0.317 lr 1e-04 (419s)
[07:54:03]   Epoch 009 1162/1162 train_mae 3.53 kl 0.317 lr 1e-04 (440s)
[07:54:26] [Epoch 009 완료] train MAE 3.53 | val MAE 8.62 | val RMSE 11.66 | lr 1e-04 | * best 저장 (val MAE 8.62)
[07:55:01]   Epoch 010 100/1162 train_mae 3.16 kl 0.310 lr 1e-04 (34s)
[07:55:34]   Epoch 010 200/1162 train_mae 3.11 kl 0.293 lr 1e-04 (67s)
[07:56:10]   Epoch 010 300/1162 train_mae 3.13 kl 0.294 lr 1e-04 (103s)
[07:56:46]   Epoch 010 400/1162 train_mae 3.23 kl 0.294 lr 1e-04 (139s)
[07:57:23]   Epoch 010 500/1162 train_mae 3.24 kl 0.306 lr 1e-04 (176s)
[07:57:59]   Epoch 010 600/1162 train_mae 3.28 kl 0.311 lr 1e-04 (212s)
[07:58:34]   Epoch 010 700/1162 train_mae 3.29 kl 0.316 lr 1e-04 (247s)
[07:59:11]   Epoch 010 800/1162 train_mae 3.29 kl 0.319 lr 1e-04 (285s)
[07:59:48]   Epoch 010 900/1162 train_mae 3.33 kl 0.321 lr 1e-04 (321s)
[08:00:22]   Epoch 010 1000/1162 train_mae 3.37 kl 0.323 lr 1e-04 (356s)
[08:00:58]   Epoch 010 1100/1162 train_mae 3.39 kl 0.325 lr 1e-04 (391s)
[08:01:19]   Epoch 010 1162/1162 train_mae 3.39 kl 0.327 lr 1e-04 (413s)
[08:01:44] [Epoch 010 완료] train MAE 3.39 | val MAE 8.67 | val RMSE 11.89 | lr 1e-04 | 개선없음 1/15
[08:02:21]   Epoch 011 100/1162 train_mae 3.00 kl 0.311 lr 1e-04 (36s)
[08:02:56]   Epoch 011 200/1162 train_mae 3.08 kl 0.306 lr 1e-04 (72s)
[08:03:32]   Epoch 011 300/1162 train_mae 3.14 kl 0.297 lr 1e-04 (107s)
[08:04:08]   Epoch 011 400/1162 train_mae 3.17 kl 0.305 lr 1e-04 (143s)
[08:04:44]   Epoch 011 500/1162 train_mae 3.19 kl 0.311 lr 1e-04 (180s)
[08:05:21]   Epoch 011 600/1162 train_mae 3.20 kl 0.312 lr 1e-04 (216s)
[08:05:57]   Epoch 011 700/1162 train_mae 3.22 kl 0.315 lr 1e-04 (252s)
[08:06:33]   Epoch 011 800/1162 train_mae 3.22 kl 0.315 lr 1e-04 (288s)
[08:07:08]   Epoch 011 900/1162 train_mae 3.23 kl 0.316 lr 1e-04 (323s)
[08:07:43]   Epoch 011 1000/1162 train_mae 3.23 kl 0.315 lr 1e-04 (359s)
[08:08:19]   Epoch 011 1100/1162 train_mae 3.24 kl 0.316 lr 1e-04 (395s)
[08:08:41]   Epoch 011 1162/1162 train_mae 3.25 kl 0.316 lr 1e-04 (417s)
[08:09:06] [Epoch 011 완료] train MAE 3.25 | val MAE 8.68 | val RMSE 11.86 | lr 1e-04 | 개선없음 2/15
[08:09:42]   Epoch 012 100/1162 train_mae 3.07 kl 0.315 lr 1e-04 (35s)
[08:10:19]   Epoch 012 200/1162 train_mae 3.11 kl 0.311 lr 1e-04 (72s)
[08:10:58]   Epoch 012 300/1162 train_mae 3.11 kl 0.302 lr 1e-04 (111s)
[08:11:33]   Epoch 012 400/1162 train_mae 3.09 kl 0.299 lr 1e-04 (146s)
[08:12:07]   Epoch 012 500/1162 train_mae 3.09 kl 0.305 lr 1e-04 (180s)
[08:12:44]   Epoch 012 600/1162 train_mae 3.08 kl 0.300 lr 1e-04 (217s)
[08:13:22]   Epoch 012 700/1162 train_mae 3.06 kl 0.299 lr 1e-04 (255s)
[08:13:59]   Epoch 012 800/1162 train_mae 3.08 kl 0.300 lr 1e-04 (292s)
[08:14:36]   Epoch 012 900/1162 train_mae 3.09 kl 0.301 lr 1e-04 (329s)
[08:15:14]   Epoch 012 1000/1162 train_mae 3.10 kl 0.304 lr 1e-04 (367s)
[08:15:51]   Epoch 012 1100/1162 train_mae 3.11 kl 0.303 lr 1e-04 (404s)
[08:16:13]   Epoch 012 1162/1162 train_mae 3.12 kl 0.303 lr 1e-04 (426s)
[08:16:36] [Epoch 012 완료] train MAE 3.12 | val MAE 8.58 | val RMSE 11.89 | lr 1e-04 | * best 저장 (val MAE 8.58)
[08:17:12]   Epoch 013 100/1162 train_mae 2.88 kl 0.269 lr 1e-04 (35s)
[08:17:49]   Epoch 013 200/1162 train_mae 2.95 kl 0.291 lr 1e-04 (73s)
[08:18:25]   Epoch 013 300/1162 train_mae 3.02 kl 0.291 lr 1e-04 (108s)
[08:19:01]   Epoch 013 400/1162 train_mae 2.97 kl 0.293 lr 1e-04 (144s)
[08:19:38]   Epoch 013 500/1162 train_mae 2.97 kl 0.307 lr 1e-04 (181s)
[08:20:14]   Epoch 013 600/1162 train_mae 2.98 kl 0.309 lr 1e-04 (218s)
[08:20:52]   Epoch 013 700/1162 train_mae 3.02 kl 0.314 lr 1e-04 (256s)
[08:21:29]   Epoch 013 800/1162 train_mae 3.03 kl 0.308 lr 1e-04 (293s)
[08:22:07]   Epoch 013 900/1162 train_mae 3.04 kl 0.306 lr 1e-04 (331s)
[08:22:46]   Epoch 013 1000/1162 train_mae 3.05 kl 0.303 lr 1e-04 (369s)
[08:23:22]   Epoch 013 1100/1162 train_mae 3.06 kl 0.305 lr 1e-04 (406s)
[08:23:45]   Epoch 013 1162/1162 train_mae 3.06 kl 0.305 lr 1e-04 (428s)
[08:24:08] [Epoch 013 완료] train MAE 3.06 | val MAE 8.49 | val RMSE 11.75 | lr 1e-04 | * best 저장 (val MAE 8.49)
[08:24:43]   Epoch 014 100/1162 train_mae 2.90 kl 0.286 lr 1e-04 (34s)
[08:25:19]   Epoch 014 200/1162 train_mae 2.80 kl 0.282 lr 1e-04 (70s)
[08:25:58]   Epoch 014 300/1162 train_mae 2.84 kl 0.291 lr 1e-04 (109s)
[08:26:34]   Epoch 014 400/1162 train_mae 2.84 kl 0.303 lr 1e-04 (145s)
[08:27:08]   Epoch 014 500/1162 train_mae 2.87 kl 0.312 lr 1e-04 (178s)
[08:27:45]   Epoch 014 600/1162 train_mae 2.87 kl 0.309 lr 1e-04 (216s)
[08:28:22]   Epoch 014 700/1162 train_mae 2.89 kl 0.309 lr 1e-04 (253s)
[08:28:59]   Epoch 014 800/1162 train_mae 2.91 kl 0.311 lr 1e-04 (289s)
[08:29:35]   Epoch 014 900/1162 train_mae 2.91 kl 0.311 lr 1e-04 (326s)
[08:30:11]   Epoch 014 1000/1162 train_mae 2.92 kl 0.314 lr 1e-04 (362s)
[08:30:42]   Epoch 014 1100/1162 train_mae 2.93 kl 0.316 lr 1e-04 (393s)
[08:30:58]   Epoch 014 1162/1162 train_mae 2.92 kl 0.314 lr 1e-04 (409s)
[08:31:18] [Epoch 014 완료] train MAE 2.92 | val MAE 8.76 | val RMSE 11.88 | lr 1e-04 | 개선없음 1/15
[08:31:44]   Epoch 015 100/1162 train_mae 2.81 kl 0.284 lr 1e-04 (25s)
[08:32:10]   Epoch 015 200/1162 train_mae 2.75 kl 0.290 lr 1e-04 (51s)
[08:32:35]   Epoch 015 300/1162 train_mae 2.77 kl 0.305 lr 1e-04 (77s)
[08:33:02]   Epoch 015 400/1162 train_mae 2.81 kl 0.311 lr 1e-04 (103s)
[08:33:28]   Epoch 015 500/1162 train_mae 2.79 kl 0.308 lr 1e-04 (129s)
[08:33:54]   Epoch 015 600/1162 train_mae 2.78 kl 0.307 lr 1e-04 (156s)
[08:34:21]   Epoch 015 700/1162 train_mae 2.76 kl 0.305 lr 1e-04 (182s)
[08:34:47]   Epoch 015 800/1162 train_mae 2.76 kl 0.305 lr 1e-04 (209s)
[08:35:13]   Epoch 015 900/1162 train_mae 2.80 kl 0.305 lr 1e-04 (234s)
[08:35:40]   Epoch 015 1000/1162 train_mae 2.81 kl 0.306 lr 1e-04 (261s)
[08:36:07]   Epoch 015 1100/1162 train_mae 2.83 kl 0.306 lr 1e-04 (288s)
[08:36:23]   Epoch 015 1162/1162 train_mae 2.85 kl 0.309 lr 1e-04 (305s)
[08:36:43] [Epoch 015 완료] train MAE 2.85 | val MAE 8.50 | val RMSE 11.78 | lr 1e-04 | 개선없음 2/15
[08:37:09]   Epoch 016 100/1162 train_mae 2.65 kl 0.323 lr 1e-04 (25s)
[08:37:35]   Epoch 016 200/1162 train_mae 2.67 kl 0.311 lr 1e-04 (51s)
[08:38:02]   Epoch 016 300/1162 train_mae 2.69 kl 0.303 lr 1e-04 (78s)
[08:38:28]   Epoch 016 400/1162 train_mae 2.71 kl 0.302 lr 1e-04 (104s)
[08:38:55]   Epoch 016 500/1162 train_mae 2.70 kl 0.310 lr 1e-04 (131s)
[08:39:20]   Epoch 016 600/1162 train_mae 2.71 kl 0.313 lr 1e-04 (156s)
[08:39:46]   Epoch 016 700/1162 train_mae 2.73 kl 0.316 lr 1e-04 (182s)
[08:40:11]   Epoch 016 800/1162 train_mae 2.72 kl 0.310 lr 1e-04 (207s)
[08:40:36]   Epoch 016 900/1162 train_mae 2.72 kl 0.309 lr 1e-04 (232s)
[08:41:00]   Epoch 016 1000/1162 train_mae 2.72 kl 0.309 lr 1e-04 (256s)
[08:41:25]   Epoch 016 1100/1162 train_mae 2.73 kl 0.308 lr 1e-04 (281s)
[08:41:40]   Epoch 016 1162/1162 train_mae 2.74 kl 0.307 lr 1e-04 (296s)
[08:41:59] [Epoch 016 완료] train MAE 2.74 | val MAE 8.60 | val RMSE 11.77 | lr 1e-04 | 개선없음 3/15
[08:42:24]   Epoch 017 100/1162 train_mae 2.54 kl 0.330 lr 1e-04 (24s)
[08:42:48]   Epoch 017 200/1162 train_mae 2.71 kl 0.330 lr 1e-04 (48s)
[08:43:14]   Epoch 017 300/1162 train_mae 2.72 kl 0.323 lr 1e-04 (74s)
[08:43:39]   Epoch 017 400/1162 train_mae 2.68 kl 0.319 lr 1e-04 (99s)
[08:44:04]   Epoch 017 500/1162 train_mae 2.65 kl 0.319 lr 1e-04 (124s)
[08:44:29]   Epoch 017 600/1162 train_mae 2.64 kl 0.313 lr 1e-04 (150s)
[08:44:54]   Epoch 017 700/1162 train_mae 2.66 kl 0.311 lr 1e-04 (175s)
[08:45:19]   Epoch 017 800/1162 train_mae 2.68 kl 0.309 lr 1e-04 (200s)
[08:45:44]   Epoch 017 900/1162 train_mae 2.67 kl 0.309 lr 1e-04 (224s)
[08:46:09]   Epoch 017 1000/1162 train_mae 2.68 kl 0.307 lr 1e-04 (250s)
[08:46:35]   Epoch 017 1100/1162 train_mae 2.67 kl 0.308 lr 1e-04 (276s)
[08:46:51]   Epoch 017 1162/1162 train_mae 2.68 kl 0.308 lr 1e-04 (291s)
[08:47:11] [Epoch 017 완료] train MAE 2.68 | val MAE 8.45 | val RMSE 11.65 | lr 1e-04 | * best 저장 (val MAE 8.45)
[08:47:36]   Epoch 018 100/1162 train_mae 2.67 kl 0.336 lr 1e-04 (25s)
[08:48:00]   Epoch 018 200/1162 train_mae 2.57 kl 0.323 lr 1e-04 (49s)
[08:48:24]   Epoch 018 300/1162 train_mae 2.57 kl 0.337 lr 1e-04 (73s)
[08:48:49]   Epoch 018 400/1162 train_mae 2.56 kl 0.335 lr 1e-04 (98s)
[08:49:14]   Epoch 018 500/1162 train_mae 2.61 kl 0.330 lr 1e-04 (122s)
[08:49:41]   Epoch 018 600/1162 train_mae 2.58 kl 0.325 lr 1e-04 (149s)
[08:50:08]   Epoch 018 700/1162 train_mae 2.57 kl 0.325 lr 1e-04 (177s)
[08:50:33]   Epoch 018 800/1162 train_mae 2.56 kl 0.323 lr 1e-04 (202s)
[08:50:58]   Epoch 018 900/1162 train_mae 2.58 kl 0.324 lr 1e-04 (227s)
[08:51:25]   Epoch 018 1000/1162 train_mae 2.60 kl 0.322 lr 1e-04 (253s)
[08:51:52]   Epoch 018 1100/1162 train_mae 2.59 kl 0.322 lr 1e-04 (280s)
[08:52:08]   Epoch 018 1162/1162 train_mae 2.60 kl 0.320 lr 1e-04 (297s)
[08:52:28] [Epoch 018 완료] train MAE 2.60 | val MAE 8.42 | val RMSE 11.63 | lr 1e-04 | * best 저장 (val MAE 8.42)
[08:52:54]   Epoch 019 100/1162 train_mae 2.41 kl 0.283 lr 1e-04 (25s)
[08:53:19]   Epoch 019 200/1162 train_mae 2.39 kl 0.296 lr 1e-04 (50s)
[08:53:44]   Epoch 019 300/1162 train_mae 2.37 kl 0.298 lr 1e-04 (75s)
[08:54:09]   Epoch 019 400/1162 train_mae 2.43 kl 0.303 lr 1e-04 (101s)
[08:54:42]   Epoch 019 500/1162 train_mae 2.44 kl 0.306 lr 1e-04 (133s)
[08:55:19]   Epoch 019 600/1162 train_mae 2.46 kl 0.302 lr 1e-04 (170s)
[08:55:56]   Epoch 019 700/1162 train_mae 2.46 kl 0.303 lr 1e-04 (208s)
[08:56:33]   Epoch 019 800/1162 train_mae 2.50 kl 0.301 lr 1e-04 (245s)
[08:57:12]   Epoch 019 900/1162 train_mae 2.51 kl 0.306 lr 1e-04 (284s)
[08:57:51]   Epoch 019 1000/1162 train_mae 2.51 kl 0.307 lr 1e-04 (322s)
[08:58:28]   Epoch 019 1100/1162 train_mae 2.51 kl 0.305 lr 1e-04 (360s)
[08:58:52]   Epoch 019 1162/1162 train_mae 2.52 kl 0.305 lr 1e-04 (383s)
[08:59:16] [Epoch 019 완료] train MAE 2.52 | val MAE 8.47 | val RMSE 11.74 | lr 1e-04 | 개선없음 1/15
[08:59:53]   Epoch 020 100/1162 train_mae 2.41 kl 0.280 lr 1e-04 (37s)
[09:00:25]   Epoch 020 200/1162 train_mae 2.39 kl 0.294 lr 1e-04 (69s)
[09:00:57]   Epoch 020 300/1162 train_mae 2.40 kl 0.307 lr 1e-04 (100s)
[09:01:32]   Epoch 020 400/1162 train_mae 2.42 kl 0.329 lr 1e-04 (136s)
[09:02:11]   Epoch 020 500/1162 train_mae 2.43 kl 0.325 lr 1e-04 (174s)
[09:02:48]   Epoch 020 600/1162 train_mae 2.43 kl 0.318 lr 1e-04 (212s)
[09:03:50]   Epoch 020 700/1162 train_mae 2.43 kl 0.314 lr 1e-04 (273s)
[09:04:31]   Epoch 020 800/1162 train_mae 2.42 kl 0.311 lr 1e-04 (315s)
[09:05:10]   Epoch 020 900/1162 train_mae 2.44 kl 0.313 lr 1e-04 (353s)
[09:05:50]   Epoch 020 1000/1162 train_mae 2.46 kl 0.314 lr 1e-04 (394s)
[09:06:34]   Epoch 020 1100/1162 train_mae 2.46 kl 0.317 lr 1e-04 (438s)
[09:06:59]   Epoch 020 1162/1162 train_mae 2.47 kl 0.318 lr 1e-04 (463s)
[09:07:24] [Epoch 020 완료] train MAE 2.47 | val MAE 8.61 | val RMSE 11.86 | lr 1e-04 | 개선없음 2/15
[09:08:07]   Epoch 021 100/1162 train_mae 2.36 kl 0.339 lr 1e-04 (42s)
[09:08:47]   Epoch 021 200/1162 train_mae 2.30 kl 0.330 lr 1e-04 (82s)
[09:09:24]   Epoch 021 300/1162 train_mae 2.35 kl 0.326 lr 1e-04 (119s)
[09:10:03]   Epoch 021 400/1162 train_mae 2.38 kl 0.323 lr 1e-04 (157s)
[09:10:41]   Epoch 021 500/1162 train_mae 2.39 kl 0.317 lr 1e-04 (196s)
[09:11:13]   Epoch 021 600/1162 train_mae 2.38 kl 0.315 lr 1e-04 (228s)
[09:11:39]   Epoch 021 700/1162 train_mae 2.40 kl 0.310 lr 1e-04 (254s)
[09:12:08]   Epoch 021 800/1162 train_mae 2.40 kl 0.312 lr 1e-04 (283s)
[09:12:34]   Epoch 021 900/1162 train_mae 2.41 kl 0.310 lr 1e-04 (309s)
[09:13:00]   Epoch 021 1000/1162 train_mae 2.40 kl 0.309 lr 1e-04 (335s)
[09:13:25]   Epoch 021 1100/1162 train_mae 2.41 kl 0.307 lr 1e-04 (360s)
[09:13:41]   Epoch 021 1162/1162 train_mae 2.40 kl 0.306 lr 1e-04 (376s)
[09:14:00] [Epoch 021 완료] train MAE 2.40 | val MAE 8.41 | val RMSE 11.77 | lr 1e-04 | * best 저장 (val MAE 8.41)
[09:14:25]   Epoch 022 100/1162 train_mae 2.34 kl 0.316 lr 1e-04 (24s)
[09:14:50]   Epoch 022 200/1162 train_mae 2.35 kl 0.309 lr 1e-04 (49s)
[09:15:15]   Epoch 022 300/1162 train_mae 2.30 kl 0.317 lr 1e-04 (74s)
[09:15:40]   Epoch 022 400/1162 train_mae 2.32 kl 0.314 lr 1e-04 (99s)
[09:16:05]   Epoch 022 500/1162 train_mae 2.33 kl 0.315 lr 1e-04 (124s)
[09:16:31]   Epoch 022 600/1162 train_mae 2.33 kl 0.311 lr 1e-04 (150s)
[09:16:56]   Epoch 022 700/1162 train_mae 2.32 kl 0.310 lr 1e-04 (175s)
[09:17:21]   Epoch 022 800/1162 train_mae 2.32 kl 0.311 lr 1e-04 (200s)
[09:17:45]   Epoch 022 900/1162 train_mae 2.33 kl 0.309 lr 1e-04 (225s)
[09:18:10]   Epoch 022 1000/1162 train_mae 2.34 kl 0.305 lr 1e-04 (250s)
[09:18:36]   Epoch 022 1100/1162 train_mae 2.36 kl 0.305 lr 1e-04 (276s)
[09:18:56]   Epoch 022 1162/1162 train_mae 2.37 kl 0.306 lr 1e-04 (295s)
[09:19:17] [Epoch 022 완료] train MAE 2.37 | val MAE 8.58 | val RMSE 11.84 | lr 1e-04 | 개선없음 1/15
[09:19:47]   Epoch 023 100/1162 train_mae 2.26 kl 0.321 lr 1e-04 (30s)
[09:20:23]   Epoch 023 200/1162 train_mae 2.22 kl 0.325 lr 1e-04 (66s)
[09:21:00]   Epoch 023 300/1162 train_mae 2.24 kl 0.321 lr 1e-04 (103s)
[09:21:43]   Epoch 023 400/1162 train_mae 2.22 kl 0.329 lr 1e-04 (145s)
[09:22:28]   Epoch 023 500/1162 train_mae 2.22 kl 0.326 lr 1e-04 (190s)
[09:23:12]   Epoch 023 600/1162 train_mae 2.25 kl 0.325 lr 1e-04 (234s)
[09:23:55]   Epoch 023 700/1162 train_mae 2.26 kl 0.320 lr 1e-04 (277s)
[09:24:41]   Epoch 023 800/1162 train_mae 2.29 kl 0.318 lr 1e-04 (324s)
[09:25:19]   Epoch 023 900/1162 train_mae 2.28 kl 0.318 lr 1e-04 (361s)
[09:25:58]   Epoch 023 1000/1162 train_mae 2.29 kl 0.314 lr 1e-04 (400s)
[09:26:42]   Epoch 023 1100/1162 train_mae 2.30 kl 0.315 lr 1e-04 (445s)
[09:27:12]   Epoch 023 1162/1162 train_mae 2.30 kl 0.318 lr 1e-04 (475s)
[09:27:39] [Epoch 023 완료] train MAE 2.30 | val MAE 8.47 | val RMSE 11.72 | lr 1e-04 | 개선없음 2/15
[09:28:27]   Epoch 024 100/1162 train_mae 2.22 kl 0.322 lr 1e-04 (47s)
[09:29:04]   Epoch 024 200/1162 train_mae 2.23 kl 0.323 lr 1e-04 (85s)
[09:29:43]   Epoch 024 300/1162 train_mae 2.22 kl 0.316 lr 1e-04 (124s)
[09:30:24]   Epoch 024 400/1162 train_mae 2.21 kl 0.308 lr 1e-04 (165s)
[09:31:01]   Epoch 024 500/1162 train_mae 2.20 kl 0.309 lr 1e-04 (201s)
[09:31:43]   Epoch 024 600/1162 train_mae 2.19 kl 0.309 lr 1e-04 (244s)
[09:32:26]   Epoch 024 700/1162 train_mae 2.20 kl 0.306 lr 1e-04 (287s)
[09:33:09]   Epoch 024 800/1162 train_mae 2.21 kl 0.307 lr 1e-04 (329s)
[09:33:53]   Epoch 024 900/1162 train_mae 2.21 kl 0.310 lr 1e-04 (373s)
[09:34:38]   Epoch 024 1000/1162 train_mae 2.22 kl 0.311 lr 1e-04 (419s)
[09:35:21]   Epoch 024 1100/1162 train_mae 2.23 kl 0.314 lr 1e-04 (462s)
[09:35:50]   Epoch 024 1162/1162 train_mae 2.23 kl 0.312 lr 1e-04 (491s)
[09:36:17] [Epoch 024 완료] train MAE 2.23 | val MAE 8.40 | val RMSE 11.71 | lr 1e-04 | 개선없음 3/15
[09:37:05]   Epoch 025 100/1162 train_mae 2.03 kl 0.315 lr 1e-04 (48s)
[09:37:53]   Epoch 025 200/1162 train_mae 2.11 kl 0.318 lr 1e-04 (96s)
[09:38:42]   Epoch 025 300/1162 train_mae 2.14 kl 0.314 lr 1e-04 (145s)
[09:39:29]   Epoch 025 400/1162 train_mae 2.16 kl 0.317 lr 1e-04 (192s)
[09:40:17]   Epoch 025 500/1162 train_mae 2.15 kl 0.315 lr 1e-04 (239s)
[09:41:07]   Epoch 025 600/1162 train_mae 2.17 kl 0.317 lr 1e-04 (289s)
[09:42:01]   Epoch 025 700/1162 train_mae 2.16 kl 0.316 lr 1e-04 (343s)
[09:42:55]   Epoch 025 800/1162 train_mae 2.16 kl 0.314 lr 1e-04 (398s)
[09:43:51]   Epoch 025 900/1162 train_mae 2.16 kl 0.314 lr 1e-04 (454s)
[09:44:45]   Epoch 025 1000/1162 train_mae 2.17 kl 0.314 lr 1e-04 (508s)
[09:45:38]   Epoch 025 1100/1162 train_mae 2.18 kl 0.316 lr 1e-04 (560s)
[09:46:11]   Epoch 025 1162/1162 train_mae 2.17 kl 0.316 lr 1e-04 (594s)
[09:46:40] [Epoch 025 완료] train MAE 2.17 | val MAE 8.44 | val RMSE 11.63 | lr 1e-04 | 개선없음 4/15
[09:47:35]   Epoch 026 100/1162 train_mae 2.08 kl 0.350 lr 1e-04 (54s)
[09:48:23]   Epoch 026 200/1162 train_mae 2.05 kl 0.340 lr 1e-04 (103s)
[09:49:11]   Epoch 026 300/1162 train_mae 2.06 kl 0.332 lr 1e-04 (150s)
[09:49:59]   Epoch 026 400/1162 train_mae 2.09 kl 0.328 lr 1e-04 (198s)
[09:50:49]   Epoch 026 500/1162 train_mae 2.11 kl 0.324 lr 1e-04 (249s)
[09:51:37]   Epoch 026 600/1162 train_mae 2.12 kl 0.324 lr 1e-04 (297s)
[09:52:25]   Epoch 026 700/1162 train_mae 2.14 kl 0.323 lr 1e-04 (345s)
[09:53:14]   Epoch 026 800/1162 train_mae 2.15 kl 0.321 lr 1e-04 (393s)
[09:54:07]   Epoch 026 900/1162 train_mae 2.16 kl 0.317 lr 1e-04 (446s)
[09:55:00]   Epoch 026 1000/1162 train_mae 2.17 kl 0.315 lr 1e-04 (500s)
[09:55:53]   Epoch 026 1100/1162 train_mae 2.16 kl 0.314 lr 1e-04 (553s)
[09:56:26]   Epoch 026 1162/1162 train_mae 2.15 kl 0.313 lr 1e-04 (585s)
[09:56:50] [Epoch 026 완료] train MAE 2.15 | val MAE 8.50 | val RMSE 11.81 | lr 1e-04 | 개선없음 5/15
[09:57:44]   Epoch 027 100/1162 train_mae 1.96 kl 0.310 lr 1e-04 (53s)
[09:59:03]   Epoch 027 200/1162 train_mae 1.97 kl 0.346 lr 1e-04 (132s)
[10:00:18]   Epoch 027 300/1162 train_mae 2.03 kl 0.327 lr 1e-04 (207s)
[10:01:33]   Epoch 027 400/1162 train_mae 2.04 kl 0.323 lr 1e-04 (282s)
[10:02:47]   Epoch 027 500/1162 train_mae 2.05 kl 0.320 lr 1e-04 (356s)
[10:04:02]   Epoch 027 600/1162 train_mae 2.07 kl 0.319 lr 1e-04 (432s)
[10:05:18]   Epoch 027 700/1162 train_mae 2.08 kl 0.320 lr 1e-04 (508s)
[10:06:35]   Epoch 027 800/1162 train_mae 2.08 kl 0.319 lr 1e-04 (585s)
[10:07:52]   Epoch 027 900/1162 train_mae 2.08 kl 0.320 lr 1e-04 (662s)
[10:09:10]   Epoch 027 1000/1162 train_mae 2.08 kl 0.319 lr 1e-04 (739s)
[10:10:27]   Epoch 027 1100/1162 train_mae 2.09 kl 0.315 lr 1e-04 (816s)
[10:11:15]   Epoch 027 1162/1162 train_mae 2.09 kl 0.314 lr 1e-04 (864s)
[10:12:24] [Epoch 027 완료] train MAE 2.09 | val MAE 8.47 | val RMSE 11.79 | lr 1e-04 | 개선없음 6/15
[10:13:15]   Epoch 028 100/1162 train_mae 1.93 kl 0.315 lr 1e-04 (50s)
[10:14:06]   Epoch 028 200/1162 train_mae 2.00 kl 0.299 lr 1e-04 (101s)
[10:14:57]   Epoch 028 300/1162 train_mae 2.02 kl 0.320 lr 1e-04 (153s)
[10:15:46]   Epoch 028 400/1162 train_mae 2.04 kl 0.311 lr 1e-04 (202s)
[10:16:35]   Epoch 028 500/1162 train_mae 2.06 kl 0.304 lr 1e-04 (251s)
[10:17:22]   Epoch 028 600/1162 train_mae 2.07 kl 0.302 lr 1e-04 (298s)
[10:18:11]   Epoch 028 700/1162 train_mae 2.07 kl 0.302 lr 1e-04 (347s)
[10:19:01]   Epoch 028 800/1162 train_mae 2.09 kl 0.304 lr 1e-04 (397s)
[10:19:56]   Epoch 028 900/1162 train_mae 2.08 kl 0.305 lr 1e-04 (452s)
[10:20:52]   Epoch 028 1000/1162 train_mae 2.09 kl 0.305 lr 1e-04 (508s)
[10:21:48]   Epoch 028 1100/1162 train_mae 2.08 kl 0.306 lr 1e-04 (564s)
[10:22:23]   Epoch 028 1162/1162 train_mae 2.08 kl 0.305 lr 1e-04 (599s)
[10:22:52] [Epoch 028 완료] train MAE 2.08 | val MAE 8.57 | val RMSE 11.87 | lr 1e-04 | 개선없음 7/15
[10:23:47]   Epoch 029 100/1162 train_mae 2.01 kl 0.319 lr 1e-04 (54s)
[10:24:40]   Epoch 029 200/1162 train_mae 2.04 kl 0.302 lr 1e-04 (108s)
[10:25:33]   Epoch 029 300/1162 train_mae 2.00 kl 0.297 lr 1e-04 (160s)
[10:26:24]   Epoch 029 400/1162 train_mae 2.00 kl 0.308 lr 1e-04 (211s)
[10:27:12]   Epoch 029 500/1162 train_mae 1.99 kl 0.315 lr 1e-04 (260s)
[10:28:00]   Epoch 029 600/1162 train_mae 1.98 kl 0.318 lr 1e-04 (307s)
[10:28:49]   Epoch 029 700/1162 train_mae 2.00 kl 0.318 lr 1e-04 (357s)
[10:29:35]   Epoch 029 800/1162 train_mae 1.99 kl 0.316 lr 1e-04 (403s)
[10:30:24]   Epoch 029 900/1162 train_mae 2.00 kl 0.315 lr 1e-04 (451s)
[10:31:13]   Epoch 029 1000/1162 train_mae 2.02 kl 0.315 lr 1e-04 (500s)
[10:32:02]   Epoch 029 1100/1162 train_mae 2.03 kl 0.315 lr 1e-04 (549s)
[10:32:35]   Epoch 029 1162/1162 train_mae 2.03 kl 0.315 lr 1e-04 (582s)
[10:33:04] [Epoch 029 완료] train MAE 2.03 | val MAE 8.60 | val RMSE 11.77 | lr 1e-04 | 개선없음 8/15
[10:33:59]   Epoch 030 100/1162 train_mae 1.98 kl 0.311 lr 1e-04 (54s)
[10:34:51]   Epoch 030 200/1162 train_mae 1.96 kl 0.329 lr 1e-04 (106s)
[10:35:45]   Epoch 030 300/1162 train_mae 1.96 kl 0.327 lr 1e-04 (160s)
[10:36:39]   Epoch 030 400/1162 train_mae 1.96 kl 0.318 lr 1e-04 (214s)
[10:37:32]   Epoch 030 500/1162 train_mae 1.97 kl 0.314 lr 1e-04 (267s)
[10:38:25]   Epoch 030 600/1162 train_mae 1.97 kl 0.311 lr 1e-04 (320s)
[10:39:14]   Epoch 030 700/1162 train_mae 1.97 kl 0.308 lr 1e-04 (369s)
[10:40:02]   Epoch 030 800/1162 train_mae 1.98 kl 0.306 lr 1e-04 (417s)
[10:40:48]   Epoch 030 900/1162 train_mae 1.98 kl 0.305 lr 1e-04 (463s)
[10:41:37]   Epoch 030 1000/1162 train_mae 1.98 kl 0.307 lr 1e-04 (512s)
[10:42:26]   Epoch 030 1100/1162 train_mae 1.99 kl 0.307 lr 1e-04 (561s)
[10:42:55]   Epoch 030 1162/1162 train_mae 1.99 kl 0.308 lr 1e-04 (590s)
[10:43:23] [Epoch 030 완료] train MAE 1.99 | val MAE 8.52 | val RMSE 11.77 | lr 1e-04 | 개선없음 9/15
[10:44:12]   Epoch 031 100/1162 train_mae 2.02 kl 0.309 lr 1e-04 (48s)
[10:45:01]   Epoch 031 200/1162 train_mae 1.95 kl 0.333 lr 1e-04 (97s)
[10:45:54]   Epoch 031 300/1162 train_mae 1.97 kl 0.331 lr 1e-04 (150s)
[10:46:47]   Epoch 031 400/1162 train_mae 1.94 kl 0.322 lr 1e-04 (203s)
[10:47:40]   Epoch 031 500/1162 train_mae 1.93 kl 0.318 lr 1e-04 (256s)
[10:48:33]   Epoch 031 600/1162 train_mae 1.94 kl 0.319 lr 1e-04 (310s)
[10:49:27]   Epoch 031 700/1162 train_mae 1.95 kl 0.318 lr 1e-04 (363s)
[10:50:20]   Epoch 031 800/1162 train_mae 1.94 kl 0.316 lr 1e-04 (416s)
[10:51:14]   Epoch 031 900/1162 train_mae 1.93 kl 0.310 lr 1e-04 (470s)
[10:52:01]   Epoch 031 1000/1162 train_mae 1.95 kl 0.309 lr 1e-04 (517s)
[10:52:48]   Epoch 031 1100/1162 train_mae 1.97 kl 0.309 lr 1e-04 (565s)
[10:53:18]   Epoch 031 1162/1162 train_mae 1.97 kl 0.309 lr 1e-04 (595s)
[10:53:44] [Epoch 031 완료] train MAE 1.97 | val MAE 8.51 | val RMSE 11.64 | lr 1e-04 | 개선없음 10/15
[10:54:33]   Epoch 032 100/1162 train_mae 1.89 kl 0.324 lr 1e-04 (49s)
[10:55:23]   Epoch 032 200/1162 train_mae 1.90 kl 0.321 lr 1e-04 (98s)
[10:56:11]   Epoch 032 300/1162 train_mae 1.90 kl 0.302 lr 1e-04 (146s)
[10:56:59]   Epoch 032 400/1162 train_mae 1.91 kl 0.302 lr 1e-04 (194s)
[10:57:49]   Epoch 032 500/1162 train_mae 1.90 kl 0.300 lr 1e-04 (245s)
[10:58:43]   Epoch 032 600/1162 train_mae 1.92 kl 0.293 lr 1e-04 (298s)
[10:59:36]   Epoch 032 700/1162 train_mae 1.93 kl 0.291 lr 1e-04 (351s)
[11:00:30]   Epoch 032 800/1162 train_mae 1.92 kl 0.296 lr 1e-04 (405s)
[11:01:24]   Epoch 032 900/1162 train_mae 1.92 kl 0.296 lr 1e-04 (459s)
[11:02:16]   Epoch 032 1000/1162 train_mae 1.93 kl 0.296 lr 1e-04 (512s)
[11:03:08]   Epoch 032 1100/1162 train_mae 1.93 kl 0.297 lr 1e-04 (564s)
[11:03:42]   Epoch 032 1162/1162 train_mae 1.94 kl 0.300 lr 1e-04 (597s)
[11:04:11] [Epoch 032 완료] train MAE 1.94 | val MAE 8.44 | val RMSE 11.75 | lr 1e-04 | 개선없음 11/15
[11:04:59]   Epoch 033 100/1162 train_mae 1.84 kl 0.291 lr 1e-04 (48s)
[11:05:48]   Epoch 033 200/1162 train_mae 1.89 kl 0.313 lr 1e-04 (96s)
[11:06:35]   Epoch 033 300/1162 train_mae 1.89 kl 0.315 lr 1e-04 (144s)
[11:07:26]   Epoch 033 400/1162 train_mae 1.88 kl 0.312 lr 1e-04 (195s)
[11:08:14]   Epoch 033 500/1162 train_mae 1.91 kl 0.310 lr 1e-04 (242s)
[11:09:02]   Epoch 033 600/1162 train_mae 1.91 kl 0.307 lr 1e-04 (291s)
[11:09:51]   Epoch 033 700/1162 train_mae 1.91 kl 0.304 lr 1e-04 (340s)
[11:10:44]   Epoch 033 800/1162 train_mae 1.90 kl 0.304 lr 1e-04 (393s)
[11:11:38]   Epoch 033 900/1162 train_mae 1.90 kl 0.302 lr 1e-04 (446s)
[11:12:32]   Epoch 033 1000/1162 train_mae 1.91 kl 0.303 lr 1e-04 (500s)
[11:13:25]   Epoch 033 1100/1162 train_mae 1.91 kl 0.304 lr 1e-04 (554s)
[11:13:57]   Epoch 033 1162/1162 train_mae 1.91 kl 0.303 lr 1e-04 (586s)
[11:14:22] [Epoch 033 완료] train MAE 1.91 | val MAE 8.48 | val RMSE 11.72 | lr 1e-04 | 개선없음 12/15
[11:15:15]   Epoch 034 100/1162 train_mae 1.91 kl 0.343 lr 1e-04 (53s)
[11:16:09]   Epoch 034 200/1162 train_mae 1.92 kl 0.341 lr 1e-04 (106s)
[11:17:00]   Epoch 034 300/1162 train_mae 1.88 kl 0.325 lr 1e-04 (157s)
[11:17:48]   Epoch 034 400/1162 train_mae 1.86 kl 0.318 lr 1e-04 (205s)
[11:18:36]   Epoch 034 500/1162 train_mae 1.85 kl 0.312 lr 1e-04 (254s)
[11:19:26]   Epoch 034 600/1162 train_mae 1.85 kl 0.305 lr 1e-04 (304s)
[11:20:15]   Epoch 034 700/1162 train_mae 1.86 kl 0.305 lr 1e-04 (353s)
[11:21:03]   Epoch 034 800/1162 train_mae 1.86 kl 0.302 lr 1e-04 (401s)
[11:21:51]   Epoch 034 900/1162 train_mae 1.85 kl 0.303 lr 1e-04 (449s)
[11:22:43]   Epoch 034 1000/1162 train_mae 1.86 kl 0.301 lr 1e-04 (501s)
[11:23:36]   Epoch 034 1100/1162 train_mae 1.87 kl 0.304 lr 1e-04 (554s)
[11:24:09]   Epoch 034 1162/1162 train_mae 1.87 kl 0.304 lr 1e-04 (587s)
