============================================================
[22:37:19] 골연령 InceptionV3 + Bilinear (512) - 학습 프로세스 시작
[22:37:19] PyTorch 2.6.0+cu124 | device cuda | CUDA True
Traceback (most recent call last):
  File "C:\ProgramData\gpu-guard\gpu_guard.py", line 438, in <module>
    main()
    ~~~~^^
  File "C:\ProgramData\gpu-guard\gpu_guard.py", line 332, in main
    sys.exit(gate_only(parse_kv(argv[1:])))
             ~~~~~~~~~^^^^^^^^^^^^^^^^^^^^
  File "C:\ProgramData\gpu-guard\gpu_guard.py", line 219, in gate_only
    with LedgerLock():
         ~~~~~~~~~~^^
  File "C:\ProgramData\gpu-guard\common.py", line 34, in __enter__
    self.fh = open(LOCK_PATH, "a+", encoding="utf-8")
              ~~~~^^^^^^^^^^^^^^^^^^^^^^^^^^^^^^^^^^^
PermissionError: [Errno 13] Permission denied: 'C:\\ProgramData\\gpu-guard\\ledger.lock'
[22:37:20] GPU NVIDIA A100 80GB PCIe
[22:37:20] IMG_SIZE 512 | CROP_MODE paper | USE_AUG False
============================================================
[22:37:20] 라벨 | train 12,611 | val 1,425 | test 200 | 나이 127.3±41.2개월
[22:37:20] 전처리 캐시 유효 (paper/512) - 스킵
[22:37:20] 사용 가능 | train 12,611 | val 1,425 | test 200
[22:37:20] 배치 수 | train 788 | val 90 | test 13
C:\Users\K\Project\sinra_cho\.venv\Lib\site-packages\torchvision\models\feature_extraction.py:175: UserWarning: NOTE: The nodes obtained by tracing the model in eval mode are a subsequence of those obtained in train mode. When choosing nodes for feature extraction, you may need to specify output nodes for train and eval mode separately.
  warnings.warn(msg + suggestion_msg)
[22:37:22] 이어서 학습: epoch 3부터 (이전 best val MAE 9.43)
[22:37:22]   * 처음부터 다시 하려면 models 폴더의 last.pt 를 지우고 실행
[22:37:22] 파라미터 22.9M | batch 16 | epochs 100 | lr 0.0001
[22:37:36]   Epoch 03  50/788  train_mae 9.15  (14s)
[22:37:47]   Epoch 03  100/788  train_mae 9.28  (25s)
[22:37:58]   Epoch 03  150/788  train_mae 9.16  (36s)
[22:38:09]   Epoch 03  200/788  train_mae 9.38  (47s)
[22:38:20]   Epoch 03  250/788  train_mae 9.39  (57s)
[22:38:30]   Epoch 03  300/788  train_mae 9.42  (68s)
[22:38:42]   Epoch 03  350/788  train_mae 9.35  (79s)
[22:38:53]   Epoch 03  400/788  train_mae 9.28  (90s)
[22:39:04]   Epoch 03  450/788  train_mae 9.18  (101s)
[22:39:15]   Epoch 03  500/788  train_mae 9.27  (113s)
[22:39:26]   Epoch 03  550/788  train_mae 9.32  (124s)
[22:39:37]   Epoch 03  600/788  train_mae 9.29  (134s)
[22:39:48]   Epoch 03  650/788  train_mae 9.38  (146s)
[22:39:59]   Epoch 03  700/788  train_mae 9.33  (157s)
[22:40:10]   Epoch 03  750/788  train_mae 9.33  (167s)
[22:40:18]   Epoch 03  788/788  train_mae 9.27  (176s)
[22:40:31] [Epoch 03 완료] train MAE 9.27 | val MAE 8.49 | val RMSE 12.08 | lr 1.0e-04 | * best 저장 (val MAE 8.49)
[22:40:43]   Epoch 04  50/788  train_mae 8.27  (11s)
[22:40:54]   Epoch 04  100/788  train_mae 8.14  (22s)
[22:41:06]   Epoch 04  150/788  train_mae 7.93  (34s)
[22:41:17]   Epoch 04  200/788  train_mae 7.95  (45s)
[22:41:28]   Epoch 04  250/788  train_mae 8.09  (56s)
[22:41:39]   Epoch 04  300/788  train_mae 8.26  (68s)
[22:41:50]   Epoch 04  350/788  train_mae 8.20  (79s)
[22:42:01]   Epoch 04  400/788  train_mae 8.28  (90s)
[22:42:12]   Epoch 04  450/788  train_mae 8.30  (101s)
[22:42:23]   Epoch 04  500/788  train_mae 8.34  (112s)
[22:42:34]   Epoch 04  550/788  train_mae 8.34  (123s)
[22:42:46]   Epoch 04  600/788  train_mae 8.35  (134s)
[22:42:57]   Epoch 04  650/788  train_mae 8.35  (145s)
[22:43:08]   Epoch 04  700/788  train_mae 8.36  (156s)
[22:43:19]   Epoch 04  750/788  train_mae 8.34  (168s)
[22:43:27]   Epoch 04  788/788  train_mae 8.31  (176s)
[22:43:39] [Epoch 04 완료] train MAE 8.31 | val MAE 9.30 | val RMSE 12.95 | lr 1.0e-04 | 개선없음 1/12
[22:43:51]   Epoch 05  50/788  train_mae 8.13  (11s)
[22:44:02]   Epoch 05  100/788  train_mae 8.18  (22s)
[22:44:13]   Epoch 05  150/788  train_mae 8.37  (33s)
[22:44:24]   Epoch 05  200/788  train_mae 8.22  (44s)
[22:44:35]   Epoch 05  250/788  train_mae 8.07  (55s)
[22:44:46]   Epoch 05  300/788  train_mae 8.01  (66s)
[22:44:57]   Epoch 05  350/788  train_mae 8.01  (77s)
[22:45:08]   Epoch 05  400/788  train_mae 7.99  (88s)
[22:45:19]   Epoch 05  450/788  train_mae 7.99  (99s)
[22:45:31]   Epoch 05  500/788  train_mae 7.99  (111s)
[22:45:42]   Epoch 05  550/788  train_mae 7.98  (122s)
[22:45:53]   Epoch 05  600/788  train_mae 7.96  (133s)
[22:46:04]   Epoch 05  650/788  train_mae 7.98  (144s)
[22:46:15]   Epoch 05  700/788  train_mae 7.98  (155s)
[22:46:26]   Epoch 05  750/788  train_mae 7.98  (166s)
[22:46:35]   Epoch 05  788/788  train_mae 7.96  (175s)
[22:46:47] [Epoch 05 완료] train MAE 7.96 | val MAE 9.31 | val RMSE 12.90 | lr 1.0e-04 | 개선없음 2/12
[22:46:59]   Epoch 06  50/788  train_mae 7.14  (11s)
[22:47:10]   Epoch 06  100/788  train_mae 7.02  (22s)
[22:47:21]   Epoch 06  150/788  train_mae 7.17  (34s)
[22:47:32]   Epoch 06  200/788  train_mae 7.14  (45s)
[22:47:43]   Epoch 06  250/788  train_mae 7.18  (56s)
[22:47:54]   Epoch 06  300/788  train_mae 7.22  (67s)
[22:48:06]   Epoch 06  350/788  train_mae 7.29  (78s)
[22:48:17]   Epoch 06  400/788  train_mae 7.28  (89s)
[22:48:28]   Epoch 06  450/788  train_mae 7.35  (100s)
[22:48:39]   Epoch 06  500/788  train_mae 7.48  (112s)
[22:48:50]   Epoch 06  550/788  train_mae 7.47  (123s)
[22:49:01]   Epoch 06  600/788  train_mae 7.45  (134s)
[22:49:12]   Epoch 06  650/788  train_mae 7.49  (145s)
[22:49:23]   Epoch 06  700/788  train_mae 7.46  (156s)
[22:49:35]   Epoch 06  750/788  train_mae 7.43  (167s)
[22:49:43]   Epoch 06  788/788  train_mae 7.44  (176s)
[22:49:55] [Epoch 06 완료] train MAE 7.44 | val MAE 9.83 | val RMSE 13.32 | lr 1.0e-04 | 개선없음 3/12
[22:50:07]   Epoch 07  50/788  train_mae 6.93  (11s)
[22:50:18]   Epoch 07  100/788  train_mae 6.53  (22s)
[22:50:29]   Epoch 07  150/788  train_mae 6.57  (33s)
[22:50:40]   Epoch 07  200/788  train_mae 6.57  (44s)
[22:50:51]   Epoch 07  250/788  train_mae 6.67  (55s)
[22:51:02]   Epoch 07  300/788  train_mae 6.74  (67s)
[22:51:13]   Epoch 07  350/788  train_mae 6.69  (78s)
[22:51:24]   Epoch 07  400/788  train_mae 6.69  (89s)
[22:51:36]   Epoch 07  450/788  train_mae 6.73  (100s)
[22:51:47]   Epoch 07  500/788  train_mae 6.69  (111s)
[22:51:58]   Epoch 07  550/788  train_mae 6.73  (122s)
[22:52:09]   Epoch 07  600/788  train_mae 6.76  (133s)
[22:52:20]   Epoch 07  650/788  train_mae 6.81  (145s)
[22:52:31]   Epoch 07  700/788  train_mae 6.81  (156s)
[22:52:42]   Epoch 07  750/788  train_mae 6.84  (167s)
[22:52:51]   Epoch 07  788/788  train_mae 6.84  (175s)
[22:53:03] [Epoch 07 완료] train MAE 6.84 | val MAE 8.80 | val RMSE 12.47 | lr 5.0e-05 | 개선없음 4/12
[22:53:15]   Epoch 08  50/788  train_mae 5.86  (11s)
[22:53:26]   Epoch 08  100/788  train_mae 5.86  (22s)
[22:53:37]   Epoch 08  150/788  train_mae 5.66  (33s)
[22:53:48]   Epoch 08  200/788  train_mae 5.57  (44s)
[22:53:59]   Epoch 08  250/788  train_mae 5.47  (55s)
[22:54:10]   Epoch 08  300/788  train_mae 5.48  (66s)
[22:54:20]   Epoch 08  350/788  train_mae 5.48  (77s)
[22:54:31]   Epoch 08  400/788  train_mae 5.53  (88s)
[22:54:42]   Epoch 08  450/788  train_mae 5.50  (99s)
[22:54:54]   Epoch 08  500/788  train_mae 5.52  (110s)
[22:55:05]   Epoch 08  550/788  train_mae 5.51  (121s)
[22:55:16]   Epoch 08  600/788  train_mae 5.51  (132s)
[22:55:27]   Epoch 08  650/788  train_mae 5.50  (143s)
[22:55:38]   Epoch 08  700/788  train_mae 5.50  (154s)
[22:55:49]   Epoch 08  750/788  train_mae 5.53  (165s)
[22:55:57]   Epoch 08  788/788  train_mae 5.51  (174s)
[22:56:09] [Epoch 08 완료] train MAE 5.51 | val MAE 8.23 | val RMSE 11.89 | lr 5.0e-05 | * best 저장 (val MAE 8.23)
[22:56:21]   Epoch 09  50/788  train_mae 4.50  (11s)
[22:56:32]   Epoch 09  100/788  train_mae 4.40  (22s)
[22:56:43]   Epoch 09  150/788  train_mae 4.57  (33s)
[22:56:54]   Epoch 09  200/788  train_mae 4.56  (44s)
[22:57:05]   Epoch 09  250/788  train_mae 4.66  (55s)
[22:57:16]   Epoch 09  300/788  train_mae 4.75  (66s)
[22:57:28]   Epoch 09  350/788  train_mae 4.76  (78s)
[22:57:39]   Epoch 09  400/788  train_mae 4.71  (89s)
[22:57:50]   Epoch 09  450/788  train_mae 4.72  (100s)
[22:58:01]   Epoch 09  500/788  train_mae 4.71  (111s)
[22:58:12]   Epoch 09  550/788  train_mae 4.67  (122s)
[22:58:23]   Epoch 09  600/788  train_mae 4.70  (133s)
[22:58:35]   Epoch 09  650/788  train_mae 4.73  (145s)
[22:58:46]   Epoch 09  700/788  train_mae 4.74  (156s)
[22:58:57]   Epoch 09  750/788  train_mae 4.75  (167s)
[22:59:05]   Epoch 09  788/788  train_mae 4.73  (175s)
[22:59:17] [Epoch 09 완료] train MAE 4.73 | val MAE 8.41 | val RMSE 12.08 | lr 5.0e-05 | 개선없음 1/12
[22:59:29]   Epoch 10  50/788  train_mae 4.06  (11s)
[22:59:40]   Epoch 10  100/788  train_mae 4.09  (22s)
[22:59:51]   Epoch 10  150/788  train_mae 3.99  (34s)
[23:00:02]   Epoch 10  200/788  train_mae 4.06  (45s)
[23:00:13]   Epoch 10  250/788  train_mae 4.06  (56s)
[23:00:24]   Epoch 10  300/788  train_mae 4.15  (67s)
[23:00:36]   Epoch 10  350/788  train_mae 4.18  (78s)
[23:00:47]   Epoch 10  400/788  train_mae 4.23  (89s)
[23:00:58]   Epoch 10  450/788  train_mae 4.23  (100s)
[23:01:09]   Epoch 10  500/788  train_mae 4.22  (111s)
[23:01:20]   Epoch 10  550/788  train_mae 4.23  (122s)
[23:01:31]   Epoch 10  600/788  train_mae 4.24  (133s)
[23:01:42]   Epoch 10  650/788  train_mae 4.27  (144s)
[23:01:53]   Epoch 10  700/788  train_mae 4.30  (155s)
[23:02:04]   Epoch 10  750/788  train_mae 4.31  (166s)
[23:02:12]   Epoch 10  788/788  train_mae 4.31  (174s)
[23:02:24] [Epoch 10 완료] train MAE 4.31 | val MAE 8.54 | val RMSE 12.54 | lr 5.0e-05 | 개선없음 2/12
[23:02:36]   Epoch 11  50/788  train_mae 4.69  (11s)
[23:02:47]   Epoch 11  100/788  train_mae 4.37  (22s)
[23:02:58]   Epoch 11  150/788  train_mae 4.13  (33s)
[23:03:09]   Epoch 11  200/788  train_mae 4.13  (44s)
[23:03:20]   Epoch 11  250/788  train_mae 4.07  (55s)
[23:03:31]   Epoch 11  300/788  train_mae 4.04  (66s)
[23:03:42]   Epoch 11  350/788  train_mae 4.03  (77s)
[23:03:53]   Epoch 11  400/788  train_mae 4.00  (88s)
[23:04:04]   Epoch 11  450/788  train_mae 4.01  (99s)
[23:04:15]   Epoch 11  500/788  train_mae 4.04  (110s)
[23:04:26]   Epoch 11  550/788  train_mae 4.04  (122s)
[23:04:37]   Epoch 11  600/788  train_mae 4.06  (133s)
[23:04:49]   Epoch 11  650/788  train_mae 4.05  (144s)
[23:05:00]   Epoch 11  700/788  train_mae 4.05  (155s)
[23:05:11]   Epoch 11  750/788  train_mae 4.05  (166s)
[23:05:19]   Epoch 11  788/788  train_mae 4.04  (174s)
[23:05:31] [Epoch 11 완료] train MAE 4.04 | val MAE 8.15 | val RMSE 12.14 | lr 5.0e-05 | * best 저장 (val MAE 8.15)
[23:05:43]   Epoch 12  50/788  train_mae 3.85  (11s)
[23:05:54]   Epoch 12  100/788  train_mae 3.78  (22s)
[23:06:05]   Epoch 12  150/788  train_mae 3.74  (33s)
[23:06:16]   Epoch 12  200/788  train_mae 3.86  (44s)
[23:06:27]   Epoch 12  250/788  train_mae 3.81  (55s)
[23:06:38]   Epoch 12  300/788  train_mae 3.76  (66s)
[23:06:49]   Epoch 12  350/788  train_mae 3.74  (77s)
[23:07:00]   Epoch 12  400/788  train_mae 3.73  (88s)
[23:07:11]   Epoch 12  450/788  train_mae 3.73  (100s)
[23:07:22]   Epoch 12  500/788  train_mae 3.78  (111s)
[23:07:34]   Epoch 12  550/788  train_mae 3.76  (122s)
[23:07:44]   Epoch 12  600/788  train_mae 3.76  (133s)
[23:07:56]   Epoch 12  650/788  train_mae 3.76  (144s)
[23:08:07]   Epoch 12  700/788  train_mae 3.75  (155s)
[23:08:18]   Epoch 12  750/788  train_mae 3.76  (166s)
[23:08:27]   Epoch 12  788/788  train_mae 3.76  (175s)
[23:08:38] [Epoch 12 완료] train MAE 3.76 | val MAE 8.44 | val RMSE 12.22 | lr 5.0e-05 | 개선없음 1/12
[23:08:50]   Epoch 13  50/788  train_mae 3.71  (11s)
[23:09:01]   Epoch 13  100/788  train_mae 3.68  (22s)
[23:09:13]   Epoch 13  150/788  train_mae 3.64  (34s)
[23:09:24]   Epoch 13  200/788  train_mae 3.67  (45s)
[23:09:35]   Epoch 13  250/788  train_mae 3.68  (56s)
[23:09:46]   Epoch 13  300/788  train_mae 3.63  (67s)
[23:09:57]   Epoch 13  350/788  train_mae 3.67  (78s)
[23:10:08]   Epoch 13  400/788  train_mae 3.65  (89s)
[23:10:19]   Epoch 13  450/788  train_mae 3.66  (100s)
[23:10:29]   Epoch 13  500/788  train_mae 3.65  (110s)
[23:10:40]   Epoch 13  550/788  train_mae 3.68  (121s)
[23:10:51]   Epoch 13  600/788  train_mae 3.69  (132s)
[23:11:02]   Epoch 13  650/788  train_mae 3.68  (143s)
[23:11:13]   Epoch 13  700/788  train_mae 3.68  (155s)
[23:11:25]   Epoch 13  750/788  train_mae 3.65  (166s)
[23:11:33]   Epoch 13  788/788  train_mae 3.65  (174s)
[23:11:45] [Epoch 13 완료] train MAE 3.65 | val MAE 8.29 | val RMSE 12.23 | lr 5.0e-05 | 개선없음 2/12
[23:11:57]   Epoch 14  50/788  train_mae 3.45  (11s)
[23:12:08]   Epoch 14  100/788  train_mae 3.53  (22s)
[23:12:19]   Epoch 14  150/788  train_mae 3.46  (33s)
[23:12:30]   Epoch 14  200/788  train_mae 3.47  (44s)
[23:12:41]   Epoch 14  250/788  train_mae 3.43  (55s)
[23:12:52]   Epoch 14  300/788  train_mae 3.40  (66s)
[23:13:03]   Epoch 14  350/788  train_mae 3.41  (77s)
[23:13:14]   Epoch 14  400/788  train_mae 3.40  (88s)
[23:13:25]   Epoch 14  450/788  train_mae 3.42  (99s)
[23:13:36]   Epoch 14  500/788  train_mae 3.43  (110s)
[23:13:47]   Epoch 14  550/788  train_mae 3.41  (121s)
[23:13:58]   Epoch 14  600/788  train_mae 3.41  (132s)
[23:14:09]   Epoch 14  650/788  train_mae 3.43  (143s)
[23:14:20]   Epoch 14  700/788  train_mae 3.43  (155s)
[23:14:31]   Epoch 14  750/788  train_mae 3.40  (165s)
[23:14:40]   Epoch 14  788/788  train_mae 3.40  (174s)
[23:14:51] [Epoch 14 완료] train MAE 3.40 | val MAE 8.19 | val RMSE 11.89 | lr 5.0e-05 | 개선없음 3/12
[23:15:03]   Epoch 15  50/788  train_mae 3.25  (11s)
[23:15:14]   Epoch 15  100/788  train_mae 3.20  (22s)
[23:15:25]   Epoch 15  150/788  train_mae 3.20  (33s)
[23:15:36]   Epoch 15  200/788  train_mae 3.14  (44s)
[23:15:47]   Epoch 15  250/788  train_mae 3.25  (55s)
[23:15:58]   Epoch 15  300/788  train_mae 3.26  (66s)
[23:16:10]   Epoch 15  350/788  train_mae 3.26  (78s)
[23:16:21]   Epoch 15  400/788  train_mae 3.23  (89s)
[23:16:32]   Epoch 15  450/788  train_mae 3.25  (99s)
[23:16:43]   Epoch 15  500/788  train_mae 3.29  (111s)
[23:16:54]   Epoch 15  550/788  train_mae 3.28  (122s)
[23:17:05]   Epoch 15  600/788  train_mae 3.28  (133s)
[23:17:16]   Epoch 15  650/788  train_mae 3.30  (144s)
[23:17:27]   Epoch 15  700/788  train_mae 3.30  (155s)
[23:17:38]   Epoch 15  750/788  train_mae 3.27  (166s)
[23:17:46]   Epoch 15  788/788  train_mae 3.26  (174s)
[23:17:58] [Epoch 15 완료] train MAE 3.26 | val MAE 8.18 | val RMSE 12.02 | lr 2.5e-05 | 개선없음 4/12
[23:18:10]   Epoch 16  50/788  train_mae 2.92  (11s)
[23:18:21]   Epoch 16  100/788  train_mae 2.91  (22s)
[23:18:32]   Epoch 16  150/788  train_mae 2.90  (33s)
[23:18:43]   Epoch 16  200/788  train_mae 2.87  (44s)
[23:18:54]   Epoch 16  250/788  train_mae 2.89  (55s)
[23:19:05]   Epoch 16  300/788  train_mae 2.87  (66s)
[23:19:16]   Epoch 16  350/788  train_mae 2.84  (77s)
[23:19:27]   Epoch 16  400/788  train_mae 2.82  (88s)
[23:19:38]   Epoch 16  450/788  train_mae 2.79  (100s)
[23:19:50]   Epoch 16  500/788  train_mae 2.78  (111s)
[23:20:01]   Epoch 16  550/788  train_mae 2.76  (122s)
[23:20:12]   Epoch 16  600/788  train_mae 2.74  (133s)
[23:20:23]   Epoch 16  650/788  train_mae 2.74  (144s)
[23:20:34]   Epoch 16  700/788  train_mae 2.73  (155s)
[23:20:45]   Epoch 16  750/788  train_mae 2.71  (166s)
[23:20:53]   Epoch 16  788/788  train_mae 2.71  (175s)
[23:21:06] [Epoch 16 완료] train MAE 2.71 | val MAE 8.03 | val RMSE 11.96 | lr 2.5e-05 | * best 저장 (val MAE 8.03)
[23:21:17]   Epoch 17  50/788  train_mae 2.24  (11s)
[23:21:28]   Epoch 17  100/788  train_mae 2.36  (22s)
[23:21:40]   Epoch 17  150/788  train_mae 2.30  (33s)
[23:21:51]   Epoch 17  200/788  train_mae 2.28  (44s)
[23:22:02]   Epoch 17  250/788  train_mae 2.24  (55s)
[23:22:13]   Epoch 17  300/788  train_mae 2.22  (66s)
[23:22:24]   Epoch 17  350/788  train_mae 2.23  (78s)
[23:22:35]   Epoch 17  400/788  train_mae 2.21  (89s)
[23:22:46]   Epoch 17  450/788  train_mae 2.21  (100s)
[23:22:57]   Epoch 17  500/788  train_mae 2.21  (111s)
[23:23:08]   Epoch 17  550/788  train_mae 2.22  (122s)
[23:23:19]   Epoch 17  600/788  train_mae 2.22  (133s)
[23:23:30]   Epoch 17  650/788  train_mae 2.24  (144s)
[23:23:41]   Epoch 17  700/788  train_mae 2.25  (155s)
[23:23:52]   Epoch 17  750/788  train_mae 2.24  (166s)
[23:24:01]   Epoch 17  788/788  train_mae 2.23  (175s)
[23:24:13] [Epoch 17 완료] train MAE 2.23 | val MAE 8.01 | val RMSE 11.64 | lr 2.5e-05 | * best 저장 (val MAE 8.01)
[23:24:24]   Epoch 18  50/788  train_mae 1.90  (11s)
[23:24:35]   Epoch 18  100/788  train_mae 2.07  (22s)
[23:24:47]   Epoch 18  150/788  train_mae 2.17  (33s)
[23:24:57]   Epoch 18  200/788  train_mae 2.11  (44s)
[23:25:09]   Epoch 18  250/788  train_mae 2.09  (55s)
[23:25:20]   Epoch 18  300/788  train_mae 2.07  (66s)
[23:25:31]   Epoch 18  350/788  train_mae 2.10  (77s)
[23:25:42]   Epoch 18  400/788  train_mae 2.11  (88s)
[23:25:53]   Epoch 18  450/788  train_mae 2.09  (99s)
[23:26:04]   Epoch 18  500/788  train_mae 2.08  (110s)
[23:26:15]   Epoch 18  550/788  train_mae 2.08  (121s)
[23:26:25]   Epoch 18  600/788  train_mae 2.07  (132s)
[23:26:36]   Epoch 18  650/788  train_mae 2.07  (143s)
[23:26:47]   Epoch 18  700/788  train_mae 2.06  (154s)
[23:26:58]   Epoch 18  750/788  train_mae 2.07  (164s)
[23:27:06]   Epoch 18  788/788  train_mae 2.07  (173s)
[23:27:18] [Epoch 18 완료] train MAE 2.07 | val MAE 8.04 | val RMSE 11.92 | lr 2.5e-05 | 개선없음 1/12
[23:27:30]   Epoch 19  50/788  train_mae 1.92  (11s)
[23:27:41]   Epoch 19  100/788  train_mae 1.93  (22s)
[23:27:52]   Epoch 19  150/788  train_mae 2.09  (33s)
[23:28:03]   Epoch 19  200/788  train_mae 2.09  (44s)
[23:28:14]   Epoch 19  250/788  train_mae 2.08  (55s)
[23:28:25]   Epoch 19  300/788  train_mae 2.07  (66s)
[23:28:36]   Epoch 19  350/788  train_mae 2.06  (77s)
[23:28:47]   Epoch 19  400/788  train_mae 2.03  (88s)
[23:28:58]   Epoch 19  450/788  train_mae 2.01  (99s)
[23:29:09]   Epoch 19  500/788  train_mae 1.98  (110s)
[23:29:20]   Epoch 19  550/788  train_mae 1.98  (121s)
[23:29:31]   Epoch 19  600/788  train_mae 1.98  (132s)
[23:29:42]   Epoch 19  650/788  train_mae 1.98  (143s)
[23:29:53]   Epoch 19  700/788  train_mae 1.98  (154s)
[23:30:04]   Epoch 19  750/788  train_mae 1.97  (165s)
[23:30:13]   Epoch 19  788/788  train_mae 1.96  (174s)
[23:30:25] [Epoch 19 완료] train MAE 1.96 | val MAE 8.02 | val RMSE 11.91 | lr 2.5e-05 | 개선없음 2/12
[23:30:36]   Epoch 20  50/788  train_mae 1.83  (11s)
[23:30:47]   Epoch 20  100/788  train_mae 1.86  (22s)
[23:30:58]   Epoch 20  150/788  train_mae 1.96  (33s)
[23:31:09]   Epoch 20  200/788  train_mae 2.03  (44s)
[23:31:20]   Epoch 20  250/788  train_mae 2.00  (55s)
[23:31:31]   Epoch 20  300/788  train_mae 1.97  (66s)
[23:31:43]   Epoch 20  350/788  train_mae 1.97  (78s)
[23:31:54]   Epoch 20  400/788  train_mae 1.96  (89s)
[23:32:05]   Epoch 20  450/788  train_mae 1.93  (100s)
[23:32:16]   Epoch 20  500/788  train_mae 1.92  (111s)
[23:32:27]   Epoch 20  550/788  train_mae 1.93  (122s)
[23:32:38]   Epoch 20  600/788  train_mae 1.93  (133s)
[23:32:49]   Epoch 20  650/788  train_mae 1.92  (144s)
[23:33:00]   Epoch 20  700/788  train_mae 1.93  (155s)
[23:33:11]   Epoch 20  750/788  train_mae 1.92  (166s)
[23:33:20]   Epoch 20  788/788  train_mae 1.92  (174s)
[23:33:31] [Epoch 20 완료] train MAE 1.92 | val MAE 8.08 | val RMSE 11.89 | lr 2.5e-05 | 개선없음 3/12
[23:33:43]   Epoch 21  50/788  train_mae 1.90  (11s)
[23:33:54]   Epoch 21  100/788  train_mae 2.00  (22s)
[23:34:06]   Epoch 21  150/788  train_mae 1.95  (34s)
[23:34:17]   Epoch 21  200/788  train_mae 1.93  (45s)
[23:34:28]   Epoch 21  250/788  train_mae 1.93  (56s)
[23:34:39]   Epoch 21  300/788  train_mae 1.92  (67s)
[23:34:50]   Epoch 21  350/788  train_mae 1.88  (78s)
[23:35:01]   Epoch 21  400/788  train_mae 1.87  (89s)
[23:35:12]   Epoch 21  450/788  train_mae 1.87  (100s)
[23:35:23]   Epoch 21  500/788  train_mae 1.87  (111s)
[23:35:34]   Epoch 21  550/788  train_mae 1.86  (122s)
[23:35:45]   Epoch 21  600/788  train_mae 1.86  (133s)
[23:35:56]   Epoch 21  650/788  train_mae 1.87  (144s)
[23:36:07]   Epoch 21  700/788  train_mae 1.87  (155s)
[23:36:18]   Epoch 21  750/788  train_mae 1.87  (166s)
[23:36:26]   Epoch 21  788/788  train_mae 1.86  (174s)
[23:36:38] [Epoch 21 완료] train MAE 1.86 | val MAE 8.13 | val RMSE 11.84 | lr 1.3e-05 | 개선없음 4/12
[23:36:50]   Epoch 22  50/788  train_mae 1.70  (11s)
[23:37:01]   Epoch 22  100/788  train_mae 1.71  (22s)
[23:37:12]   Epoch 22  150/788  train_mae 1.71  (33s)
[23:37:23]   Epoch 22  200/788  train_mae 1.70  (44s)
[23:37:34]   Epoch 22  250/788  train_mae 1.71  (55s)
[23:37:45]   Epoch 22  300/788  train_mae 1.70  (66s)
[23:37:56]   Epoch 22  350/788  train_mae 1.70  (77s)
[23:38:07]   Epoch 22  400/788  train_mae 1.68  (88s)
[23:38:18]   Epoch 22  450/788  train_mae 1.67  (100s)
[23:38:29]   Epoch 22  500/788  train_mae 1.67  (110s)
[23:38:40]   Epoch 22  550/788  train_mae 1.66  (122s)
[23:38:52]   Epoch 22  600/788  train_mae 1.67  (133s)
[23:39:02]   Epoch 22  650/788  train_mae 1.66  (144s)
[23:39:13]   Epoch 22  700/788  train_mae 1.65  (155s)
[23:39:25]   Epoch 22  750/788  train_mae 1.66  (166s)
[23:39:33]   Epoch 22  788/788  train_mae 1.65  (174s)
[23:39:45] [Epoch 22 완료] train MAE 1.65 | val MAE 7.95 | val RMSE 11.66 | lr 1.3e-05 | * best 저장 (val MAE 7.95)
[23:39:57]   Epoch 23  50/788  train_mae 1.33  (11s)
[23:40:08]   Epoch 23  100/788  train_mae 1.33  (22s)
[23:40:19]   Epoch 23  150/788  train_mae 1.36  (33s)
[23:40:30]   Epoch 23  200/788  train_mae 1.37  (44s)
[23:40:41]   Epoch 23  250/788  train_mae 1.35  (55s)
[23:40:52]   Epoch 23  300/788  train_mae 1.36  (66s)
[23:41:03]   Epoch 23  350/788  train_mae 1.37  (78s)
[23:41:14]   Epoch 23  400/788  train_mae 1.39  (89s)
[23:41:25]   Epoch 23  450/788  train_mae 1.38  (100s)
[23:41:36]   Epoch 23  500/788  train_mae 1.40  (111s)
[23:41:47]   Epoch 23  550/788  train_mae 1.40  (121s)
[23:41:58]   Epoch 23  600/788  train_mae 1.40  (132s)
[23:42:09]   Epoch 23  650/788  train_mae 1.40  (143s)
[23:42:20]   Epoch 23  700/788  train_mae 1.41  (154s)
[23:42:30]   Epoch 23  750/788  train_mae 1.41  (165s)
[23:42:39]   Epoch 23  788/788  train_mae 1.41  (173s)
[23:42:51] [Epoch 23 완료] train MAE 1.41 | val MAE 7.97 | val RMSE 11.77 | lr 1.3e-05 | 개선없음 1/12
[23:43:02]   Epoch 24  50/788  train_mae 1.27  (11s)
[23:43:13]   Epoch 24  100/788  train_mae 1.24  (22s)
[23:43:24]   Epoch 24  150/788  train_mae 1.31  (33s)
[23:43:35]   Epoch 24  200/788  train_mae 1.30  (44s)
[23:43:46]   Epoch 24  250/788  train_mae 1.30  (55s)
[23:43:57]   Epoch 24  300/788  train_mae 1.31  (66s)
[23:44:08]   Epoch 24  350/788  train_mae 1.30  (77s)
[23:44:19]   Epoch 24  400/788  train_mae 1.30  (88s)
[23:44:30]   Epoch 24  450/788  train_mae 1.31  (99s)
[23:44:41]   Epoch 24  500/788  train_mae 1.32  (110s)
[23:44:52]   Epoch 24  550/788  train_mae 1.33  (121s)
[23:45:03]   Epoch 24  600/788  train_mae 1.33  (132s)
[23:45:14]   Epoch 24  650/788  train_mae 1.33  (143s)
[23:45:25]   Epoch 24  700/788  train_mae 1.32  (154s)
[23:45:36]   Epoch 24  750/788  train_mae 1.31  (165s)
[23:45:45]   Epoch 24  788/788  train_mae 1.31  (174s)
[23:45:57] [Epoch 24 완료] train MAE 1.31 | val MAE 7.96 | val RMSE 11.79 | lr 1.3e-05 | 개선없음 2/12
[23:46:09]   Epoch 25  50/788  train_mae 1.19  (11s)
[23:46:20]   Epoch 25  100/788  train_mae 1.31  (22s)
[23:46:31]   Epoch 25  150/788  train_mae 1.27  (33s)
[23:46:42]   Epoch 25  200/788  train_mae 1.26  (44s)
[23:46:53]   Epoch 25  250/788  train_mae 1.31  (55s)
[23:47:04]   Epoch 25  300/788  train_mae 1.32  (67s)
[23:47:15]   Epoch 25  350/788  train_mae 1.31  (78s)
[23:47:26]   Epoch 25  400/788  train_mae 1.30  (89s)
[23:47:37]   Epoch 25  450/788  train_mae 1.29  (100s)
[23:47:48]   Epoch 25  500/788  train_mae 1.29  (111s)
[23:47:59]   Epoch 25  550/788  train_mae 1.29  (122s)
[23:48:10]   Epoch 25  600/788  train_mae 1.28  (133s)
[23:48:21]   Epoch 25  650/788  train_mae 1.29  (144s)
[23:48:32]   Epoch 25  700/788  train_mae 1.29  (155s)
[23:48:44]   Epoch 25  750/788  train_mae 1.28  (166s)
[23:48:52]   Epoch 25  788/788  train_mae 1.28  (174s)
[23:49:04] [Epoch 25 완료] train MAE 1.28 | val MAE 8.01 | val RMSE 11.88 | lr 1.3e-05 | 개선없음 3/12
[23:49:16]   Epoch 26  50/788  train_mae 1.22  (11s)
[23:49:27]   Epoch 26  100/788  train_mae 1.21  (22s)
[23:49:38]   Epoch 26  150/788  train_mae 1.25  (33s)
[23:49:49]   Epoch 26  200/788  train_mae 1.26  (44s)
[23:50:00]   Epoch 26  250/788  train_mae 1.25  (55s)
[23:50:11]   Epoch 26  300/788  train_mae 1.25  (66s)
[23:50:22]   Epoch 26  350/788  train_mae 1.27  (77s)
[23:50:33]   Epoch 26  400/788  train_mae 1.28  (88s)
[23:50:44]   Epoch 26  450/788  train_mae 1.27  (99s)
[23:50:55]   Epoch 26  500/788  train_mae 1.27  (110s)
[23:51:06]   Epoch 26  550/788  train_mae 1.26  (121s)
[23:51:17]   Epoch 26  600/788  train_mae 1.26  (133s)
[23:51:28]   Epoch 26  650/788  train_mae 1.25  (144s)
[23:51:39]   Epoch 26  700/788  train_mae 1.26  (155s)
[23:51:50]   Epoch 26  750/788  train_mae 1.26  (166s)
[23:51:59]   Epoch 26  788/788  train_mae 1.26  (174s)
[23:52:11] [Epoch 26 완료] train MAE 1.26 | val MAE 7.99 | val RMSE 11.82 | lr 6.3e-06 | 개선없음 4/12
[23:52:22]   Epoch 27  50/788  train_mae 1.16  (11s)
[23:52:33]   Epoch 27  100/788  train_mae 1.09  (22s)
[23:52:45]   Epoch 27  150/788  train_mae 1.07  (33s)
[23:52:55]   Epoch 27  200/788  train_mae 1.07  (44s)
[23:53:07]   Epoch 27  250/788  train_mae 1.09  (55s)
[23:53:18]   Epoch 27  300/788  train_mae 1.10  (66s)
[23:53:29]   Epoch 27  350/788  train_mae 1.10  (77s)
[23:53:40]   Epoch 27  400/788  train_mae 1.11  (89s)
[23:53:51]   Epoch 27  450/788  train_mae 1.11  (100s)
[23:54:02]   Epoch 27  500/788  train_mae 1.10  (111s)
[23:54:13]   Epoch 27  550/788  train_mae 1.11  (122s)
[23:54:24]   Epoch 27  600/788  train_mae 1.10  (133s)
[23:54:35]   Epoch 27  650/788  train_mae 1.10  (144s)
[23:54:46]   Epoch 27  700/788  train_mae 1.10  (155s)
[23:54:58]   Epoch 27  750/788  train_mae 1.10  (166s)
[23:55:06]   Epoch 27  788/788  train_mae 1.10  (175s)
[23:55:18] [Epoch 27 완료] train MAE 1.10 | val MAE 7.97 | val RMSE 11.76 | lr 6.3e-06 | 개선없음 5/12
[23:55:29]   Epoch 28  50/788  train_mae 0.93  (11s)
[23:55:40]   Epoch 28  100/788  train_mae 1.08  (22s)
[23:55:52]   Epoch 28  150/788  train_mae 1.04  (33s)
[23:56:03]   Epoch 28  200/788  train_mae 1.01  (44s)
[23:56:14]   Epoch 28  250/788  train_mae 1.00  (55s)
[23:56:25]   Epoch 28  300/788  train_mae 1.00  (66s)
[23:56:36]   Epoch 28  350/788  train_mae 1.00  (77s)
[23:56:47]   Epoch 28  400/788  train_mae 1.00  (88s)
[23:56:58]   Epoch 28  450/788  train_mae 1.01  (99s)
[23:57:09]   Epoch 28  500/788  train_mae 1.01  (110s)
[23:57:20]   Epoch 28  550/788  train_mae 1.01  (121s)
[23:57:31]   Epoch 28  600/788  train_mae 1.01  (133s)
[23:57:42]   Epoch 28  650/788  train_mae 1.00  (144s)
[23:57:53]   Epoch 28  700/788  train_mae 1.00  (155s)
[23:58:04]   Epoch 28  750/788  train_mae 1.00  (166s)
[23:58:13]   Epoch 28  788/788  train_mae 1.00  (174s)
[23:58:24] [Epoch 28 완료] train MAE 1.00 | val MAE 7.95 | val RMSE 11.81 | lr 6.3e-06 | 개선없음 6/12
[23:58:36]   Epoch 29  50/788  train_mae 1.00  (11s)
[23:58:46]   Epoch 29  100/788  train_mae 0.99  (21s)
[23:58:57]   Epoch 29  150/788  train_mae 0.97  (32s)
[23:59:08]   Epoch 29  200/788  train_mae 0.95  (43s)
[23:59:19]   Epoch 29  250/788  train_mae 0.99  (54s)
[23:59:30]   Epoch 29  300/788  train_mae 0.97  (65s)
[23:59:41]   Epoch 29  350/788  train_mae 0.98  (76s)
[23:59:52]   Epoch 29  400/788  train_mae 0.98  (87s)
[00:00:04]   Epoch 29  450/788  train_mae 0.97  (99s)
[00:00:15]   Epoch 29  500/788  train_mae 0.96  (110s)
[00:00:26]   Epoch 29  550/788  train_mae 0.96  (121s)
[00:00:37]   Epoch 29  600/788  train_mae 0.95  (132s)
[00:00:48]   Epoch 29  650/788  train_mae 0.94  (143s)
[00:00:59]   Epoch 29  700/788  train_mae 0.94  (154s)
[00:01:10]   Epoch 29  750/788  train_mae 0.94  (165s)
[00:01:18]   Epoch 29  788/788  train_mae 0.95  (173s)
[00:01:30] [Epoch 29 완료] train MAE 0.95 | val MAE 7.93 | val RMSE 11.79 | lr 6.3e-06 | * best 저장 (val MAE 7.93)
[00:01:42]   Epoch 30  50/788  train_mae 0.92  (11s)
[00:01:53]   Epoch 30  100/788  train_mae 0.92  (22s)
[00:02:04]   Epoch 30  150/788  train_mae 0.94  (33s)
[00:02:15]   Epoch 30  200/788  train_mae 0.95  (44s)
[00:02:26]   Epoch 30  250/788  train_mae 0.94  (55s)
[00:02:37]   Epoch 30  300/788  train_mae 0.96  (66s)
[00:02:48]   Epoch 30  350/788  train_mae 0.96  (77s)
[00:03:00]   Epoch 30  400/788  train_mae 0.96  (89s)
[00:03:11]   Epoch 30  450/788  train_mae 0.95  (100s)
[00:03:22]   Epoch 30  500/788  train_mae 0.95  (111s)
[00:03:33]   Epoch 30  550/788  train_mae 0.96  (122s)
[00:03:44]   Epoch 30  600/788  train_mae 0.95  (133s)
[00:03:55]   Epoch 30  650/788  train_mae 0.95  (144s)
[00:04:06]   Epoch 30  700/788  train_mae 0.94  (155s)
[00:04:17]   Epoch 30  750/788  train_mae 0.94  (166s)
[00:04:25]   Epoch 30  788/788  train_mae 0.93  (174s)
[00:04:37] [Epoch 30 완료] train MAE 0.93 | val MAE 7.99 | val RMSE 11.83 | lr 6.3e-06 | 개선없음 1/12
[00:04:49]   Epoch 31  50/788  train_mae 0.98  (11s)
[00:05:00]   Epoch 31  100/788  train_mae 0.90  (22s)
[00:05:11]   Epoch 31  150/788  train_mae 0.92  (34s)
[00:05:22]   Epoch 31  200/788  train_mae 0.92  (45s)
[00:05:34]   Epoch 31  250/788  train_mae 0.91  (56s)
[00:05:45]   Epoch 31  300/788  train_mae 0.91  (67s)
[00:05:56]   Epoch 31  350/788  train_mae 0.90  (78s)
[00:06:07]   Epoch 31  400/788  train_mae 0.90  (89s)
[00:06:18]   Epoch 31  450/788  train_mae 0.90  (100s)
[00:06:29]   Epoch 31  500/788  train_mae 0.89  (111s)
[00:06:40]   Epoch 31  550/788  train_mae 0.89  (122s)
[00:06:51]   Epoch 31  600/788  train_mae 0.88  (133s)
[00:07:02]   Epoch 31  650/788  train_mae 0.88  (144s)
[00:07:13]   Epoch 31  700/788  train_mae 0.88  (155s)
[00:07:24]   Epoch 31  750/788  train_mae 0.88  (166s)
[00:07:32]   Epoch 31  788/788  train_mae 0.89  (175s)
[00:07:44] [Epoch 31 완료] train MAE 0.89 | val MAE 7.95 | val RMSE 11.83 | lr 6.3e-06 | 개선없음 2/12
[00:07:56]   Epoch 32  50/788  train_mae 0.82  (11s)
[00:08:07]   Epoch 32  100/788  train_mae 0.85  (22s)
[00:08:18]   Epoch 32  150/788  train_mae 0.87  (33s)
[00:08:29]   Epoch 32  200/788  train_mae 0.86  (44s)
[00:08:40]   Epoch 32  250/788  train_mae 0.86  (55s)
[00:08:51]   Epoch 32  300/788  train_mae 0.87  (66s)
[00:09:03]   Epoch 32  350/788  train_mae 0.87  (78s)
[00:09:13]   Epoch 32  400/788  train_mae 0.87  (89s)
[00:09:25]   Epoch 32  450/788  train_mae 0.87  (100s)
[00:09:36]   Epoch 32  500/788  train_mae 0.87  (111s)
[00:09:47]   Epoch 32  550/788  train_mae 0.87  (122s)
[00:09:58]   Epoch 32  600/788  train_mae 0.87  (133s)
[00:10:09]   Epoch 32  650/788  train_mae 0.87  (144s)
[00:10:20]   Epoch 32  700/788  train_mae 0.88  (155s)
[00:10:31]   Epoch 32  750/788  train_mae 0.88  (166s)
[00:10:39]   Epoch 32  788/788  train_mae 0.87  (174s)
[00:10:51] [Epoch 32 완료] train MAE 0.87 | val MAE 7.96 | val RMSE 11.73 | lr 6.3e-06 | 개선없음 3/12
[00:11:03]   Epoch 33  50/788  train_mae 0.82  (11s)
[00:11:14]   Epoch 33  100/788  train_mae 0.89  (22s)
[00:11:25]   Epoch 33  150/788  train_mae 0.89  (33s)
[00:11:36]   Epoch 33  200/788  train_mae 0.89  (44s)
[00:11:47]   Epoch 33  250/788  train_mae 0.88  (55s)
[00:11:58]   Epoch 33  300/788  train_mae 0.88  (66s)
[00:12:09]   Epoch 33  350/788  train_mae 0.87  (77s)
[00:12:20]   Epoch 33  400/788  train_mae 0.86  (88s)
[00:12:31]   Epoch 33  450/788  train_mae 0.86  (99s)
[00:12:42]   Epoch 33  500/788  train_mae 0.86  (110s)
[00:12:53]   Epoch 33  550/788  train_mae 0.85  (121s)
[00:13:04]   Epoch 33  600/788  train_mae 0.85  (132s)
[00:13:15]   Epoch 33  650/788  train_mae 0.85  (143s)
[00:13:26]   Epoch 33  700/788  train_mae 0.86  (154s)
[00:13:37]   Epoch 33  750/788  train_mae 0.86  (165s)
[00:13:45]   Epoch 33  788/788  train_mae 0.86  (174s)
[00:13:57] [Epoch 33 완료] train MAE 0.86 | val MAE 7.99 | val RMSE 11.85 | lr 3.1e-06 | 개선없음 4/12
[00:14:09]   Epoch 34  50/788  train_mae 0.84  (11s)
[00:14:20]   Epoch 34  100/788  train_mae 0.81  (22s)
[00:14:31]   Epoch 34  150/788  train_mae 0.82  (33s)
[00:14:41]   Epoch 34  200/788  train_mae 0.80  (43s)
[00:14:52]   Epoch 34  250/788  train_mae 0.81  (54s)
[00:15:03]   Epoch 34  300/788  train_mae 0.81  (65s)
[00:15:14]   Epoch 34  350/788  train_mae 0.80  (76s)
[00:15:25]   Epoch 34  400/788  train_mae 0.81  (87s)
[00:15:36]   Epoch 34  450/788  train_mae 0.81  (98s)
[00:15:47]   Epoch 34  500/788  train_mae 0.81  (109s)
[00:15:58]   Epoch 34  550/788  train_mae 0.81  (120s)
[00:16:09]   Epoch 34  600/788  train_mae 0.81  (131s)
[00:16:20]   Epoch 34  650/788  train_mae 0.81  (142s)
[00:16:31]   Epoch 34  700/788  train_mae 0.80  (154s)
[00:16:43]   Epoch 34  750/788  train_mae 0.81  (165s)
[00:16:51]   Epoch 34  788/788  train_mae 0.81  (173s)
[00:17:03] [Epoch 34 완료] train MAE 0.81 | val MAE 7.96 | val RMSE 11.78 | lr 3.1e-06 | 개선없음 5/12
[00:17:15]   Epoch 35  50/788  train_mae 0.74  (11s)
[00:17:26]   Epoch 35  100/788  train_mae 0.78  (22s)
[00:17:37]   Epoch 35  150/788  train_mae 0.79  (33s)
[00:17:48]   Epoch 35  200/788  train_mae 0.76  (44s)
[00:17:59]   Epoch 35  250/788  train_mae 0.76  (55s)
[00:18:10]   Epoch 35  300/788  train_mae 0.75  (66s)
[00:18:21]   Epoch 35  350/788  train_mae 0.77  (77s)
[00:18:32]   Epoch 35  400/788  train_mae 0.78  (88s)
[00:18:43]   Epoch 35  450/788  train_mae 0.78  (99s)
[00:18:54]   Epoch 35  500/788  train_mae 0.78  (111s)
[00:19:05]   Epoch 35  550/788  train_mae 0.79  (122s)
[00:19:16]   Epoch 35  600/788  train_mae 0.78  (133s)
[00:19:27]   Epoch 35  650/788  train_mae 0.78  (144s)
[00:19:38]   Epoch 35  700/788  train_mae 0.78  (155s)
[00:19:49]   Epoch 35  750/788  train_mae 0.78  (166s)
[00:19:58]   Epoch 35  788/788  train_mae 0.77  (174s)
[00:20:10] [Epoch 35 완료] train MAE 0.77 | val MAE 7.96 | val RMSE 11.82 | lr 3.1e-06 | 개선없음 6/12
[00:20:21]   Epoch 36  50/788  train_mae 0.72  (11s)
[00:20:32]   Epoch 36  100/788  train_mae 0.77  (22s)
[00:20:44]   Epoch 36  150/788  train_mae 0.76  (33s)
[00:20:54]   Epoch 36  200/788  train_mae 0.76  (44s)
[00:21:06]   Epoch 36  250/788  train_mae 0.74  (55s)
[00:21:17]   Epoch 36  300/788  train_mae 0.73  (66s)
[00:21:28]   Epoch 36  350/788  train_mae 0.73  (78s)
[00:21:39]   Epoch 36  400/788  train_mae 0.73  (89s)
[00:21:50]   Epoch 36  450/788  train_mae 0.74  (100s)
[00:22:01]   Epoch 36  500/788  train_mae 0.74  (111s)
[00:22:12]   Epoch 36  550/788  train_mae 0.74  (122s)
[00:22:23]   Epoch 36  600/788  train_mae 0.74  (133s)
[00:22:34]   Epoch 36  650/788  train_mae 0.74  (144s)
[00:22:45]   Epoch 36  700/788  train_mae 0.74  (155s)
[00:22:56]   Epoch 36  750/788  train_mae 0.74  (166s)
[00:23:05]   Epoch 36  788/788  train_mae 0.74  (174s)
[00:23:17] [Epoch 36 완료] train MAE 0.74 | val MAE 7.97 | val RMSE 11.77 | lr 3.1e-06 | 개선없음 7/12
[00:23:28]   Epoch 37  50/788  train_mae 0.81  (11s)
[00:23:39]   Epoch 37  100/788  train_mae 0.77  (22s)
[00:23:50]   Epoch 37  150/788  train_mae 0.75  (33s)
[00:24:01]   Epoch 37  200/788  train_mae 0.74  (44s)
[00:24:12]   Epoch 37  250/788  train_mae 0.73  (55s)
[00:24:23]   Epoch 37  300/788  train_mae 0.76  (66s)
[00:24:34]   Epoch 37  350/788  train_mae 0.75  (77s)
[00:24:45]   Epoch 37  400/788  train_mae 0.75  (88s)
[00:24:57]   Epoch 37  450/788  train_mae 0.74  (100s)
[00:25:08]   Epoch 37  500/788  train_mae 0.73  (111s)
[00:25:19]   Epoch 37  550/788  train_mae 0.73  (122s)
[00:25:30]   Epoch 37  600/788  train_mae 0.74  (133s)
[00:25:41]   Epoch 37  650/788  train_mae 0.74  (144s)
[00:25:52]   Epoch 37  700/788  train_mae 0.74  (155s)
[00:26:03]   Epoch 37  750/788  train_mae 0.73  (166s)
[00:26:12]   Epoch 37  788/788  train_mae 0.74  (175s)
[00:26:24] [Epoch 37 완료] train MAE 0.74 | val MAE 7.95 | val RMSE 11.78 | lr 1.6e-06 | 개선없음 8/12
[00:26:35]   Epoch 38  50/788  train_mae 0.65  (11s)
[00:26:46]   Epoch 38  100/788  train_mae 0.67  (22s)
[00:26:57]   Epoch 38  150/788  train_mae 0.66  (33s)
[00:27:08]   Epoch 38  200/788  train_mae 0.66  (44s)
[00:27:20]   Epoch 38  250/788  train_mae 0.67  (56s)
[00:27:31]   Epoch 38  300/788  train_mae 0.68  (67s)
[00:27:42]   Epoch 38  350/788  train_mae 0.68  (78s)
[00:27:52]   Epoch 38  400/788  train_mae 0.68  (88s)
[00:28:03]   Epoch 38  450/788  train_mae 0.69  (98s)
[00:28:13]   Epoch 38  500/788  train_mae 0.69  (109s)
[00:28:23]   Epoch 38  550/788  train_mae 0.69  (119s)
[00:28:33]   Epoch 38  600/788  train_mae 0.69  (129s)
[00:28:43]   Epoch 38  650/788  train_mae 0.69  (139s)
[00:28:53]   Epoch 38  700/788  train_mae 0.69  (149s)
[00:29:04]   Epoch 38  750/788  train_mae 0.69  (160s)
[00:29:11]   Epoch 38  788/788  train_mae 0.69  (167s)
[00:29:23] [Epoch 38 완료] train MAE 0.69 | val MAE 7.95 | val RMSE 11.73 | lr 1.6e-06 | 개선없음 9/12
[00:29:34]   Epoch 39  50/788  train_mae 0.64  (10s)
[00:29:44]   Epoch 39  100/788  train_mae 0.63  (20s)
[00:29:54]   Epoch 39  150/788  train_mae 0.66  (31s)
[00:30:04]   Epoch 39  200/788  train_mae 0.66  (41s)
[00:30:14]   Epoch 39  250/788  train_mae 0.66  (51s)
[00:30:24]   Epoch 39  300/788  train_mae 0.66  (61s)
[00:30:34]   Epoch 39  350/788  train_mae 0.67  (71s)
[00:30:44]   Epoch 39  400/788  train_mae 0.68  (81s)
[00:30:54]   Epoch 39  450/788  train_mae 0.68  (91s)
[00:31:05]   Epoch 39  500/788  train_mae 0.68  (101s)
[00:31:15]   Epoch 39  550/788  train_mae 0.68  (112s)
[00:31:25]   Epoch 39  600/788  train_mae 0.68  (122s)
[00:31:35]   Epoch 39  650/788  train_mae 0.69  (132s)
[00:31:45]   Epoch 39  700/788  train_mae 0.68  (142s)
[00:31:55]   Epoch 39  750/788  train_mae 0.68  (152s)
[00:32:03]   Epoch 39  788/788  train_mae 0.68  (160s)
[00:32:15] [Epoch 39 완료] train MAE 0.68 | val MAE 7.98 | val RMSE 11.84 | lr 1.6e-06 | 개선없음 10/12
[00:32:25]   Epoch 40  50/788  train_mae 0.66  (10s)
[00:32:36]   Epoch 40  100/788  train_mae 0.63  (21s)
[00:32:46]   Epoch 40  150/788  train_mae 0.65  (31s)
[00:32:56]   Epoch 40  200/788  train_mae 0.65  (41s)
[00:33:06]   Epoch 40  250/788  train_mae 0.68  (51s)
[00:33:16]   Epoch 40  300/788  train_mae 0.69  (61s)
[00:33:26]   Epoch 40  350/788  train_mae 0.69  (71s)
[00:33:37]   Epoch 40  400/788  train_mae 0.68  (81s)
[00:33:47]   Epoch 40  450/788  train_mae 0.67  (92s)
[00:33:57]   Epoch 40  500/788  train_mae 0.67  (102s)
[00:34:07]   Epoch 40  550/788  train_mae 0.68  (112s)
[00:34:17]   Epoch 40  600/788  train_mae 0.67  (122s)
[00:34:28]   Epoch 40  650/788  train_mae 0.67  (132s)
[00:34:38]   Epoch 40  700/788  train_mae 0.67  (143s)
[00:34:48]   Epoch 40  750/788  train_mae 0.67  (153s)
[00:34:56]   Epoch 40  788/788  train_mae 0.66  (161s)
[00:35:07] [Epoch 40 완료] train MAE 0.66 | val MAE 7.96 | val RMSE 11.79 | lr 1.6e-06 | 개선없음 11/12
[00:35:18]   Epoch 41  50/788  train_mae 0.66  (10s)
[00:35:28]   Epoch 41  100/788  train_mae 0.63  (20s)
[00:35:38]   Epoch 41  150/788  train_mae 0.65  (31s)
[00:35:48]   Epoch 41  200/788  train_mae 0.65  (41s)
[00:35:59]   Epoch 41  250/788  train_mae 0.67  (51s)
[00:36:09]   Epoch 41  300/788  train_mae 0.66  (61s)
[00:36:19]   Epoch 41  350/788  train_mae 0.66  (71s)
[00:36:29]   Epoch 41  400/788  train_mae 0.66  (82s)
[00:36:39]   Epoch 41  450/788  train_mae 0.66  (92s)
[00:36:50]   Epoch 41  500/788  train_mae 0.67  (102s)
[00:37:00]   Epoch 41  550/788  train_mae 0.66  (112s)
[00:37:10]   Epoch 41  600/788  train_mae 0.66  (122s)
[00:37:20]   Epoch 41  650/788  train_mae 0.66  (132s)
[00:37:30]   Epoch 41  700/788  train_mae 0.67  (143s)
[00:37:41]   Epoch 41  750/788  train_mae 0.67  (153s)
[00:37:48]   Epoch 41  788/788  train_mae 0.67  (161s)
[00:38:00] [Epoch 41 완료] train MAE 0.67 | val MAE 7.97 | val RMSE 11.78 | lr 7.8e-07 | 개선없음 12/12
[00:38:00] 조기종료 | 최고 val MAE 7.93 @ epoch 29
============================================================
[00:38:00] 최종 평가 (best.pt 로드)
C:\Users\K\Project\sinra_cho\.venv\Lib\site-packages\torchvision\models\inception.py:43: FutureWarning: The default weight initialization of inception_v3 will be changed in future releases of torchvision. If you wish to keep the old behavior (which leads to long initialization times due to scipy/scipy#11299), please set init_weights=True.
  warnings.warn(
C:\Users\K\Project\sinra_cho\.venv\Lib\site-packages\torchvision\models\feature_extraction.py:175: UserWarning: NOTE: The nodes obtained by tracing the model in eval mode are a subsequence of those obtained in train mode. When choosing nodes for feature extraction, you may need to specify output nodes for train and eval mode separately.
  warnings.warn(msg + suggestion_msg)
[00:38:01]  split |      N |  MAE(mo) |  RMSE(mo) |    bias
[00:39:43]  train | 12,611 |     0.73 |      1.86 |   +0.02
[00:39:55]    val |  1,425 |     7.93 |     11.79 |   -0.15
[00:39:58]   test |    200 |     9.62 |     15.56 |   +1.21
======================================================
골연령 InceptionV3+Bilinear (IMG=512, paper)
2026-07-19 00:38
======================================================
 split |      N |  MAE(mo) |  RMSE(mo) |    bias
 train | 12,611 |     0.73 |      1.86 |   +0.02
   val |  1,425 |     7.93 |     11.79 |   -0.15
  test |    200 |     9.62 |     15.56 |   +1.21
------------------------------------------------------
[test 연령대별]
  group |     N |    MAE |   RMSE |   bias
   0-4y |    10 |  13.52 |  21.34 |  +8.60
   4-8y |    34 |  14.27 |  23.11 | +11.94
  8-12y |    65 |   8.67 |  12.85 |  +3.69
 12-16y |    80 |   8.51 |  13.43 |  -5.46
   >16y |    11 |   5.40 |   6.99 |  -4.78
======================================================
[00:40:00] 결과 저장: C:\Users\K\Project\sinra_cho\models\inceptionv3_bilinear_512_paper\results.txt
[00:40:00] === 전체 완료 ===
