========================================================================
[10:17:18] ConvNeXt-Tiny + LDL 기대값 회귀 골연령 시작 [v10]
[10:17:18] Python 3.12.7 | Windows 11
[10:17:18] PyTorch 2.6.0+cu124 | torchvision 0.21.0+cu124 | timm 1.0.28
[10:17:18] OpenCV 5.0.0 | numpy 2.5.1 | pandas 3.0.3
[10:17:18] device cuda | CUDA True | AMP True
[GPU-GUARD] (inproc) 바로 실행 — 티켓 357번 infer 16000MiB
[10:17:18] GPU NVIDIA A100 80GB PCIe | VRAM 79.5GB | sm_80 | CUDA 12.4
[10:17:18] HAND_CROP_DIR  G:\Project\sinra_cho\crop_data_yolox_s
[10:17:18] CSV_DIR        G:\Project\sinra_cho\crop_data_yolox_s
[10:17:18] CACHE_DIR      G:\Project\sinra_cho\cache_convnext_single_v10\raw768x512_letterbox_pad0_center_np1p99
[10:17:18] CKPT_DIR       G:\Project\sinra_cho\checkpoints_convnext_single_v10_ldl
[10:17:18] 이미지 준비    letterbox -> 768x512(HxW) | pad 0 | 강도정규화 p1p99
[10:17:18] 백본           convnext_tiny.fb_in22k_ft_in1k_384 (drop_path 0.15)
[10:17:18] 헤드           gap | 성별임베딩 32 | dropout 0.1
[10:17:18] 최적화         AdamW | lr 4e-05/1e-04 | wd 0.05 | 배치 24x1=24
[10:17:18] 스케줄         warmup 4ep + cosine(min ratio 0.02) | 총 60ep | 조기종료 끔
[10:17:18] 손실 LDL(bins 240, δ 15.0, λ 1.0) | 증강 True | EMA True(0.9995) | best 선택 'ema'
[10:17:18] 증강 상세      affine rot12° tr0.1 sc(0.82, 1.22) sh4 | jitter ±0.25 | erasing p=0.25
[10:17:18] [v9] 증강 스케일 (0.82, 1.22) · 이동 0.1 · 회전 12°
[10:17:18] [v9] 도메인증강 jpeg0.35 gamma0.35 blur0.2 noise0.2
[10:17:18] [v10] 구간가중  가우시안 테이퍼 center 96개월 · sigma 48 · peak x1.35
[10:17:18] [v10] LDL λ 1.0 (v9 0.5) · EPOCHS 60 (v9 40) · warmup 4
[10:17:18] 추론           TTA [0, -6, -3, 3, 6] | 캘리브레이션 자동판정
[10:17:18] DataLoader     num_workers=0
[10:17:18] 실행 옵션      (없음)
========================================================================
[10:17:18] 라벨 로드 중...
[10:17:18]   train 라벨 12,440 | 파일 12,440 | 미크롭    0 -> 사용 12,440
[10:17:18]   val   라벨  1,399 | 파일  1,399 | 미크롭    0 -> 사용  1,399
[10:17:18]   test  라벨    197 | 파일    197 | 미크롭    0 -> 사용    197
[10:17:18] 타깃 정규화 사용 안 함 (LDL - 개월 원단위) · 참고용 train 통계 127.48 ± 40.94 개월
[10:17:18] [QC-LDL] 이산화 하한 MAE = 0.093 개월 (δ=15.0, bins=1~240, val 라벨 기준)
[10:17:18] 남아 비율 54.2% | 연령 범위 1~228 개월
[10:17:18] 실행 환경 스냅샷 저장: G:\Project\sinra_cho\checkpoints_convnext_single_v10_ldl\env_20260813_101718.json
[10:17:18] [스테이지1] 캐시 경로 G:\Project\sinra_cho\cache_convnext_single_v10\raw768x512_letterbox_pad0_center_np1p99
[10:17:18] [스테이지1] 크롭 소스 G:\Project\sinra_cho\crop_data_yolox_s
[10:17:18] [스테이지1] 768x512 캔버스 캐시 생성 (norm=p1p99)
[10:18:34]     [train] 2,000/12,440 (76s)
[10:19:53]     [train] 4,000/12,440 (155s)
[10:21:18]     [train] 6,000/12,440 (239s)
[10:22:42]     [train] 8,000/12,440 (324s)
[10:24:07]     [train] 10,000/12,440 (409s)
[10:25:31]     [train] 12,000/12,440 (493s)
[10:25:49]   [train] 생성 12,440 · 스킵 0 · 실패 0 (511s)
[10:26:47]   [val] 생성 1,399 · 스킵 0 · 실패 0 (57s)
[10:26:54]   [test] 생성 197 · 스킵 0 · 실패 0 (8s)
[10:26:54]   여백 비율: 중앙 17.6% · 90%tile 29.4% · 최대 49.7%
[10:26:54] [스테이지1] 완료 표식: G:\Project\sinra_cho\cache_convnext_single_v10\raw768x512_letterbox_pad0_center_np1p99\_DONE_cache.json
[10:26:54] [QC] 강도 정규화 검증 시트 생성
[10:26:57] [QC] 시트 저장: G:\Project\sinra_cho\checkpoints_convnext_single_v10_ldl\qc_intensity_norm.png
[10:26:57] 
   id      원본크기   원본범위  원본std  유효std 여백%
 2823   704x991 36~255   12.6   68.5  6%
 9149  858x1051  1~254   43.7   71.6 18%
 6999  807x1069  0~214   49.7   74.5 12%
10657  862x1106  0~255   40.5   68.1 14%
 5768 1210x1320  0~255   43.1   68.6 27%
 3359  855x1081  39~96    8.3   71.9 16%
13160 1084x1336  0~207   38.7   69.4 18%
 4579 1173x1661 15~255   58.6   76.6  6%
[10:26:57] [QC] std 변동계수(CV):  원본 0.474  ->  캔버스 0.044
[10:26:57] [QC] 정상 - 이미지 간 대비 편차가 크게 줄었습니다.
[10:26:57] [QC] 샘플 여백 중앙 15%
[10:26:57] [스테이지2] 배치 수: train 518 | val 59
[10:26:58] [backbone] convnext_tiny.fb_in22k_ft_in1k_384 (pretrained=True, drop_path=0.15)
[10:26:58] [head] 입력 768x512 -> 특징맵 768x24x16 · head_type=gap
[10:26:58] [head] 출력 240 (LDL 로짓 - softmax 기대값으로 환산)
G:\Project\sinra_cho\.venv\Lib\site-packages\torch\nn\modules\module.py:1329: UserWarning: expandable_segments not supported on this platform (Triggered internally at C:\actions-runner\_work\pytorch\pytorch\pytorch\c10/cuda/CUDAAllocatorConfig.h:28.)
  return t.to(
[10:26:59] [스테이지2] 파라미터 28.3M
[10:26:59] [스테이지2] 파라미터 그룹:
[10:26:59]   bb_decay    tensors= 58 params= 27.76M lr=4.0e-05 wd=0.05
[10:26:59]   bb_nodecay  tensors=122 params=  0.06M lr=4.0e-05 wd=0.0
[10:26:59]   hd_decay    tensors=  4 params=  0.49M lr=1.0e-04 wd=0.05
[10:26:59]   hd_nodecay  tensors=  6 params=  0.00M lr=1.0e-04 wd=0.0
[10:26:59] [스테이지2] 옵티마이저 스텝: 에폭당 518 · 총 31080 · warmup 2072
[10:26:59] [스테이지2] EMA 유효 창 ≈ 3.9 에폭
[10:26:59] [스테이지2] best.pt 선택 규칙 = 'ema' (학습 전 고정)
[10:26:59] [스테이지2] 새 학습 시작
[10:26:59] [손실] LDL  ℓ_MAE + 1.0·KL(G‖p)  (bins 240, δ 15.0)
[10:28:47]     ep01   103/518 train_mae 34.50 lr 4.97e-06
[10:30:26]     ep01   206/518 train_mae 34.18 lr 9.94e-06
[10:32:06]     ep01   309/518 train_mae 33.79 lr 1.49e-05
[10:33:45]     ep01   412/518 train_mae 33.23 lr 1.99e-05
[10:35:25]     ep01   515/518 train_mae 32.22 lr 2.49e-05
[10:36:09] [01/60] train 32.17 | val 20.90 (rmse 28.06) | KL 1.358 | val(ema) 34.60 | lr 25% | 9.2분  ** best.pt(ema) 34.60 **  [raw/ema 갱신]
[10:37:14]     ep02   103/518 train_mae 26.56 lr 3.00e-05
[10:38:19]     ep02   206/518 train_mae 25.81 lr 3.49e-05
[10:39:24]     ep02   309/518 train_mae 24.03 lr 3.99e-05
[10:40:28]     ep02   412/518 train_mae 22.63 lr 4.49e-05
[10:41:33]     ep02   515/518 train_mae 21.44 lr 4.99e-05
[10:42:05] [02/60] train 21.41 | val 12.00 (rmse 15.27) | KL 1.418 | val(ema) 32.70 | lr 50% | 5.9분  ** best.pt(ema) 32.70 **  [raw/ema 갱신]
[10:43:11]     ep03   103/518 train_mae 14.89 lr 5.50e-05
[10:44:16]     ep03   206/518 train_mae 14.46 lr 5.99e-05
[10:45:20]     ep03   309/518 train_mae 14.19 lr 6.49e-05
[10:46:24]     ep03   412/518 train_mae 13.96 lr 6.99e-05
[10:47:29]     ep03   515/518 train_mae 13.54 lr 7.49e-05
[10:47:57] [03/60] train 13.51 | val 9.23 (rmse 11.97) | KL 1.310 | val(ema) 27.33 | lr 75% | 5.8분  ** best.pt(ema) 27.33 **  [raw/ema 갱신]
[10:49:02]     ep04   103/518 train_mae 11.76 lr 8.00e-05
[10:50:07]     ep04   206/518 train_mae 11.20 lr 8.49e-05
[10:51:13]     ep04   309/518 train_mae 10.93 lr 8.99e-05
[10:52:18]     ep04   412/518 train_mae 10.67 lr 9.49e-05
[10:53:22]     ep04   515/518 train_mae 10.41 lr 9.99e-05
[10:53:51] [04/60] train 10.41 | val 7.24 (rmse 9.66) | KL 1.138 | val(ema) 22.30 | lr 100% | 5.9분  ** best.pt(ema) 22.30 **  [raw/ema 갱신]
[10:54:57]     ep05   103/518 train_mae 9.28 lr 1.00e-04
[10:56:02]     ep05   206/518 train_mae 9.10 lr 1.00e-04
[10:57:07]     ep05   309/518 train_mae 9.01 lr 1.00e-04
[10:58:11]     ep05   412/518 train_mae 8.85 lr 1.00e-04
[10:59:17]     ep05   515/518 train_mae 8.84 lr 9.99e-05
[10:59:46] [05/60] train 8.83 | val 6.94 (rmse 9.19) | KL 0.941 | val(ema) 17.77 | lr 100% | 5.9분  ** best.pt(ema) 17.77 **  [raw/ema 갱신]
[11:00:52]     ep06   103/518 train_mae 8.36 lr 9.99e-05
[11:01:57]     ep06   206/518 train_mae 8.34 lr 9.98e-05
[11:03:01]     ep06   309/518 train_mae 8.27 lr 9.98e-05
[11:04:06]     ep06   412/518 train_mae 8.24 lr 9.98e-05
[11:05:12]     ep06   515/518 train_mae 8.19 lr 9.97e-05
[11:05:40] [06/60] train 8.19 | val 6.77 (rmse 9.00) | KL 0.788 | val(ema) 14.02 | lr 100% | 5.9분  ** best.pt(ema) 14.02 **  [raw/ema 갱신]
[11:06:46]     ep07   103/518 train_mae 7.68 lr 9.96e-05
[11:07:50]     ep07   206/518 train_mae 7.69 lr 9.96e-05
[11:08:56]     ep07   309/518 train_mae 7.75 lr 9.95e-05
[11:10:01]     ep07   412/518 train_mae 7.74 lr 9.94e-05
[11:11:07]     ep07   515/518 train_mae 7.74 lr 9.93e-05
[11:11:35] [07/60] train 7.74 | val 6.61 (rmse 8.85) | KL 0.671 | val(ema) 10.84 | lr 99% | 5.9분  ** best.pt(ema) 10.84 **  [raw/ema 갱신]
[11:12:41]     ep08   103/518 train_mae 7.44 lr 9.92e-05
[11:13:46]     ep08   206/518 train_mae 7.50 lr 9.91e-05
[11:14:51]     ep08   309/518 train_mae 7.47 lr 9.90e-05
[11:15:56]     ep08   412/518 train_mae 7.52 lr 9.89e-05
[11:17:01]     ep08   515/518 train_mae 7.50 lr 9.88e-05
[11:17:31] [08/60] train 7.50 | val 6.85 (rmse 9.05) | KL 0.585 | val(ema) 8.78 | lr 99% | 5.9분  ** best.pt(ema) 8.78 **  [ema 갱신]
[11:18:36]     ep09   103/518 train_mae 7.30 lr 9.86e-05
[11:19:41]     ep09   206/518 train_mae 7.38 lr 9.85e-05
[11:20:47]     ep09   309/518 train_mae 7.33 lr 9.84e-05
[11:21:52]     ep09   412/518 train_mae 7.29 lr 9.82e-05
[11:22:57]     ep09   515/518 train_mae 7.33 lr 9.81e-05
[11:23:30] [09/60] train 7.33 | val 6.83 (rmse 9.22) | KL 0.532 | val(ema) 7.59 | lr 98% | 6.0분  ** best.pt(ema) 7.59 **  [ema 갱신]
[11:24:36]     ep10   103/518 train_mae 7.15 lr 9.79e-05
[11:25:41]     ep10   206/518 train_mae 7.22 lr 9.78e-05
[11:26:46]     ep10   309/518 train_mae 7.25 lr 9.76e-05
[11:27:56]     ep10   412/518 train_mae 7.28 lr 9.74e-05
[11:29:06]     ep10   515/518 train_mae 7.24 lr 9.73e-05
[11:29:42] [10/60] train 7.25 | val 6.95 (rmse 9.24) | KL 0.488 | val(ema) 6.95 | lr 97% | 6.2분  ** best.pt(ema) 6.95 **  [ema 갱신]
[11:30:52]     ep11   103/518 train_mae 7.13 lr 9.71e-05
[11:32:02]     ep11   206/518 train_mae 7.24 lr 9.69e-05
[11:33:12]     ep11   309/518 train_mae 7.20 lr 9.67e-05
[11:34:22]     ep11   412/518 train_mae 7.15 lr 9.65e-05
[11:35:32]     ep11   515/518 train_mae 7.12 lr 9.63e-05
[11:36:07] [11/60] train 7.12 | val 6.69 (rmse 8.80) | KL 0.456 | val(ema) 6.59 | lr 96% | 6.4분  ** best.pt(ema) 6.59 **  [ema 갱신]
[11:37:17]     ep12   103/518 train_mae 6.77 lr 9.61e-05
[11:38:27]     ep12   206/518 train_mae 6.88 lr 9.58e-05
[11:39:37]     ep12   309/518 train_mae 6.91 lr 9.56e-05
[11:40:48]     ep12   412/518 train_mae 6.92 lr 9.54e-05
[11:41:58]     ep12   515/518 train_mae 6.94 lr 9.52e-05
[11:42:29] [12/60] train 6.94 | val 6.15 (rmse 8.37) | KL 0.425 | val(ema) 6.40 | lr 95% | 6.3분  ** best.pt(ema) 6.40 **  [raw/ema 갱신]
[11:43:39]     ep13   103/518 train_mae 6.51 lr 9.49e-05
[11:44:48]     ep13   206/518 train_mae 6.78 lr 9.47e-05
[11:45:58]     ep13   309/518 train_mae 6.86 lr 9.44e-05
[11:47:08]     ep13   412/518 train_mae 6.92 lr 9.42e-05
[11:48:18]     ep13   515/518 train_mae 6.90 lr 9.39e-05
[11:48:50] [13/60] train 6.90 | val 6.18 (rmse 8.35) | KL 0.391 | val(ema) 6.27 | lr 94% | 6.3분  ** best.pt(ema) 6.27 **  [ema 갱신]
[11:49:59]     ep14   103/518 train_mae 6.80 lr 9.36e-05
[11:51:09]     ep14   206/518 train_mae 6.89 lr 9.33e-05
[11:52:19]     ep14   309/518 train_mae 6.91 lr 9.31e-05
[11:53:30]     ep14   412/518 train_mae 6.89 lr 9.28e-05
[11:54:39]     ep14   515/518 train_mae 6.82 lr 9.25e-05
[11:55:09] [14/60] train 6.83 | val 6.64 (rmse 8.75) | KL 0.373 | val(ema) 6.19 | lr 92% | 6.3분  ** best.pt(ema) 6.19 **  [ema 갱신]
[11:56:16]     ep15   103/518 train_mae 6.85 lr 9.22e-05
[11:57:26]     ep15   206/518 train_mae 6.84 lr 9.19e-05
[11:58:37]     ep15   309/518 train_mae 6.85 lr 9.16e-05
[11:59:48]     ep15   412/518 train_mae 6.79 lr 9.13e-05
[12:00:58]     ep15   515/518 train_mae 6.76 lr 9.10e-05
[12:01:28] [15/60] train 6.76 | val 6.26 (rmse 8.45) | KL 0.353 | val(ema) 6.12 | lr 91% | 6.3분  ** best.pt(ema) 6.12 **  [ema 갱신]
[12:02:33]     ep16   103/518 train_mae 6.65 lr 9.06e-05
[12:03:38]     ep16   206/518 train_mae 6.59 lr 9.03e-05
[12:04:43]     ep16   309/518 train_mae 6.63 lr 9.00e-05
[12:05:48]     ep16   412/518 train_mae 6.66 lr 8.97e-05
[12:06:52]     ep16   515/518 train_mae 6.67 lr 8.93e-05
[12:07:20] [16/60] train 6.66 | val 6.57 (rmse 8.74) | KL 0.338 | val(ema) 6.07 | lr 89% | 5.8분  ** best.pt(ema) 6.07 **  [ema 갱신]
[12:08:25]     ep17   103/518 train_mae 6.81 lr 8.90e-05
[12:09:30]     ep17   206/518 train_mae 6.71 lr 8.86e-05
[12:10:34]     ep17   309/518 train_mae 6.65 lr 8.83e-05
[12:11:38]     ep17   412/518 train_mae 6.65 lr 8.79e-05
[12:12:43]     ep17   515/518 train_mae 6.64 lr 8.76e-05
[12:13:12] [17/60] train 6.63 | val 6.13 (rmse 8.25) | KL 0.322 | val(ema) 6.04 | lr 88% | 5.8분  ** best.pt(ema) 6.04 **  [raw/ema 갱신]
[12:14:16]     ep18   103/518 train_mae 6.77 lr 8.72e-05
[12:15:22]     ep18   206/518 train_mae 6.68 lr 8.68e-05
[12:16:27]     ep18   309/518 train_mae 6.60 lr 8.64e-05
[12:17:33]     ep18   412/518 train_mae 6.59 lr 8.60e-05
[12:18:38]     ep18   515/518 train_mae 6.59 lr 8.57e-05
[12:19:06] [18/60] train 6.59 | val 6.11 (rmse 8.30) | KL 0.312 | val(ema) 6.02 | lr 86% | 5.9분  ** best.pt(ema) 6.02 **  [raw/ema 갱신]
[12:20:12]     ep19   103/518 train_mae 6.57 lr 8.53e-05
[12:21:16]     ep19   206/518 train_mae 6.60 lr 8.49e-05
[12:22:21]     ep19   309/518 train_mae 6.60 lr 8.45e-05
[12:23:26]     ep19   412/518 train_mae 6.55 lr 8.41e-05
[12:24:32]     ep19   515/518 train_mae 6.52 lr 8.37e-05
[12:25:00] [19/60] train 6.52 | val 6.11 (rmse 8.23) | KL 0.298 | val(ema) 5.99 | lr 84% | 5.9분  ** best.pt(ema) 5.99 **  [ema 갱신]
[12:26:05]     ep20   103/518 train_mae 6.48 lr 8.32e-05
[12:27:11]     ep20   206/518 train_mae 6.44 lr 8.28e-05
[12:28:16]     ep20   309/518 train_mae 6.45 lr 8.24e-05
[12:29:20]     ep20   412/518 train_mae 6.51 lr 8.20e-05
[12:30:26]     ep20   515/518 train_mae 6.52 lr 8.16e-05
[12:30:54] [20/60] train 6.52 | val 6.10 (rmse 8.22) | KL 0.289 | val(ema) 5.97 | lr 82% | 5.9분  ** best.pt(ema) 5.97 **  [raw/ema 갱신]
[12:32:00]     ep21   103/518 train_mae 6.52 lr 8.11e-05
[12:33:05]     ep21   206/518 train_mae 6.47 lr 8.07e-05
[12:34:09]     ep21   309/518 train_mae 6.41 lr 8.03e-05
[12:35:14]     ep21   412/518 train_mae 6.43 lr 7.98e-05
[12:36:19]     ep21   515/518 train_mae 6.39 lr 7.94e-05
[12:36:48] [21/60] train 6.39 | val 6.06 (rmse 8.17) | KL 0.281 | val(ema) 5.95 | lr 79% | 5.9분  ** best.pt(ema) 5.95 **  [raw/ema 갱신]
[12:37:53]     ep22   103/518 train_mae 6.38 lr 7.89e-05
[12:38:58]     ep22   206/518 train_mae 6.35 lr 7.85e-05
[12:40:03]     ep22   309/518 train_mae 6.34 lr 7.80e-05
[12:41:09]     ep22   412/518 train_mae 6.37 lr 7.75e-05
[12:42:14]     ep22   515/518 train_mae 6.35 lr 7.71e-05
[12:42:48] [22/60] train 6.35 | val 5.99 (rmse 8.14) | KL 0.269 | val(ema) 5.94 | lr 77% | 6.0분  ** best.pt(ema) 5.94 **  [raw/ema 갱신]
[12:43:54]     ep23   103/518 train_mae 6.33 lr 7.66e-05
[12:44:58]     ep23   206/518 train_mae 6.24 lr 7.61e-05
[12:46:03]     ep23   309/518 train_mae 6.27 lr 7.57e-05
[12:47:08]     ep23   412/518 train_mae 6.31 lr 7.52e-05
[12:48:13]     ep23   515/518 train_mae 6.34 lr 7.47e-05
[12:48:41] [23/60] train 6.35 | val 6.01 (rmse 8.22) | KL 0.269 | val(ema) 5.92 | lr 75% | 5.9분  ** best.pt(ema) 5.92 **  [ema 갱신]
[12:49:47]     ep24   103/518 train_mae 6.31 lr 7.42e-05
[12:50:52]     ep24   206/518 train_mae 6.28 lr 7.37e-05
[12:51:56]     ep24   309/518 train_mae 6.20 lr 7.33e-05
[12:53:01]     ep24   412/518 train_mae 6.17 lr 7.28e-05
[12:54:06]     ep24   515/518 train_mae 6.20 lr 7.23e-05
[12:54:35] [24/60] train 6.20 | val 6.17 (rmse 8.45) | KL 0.256 | val(ema) 5.90 | lr 72% | 5.9분  ** best.pt(ema) 5.90 **  [ema 갱신]
[12:55:41]     ep25   103/518 train_mae 6.17 lr 7.18e-05
[12:56:46]     ep25   206/518 train_mae 6.22 lr 7.13e-05
[12:57:51]     ep25   309/518 train_mae 6.17 lr 7.08e-05
[12:58:56]     ep25   412/518 train_mae 6.22 lr 7.03e-05
[13:00:01]     ep25   515/518 train_mae 6.21 lr 6.98e-05
[13:00:32] [25/60] train 6.22 | val 6.16 (rmse 8.40) | KL 0.250 | val(ema) 5.89 | lr 70% | 5.9분  ** best.pt(ema) 5.89 **  [ema 갱신]
[13:01:38]     ep26   103/518 train_mae 5.97 lr 6.93e-05
[13:02:43]     ep26   206/518 train_mae 6.08 lr 6.87e-05
[13:03:48]     ep26   309/518 train_mae 6.09 lr 6.82e-05
[13:04:53]     ep26   412/518 train_mae 6.10 lr 6.77e-05
[13:05:58]     ep26   515/518 train_mae 6.14 lr 6.72e-05
[13:06:26] [26/60] train 6.13 | val 6.19 (rmse 8.38) | KL 0.245 | val(ema) 5.87 | lr 67% | 5.9분  ** best.pt(ema) 5.87 **  [ema 갱신]
[13:07:32]     ep27   103/518 train_mae 5.98 lr 6.67e-05
[13:08:36]     ep27   206/518 train_mae 6.09 lr 6.62e-05
[13:09:42]     ep27   309/518 train_mae 6.12 lr 6.56e-05
[13:10:47]     ep27   412/518 train_mae 6.12 lr 6.51e-05
[13:11:52]     ep27   515/518 train_mae 6.14 lr 6.46e-05
[13:12:25] [27/60] train 6.14 | val 5.99 (rmse 8.13) | KL 0.241 | val(ema) 5.86 | lr 65% | 6.0분  ** best.pt(ema) 5.86 **  [raw/ema 갱신]
[13:13:30]     ep28   103/518 train_mae 5.96 lr 6.40e-05
[13:14:35]     ep28   206/518 train_mae 6.09 lr 6.35e-05
[13:15:40]     ep28   309/518 train_mae 6.04 lr 6.30e-05
[13:16:45]     ep28   412/518 train_mae 6.10 lr 6.25e-05
[13:17:51]     ep28   515/518 train_mae 6.09 lr 6.19e-05
[13:18:21] [28/60] train 6.08 | val 6.14 (rmse 8.31) | KL 0.236 | val(ema) 5.85 | lr 62% | 5.9분  ** best.pt(ema) 5.85 **  [ema 갱신]
[13:19:26]     ep29   103/518 train_mae 6.03 lr 6.14e-05
[13:20:32]     ep29   206/518 train_mae 6.07 lr 6.08e-05
[13:21:37]     ep29   309/518 train_mae 5.98 lr 6.03e-05
[13:22:41]     ep29   412/518 train_mae 6.03 lr 5.98e-05
[13:23:46]     ep29   515/518 train_mae 6.03 lr 5.92e-05
[13:24:14] [29/60] train 6.03 | val 6.11 (rmse 8.27) | KL 0.230 | val(ema) 5.84 | lr 59% | 5.9분  ** best.pt(ema) 5.84 **  [ema 갱신]
[13:25:19]     ep30   103/518 train_mae 5.89 lr 5.87e-05
[13:26:24]     ep30   206/518 train_mae 5.94 lr 5.81e-05
[13:27:30]     ep30   309/518 train_mae 5.92 lr 5.76e-05
[13:28:34]     ep30   412/518 train_mae 5.98 lr 5.71e-05
[13:29:39]     ep30   515/518 train_mae 5.98 lr 5.65e-05
[13:30:10] [30/60] train 5.98 | val 6.05 (rmse 8.28) | KL 0.227 | val(ema) 5.84 | lr 56% | 5.9분  ** best.pt(ema) 5.84 **  [ema 갱신]
[13:31:15]     ep31   103/518 train_mae 6.11 lr 5.59e-05
[13:32:20]     ep31   206/518 train_mae 6.07 lr 5.54e-05
[13:33:25]     ep31   309/518 train_mae 6.01 lr 5.49e-05
[13:34:31]     ep31   412/518 train_mae 5.98 lr 5.43e-05
[13:35:36]     ep31   515/518 train_mae 5.96 lr 5.38e-05
[13:36:05] [31/60] train 5.96 | val 6.14 (rmse 8.35) | KL 0.224 | val(ema) 5.84 | lr 54% | 5.9분  ** best.pt(ema) 5.84 **  [ema 갱신]
[13:37:11]     ep32   103/518 train_mae 5.75 lr 5.32e-05
[13:38:16]     ep32   206/518 train_mae 5.88 lr 5.27e-05
[13:39:21]     ep32   309/518 train_mae 5.84 lr 5.21e-05
[13:40:28]     ep32   412/518 train_mae 5.84 lr 5.16e-05
[13:41:35]     ep32   515/518 train_mae 5.85 lr 5.10e-05
[13:42:07] [32/60] train 5.85 | val 5.97 (rmse 8.21) | KL 0.218 | val(ema) 5.83 | lr 51% | 6.0분  ** best.pt(ema) 5.83 **  [raw/ema 갱신]
[13:43:13]     ep33   103/518 train_mae 5.77 lr 5.05e-05
[13:44:17]     ep33   206/518 train_mae 5.91 lr 4.99e-05
[13:45:22]     ep33   309/518 train_mae 5.87 lr 4.94e-05
[13:46:27]     ep33   412/518 train_mae 5.85 lr 4.88e-05
[13:47:32]     ep33   515/518 train_mae 5.85 lr 4.83e-05
[13:48:03] [33/60] train 5.84 | val 6.09 (rmse 8.36) | KL 0.212 | val(ema) 5.83 | lr 48% | 5.9분  ** best.pt(ema) 5.83 **  [ema 갱신]
[13:49:09]     ep34   103/518 train_mae 5.86 lr 4.77e-05
[13:50:15]     ep34   206/518 train_mae 5.85 lr 4.72e-05
[13:51:22]     ep34   309/518 train_mae 5.83 lr 4.66e-05
[13:52:58]     ep34   412/518 train_mae 5.87 lr 4.61e-05
[13:54:35]     ep34   515/518 train_mae 5.84 lr 4.55e-05
[13:55:18] [34/60] train 5.84 | val 6.15 (rmse 8.43) | KL 0.210 | val(ema) 5.83 | lr 46% | 7.2분  ** best.pt(ema) 5.83 **  [ema 갱신]
[13:56:45]     ep35   103/518 train_mae 5.67 lr 4.50e-05
[13:58:11]     ep35   206/518 train_mae 5.75 lr 4.44e-05
[13:59:38]     ep35   309/518 train_mae 5.74 lr 4.39e-05
[14:01:05]     ep35   412/518 train_mae 5.76 lr 4.34e-05
[14:02:31]     ep35   515/518 train_mae 5.74 lr 4.28e-05
[14:02:59] [35/60] train 5.74 | val 5.99 (rmse 8.18) | KL 0.210 | val(ema) 5.83 | lr 43% | 7.7분
[14:04:05]     ep36   103/518 train_mae 5.78 lr 4.23e-05
[14:05:10]     ep36   206/518 train_mae 5.71 lr 4.17e-05
[14:06:15]     ep36   309/518 train_mae 5.75 lr 4.12e-05
[14:07:19]     ep36   412/518 train_mae 5.73 lr 4.07e-05
[14:08:24]     ep36   515/518 train_mae 5.70 lr 4.01e-05
[14:08:52] [36/60] train 5.70 | val 5.97 (rmse 8.20) | KL 0.206 | val(ema) 5.83 | lr 40% | 5.9분  [raw 갱신]
[14:09:57]     ep37   103/518 train_mae 5.47 lr 3.96e-05
[14:11:03]     ep37   206/518 train_mae 5.63 lr 3.90e-05
[14:12:08]     ep37   309/518 train_mae 5.67 lr 3.85e-05
[14:13:13]     ep37   412/518 train_mae 5.71 lr 3.80e-05
[14:14:18]     ep37   515/518 train_mae 5.69 lr 3.75e-05
[14:14:47] [37/60] train 5.69 | val 5.96 (rmse 8.14) | KL 0.206 | val(ema) 5.84 | lr 37% | 5.9분  [raw 갱신]
[14:15:52]     ep38   103/518 train_mae 5.61 lr 3.69e-05
[14:16:57]     ep38   206/518 train_mae 5.58 lr 3.64e-05
[14:18:03]     ep38   309/518 train_mae 5.60 lr 3.59e-05
[14:19:10]     ep38   412/518 train_mae 5.65 lr 3.54e-05
[14:20:18]     ep38   515/518 train_mae 5.66 lr 3.48e-05
[14:20:46] [38/60] train 5.66 | val 6.15 (rmse 8.40) | KL 0.200 | val(ema) 5.85 | lr 35% | 6.0분
[14:21:53]     ep39   103/518 train_mae 5.66 lr 3.43e-05
[14:23:01]     ep39   206/518 train_mae 5.70 lr 3.38e-05
[14:24:07]     ep39   309/518 train_mae 5.71 lr 3.33e-05
[14:25:13]     ep39   412/518 train_mae 5.67 lr 3.28e-05
[14:26:19]     ep39   515/518 train_mae 5.68 lr 3.23e-05
[14:26:47] [39/60] train 5.68 | val 5.93 (rmse 8.17) | KL 0.200 | val(ema) 5.85 | lr 32% | 6.0분  [raw 갱신]
[14:27:58]     ep40   103/518 train_mae 5.72 lr 3.17e-05
[14:29:05]     ep40   206/518 train_mae 5.69 lr 3.12e-05
[14:30:14]     ep40   309/518 train_mae 5.65 lr 3.07e-05
[14:31:22]     ep40   412/518 train_mae 5.65 lr 3.03e-05
[14:32:51]     ep40   515/518 train_mae 5.63 lr 2.98e-05
[14:33:37] [40/60] train 5.63 | val 5.99 (rmse 8.23) | KL 0.198 | val(ema) 5.85 | lr 30% | 6.8분
[14:35:23]     ep41   103/518 train_mae 5.59 lr 2.93e-05
[14:36:44]     ep41   206/518 train_mae 5.58 lr 2.88e-05
[14:38:19]     ep41   309/518 train_mae 5.52 lr 2.83e-05
[14:40:03]     ep41   412/518 train_mae 5.54 lr 2.78e-05
[14:41:29]     ep41   515/518 train_mae 5.54 lr 2.73e-05
[14:42:07] [41/60] train 5.54 | val 5.92 (rmse 8.19) | KL 0.195 | val(ema) 5.86 | lr 27% | 8.5분  [raw 갱신]
[14:43:55]     ep42   103/518 train_mae 5.67 lr 2.68e-05
[14:45:32]     ep42   206/518 train_mae 5.57 lr 2.64e-05
[14:46:54]     ep42   309/518 train_mae 5.50 lr 2.59e-05
[14:48:44]     ep42   412/518 train_mae 5.50 lr 2.54e-05
[14:50:17]     ep42   515/518 train_mae 5.51 lr 2.49e-05
[14:50:50] [42/60] train 5.51 | val 5.91 (rmse 8.16) | KL 0.194 | val(ema) 5.86 | lr 25% | 8.7분  [raw 갱신]
[14:52:26]     ep43   103/518 train_mae 5.46 lr 2.45e-05
[14:54:08]     ep43   206/518 train_mae 5.55 lr 2.40e-05
[14:55:36]     ep43   309/518 train_mae 5.56 lr 2.36e-05
[14:57:14]     ep43   412/518 train_mae 5.54 lr 2.31e-05
[14:58:54]     ep43   515/518 train_mae 5.53 lr 2.27e-05
[14:59:34] [43/60] train 5.53 | val 6.10 (rmse 8.36) | KL 0.193 | val(ema) 5.87 | lr 23% | 8.7분
[15:01:01]     ep44   103/518 train_mae 5.62 lr 2.22e-05
[15:02:42]     ep44   206/518 train_mae 5.52 lr 2.18e-05
[15:04:15]     ep44   309/518 train_mae 5.47 lr 2.13e-05
[15:05:46]     ep44   412/518 train_mae 5.46 lr 2.09e-05
[15:07:27]     ep44   515/518 train_mae 5.49 lr 2.05e-05
[15:08:08] [44/60] train 5.48 | val 6.02 (rmse 8.27) | KL 0.191 | val(ema) 5.88 | lr 20% | 8.6분
[15:09:45]     ep45   103/518 train_mae 5.41 lr 2.00e-05
[15:11:21]     ep45   206/518 train_mae 5.45 lr 1.96e-05
[15:12:54]     ep45   309/518 train_mae 5.45 lr 1.92e-05
[15:14:34]     ep45   412/518 train_mae 5.48 lr 1.88e-05
[15:16:10]     ep45   515/518 train_mae 5.46 lr 1.84e-05
[15:16:49] [45/60] train 5.46 | val 6.12 (rmse 8.35) | KL 0.190 | val(ema) 5.88 | lr 18% | 8.7분
[15:18:30]     ep46   103/518 train_mae 5.29 lr 1.79e-05
[15:20:00]     ep46   206/518 train_mae 5.37 lr 1.75e-05
[15:21:31]     ep46   309/518 train_mae 5.44 lr 1.71e-05
[15:23:06]     ep46   412/518 train_mae 5.42 lr 1.68e-05
[15:24:47]     ep46   515/518 train_mae 5.43 lr 1.64e-05
[15:25:26] [46/60] train 5.43 | val 5.95 (rmse 8.21) | KL 0.189 | val(ema) 5.89 | lr 16% | 8.6분
[15:27:01]     ep47   103/518 train_mae 5.48 lr 1.60e-05
[15:28:34]     ep47   206/518 train_mae 5.36 lr 1.56e-05
[15:30:13]     ep47   309/518 train_mae 5.39 lr 1.52e-05
[15:31:53]     ep47   412/518 train_mae 5.43 lr 1.48e-05
[15:33:25]     ep47   515/518 train_mae 5.40 lr 1.45e-05
[15:34:11] [47/60] train 5.40 | val 5.98 (rmse 8.28) | KL 0.187 | val(ema) 5.89 | lr 14% | 8.7분
[15:35:42]     ep48   103/518 train_mae 5.35 lr 1.41e-05
[15:37:15]     ep48   206/518 train_mae 5.37 lr 1.37e-05
[15:38:48]     ep48   309/518 train_mae 5.40 lr 1.34e-05
[15:40:21]     ep48   412/518 train_mae 5.38 lr 1.30e-05
[15:42:06]     ep48   515/518 train_mae 5.36 lr 1.27e-05
[15:42:45] [48/60] train 5.35 | val 5.96 (rmse 8.23) | KL 0.187 | val(ema) 5.90 | lr 13% | 8.6분
[15:44:17]     ep49   103/518 train_mae 5.41 lr 1.24e-05
[15:46:01]     ep49   206/518 train_mae 5.39 lr 1.20e-05
[15:47:25]     ep49   309/518 train_mae 5.44 lr 1.17e-05
[15:48:58]     ep49   412/518 train_mae 5.40 lr 1.14e-05
[15:50:50]     ep49   515/518 train_mae 5.37 lr 1.10e-05
[15:51:27] [49/60] train 5.36 | val 5.95 (rmse 8.21) | KL 0.185 | val(ema) 5.91 | lr 11% | 8.7분
[15:52:51]     ep50   103/518 train_mae 5.34 lr 1.07e-05
[15:54:37]     ep50   206/518 train_mae 5.32 lr 1.04e-05
[15:56:10]     ep50   309/518 train_mae 5.40 lr 1.01e-05
[15:57:37]     ep50   412/518 train_mae 5.41 lr 9.82e-06
[15:59:29]     ep50   515/518 train_mae 5.38 lr 9.52e-06
[16:00:14] [50/60] train 5.37 | val 6.04 (rmse 8.30) | KL 0.186 | val(ema) 5.91 | lr 10% | 8.8분
[16:01:32]     ep51   103/518 train_mae 5.22 lr 9.23e-06
[16:03:18]     ep51   206/518 train_mae 5.27 lr 8.94e-06
[16:04:58]     ep51   309/518 train_mae 5.21 lr 8.66e-06
[16:06:22]     ep51   412/518 train_mae 5.26 lr 8.39e-06
[16:08:12]     ep51   515/518 train_mae 5.30 lr 8.12e-06
[16:08:52] [51/60] train 5.31 | val 5.96 (rmse 8.23) | KL 0.183 | val(ema) 5.92 | lr 8% | 8.6분
[16:10:13]     ep52   103/518 train_mae 5.36 lr 7.85e-06
[16:11:46]     ep52   206/518 train_mae 5.27 lr 7.60e-06
[16:13:32]     ep52   309/518 train_mae 5.29 lr 7.35e-06
[16:14:50]     ep52   412/518 train_mae 5.31 lr 7.10e-06
[16:16:27]     ep52   515/518 train_mae 5.27 lr 6.86e-06
[16:17:12] [52/60] train 5.27 | val 5.96 (rmse 8.23) | KL 0.182 | val(ema) 5.92 | lr 7% | 8.3분
[16:18:42]     ep53   103/518 train_mae 5.12 lr 6.62e-06
[16:20:04]     ep53   206/518 train_mae 5.21 lr 6.39e-06
[16:21:31]     ep53   309/518 train_mae 5.25 lr 6.17e-06
[16:22:49]     ep53   412/518 train_mae 5.28 lr 5.95e-06
[16:24:10]     ep53   515/518 train_mae 5.28 lr 5.74e-06
[16:24:48] [53/60] train 5.28 | val 5.95 (rmse 8.22) | KL 0.182 | val(ema) 5.93 | lr 6% | 7.6분
[16:26:04]     ep54   103/518 train_mae 5.12 lr 5.53e-06
[16:27:26]     ep54   206/518 train_mae 5.15 lr 5.32e-06
[16:28:47]     ep54   309/518 train_mae 5.20 lr 5.13e-06
[16:30:04]     ep54   412/518 train_mae 5.25 lr 4.94e-06
[16:31:35]     ep54   515/518 train_mae 5.28 lr 4.76e-06
[16:32:07] [54/60] train 5.28 | val 5.95 (rmse 8.23) | KL 0.182 | val(ema) 5.93 | lr 5% | 7.3분
[16:33:18]     ep55   103/518 train_mae 5.34 lr 4.57e-06
[16:34:46]     ep55   206/518 train_mae 5.33 lr 4.40e-06
[16:36:04]     ep55   309/518 train_mae 5.29 lr 4.24e-06
[16:37:23]     ep55   412/518 train_mae 5.29 lr 4.08e-06
[16:38:42]     ep55   515/518 train_mae 5.28 lr 3.92e-06
[16:39:17] [55/60] train 5.29 | val 5.95 (rmse 8.25) | KL 0.183 | val(ema) 5.93 | lr 4% | 7.1분
[16:40:40]     ep56   103/518 train_mae 5.09 lr 3.77e-06
[16:41:59]     ep56   206/518 train_mae 5.17 lr 3.63e-06
[16:43:15]     ep56   309/518 train_mae 5.19 lr 3.49e-06
[16:44:43]     ep56   412/518 train_mae 5.18 lr 3.36e-06
[16:45:57]     ep56   515/518 train_mae 5.20 lr 3.23e-06
[16:46:33] [56/60] train 5.19 | val 5.96 (rmse 8.25) | KL 0.179 | val(ema) 5.93 | lr 3% | 7.3분
[16:48:01]     ep57   103/518 train_mae 5.37 lr 3.11e-06
[16:49:12]     ep57   206/518 train_mae 5.26 lr 3.00e-06
[16:50:26]     ep57   309/518 train_mae 5.27 lr 2.89e-06
[16:51:53]     ep57   412/518 train_mae 5.21 lr 2.79e-06
[16:53:05]     ep57   515/518 train_mae 5.24 lr 2.70e-06
[16:53:42] [57/60] train 5.24 | val 5.96 (rmse 8.26) | KL 0.180 | val(ema) 5.94 | lr 3% | 7.1분
[16:55:11]     ep58   103/518 train_mae 4.92 lr 2.60e-06
[16:56:24]     ep58   206/518 train_mae 5.03 lr 2.52e-06
[16:57:50]     ep58   309/518 train_mae 5.14 lr 2.45e-06
[16:59:08]     ep58   412/518 train_mae 5.17 lr 2.37e-06
[17:00:29]     ep58   515/518 train_mae 5.19 lr 2.31e-06
[17:01:06] [58/60] train 5.19 | val 5.97 (rmse 8.26) | KL 0.179 | val(ema) 5.95 | lr 2% | 7.4분
[17:02:23]     ep59   103/518 train_mae 5.15 lr 2.25e-06
[17:03:43]     ep59   206/518 train_mae 5.21 lr 2.20e-06
[17:05:12]     ep59   309/518 train_mae 5.25 lr 2.15e-06
[17:06:24]     ep59   412/518 train_mae 5.25 lr 2.11e-06
[17:07:50]     ep59   515/518 train_mae 5.24 lr 2.08e-06
[17:08:26] [59/60] train 5.24 | val 5.97 (rmse 8.26) | KL 0.180 | val(ema) 5.95 | lr 2% | 7.3분
[17:09:39]     ep60   103/518 train_mae 5.18 lr 2.05e-06
[17:11:04]     ep60   206/518 train_mae 5.16 lr 2.03e-06
[17:12:23]     ep60   309/518 train_mae 5.20 lr 2.01e-06
[17:13:44]     ep60   412/518 train_mae 5.18 lr 2.00e-06
[17:15:12]     ep60   515/518 train_mae 5.16 lr 2.00e-06
[17:15:42] [60/60] train 5.16 | val 5.96 (rmse 8.26) | KL 0.178 | val(ema) 5.95 | lr 2% | 7.2분
[17:15:42] [스테이지2] 완료 · best val MAE = 5.83 개월 (규칙 'ema')
[17:15:42] [스테이지2] 참고 · raw 최고 5.91 / ema 최고 5.83 -> 각각 best_raw.pt / best_ema.pt
[17:15:42] [스테이지2] 종료 시점 LR = 피크의 2.0%  [정상 - 코사인 완주]
[17:15:43] [backbone] convnext_tiny.fb_in22k_ft_in1k_384 (pretrained=False, drop_path=0.15)
[17:15:43] [head] 입력 768x512 -> 특징맵 768x24x16 · head_type=gap
[17:15:43] [head] 출력 240 (LDL 로짓 - softmax 기대값으로 환산)
[17:15:43] ========================================================================
[17:15:43] [스테이지3] 평가 시작
[17:15:43]   백본     convnext_tiny.fb_in22k_ft_in1k_384
[17:15:43]   헤드     gap | 화소처리 p1p99
[17:15:43]   가중치   ema (선택 규칙 'ema')
[17:15:43]   출력     LDL 240-way 기대값 회귀 (δ 15.0, λ 1.0)
[17:15:43]   입력     768x512
[17:15:43]   best val MAE 5.83 @ epoch 34
[17:15:43]   [val] 예측 중...
[17:16:30]   [calib] slope a=0.9680 intercept b=+3.64  (축소 존재)
[17:16:30]   [calib] 채택 여부 False (val 5.82 -> 5.93)
[17:16:30]   [train] 예측 중...
[17:19:44]   [test] 예측 중...
[17:19:50] [backbone] convnext_tiny.fb_in22k_ft_in1k_384 (pretrained=False, drop_path=0.15)
[17:19:55] [backbone] convnext_tiny.fb_in22k_ft_in1k_384 (pretrained=False, drop_path=0.15)
[17:19:59]   학습곡선 저장: G:\Project\sinra_cho\checkpoints_convnext_single_v10_ldl\learning_curve.png
[17:19:59]   산점도 저장: G:\Project\sinra_cho\checkpoints_convnext_single_v10_ldl\scatter.png
[17:20:00]   오차 상위 저장: G:\Project\sinra_cho\checkpoints_convnext_single_v10_ldl\worst_cases.png
[17:20:00]   [Grad-CAM] target = stages.3
[17:20:03]   Grad-CAM 저장: G:\Project\sinra_cho\checkpoints_convnext_single_v10_ldl\gradcam.png
[17:20:04]   연령분포 저장: G:\Project\sinra_cho\checkpoints_convnext_single_v10_ldl\age_distribution.png (평균 표준편차 21.8개월, 목표 δ=15.0 근방)
[17:20:04]   캘리브레이션 계수 저장: G:\Project\sinra_cho\checkpoints_convnext_single_v10_ldl\calibration.json
====================================================================
 ConvNeXt-Tiny LDL 기대값 회귀 (bins 240, δ 15.0, λ 1.0) | 768x512 | 강도정규화 p1p99
 백본 convnext_tiny.fb_in22k_ft_in1k_384 | 헤드 gap
 실행 20260813_101718 | best epoch 34 (ema)
 TTA [0, -6, -3, 3, 6]
====================================================================
 VAL(단일)        N= 1,399  MAE  5.83  RMSE  8.02  bias -0.22
 VAL(+TTA)      N= 1,399  MAE  5.82  RMSE  8.02  bias -0.43
 VAL(+calib)    N= 1,399  MAE  5.93  RMSE  8.15  bias +0.00   -> 미채택
 TRAIN(단일)      N=12,440  MAE  5.23  RMSE  7.30  bias -0.15
--------------------------------------------------------------------
 TEST           N=   197  MAE  4.25  RMSE  5.38  bias +0.48  CI95 [3.79, 4.72]
--------------------------------------------------------------------
 [가중치 감사 · test, TTA 적용 / calib 미적용]
   raw  ep 42  val  5.91  ->  test  4.48  CI95 [4.00, 4.99]
   ema  ep 34  val  5.83  ->  test  4.25  CI95 [3.79, 4.72]
   EMA - raw = -0.24 개월 (test 기준)
   * 음수면 EMA 이득이 test 로 이어진 것, 양수면 val 에서만 좋았던 것.
--------------------------------------------------------------------
   0-4y    N=   9  MAE  2.96  bias +2.41
   4-8y    N=  34  MAE  5.94  bias +2.75
   8-12y   N=  64  MAE  5.01  bias +1.09
   12-16y  N=  79  MAE  3.09  bias -1.00
   >16y    N=  11  MAE  3.97  bias -0.99
====================================================================
[17:20:04] 결과 저장: G:\Project\sinra_cho\checkpoints_convnext_single_v10_ldl\results.txt
[17:20:04]          G:\Project\sinra_cho\checkpoints_convnext_single_v10_ldl\results.json
[17:20:04] [backbone] convnext_tiny.fb_in22k_ft_in1k_384 (pretrained=False, drop_path=0.15)
[17:20:05] 추론 함수 확인 [4360] 예측 170.0개월 / 실제 169개월
[17:20:05] 추론 함수 준비 완료 · best.pt: G:\Project\sinra_cho\checkpoints_convnext_single_v10_ldl\best.pt
[17:20:05] === 전체 완료 ===
