========================================================================
[13:28:29] ConvNeXt-Tiny + LDL 기대값 회귀 골연령 시작 [v13]
[13:28:29] Python 3.12.7 | Windows 11
[13:28:29] PyTorch 2.6.0+cu124 | torchvision 0.21.0+cu124 | timm 1.0.28
[13:28:29] OpenCV 5.0.0 | numpy 2.5.1 | pandas 3.0.3
[13:28:29] device cuda | CUDA True | AMP True
[GPU-GUARD] (inproc) 바로 실행 — 티켓 385번 infer 16000MiB
[13:28:29] GPU NVIDIA A100 80GB PCIe | VRAM 79.5GB | sm_80 | CUDA 12.4
[13:28:29] HAND_CROP_DIR  G:\Project\sinra_cho\crop_yolo_seg
[13:28:29] CSV_DIR        G:\Project\sinra_cho\crop_yolo_seg\csv
[13:28:29] CACHE_DIR      G:\Project\sinra_cho\cache_convnext_single_v13\raw768x512_letterbox_pad0_center_np1p99
[13:28:29] CKPT_DIR       G:\Project\sinra_cho\checkpoints_convnext_single_v13_ldl
[13:28:29] 이미지 준비    letterbox -> 768x512(HxW) | pad 0 | 강도정규화 p1p99
[13:28:29] 백본           convnext_tiny.fb_in22k_ft_in1k_384 (drop_path 0.15)
[13:28:29] 헤드           gap | 성별임베딩 32 | dropout 0.1
[13:28:29] 최적화         AdamW | lr 4e-05/1e-04 | wd 0.05 | 배치 24x1=24
[13:28:29] 스케줄         warmup 5ep + cosine(min ratio 0.02) | 총 100ep | 조기종료 끔
[13:28:29] 손실 LDL(bins 240, δ 15.0, λ 0.5) | 증강 True | EMA True(0.9995) | best 선택 'ema'
[13:28:29] 증강 상세      affine rot5° tr0.1 sc(0.8, 1.15) sh4 | jitter ±0.25 | erasing p=0.25
[13:28:29] [v9] 증강 스케일 (0.8, 1.15) · 이동 0.1 · 회전 5°
[13:28:29] [v9] 도메인증강 jpeg0.35 gamma0.35 blur0.2 noise0.2
[13:28:29] [v10] 구간가중  가우시안 테이퍼 center 96개월 · sigma 48 · peak x1.35
[13:28:29] [v11] LDL λ 0.5 · EPOCHS 100 · warmup 5  (v10 1.0/60/4 에서 원복)
[13:28:29] [v11] FiLM 성별조건화 ON stages=[2, 3] hidden=64
[13:28:29] [v13] 회전 5° · 스케일 (0.8, 1.15) · 좌우반전 p=0.5
[13:28:29] [v13] EPOCHS 100 (v11/v12 40) · warmup 5 · 예상 소요 약 13시간
[13:28:29] [v13] 평가 리포트: 성별 분해 · 성별x연령 교차 · 성별 플립 · 분포 형태(왜도)
[13:28:29] 추론           TTA [0, -6, -3, 3, 6] | 캘리브레이션 자동판정
[13:28:29] DataLoader     num_workers=0
[13:28:29] 실행 옵션      (없음)
========================================================================
[13:28:29] 라벨 로드 중...
[13:28:29]   train 라벨 12,432 | 파일 12,432 | 미크롭    0 -> 사용 12,432
[13:28:30]   val   라벨  1,397 | 파일  1,397 | 미크롭    0 -> 사용  1,397
[13:28:30]   test  라벨    197 | 파일    197 | 미크롭    0 -> 사용    197
[13:28:30] 타깃 정규화 사용 안 함 (LDL - 개월 원단위) · 참고용 train 통계 127.49 ± 40.93 개월
[13:28:30] [QC-LDL] 이산화 하한 MAE = 0.093 개월 (δ=15.0, bins=1~240, val 라벨 기준)
[13:28:30] 남아 비율 54.2% | 연령 범위 1~228 개월
[13:28:30] 실행 환경 스냅샷 저장: G:\Project\sinra_cho\checkpoints_convnext_single_v13_ldl\env_20260815_132829.json
[13:28:30] [스테이지1] 캐시 경로 G:\Project\sinra_cho\cache_convnext_single_v13\raw768x512_letterbox_pad0_center_np1p99
[13:28:30] [스테이지1] 크롭 소스 G:\Project\sinra_cho\crop_yolo_seg
[13:28:30] [스테이지1] 768x512 캔버스 캐시 생성 (norm=p1p99)
[13:29:51]     [train] 2,000/12,432 (81s)
[13:31:14]     [train] 4,000/12,432 (165s)
[13:32:43]     [train] 6,000/12,432 (254s)
[13:34:12]     [train] 8,000/12,432 (343s)
[13:35:41]     [train] 10,000/12,432 (432s)
[13:37:11]     [train] 12,000/12,432 (521s)
[13:37:30]   [train] 생성 12,432 · 스킵 0 · 실패 0 (540s)
[13:38:31]   [val] 생성 1,397 · 스킵 0 · 실패 0 (61s)
[13:38:39]   [test] 생성 197 · 스킵 0 · 실패 0 (8s)
[13:38:39]   여백 비율: 중앙 12.2% · 90%tile 23.9% · 최대 40.6%
[13:38:39] [스테이지1] 완료 표식: G:\Project\sinra_cho\cache_convnext_single_v13\raw768x512_letterbox_pad0_center_np1p99\_DONE_cache.json
[13:38:39] [QC] 강도 정규화 검증 시트 생성
[13:38:42] [QC] 시트 저장: G:\Project\sinra_cho\checkpoints_convnext_single_v13_ldl\qc_intensity_norm.png
[13:38:42] 
   id      원본크기  원본범위  원본std  유효std 여백%
11318 1168x1524 0~255   46.9   68.8 13%
 2519   759x934 0~255   13.8   68.9 18%
13881 1213x1634 0~231   42.5   70.9 10%
11973  971x1099 0~255   38.2   70.9 25%
 8192  956x1437 0~255   47.0   70.4  0%
10701 1216x1539 0~255   53.3   68.6 16%
 3812  758x1175 0~255   15.1   69.6  3%
 4293  829x1071 0~255   11.3   72.6 14%
[13:38:42] [QC] std 변동계수(CV):  원본 0.514  ->  캔버스 0.020
[13:38:42] [QC] 정상 - 이미지 간 대비 편차가 크게 줄었습니다.
[13:38:42] [QC] 샘플 여백 중앙 14%
[13:38:42] [QC] 좌우(엄지) 방향 분포 집계
[13:38:46] [QC] 엄지 오른쪽 247 (82.3%) | 왼쪽 13 (4.3%) | 판정불가 40 (13.3%)
[13:38:46] [QC] 한쪽으로 쏠려 있습니다 (소수쪽 5.0%) -> 반전 증강 이득이 작을 수 있습니다. 결과 비교 시 참고하세요.
G:\Project\sinra_cho\convnexttiny_single_768x512_v13.py:1197: UserWarning: Glyph 50628 (\N{HANGUL SYLLABLE EOM}) missing from font(s) DejaVu Sans.
  plt.tight_layout()
G:\Project\sinra_cho\convnexttiny_single_768x512_v13.py:1197: UserWarning: Glyph 51648 (\N{HANGUL SYLLABLE JI}) missing from font(s) DejaVu Sans.
  plt.tight_layout()
G:\Project\sinra_cho\convnexttiny_single_768x512_v13.py:1197: UserWarning: Glyph 50724 (\N{HANGUL SYLLABLE O}) missing from font(s) DejaVu Sans.
  plt.tight_layout()
G:\Project\sinra_cho\convnexttiny_single_768x512_v13.py:1197: UserWarning: Glyph 47480 (\N{HANGUL SYLLABLE REUN}) missing from font(s) DejaVu Sans.
  plt.tight_layout()
G:\Project\sinra_cho\convnexttiny_single_768x512_v13.py:1197: UserWarning: Glyph 51901 (\N{HANGUL SYLLABLE JJOG}) missing from font(s) DejaVu Sans.
  plt.tight_layout()
G:\Project\sinra_cho\convnexttiny_single_768x512_v13.py:1197: UserWarning: Glyph 50812 (\N{HANGUL SYLLABLE OEN}) missing from font(s) DejaVu Sans.
  plt.tight_layout()
G:\Project\sinra_cho\convnexttiny_single_768x512_v13.py:1197: UserWarning: Glyph 54032 (\N{HANGUL SYLLABLE PAN}) missing from font(s) DejaVu Sans.
  plt.tight_layout()
G:\Project\sinra_cho\convnexttiny_single_768x512_v13.py:1197: UserWarning: Glyph 51221 (\N{HANGUL SYLLABLE JEONG}) missing from font(s) DejaVu Sans.
  plt.tight_layout()
G:\Project\sinra_cho\convnexttiny_single_768x512_v13.py:1197: UserWarning: Glyph 48520 (\N{HANGUL SYLLABLE BUL}) missing from font(s) DejaVu Sans.
  plt.tight_layout()
G:\Project\sinra_cho\convnexttiny_single_768x512_v13.py:1197: UserWarning: Glyph 44032 (\N{HANGUL SYLLABLE GA}) missing from font(s) DejaVu Sans.
  plt.tight_layout()
G:\Project\sinra_cho\convnexttiny_single_768x512_v13.py:1199: UserWarning: Glyph 50628 (\N{HANGUL SYLLABLE EOM}) missing from font(s) DejaVu Sans.
  plt.savefig(pth, dpi=110); plt.close()
G:\Project\sinra_cho\convnexttiny_single_768x512_v13.py:1199: UserWarning: Glyph 51648 (\N{HANGUL SYLLABLE JI}) missing from font(s) DejaVu Sans.
  plt.savefig(pth, dpi=110); plt.close()
G:\Project\sinra_cho\convnexttiny_single_768x512_v13.py:1199: UserWarning: Glyph 50724 (\N{HANGUL SYLLABLE O}) missing from font(s) DejaVu Sans.
  plt.savefig(pth, dpi=110); plt.close()
G:\Project\sinra_cho\convnexttiny_single_768x512_v13.py:1199: UserWarning: Glyph 47480 (\N{HANGUL SYLLABLE REUN}) missing from font(s) DejaVu Sans.
  plt.savefig(pth, dpi=110); plt.close()
G:\Project\sinra_cho\convnexttiny_single_768x512_v13.py:1199: UserWarning: Glyph 51901 (\N{HANGUL SYLLABLE JJOG}) missing from font(s) DejaVu Sans.
  plt.savefig(pth, dpi=110); plt.close()
G:\Project\sinra_cho\convnexttiny_single_768x512_v13.py:1199: UserWarning: Glyph 50812 (\N{HANGUL SYLLABLE OEN}) missing from font(s) DejaVu Sans.
  plt.savefig(pth, dpi=110); plt.close()
G:\Project\sinra_cho\convnexttiny_single_768x512_v13.py:1199: UserWarning: Glyph 54032 (\N{HANGUL SYLLABLE PAN}) missing from font(s) DejaVu Sans.
  plt.savefig(pth, dpi=110); plt.close()
G:\Project\sinra_cho\convnexttiny_single_768x512_v13.py:1199: UserWarning: Glyph 51221 (\N{HANGUL SYLLABLE JEONG}) missing from font(s) DejaVu Sans.
  plt.savefig(pth, dpi=110); plt.close()
G:\Project\sinra_cho\convnexttiny_single_768x512_v13.py:1199: UserWarning: Glyph 48520 (\N{HANGUL SYLLABLE BUL}) missing from font(s) DejaVu Sans.
  plt.savefig(pth, dpi=110); plt.close()
G:\Project\sinra_cho\convnexttiny_single_768x512_v13.py:1199: UserWarning: Glyph 44032 (\N{HANGUL SYLLABLE GA}) missing from font(s) DejaVu Sans.
  plt.savefig(pth, dpi=110); plt.close()
[13:38:47] [QC] 좌우 판정 시트 저장: G:\Project\sinra_cho\checkpoints_convnext_single_v13_ldl\qc_laterality.png  <- 판정이 맞는지 반드시 눈으로 확인하세요
[13:38:47] [스테이지2] 배치 수: train 518 | val 59
[13:38:49] [backbone] convnext_tiny.fb_in22k_ft_in1k_384 (pretrained=True, drop_path=0.15)
[13:38:49] [head] FiLM 성별조건화 stages=[2, 3] 채널=[384, 768] (0 초기화=항등)
[13:38:49] [head] 입력 768x512 -> 특징맵 768x24x16 · head_type=gap
[13:38:49] [head] 출력 240 (LDL 로짓 - softmax 기대값으로 환산)
G:\Project\sinra_cho\.venv\Lib\site-packages\torch\nn\modules\module.py:1329: UserWarning: expandable_segments not supported on this platform (Triggered internally at C:\actions-runner\_work\pytorch\pytorch\pytorch\c10/cuda/CUDAAllocatorConfig.h:28.)
  return t.to(
[13:38:49] [스테이지2] 파라미터 28.5M
[13:38:49] [스테이지2] 파라미터 그룹:
[13:38:49]   bb_decay    tensors= 58 params= 27.76M lr=4.0e-05 wd=0.05
[13:38:49]   bb_nodecay  tensors=122 params=  0.06M lr=4.0e-05 wd=0.0
[13:38:49]   hd_decay    tensors=  8 params=  0.64M lr=1.0e-04 wd=0.05
[13:38:49]   hd_nodecay  tensors= 10 params=  0.00M lr=1.0e-04 wd=0.0
[13:38:49] [스테이지2] 옵티마이저 스텝: 에폭당 518 · 총 51800 · warmup 2590
[13:38:49] [스테이지2] EMA 유효 창 ≈ 3.9 에폭
[13:38:49] [스테이지2] best.pt 선택 규칙 = 'ema' (학습 전 고정)
[13:38:49] [스테이지2] 새 학습 시작
[13:38:49] [손실] LDL  ℓ_MAE + 0.5·KL(G‖p)  (bins 240, δ 15.0)
[13:41:03]     ep01   103/518 train_mae 34.11 lr 3.98e-06
[13:42:57]     ep01   206/518 train_mae 34.53 lr 7.95e-06
[13:44:51]     ep01   309/518 train_mae 34.10 lr 1.19e-05
[13:46:47]     ep01   412/518 train_mae 33.41 lr 1.59e-05
[13:49:00]     ep01   515/518 train_mae 32.36 lr 1.99e-05
[13:50:16] [01/100] train 32.29 | val 19.67 (rmse 26.58) | KL 1.366 | val(ema) 34.59 | lr 20% | 11.4분  ** best.pt(ema) 34.59 **  [raw/ema 갱신]
[13:51:44]     ep02   103/518 train_mae 25.99 lr 2.40e-05
[13:53:08]     ep02   206/518 train_mae 23.79 lr 2.80e-05
[13:54:31]     ep02   309/518 train_mae 22.25 lr 3.19e-05
[13:55:55]     ep02   412/518 train_mae 20.81 lr 3.59e-05
[13:57:26]     ep02   515/518 train_mae 19.37 lr 3.99e-05
[13:58:13] [02/100] train 19.33 | val 8.80 (rmse 11.44) | KL 1.493 | val(ema) 32.77 | lr 40% | 7.9분  ** best.pt(ema) 32.77 **  [raw/ema 갱신]
[13:59:58]     ep03   103/518 train_mae 13.11 lr 4.40e-05
[14:01:48]     ep03   206/518 train_mae 12.49 lr 4.80e-05
[14:03:41]     ep03   309/518 train_mae 12.10 lr 5.19e-05
[14:05:33]     ep03   412/518 train_mae 11.83 lr 5.59e-05
[14:07:29]     ep03   515/518 train_mae 11.58 lr 5.99e-05
[14:08:09] [03/100] train 11.57 | val 8.54 (rmse 11.06) | KL 1.416 | val(ema) 26.44 | lr 60% | 9.9분  ** best.pt(ema) 26.44 **  [raw/ema 갱신]
[14:09:40]     ep04   103/518 train_mae 10.11 lr 6.40e-05
[14:11:11]     ep04   206/518 train_mae 10.09 lr 6.80e-05
[14:12:42]     ep04   309/518 train_mae 10.02 lr 7.19e-05
[14:14:12]     ep04   412/518 train_mae 9.77 lr 7.59e-05
[14:15:46]     ep04   515/518 train_mae 9.68 lr 7.99e-05
[14:16:23] [04/100] train 9.68 | val 8.66 (rmse 10.97) | KL 1.231 | val(ema) 20.85 | lr 80% | 8.2분  ** best.pt(ema) 20.85 **  [ema 갱신]
[14:17:56]     ep05   103/518 train_mae 9.46 lr 8.40e-05
[14:19:24]     ep05   206/518 train_mae 9.32 lr 8.80e-05
[14:20:53]     ep05   309/518 train_mae 9.18 lr 9.19e-05
[14:22:24]     ep05   412/518 train_mae 9.09 lr 9.59e-05
[14:23:54]     ep05   515/518 train_mae 9.04 lr 9.99e-05
[14:24:33] [05/100] train 9.04 | val 6.70 (rmse 9.06) | KL 1.070 | val(ema) 17.04 | lr 100% | 8.1분  ** best.pt(ema) 17.04 **  [raw/ema 갱신]
[14:26:02]     ep06   103/518 train_mae 8.32 lr 1.00e-04
[14:27:34]     ep06   206/518 train_mae 8.40 lr 1.00e-04
[14:29:02]     ep06   309/518 train_mae 8.40 lr 1.00e-04
[14:30:31]     ep06   412/518 train_mae 8.39 lr 1.00e-04
[14:32:00]     ep06   515/518 train_mae 8.27 lr 1.00e-04
[14:32:39] [06/100] train 8.27 | val 6.67 (rmse 8.81) | KL 0.927 | val(ema) 13.91 | lr 100% | 8.1분  ** best.pt(ema) 13.91 **  [raw/ema 갱신]
[14:34:13]     ep07   103/518 train_mae 7.77 lr 1.00e-04
[14:35:42]     ep07   206/518 train_mae 7.77 lr 9.99e-05
[14:37:11]     ep07   309/518 train_mae 7.71 lr 9.99e-05
[14:38:42]     ep07   412/518 train_mae 7.70 lr 9.99e-05
[14:40:14]     ep07   515/518 train_mae 7.69 lr 9.99e-05
[14:40:55] [07/100] train 7.69 | val 6.67 (rmse 8.88) | KL 0.770 | val(ema) 11.32 | lr 100% | 8.2분  ** best.pt(ema) 11.32 **  [raw/ema 갱신]
[14:42:32]     ep08   103/518 train_mae 7.59 lr 9.99e-05
[14:44:21]     ep08   206/518 train_mae 7.61 lr 9.98e-05
[14:46:04]     ep08   309/518 train_mae 7.59 lr 9.98e-05
[14:47:36]     ep08   412/518 train_mae 7.56 lr 9.98e-05
[14:49:10]     ep08   515/518 train_mae 7.51 lr 9.98e-05
[14:49:59] [08/100] train 7.50 | val 6.45 (rmse 8.70) | KL 0.641 | val(ema) 9.33 | lr 100% | 9.0분  ** best.pt(ema) 9.33 **  [raw/ema 갱신]
[14:51:45]     ep09   103/518 train_mae 7.60 lr 9.97e-05
[14:53:19]     ep09   206/518 train_mae 7.28 lr 9.97e-05
[14:54:54]     ep09   309/518 train_mae 7.38 lr 9.97e-05
[14:56:42]     ep09   412/518 train_mae 7.29 lr 9.96e-05
[14:58:29]     ep09   515/518 train_mae 7.27 lr 9.96e-05
[14:59:14] [09/100] train 7.27 | val 6.85 (rmse 9.14) | KL 0.528 | val(ema) 7.95 | lr 100% | 9.2분  ** best.pt(ema) 7.95 **  [ema 갱신]
[15:00:47]     ep10   103/518 train_mae 6.94 lr 9.95e-05
[15:02:20]     ep10   206/518 train_mae 6.95 lr 9.95e-05
[15:04:06]     ep10   309/518 train_mae 7.11 lr 9.94e-05
[15:05:57]     ep10   412/518 train_mae 7.11 lr 9.94e-05
[15:07:33]     ep10   515/518 train_mae 7.10 lr 9.93e-05
[15:08:15] [10/100] train 7.10 | val 6.18 (rmse 8.41) | KL 0.443 | val(ema) 7.16 | lr 99% | 9.0분  ** best.pt(ema) 7.16 **  [raw/ema 갱신]
[15:09:50]     ep11   103/518 train_mae 7.17 lr 9.93e-05
[15:11:35]     ep11   206/518 train_mae 7.25 lr 9.92e-05
[15:13:18]     ep11   309/518 train_mae 7.21 lr 9.92e-05
[15:14:52]     ep11   412/518 train_mae 7.14 lr 9.91e-05
[15:16:37]     ep11   515/518 train_mae 7.09 lr 9.90e-05
[15:17:22] [11/100] train 7.09 | val 6.26 (rmse 8.45) | KL 0.395 | val(ema) 6.74 | lr 99% | 9.1분  ** best.pt(ema) 6.74 **  [ema 갱신]
[15:19:09]     ep12   103/518 train_mae 6.96 lr 9.90e-05
[15:20:42]     ep12   206/518 train_mae 7.04 lr 9.89e-05
[15:22:14]     ep12   309/518 train_mae 6.95 lr 9.88e-05
[15:24:07]     ep12   412/518 train_mae 6.90 lr 9.88e-05
[15:25:57]     ep12   515/518 train_mae 6.90 lr 9.87e-05
[15:26:34] [12/100] train 6.91 | val 6.18 (rmse 8.41) | KL 0.359 | val(ema) 6.49 | lr 99% | 9.2분  ** best.pt(ema) 6.49 **  [ema 갱신]
[15:28:09]     ep13   103/518 train_mae 7.00 lr 9.86e-05
[15:29:47]     ep13   206/518 train_mae 6.92 lr 9.85e-05
[15:31:36]     ep13   309/518 train_mae 6.88 lr 9.85e-05
[15:33:23]     ep13   412/518 train_mae 6.92 lr 9.84e-05
[15:34:59]     ep13   515/518 train_mae 6.95 lr 9.83e-05
[15:35:35] [13/100] train 6.95 | val 6.27 (rmse 8.43) | KL 0.331 | val(ema) 6.35 | lr 98% | 9.0분  ** best.pt(ema) 6.35 **  [ema 갱신]
[15:37:15]     ep14   103/518 train_mae 7.00 lr 9.82e-05
[15:38:51]     ep14   206/518 train_mae 6.78 lr 9.81e-05
[15:40:33]     ep14   309/518 train_mae 6.79 lr 9.80e-05
[15:42:11]     ep14   412/518 train_mae 6.77 lr 9.79e-05
[15:43:48]     ep14   515/518 train_mae 6.76 lr 9.78e-05
[15:44:31] [14/100] train 6.77 | val 6.40 (rmse 8.66) | KL 0.311 | val(ema) 6.26 | lr 98% | 8.9분  ** best.pt(ema) 6.26 **  [ema 갱신]
[15:46:13]     ep15   103/518 train_mae 6.70 lr 9.78e-05
[15:47:52]     ep15   206/518 train_mae 6.68 lr 9.77e-05
[15:49:37]     ep15   309/518 train_mae 6.72 lr 9.76e-05
[15:51:12]     ep15   412/518 train_mae 6.70 lr 9.75e-05
[15:52:48]     ep15   515/518 train_mae 6.69 lr 9.73e-05
[15:53:29] [15/100] train 6.70 | val 6.67 (rmse 9.01) | KL 0.295 | val(ema) 6.19 | lr 97% | 8.9분  ** best.pt(ema) 6.19 **  [ema 갱신]
[15:55:09]     ep16   103/518 train_mae 6.89 lr 9.72e-05
[15:56:45]     ep16   206/518 train_mae 6.71 lr 9.71e-05
[15:58:21]     ep16   309/518 train_mae 6.67 lr 9.70e-05
[15:59:59]     ep16   412/518 train_mae 6.59 lr 9.69e-05
[16:01:44]     ep16   515/518 train_mae 6.61 lr 9.68e-05
[16:02:32] [16/100] train 6.61 | val 6.25 (rmse 8.46) | KL 0.285 | val(ema) 6.13 | lr 97% | 9.0분  ** best.pt(ema) 6.13 **  [ema 갱신]
[16:04:17]     ep17   103/518 train_mae 6.50 lr 9.67e-05
[16:05:49]     ep17   206/518 train_mae 6.51 lr 9.66e-05
[16:07:47]     ep17   309/518 train_mae 6.54 lr 9.64e-05
[16:10:05]     ep17   412/518 train_mae 6.54 lr 9.63e-05
[16:12:11]     ep17   515/518 train_mae 6.55 lr 9.62e-05
[16:13:03] [17/100] train 6.55 | val 6.42 (rmse 8.60) | KL 0.274 | val(ema) 6.09 | lr 96% | 10.5분  ** best.pt(ema) 6.09 **  [ema 갱신]
[16:14:54]     ep18   103/518 train_mae 6.45 lr 9.61e-05
[16:17:21]     ep18   206/518 train_mae 6.51 lr 9.59e-05
[16:19:33]     ep18   309/518 train_mae 6.54 lr 9.58e-05
[16:21:30]     ep18   412/518 train_mae 6.51 lr 9.57e-05
[16:23:44]     ep18   515/518 train_mae 6.53 lr 9.55e-05
[16:24:44] [18/100] train 6.54 | val 6.25 (rmse 8.67) | KL 0.270 | val(ema) 6.07 | lr 96% | 11.7분  ** best.pt(ema) 6.07 **  [ema 갱신]
[16:27:00]     ep19   103/518 train_mae 6.64 lr 9.54e-05
[16:29:00]     ep19   206/518 train_mae 6.60 lr 9.53e-05
[16:31:05]     ep19   309/518 train_mae 6.55 lr 9.51e-05
[16:33:30]     ep19   412/518 train_mae 6.60 lr 9.50e-05
[16:35:38]     ep19   515/518 train_mae 6.52 lr 9.48e-05
[16:36:38] [19/100] train 6.52 | val 6.30 (rmse 8.66) | KL 0.262 | val(ema) 6.03 | lr 95% | 11.9분  ** best.pt(ema) 6.03 **  [ema 갱신]
[16:38:32]     ep20   103/518 train_mae 6.57 lr 9.47e-05
[16:40:56]     ep20   206/518 train_mae 6.49 lr 9.46e-05
[16:43:04]     ep20   309/518 train_mae 6.48 lr 9.44e-05
[16:45:04]     ep20   412/518 train_mae 6.44 lr 9.43e-05
[16:47:24]     ep20   515/518 train_mae 6.45 lr 9.41e-05
[16:48:22] [20/100] train 6.45 | val 6.05 (rmse 8.22) | KL 0.255 | val(ema) 6.00 | lr 94% | 11.7분  ** best.pt(ema) 6.00 **  [raw/ema 갱신]
[16:50:35]     ep21   103/518 train_mae 6.26 lr 9.39e-05
[16:52:40]     ep21   206/518 train_mae 6.25 lr 9.38e-05
[16:54:45]     ep21   309/518 train_mae 6.29 lr 9.36e-05
[16:57:25]     ep21   412/518 train_mae 6.31 lr 9.35e-05
[17:00:03]     ep21   515/518 train_mae 6.33 lr 9.33e-05
[17:01:10] [21/100] train 6.33 | val 6.04 (rmse 8.22) | KL 0.247 | val(ema) 5.96 | lr 93% | 12.7분  ** best.pt(ema) 5.96 **  [raw/ema 갱신]
[17:03:02]     ep22   103/518 train_mae 6.21 lr 9.31e-05
[17:05:17]     ep22   206/518 train_mae 6.32 lr 9.30e-05
[17:07:41]     ep22   309/518 train_mae 6.27 lr 9.28e-05
[17:09:42]     ep22   412/518 train_mae 6.33 lr 9.26e-05
[17:11:40]     ep22   515/518 train_mae 6.34 lr 9.25e-05
[17:12:41] [22/100] train 6.34 | val 6.19 (rmse 8.38) | KL 0.244 | val(ema) 5.94 | lr 92% | 11.5분  ** best.pt(ema) 5.94 **  [ema 갱신]
[17:15:00]     ep23   103/518 train_mae 6.36 lr 9.23e-05
[17:17:01]     ep23   206/518 train_mae 6.32 lr 9.21e-05
[17:19:01]     ep23   309/518 train_mae 6.32 lr 9.19e-05
[17:21:22]     ep23   412/518 train_mae 6.33 lr 9.18e-05
[17:23:41]     ep23   515/518 train_mae 6.31 lr 9.16e-05
[17:24:28] [23/100] train 6.31 | val 6.07 (rmse 8.23) | KL 0.239 | val(ema) 5.91 | lr 92% | 11.8분  ** best.pt(ema) 5.91 **  [ema 갱신]
[17:26:22]     ep24   103/518 train_mae 6.19 lr 9.14e-05
[17:28:04]     ep24   206/518 train_mae 6.29 lr 9.12e-05
[17:29:46]     ep24   309/518 train_mae 6.26 lr 9.10e-05
[17:31:28]     ep24   412/518 train_mae 6.24 lr 9.08e-05
[17:33:05]     ep24   515/518 train_mae 6.25 lr 9.06e-05
[17:33:48] [24/100] train 6.25 | val 6.21 (rmse 8.40) | KL 0.234 | val(ema) 5.90 | lr 91% | 9.3분  ** best.pt(ema) 5.90 **  [ema 갱신]
[17:35:19]     ep25   103/518 train_mae 6.14 lr 9.05e-05
[17:36:53]     ep25   206/518 train_mae 6.19 lr 9.03e-05
[17:38:27]     ep25   309/518 train_mae 6.24 lr 9.01e-05
[17:40:01]     ep25   412/518 train_mae 6.18 lr 8.99e-05
[17:41:35]     ep25   515/518 train_mae 6.19 lr 8.97e-05
[17:42:15] [25/100] train 6.19 | val 6.46 (rmse 8.89) | KL 0.229 | val(ema) 5.88 | lr 90% | 8.4분  ** best.pt(ema) 5.88 **  [ema 갱신]
[17:43:42]     ep26   103/518 train_mae 6.26 lr 8.95e-05
[17:45:09]     ep26   206/518 train_mae 6.26 lr 8.93e-05
[17:46:36]     ep26   309/518 train_mae 6.16 lr 8.91e-05
[17:48:01]     ep26   412/518 train_mae 6.14 lr 8.89e-05
[17:49:27]     ep26   515/518 train_mae 6.17 lr 8.87e-05
[17:50:02] [26/100] train 6.16 | val 6.27 (rmse 8.49) | KL 0.227 | val(ema) 5.88 | lr 89% | 7.8분  ** best.pt(ema) 5.88 **  [ema 갱신]
[17:51:28]     ep27   103/518 train_mae 6.22 lr 8.84e-05
[17:52:54]     ep27   206/518 train_mae 6.08 lr 8.82e-05
[17:54:21]     ep27   309/518 train_mae 6.15 lr 8.80e-05
[17:55:48]     ep27   412/518 train_mae 6.17 lr 8.78e-05
[17:57:14]     ep27   515/518 train_mae 6.17 lr 8.76e-05
[17:57:51] [27/100] train 6.17 | val 6.22 (rmse 8.50) | KL 0.226 | val(ema) 5.87 | lr 88% | 7.8분  ** best.pt(ema) 5.87 **  [ema 갱신]
[17:59:18]     ep28   103/518 train_mae 5.92 lr 8.74e-05
[18:00:56]     ep28   206/518 train_mae 6.08 lr 8.72e-05
[18:02:41]     ep28   309/518 train_mae 6.18 lr 8.69e-05
[18:04:25]     ep28   412/518 train_mae 6.16 lr 8.67e-05
[18:06:10]     ep28   515/518 train_mae 6.13 lr 8.65e-05
[18:06:58] [28/100] train 6.12 | val 5.91 (rmse 8.13) | KL 0.223 | val(ema) 5.86 | lr 86% | 9.1분  ** best.pt(ema) 5.86 **  [raw/ema 갱신]
[18:08:40]     ep29   103/518 train_mae 5.93 lr 8.63e-05
[18:10:34]     ep29   206/518 train_mae 6.01 lr 8.61e-05
[18:12:20]     ep29   309/518 train_mae 5.96 lr 8.58e-05
[18:14:12]     ep29   412/518 train_mae 5.99 lr 8.56e-05
[18:16:03]     ep29   515/518 train_mae 6.02 lr 8.54e-05
[18:16:52] [29/100] train 6.02 | val 5.98 (rmse 8.25) | KL 0.219 | val(ema) 5.85 | lr 85% | 9.9분  ** best.pt(ema) 5.85 **  [ema 갱신]
[18:18:39]     ep30   103/518 train_mae 5.96 lr 8.51e-05
[18:20:29]     ep30   206/518 train_mae 5.97 lr 8.49e-05
[18:22:25]     ep30   309/518 train_mae 6.00 lr 8.47e-05
[18:24:18]     ep30   412/518 train_mae 6.07 lr 8.44e-05
[18:26:09]     ep30   515/518 train_mae 6.07 lr 8.42e-05
[18:27:01] [30/100] train 6.07 | val 6.08 (rmse 8.28) | KL 0.217 | val(ema) 5.85 | lr 84% | 10.1분  ** best.pt(ema) 5.85 **  [ema 갱신]
[18:28:47]     ep31   103/518 train_mae 6.10 lr 8.40e-05
[18:30:29]     ep31   206/518 train_mae 5.99 lr 8.37e-05
[18:31:58]     ep31   309/518 train_mae 6.02 lr 8.35e-05
[18:33:24]     ep31   412/518 train_mae 6.04 lr 8.32e-05
[18:34:52]     ep31   515/518 train_mae 6.02 lr 8.30e-05
[18:35:29] [31/100] train 6.02 | val 5.96 (rmse 8.17) | KL 0.212 | val(ema) 5.84 | lr 83% | 8.4분  ** best.pt(ema) 5.84 **  [ema 갱신]
[18:36:56]     ep32   103/518 train_mae 6.06 lr 8.27e-05
[18:38:20]     ep32   206/518 train_mae 6.10 lr 8.25e-05
[18:39:45]     ep32   309/518 train_mae 6.08 lr 8.22e-05
[18:41:09]     ep32   412/518 train_mae 5.98 lr 8.20e-05
[18:42:34]     ep32   515/518 train_mae 5.99 lr 8.17e-05
[18:43:09] [32/100] train 5.99 | val 6.07 (rmse 8.31) | KL 0.212 | val(ema) 5.83 | lr 82% | 7.6분  ** best.pt(ema) 5.83 **  [ema 갱신]
[18:44:34]     ep33   103/518 train_mae 5.86 lr 8.15e-05
[18:45:59]     ep33   206/518 train_mae 5.85 lr 8.12e-05
[18:47:24]     ep33   309/518 train_mae 5.84 lr 8.10e-05
[18:48:49]     ep33   412/518 train_mae 5.86 lr 8.07e-05
[18:50:14]     ep33   515/518 train_mae 5.88 lr 8.05e-05
[18:50:49] [33/100] train 5.88 | val 6.07 (rmse 8.21) | KL 0.208 | val(ema) 5.83 | lr 80% | 7.6분  ** best.pt(ema) 5.83 **  [ema 갱신]
[18:52:13]     ep34   103/518 train_mae 5.96 lr 8.02e-05
[18:53:38]     ep34   206/518 train_mae 5.83 lr 7.99e-05
[18:55:02]     ep34   309/518 train_mae 5.85 lr 7.97e-05
[18:56:28]     ep34   412/518 train_mae 5.86 lr 7.94e-05
[18:57:53]     ep34   515/518 train_mae 5.85 lr 7.92e-05
[18:58:29] [34/100] train 5.85 | val 5.98 (rmse 8.21) | KL 0.204 | val(ema) 5.83 | lr 79% | 7.6분  ** best.pt(ema) 5.83 **  [ema 갱신]
[18:59:55]     ep35   103/518 train_mae 5.83 lr 7.89e-05
[19:01:20]     ep35   206/518 train_mae 5.87 lr 7.86e-05
[19:02:45]     ep35   309/518 train_mae 5.90 lr 7.83e-05
[19:04:10]     ep35   412/518 train_mae 5.84 lr 7.81e-05
[19:05:48]     ep35   515/518 train_mae 5.83 lr 7.78e-05
[19:06:36] [35/100] train 5.83 | val 6.22 (rmse 8.56) | KL 0.202 | val(ema) 5.83 | lr 78% | 8.1분
[19:08:03]     ep36   103/518 train_mae 5.64 lr 7.75e-05
[19:09:26]     ep36   206/518 train_mae 5.70 lr 7.73e-05
[19:10:50]     ep36   309/518 train_mae 5.74 lr 7.70e-05
[19:12:16]     ep36   412/518 train_mae 5.71 lr 7.67e-05
[19:13:40]     ep36   515/518 train_mae 5.77 lr 7.64e-05
[19:14:16] [36/100] train 5.77 | val 6.04 (rmse 8.41) | KL 0.201 | val(ema) 5.84 | lr 76% | 7.7분
[19:15:41]     ep37   103/518 train_mae 5.96 lr 7.62e-05
[19:17:07]     ep37   206/518 train_mae 5.88 lr 7.59e-05
[19:18:34]     ep37   309/518 train_mae 5.84 lr 7.56e-05
[19:19:59]     ep37   412/518 train_mae 5.80 lr 7.53e-05
[19:21:23]     ep37   515/518 train_mae 5.76 lr 7.50e-05
[19:21:59] [37/100] train 5.76 | val 6.07 (rmse 8.32) | KL 0.198 | val(ema) 5.84 | lr 75% | 7.7분
[19:23:26]     ep38   103/518 train_mae 5.53 lr 7.48e-05
[19:25:02]     ep38   206/518 train_mae 5.66 lr 7.45e-05
[19:26:48]     ep38   309/518 train_mae 5.72 lr 7.42e-05
[19:28:33]     ep38   412/518 train_mae 5.71 lr 7.39e-05
[19:30:21]     ep38   515/518 train_mae 5.68 lr 7.36e-05
[19:31:08] [38/100] train 5.68 | val 6.19 (rmse 8.58) | KL 0.195 | val(ema) 5.85 | lr 74% | 9.1분
[19:32:39]     ep39   103/518 train_mae 5.62 lr 7.33e-05
[19:34:11]     ep39   206/518 train_mae 5.69 lr 7.30e-05
[19:35:42]     ep39   309/518 train_mae 5.66 lr 7.27e-05
[19:37:14]     ep39   412/518 train_mae 5.66 lr 7.25e-05
[19:38:44]     ep39   515/518 train_mae 5.67 lr 7.22e-05
[19:39:20] [39/100] train 5.67 | val 6.28 (rmse 8.50) | KL 0.195 | val(ema) 5.85 | lr 72% | 8.2분
[19:40:46]     ep40   103/518 train_mae 5.71 lr 7.19e-05
[19:42:10]     ep40   206/518 train_mae 5.67 lr 7.16e-05
[19:43:34]     ep40   309/518 train_mae 5.63 lr 7.13e-05
[19:45:02]     ep40   412/518 train_mae 5.63 lr 7.10e-05
[19:46:29]     ep40   515/518 train_mae 5.62 lr 7.07e-05
[19:47:05] [40/100] train 5.63 | val 6.09 (rmse 8.37) | KL 0.193 | val(ema) 5.85 | lr 71% | 7.8분
[19:48:29]     ep41   103/518 train_mae 5.56 lr 7.04e-05
[19:49:58]     ep41   206/518 train_mae 5.54 lr 7.01e-05
[19:51:25]     ep41   309/518 train_mae 5.56 lr 6.98e-05
[19:52:49]     ep41   412/518 train_mae 5.57 lr 6.95e-05
[19:54:13]     ep41   515/518 train_mae 5.61 lr 6.92e-05
[19:54:49] [41/100] train 5.61 | val 6.06 (rmse 8.39) | KL 0.191 | val(ema) 5.86 | lr 69% | 7.7분
[19:56:15]     ep42   103/518 train_mae 5.42 lr 6.89e-05
[19:57:41]     ep42   206/518 train_mae 5.38 lr 6.86e-05
[19:59:07]     ep42   309/518 train_mae 5.45 lr 6.83e-05
[20:00:31]     ep42   412/518 train_mae 5.47 lr 6.80e-05
[20:01:56]     ep42   515/518 train_mae 5.52 lr 6.77e-05
[20:02:30] [42/100] train 5.52 | val 6.02 (rmse 8.29) | KL 0.188 | val(ema) 5.86 | lr 68% | 7.7분
[20:03:56]     ep43   103/518 train_mae 5.60 lr 6.74e-05
[20:05:20]     ep43   206/518 train_mae 5.54 lr 6.71e-05
[20:06:45]     ep43   309/518 train_mae 5.55 lr 6.68e-05
[20:08:10]     ep43   412/518 train_mae 5.49 lr 6.65e-05
[20:09:36]     ep43   515/518 train_mae 5.51 lr 6.62e-05
[20:10:12] [43/100] train 5.50 | val 6.05 (rmse 8.32) | KL 0.187 | val(ema) 5.86 | lr 66% | 7.7분
[20:11:39]     ep44   103/518 train_mae 5.33 lr 6.58e-05
[20:13:04]     ep44   206/518 train_mae 5.43 lr 6.55e-05
[20:14:28]     ep44   309/518 train_mae 5.42 lr 6.52e-05
[20:15:54]     ep44   412/518 train_mae 5.42 lr 6.49e-05
[20:17:19]     ep44   515/518 train_mae 5.46 lr 6.46e-05
[20:17:57] [44/100] train 5.46 | val 6.12 (rmse 8.42) | KL 0.184 | val(ema) 5.86 | lr 65% | 7.7분
[20:19:28]     ep45   103/518 train_mae 5.29 lr 6.43e-05
[20:20:53]     ep45   206/518 train_mae 5.39 lr 6.40e-05
[20:22:19]     ep45   309/518 train_mae 5.43 lr 6.37e-05
[20:23:43]     ep45   412/518 train_mae 5.42 lr 6.34e-05
[20:25:11]     ep45   515/518 train_mae 5.43 lr 6.30e-05
[20:25:46] [45/100] train 5.43 | val 5.99 (rmse 8.31) | KL 0.184 | val(ema) 5.87 | lr 63% | 7.8분
[20:27:11]     ep46   103/518 train_mae 5.53 lr 6.27e-05
[20:28:36]     ep46   206/518 train_mae 5.43 lr 6.24e-05
[20:30:01]     ep46   309/518 train_mae 5.40 lr 6.21e-05
[20:31:25]     ep46   412/518 train_mae 5.42 lr 6.18e-05
[20:32:48]     ep46   515/518 train_mae 5.42 lr 6.15e-05
[20:33:23] [46/100] train 5.41 | val 6.15 (rmse 8.44) | KL 0.181 | val(ema) 5.87 | lr 61% | 7.6분
[20:34:50]     ep47   103/518 train_mae 5.30 lr 6.11e-05
[20:36:15]     ep47   206/518 train_mae 5.33 lr 6.08e-05
[20:37:40]     ep47   309/518 train_mae 5.37 lr 6.05e-05
[20:39:06]     ep47   412/518 train_mae 5.34 lr 6.02e-05
[20:40:31]     ep47   515/518 train_mae 5.37 lr 5.99e-05
[20:41:06] [47/100] train 5.37 | val 6.14 (rmse 8.43) | KL 0.178 | val(ema) 5.88 | lr 60% | 7.7분
[20:42:36]     ep48   103/518 train_mae 5.35 lr 5.95e-05
[20:44:08]     ep48   206/518 train_mae 5.25 lr 5.92e-05
[20:45:42]     ep48   309/518 train_mae 5.29 lr 5.89e-05
[20:47:17]     ep48   412/518 train_mae 5.30 lr 5.86e-05
[20:48:46]     ep48   515/518 train_mae 5.30 lr 5.83e-05
[20:49:22] [48/100] train 5.30 | val 6.06 (rmse 8.37) | KL 0.177 | val(ema) 5.89 | lr 58% | 8.3분
[20:50:48]     ep49   103/518 train_mae 5.29 lr 5.79e-05
[20:52:15]     ep49   206/518 train_mae 5.31 lr 5.76e-05
[20:53:39]     ep49   309/518 train_mae 5.27 lr 5.73e-05
[20:55:04]     ep49   412/518 train_mae 5.24 lr 5.70e-05
[20:56:30]     ep49   515/518 train_mae 5.24 lr 5.67e-05
[20:57:06] [49/100] train 5.24 | val 6.15 (rmse 8.52) | KL 0.175 | val(ema) 5.89 | lr 57% | 7.7분
[20:58:35]     ep50   103/518 train_mae 5.10 lr 5.63e-05
[21:00:01]     ep50   206/518 train_mae 5.10 lr 5.60e-05
[21:01:26]     ep50   309/518 train_mae 5.18 lr 5.57e-05
[21:02:52]     ep50   412/518 train_mae 5.23 lr 5.54e-05
[21:04:16]     ep50   515/518 train_mae 5.24 lr 5.51e-05
[21:04:50] [50/100] train 5.24 | val 5.96 (rmse 8.29) | KL 0.174 | val(ema) 5.89 | lr 55% | 7.7분
[21:06:15]     ep51   103/518 train_mae 5.29 lr 5.47e-05
[21:07:49]     ep51   206/518 train_mae 5.13 lr 5.44e-05
[21:09:35]     ep51   309/518 train_mae 5.15 lr 5.41e-05
[21:11:20]     ep51   412/518 train_mae 5.19 lr 5.38e-05
[21:13:08]     ep51   515/518 train_mae 5.20 lr 5.34e-05
[21:13:54] [51/100] train 5.21 | val 6.09 (rmse 8.45) | KL 0.173 | val(ema) 5.90 | lr 53% | 9.1분
[21:15:29]     ep52   103/518 train_mae 4.96 lr 5.31e-05
[21:17:03]     ep52   206/518 train_mae 5.07 lr 5.28e-05
[21:18:34]     ep52   309/518 train_mae 5.11 lr 5.25e-05
[21:20:05]     ep52   412/518 train_mae 5.11 lr 5.21e-05
[21:21:37]     ep52   515/518 train_mae 5.12 lr 5.18e-05
[21:22:12] [52/100] train 5.12 | val 6.09 (rmse 8.47) | KL 0.170 | val(ema) 5.90 | lr 52% | 8.3분
[21:23:39]     ep53   103/518 train_mae 5.22 lr 5.15e-05
[21:25:06]     ep53   206/518 train_mae 5.13 lr 5.12e-05
[21:26:30]     ep53   309/518 train_mae 5.11 lr 5.08e-05
[21:27:57]     ep53   412/518 train_mae 5.12 lr 5.05e-05
[21:29:22]     ep53   515/518 train_mae 5.13 lr 5.02e-05
[21:29:58] [53/100] train 5.13 | val 6.04 (rmse 8.45) | KL 0.172 | val(ema) 5.91 | lr 50% | 7.7분
[21:31:21]     ep54   103/518 train_mae 4.90 lr 4.99e-05
[21:32:46]     ep54   206/518 train_mae 5.04 lr 4.95e-05
[21:34:11]     ep54   309/518 train_mae 5.07 lr 4.92e-05
[21:35:40]     ep54   412/518 train_mae 5.06 lr 4.89e-05
[21:37:07]     ep54   515/518 train_mae 5.05 lr 4.86e-05
[21:37:42] [54/100] train 5.05 | val 6.02 (rmse 8.33) | KL 0.169 | val(ema) 5.91 | lr 49% | 7.7분
[21:39:09]     ep55   103/518 train_mae 5.10 lr 4.83e-05
[21:40:36]     ep55   206/518 train_mae 5.13 lr 4.79e-05
[21:42:09]     ep55   309/518 train_mae 5.09 lr 4.76e-05
[21:43:35]     ep55   412/518 train_mae 5.09 lr 4.73e-05
[21:45:00]     ep55   515/518 train_mae 5.07 lr 4.70e-05
[21:45:35] [55/100] train 5.06 | val 6.24 (rmse 8.71) | KL 0.168 | val(ema) 5.91 | lr 47% | 7.9분
[21:47:04]     ep56   103/518 train_mae 4.98 lr 4.66e-05
[21:48:29]     ep56   206/518 train_mae 4.99 lr 4.63e-05
[21:49:54]     ep56   309/518 train_mae 4.98 lr 4.60e-05
[21:51:19]     ep56   412/518 train_mae 4.95 lr 4.57e-05
[21:52:45]     ep56   515/518 train_mae 4.96 lr 4.54e-05
[21:53:20] [56/100] train 4.96 | val 6.04 (rmse 8.49) | KL 0.167 | val(ema) 5.92 | lr 45% | 7.7분
[21:54:44]     ep57   103/518 train_mae 5.08 lr 4.50e-05
[21:56:10]     ep57   206/518 train_mae 5.05 lr 4.47e-05
[21:57:35]     ep57   309/518 train_mae 5.01 lr 4.44e-05
[21:58:59]     ep57   412/518 train_mae 4.98 lr 4.41e-05
[22:00:23]     ep57   515/518 train_mae 4.94 lr 4.37e-05
[22:01:01] [57/100] train 4.94 | val 6.12 (rmse 8.48) | KL 0.167 | val(ema) 5.93 | lr 44% | 7.7분
[22:02:43]     ep58   103/518 train_mae 5.03 lr 4.34e-05
[22:04:23]     ep58   206/518 train_mae 4.97 lr 4.31e-05
[22:06:10]     ep58   309/518 train_mae 4.95 lr 4.28e-05
[22:07:57]     ep58   412/518 train_mae 4.95 lr 4.25e-05
[22:09:42]     ep58   515/518 train_mae 4.93 lr 4.21e-05
[22:10:42] [58/100] train 4.93 | val 6.11 (rmse 8.61) | KL 0.167 | val(ema) 5.93 | lr 42% | 9.7분
[22:12:23]     ep59   103/518 train_mae 4.77 lr 4.18e-05
[22:14:06]     ep59   206/518 train_mae 4.83 lr 4.15e-05
[22:15:53]     ep59   309/518 train_mae 4.86 lr 4.12e-05
[22:17:38]     ep59   412/518 train_mae 4.88 lr 4.09e-05
[22:19:27]     ep59   515/518 train_mae 4.86 lr 4.06e-05
[22:20:22] [59/100] train 4.88 | val 6.07 (rmse 8.53) | KL 0.165 | val(ema) 5.94 | lr 41% | 9.7분
[22:22:05]     ep60   103/518 train_mae 4.77 lr 4.02e-05
[22:23:47]     ep60   206/518 train_mae 4.80 lr 3.99e-05
[22:25:20]     ep60   309/518 train_mae 4.85 lr 3.96e-05
[22:26:44]     ep60   412/518 train_mae 4.85 lr 3.93e-05
[22:28:09]     ep60   515/518 train_mae 4.87 lr 3.90e-05
[22:28:43] [60/100] train 4.86 | val 6.01 (rmse 8.45) | KL 0.164 | val(ema) 5.94 | lr 39% | 8.3분
[22:30:07]     ep61   103/518 train_mae 4.65 lr 3.87e-05
[22:31:32]     ep61   206/518 train_mae 4.65 lr 3.84e-05
[22:32:57]     ep61   309/518 train_mae 4.76 lr 3.80e-05
[22:34:21]     ep61   412/518 train_mae 4.79 lr 3.77e-05
[22:35:45]     ep61   515/518 train_mae 4.76 lr 3.74e-05
[22:36:20] [61/100] train 4.76 | val 6.09 (rmse 8.48) | KL 0.162 | val(ema) 5.95 | lr 37% | 7.6분
[22:37:45]     ep62   103/518 train_mae 4.70 lr 3.71e-05
[22:39:08]     ep62   206/518 train_mae 4.80 lr 3.68e-05
[22:40:32]     ep62   309/518 train_mae 4.81 lr 3.65e-05
[22:41:56]     ep62   412/518 train_mae 4.81 lr 3.62e-05
[22:43:20]     ep62   515/518 train_mae 4.77 lr 3.59e-05
[22:43:54] [62/100] train 4.78 | val 6.06 (rmse 8.48) | KL 0.163 | val(ema) 5.95 | lr 36% | 7.6분
[22:45:19]     ep63   103/518 train_mae 4.64 lr 3.56e-05
[22:46:44]     ep63   206/518 train_mae 4.66 lr 3.52e-05
[22:48:08]     ep63   309/518 train_mae 4.70 lr 3.49e-05
[22:49:32]     ep63   412/518 train_mae 4.72 lr 3.46e-05
[22:50:56]     ep63   515/518 train_mae 4.72 lr 3.43e-05
[22:51:31] [63/100] train 4.72 | val 6.02 (rmse 8.44) | KL 0.161 | val(ema) 5.97 | lr 34% | 7.6분
[22:52:55]     ep64   103/518 train_mae 4.69 lr 3.40e-05
[22:54:21]     ep64   206/518 train_mae 4.67 lr 3.37e-05
[22:55:45]     ep64   309/518 train_mae 4.68 lr 3.34e-05
[22:57:09]     ep64   412/518 train_mae 4.70 lr 3.31e-05
[22:58:33]     ep64   515/518 train_mae 4.72 lr 3.28e-05
[22:59:08] [64/100] train 4.72 | val 6.16 (rmse 8.64) | KL 0.161 | val(ema) 5.97 | lr 33% | 7.6분
[23:00:35]     ep65   103/518 train_mae 4.56 lr 3.25e-05
[23:01:59]     ep65   206/518 train_mae 4.62 lr 3.22e-05
[23:03:22]     ep65   309/518 train_mae 4.64 lr 3.19e-05
[23:04:47]     ep65   412/518 train_mae 4.64 lr 3.16e-05
[23:06:11]     ep65   515/518 train_mae 4.65 lr 3.13e-05
[23:06:46] [65/100] train 4.65 | val 6.15 (rmse 8.58) | KL 0.158 | val(ema) 5.98 | lr 31% | 7.6분
[23:08:10]     ep66   103/518 train_mae 4.65 lr 3.10e-05
[23:09:35]     ep66   206/518 train_mae 4.59 lr 3.07e-05
[23:11:02]     ep66   309/518 train_mae 4.59 lr 3.04e-05
[23:12:27]     ep66   412/518 train_mae 4.63 lr 3.01e-05
[23:13:54]     ep66   515/518 train_mae 4.61 lr 2.99e-05
[23:14:29] [66/100] train 4.62 | val 6.11 (rmse 8.54) | KL 0.156 | val(ema) 5.99 | lr 30% | 7.7분
[23:15:54]     ep67   103/518 train_mae 4.41 lr 2.96e-05
[23:17:18]     ep67   206/518 train_mae 4.49 lr 2.93e-05
[23:18:42]     ep67   309/518 train_mae 4.52 lr 2.90e-05
[23:20:05]     ep67   412/518 train_mae 4.56 lr 2.87e-05
[23:21:29]     ep67   515/518 train_mae 4.57 lr 2.84e-05
[23:22:04] [67/100] train 4.57 | val 6.04 (rmse 8.46) | KL 0.156 | val(ema) 6.00 | lr 28% | 7.6분
[23:23:31]     ep68   103/518 train_mae 4.42 lr 2.81e-05
[23:24:55]     ep68   206/518 train_mae 4.50 lr 2.78e-05
[23:26:19]     ep68   309/518 train_mae 4.54 lr 2.75e-05
[23:27:46]     ep68   412/518 train_mae 4.55 lr 2.73e-05
[23:29:10]     ep68   515/518 train_mae 4.54 lr 2.70e-05
[23:29:45] [68/100] train 4.53 | val 6.15 (rmse 8.54) | KL 0.156 | val(ema) 6.00 | lr 27% | 7.7분
[23:31:09]     ep69   103/518 train_mae 4.59 lr 2.67e-05
[23:32:33]     ep69   206/518 train_mae 4.61 lr 2.64e-05
[23:33:57]     ep69   309/518 train_mae 4.62 lr 2.61e-05
[23:35:20]     ep69   412/518 train_mae 4.56 lr 2.59e-05
[23:36:44]     ep69   515/518 train_mae 4.57 lr 2.56e-05
[23:37:19] [69/100] train 4.58 | val 6.08 (rmse 8.42) | KL 0.157 | val(ema) 6.00 | lr 26% | 7.6분
[23:39:10]     ep70   103/518 train_mae 4.29 lr 2.53e-05
[23:40:54]     ep70   206/518 train_mae 4.39 lr 2.50e-05
[23:42:49]     ep70   309/518 train_mae 4.42 lr 2.48e-05
[23:44:44]     ep70   412/518 train_mae 4.45 lr 2.45e-05
[23:46:38]     ep70   515/518 train_mae 4.46 lr 2.42e-05
[23:47:24] [70/100] train 4.46 | val 6.11 (rmse 8.50) | KL 0.154 | val(ema) 6.01 | lr 24% | 10.1분
[23:49:22]     ep71   103/518 train_mae 4.62 lr 2.39e-05
[23:51:16]     ep71   206/518 train_mae 4.53 lr 2.37e-05
[23:53:06]     ep71   309/518 train_mae 4.49 lr 2.34e-05
[23:54:57]     ep71   412/518 train_mae 4.46 lr 2.31e-05
[23:56:57]     ep71   515/518 train_mae 4.42 lr 2.29e-05
[23:57:45] [71/100] train 4.42 | val 5.98 (rmse 8.40) | KL 0.153 | val(ema) 6.00 | lr 23% | 10.3분
[23:59:39]     ep72   103/518 train_mae 4.45 lr 2.26e-05
[00:01:31]     ep72   206/518 train_mae 4.44 lr 2.23e-05
[00:03:22]     ep72   309/518 train_mae 4.45 lr 2.21e-05
[00:05:18]     ep72   412/518 train_mae 4.45 lr 2.18e-05
[00:07:07]     ep72   515/518 train_mae 4.46 lr 2.16e-05
[00:07:54] [72/100] train 4.46 | val 6.10 (rmse 8.48) | KL 0.154 | val(ema) 6.00 | lr 22% | 10.1분
[00:09:50]     ep73   103/518 train_mae 4.36 lr 2.13e-05
[00:11:44]     ep73   206/518 train_mae 4.40 lr 2.10e-05
[00:13:40]     ep73   309/518 train_mae 4.38 lr 2.08e-05
[00:15:32]     ep73   412/518 train_mae 4.42 lr 2.05e-05
[00:17:29]     ep73   515/518 train_mae 4.43 lr 2.03e-05
[00:18:17] [73/100] train 4.42 | val 6.05 (rmse 8.49) | KL 0.156 | val(ema) 6.00 | lr 20% | 10.4분
[00:20:05]     ep74   103/518 train_mae 4.38 lr 2.00e-05
[00:21:29]     ep74   206/518 train_mae 4.39 lr 1.98e-05
[00:22:54]     ep74   309/518 train_mae 4.35 lr 1.95e-05
[00:24:19]     ep74   412/518 train_mae 4.35 lr 1.93e-05
[00:25:43]     ep74   515/518 train_mae 4.38 lr 1.90e-05
[00:26:17] [74/100] train 4.39 | val 6.01 (rmse 8.43) | KL 0.154 | val(ema) 5.99 | lr 19% | 8.0분
[00:27:41]     ep75   103/518 train_mae 4.53 lr 1.88e-05
[00:29:06]     ep75   206/518 train_mae 4.46 lr 1.85e-05
[00:30:29]     ep75   309/518 train_mae 4.40 lr 1.83e-05
[00:31:53]     ep75   412/518 train_mae 4.36 lr 1.81e-05
[00:33:17]     ep75   515/518 train_mae 4.33 lr 1.78e-05
[00:33:54] [75/100] train 4.33 | val 6.02 (rmse 8.47) | KL 0.153 | val(ema) 5.99 | lr 18% | 7.6분
[00:35:33]     ep76   103/518 train_mae 4.38 lr 1.76e-05
[00:36:58]     ep76   206/518 train_mae 4.39 lr 1.73e-05
[00:38:22]     ep76   309/518 train_mae 4.36 lr 1.71e-05
[00:39:47]     ep76   412/518 train_mae 4.34 lr 1.69e-05
[00:41:10]     ep76   515/518 train_mae 4.33 lr 1.66e-05
[00:41:45] [76/100] train 4.33 | val 6.07 (rmse 8.53) | KL 0.153 | val(ema) 6.00 | lr 17% | 7.8분
[00:43:10]     ep77   103/518 train_mae 4.32 lr 1.64e-05
[00:44:34]     ep77   206/518 train_mae 4.34 lr 1.62e-05
[00:45:58]     ep77   309/518 train_mae 4.33 lr 1.60e-05
[00:47:22]     ep77   412/518 train_mae 4.30 lr 1.57e-05
[00:48:46]     ep77   515/518 train_mae 4.29 lr 1.55e-05
[00:49:20] [77/100] train 4.30 | val 6.05 (rmse 8.48) | KL 0.150 | val(ema) 6.01 | lr 16% | 7.6분
[00:50:45]     ep78   103/518 train_mae 4.23 lr 1.53e-05
[00:52:08]     ep78   206/518 train_mae 4.31 lr 1.51e-05
[00:53:32]     ep78   309/518 train_mae 4.32 lr 1.48e-05
[00:54:58]     ep78   412/518 train_mae 4.31 lr 1.46e-05
[00:56:24]     ep78   515/518 train_mae 4.31 lr 1.44e-05
[00:56:58] [78/100] train 4.31 | val 6.13 (rmse 8.60) | KL 0.152 | val(ema) 6.01 | lr 14% | 7.6분
[00:58:23]     ep79   103/518 train_mae 4.20 lr 1.42e-05
[00:59:46]     ep79   206/518 train_mae 4.24 lr 1.40e-05
[01:01:10]     ep79   309/518 train_mae 4.22 lr 1.38e-05
[01:02:39]     ep79   412/518 train_mae 4.26 lr 1.36e-05
[01:04:06]     ep79   515/518 train_mae 4.30 lr 1.34e-05
[01:04:41] [79/100] train 4.29 | val 6.05 (rmse 8.48) | KL 0.151 | val(ema) 6.02 | lr 13% | 7.7분
[01:06:07]     ep80   103/518 train_mae 4.23 lr 1.31e-05
[01:07:32]     ep80   206/518 train_mae 4.17 lr 1.29e-05
[01:09:00]     ep80   309/518 train_mae 4.18 lr 1.27e-05
[01:10:27]     ep80   412/518 train_mae 4.22 lr 1.25e-05
[01:11:54]     ep80   515/518 train_mae 4.22 lr 1.23e-05
[01:12:30] [80/100] train 4.22 | val 6.02 (rmse 8.46) | KL 0.150 | val(ema) 6.02 | lr 12% | 7.8분
[01:13:59]     ep81   103/518 train_mae 4.31 lr 1.21e-05
[01:15:26]     ep81   206/518 train_mae 4.17 lr 1.19e-05
[01:16:55]     ep81   309/518 train_mae 4.19 lr 1.17e-05
[01:18:24]     ep81   412/518 train_mae 4.24 lr 1.16e-05
[01:19:50]     ep81   515/518 train_mae 4.28 lr 1.14e-05
[01:20:25] [81/100] train 4.28 | val 6.06 (rmse 8.48) | KL 0.151 | val(ema) 6.02 | lr 11% | 7.9분
[01:21:52]     ep82   103/518 train_mae 4.19 lr 1.12e-05
[01:23:19]     ep82   206/518 train_mae 4.23 lr 1.10e-05
[01:24:47]     ep82   309/518 train_mae 4.25 lr 1.08e-05
[01:26:15]     ep82   412/518 train_mae 4.23 lr 1.06e-05
[01:27:42]     ep82   515/518 train_mae 4.21 lr 1.04e-05
[01:28:19] [82/100] train 4.22 | val 6.03 (rmse 8.45) | KL 0.151 | val(ema) 6.01 | lr 10% | 7.9분
[01:29:46]     ep83   103/518 train_mae 4.24 lr 1.02e-05
[01:31:15]     ep83   206/518 train_mae 4.27 lr 1.01e-05
[01:32:43]     ep83   309/518 train_mae 4.24 lr 9.90e-06
[01:34:10]     ep83   412/518 train_mae 4.21 lr 9.72e-06
[01:35:41]     ep83   515/518 train_mae 4.21 lr 9.55e-06
[01:36:17] [83/100] train 4.21 | val 6.04 (rmse 8.46) | KL 0.150 | val(ema) 6.02 | lr 10% | 8.0분
[01:37:47]     ep84   103/518 train_mae 3.98 lr 9.37e-06
[01:39:15]     ep84   206/518 train_mae 4.20 lr 9.20e-06
[01:40:41]     ep84   309/518 train_mae 4.18 lr 9.04e-06
[01:42:07]     ep84   412/518 train_mae 4.19 lr 8.87e-06
[01:43:37]     ep84   515/518 train_mae 4.19 lr 8.71e-06
[01:44:16] [84/100] train 4.19 | val 6.13 (rmse 8.60) | KL 0.149 | val(ema) 6.02 | lr 9% | 8.0분
[01:45:57]     ep85   103/518 train_mae 4.09 lr 8.54e-06
[01:47:57]     ep85   206/518 train_mae 4.18 lr 8.38e-06
[01:49:54]     ep85   309/518 train_mae 4.19 lr 8.22e-06
[01:51:45]     ep85   412/518 train_mae 4.17 lr 8.07e-06
[01:53:20]     ep85   515/518 train_mae 4.21 lr 7.91e-06
[01:53:59] [85/100] train 4.20 | val 6.08 (rmse 8.51) | KL 0.151 | val(ema) 6.02 | lr 8% | 9.7분
[01:55:51]     ep86   103/518 train_mae 4.23 lr 7.75e-06
[01:57:42]     ep86   206/518 train_mae 4.17 lr 7.60e-06
[01:59:35]     ep86   309/518 train_mae 4.15 lr 7.46e-06
[02:01:13]     ep86   412/518 train_mae 4.13 lr 7.31e-06
[02:02:48]     ep86   515/518 train_mae 4.15 lr 7.16e-06
[02:03:32] [86/100] train 4.16 | val 6.08 (rmse 8.53) | KL 0.149 | val(ema) 6.03 | lr 7% | 9.5분
[02:05:33]     ep87   103/518 train_mae 4.11 lr 7.02e-06
[02:07:28]     ep87   206/518 train_mae 4.21 lr 6.88e-06
[02:09:13]     ep87   309/518 train_mae 4.19 lr 6.74e-06
[02:10:50]     ep87   412/518 train_mae 4.15 lr 6.60e-06
[02:12:33]     ep87   515/518 train_mae 4.15 lr 6.46e-06
[02:13:20] [87/100] train 4.15 | val 6.02 (rmse 8.47) | KL 0.149 | val(ema) 6.03 | lr 6% | 9.8분
[02:15:21]     ep88   103/518 train_mae 4.15 lr 6.33e-06
[02:17:18]     ep88   206/518 train_mae 4.17 lr 6.20e-06
[02:18:52]     ep88   309/518 train_mae 4.19 lr 6.07e-06
[02:20:36]     ep88   412/518 train_mae 4.16 lr 5.94e-06
[02:22:35]     ep88   515/518 train_mae 4.14 lr 5.81e-06
[02:23:25] [88/100] train 4.15 | val 6.02 (rmse 8.49) | KL 0.150 | val(ema) 6.03 | lr 6% | 10.1분
[02:25:24]     ep89   103/518 train_mae 4.05 lr 5.69e-06
[02:27:00]     ep89   206/518 train_mae 4.10 lr 5.56e-06
[02:28:37]     ep89   309/518 train_mae 4.08 lr 5.44e-06
[02:30:36]     ep89   412/518 train_mae 4.10 lr 5.33e-06
[02:32:37]     ep89   515/518 train_mae 4.09 lr 5.21e-06
[02:33:25] [89/100] train 4.09 | val 6.05 (rmse 8.51) | KL 0.148 | val(ema) 6.03 | lr 5% | 10.0분
[02:35:00]     ep90   103/518 train_mae 4.14 lr 5.09e-06
[02:36:37]     ep90   206/518 train_mae 4.07 lr 4.98e-06
[02:38:35]     ep90   309/518 train_mae 4.11 lr 4.87e-06
[02:40:35]     ep90   412/518 train_mae 4.11 lr 4.76e-06
[02:42:26]     ep90   515/518 train_mae 4.11 lr 4.66e-06
[02:43:09] [90/100] train 4.11 | val 6.06 (rmse 8.50) | KL 0.147 | val(ema) 6.03 | lr 5% | 9.7분
[02:44:45]     ep91   103/518 train_mae 4.23 lr 4.55e-06
[02:46:42]     ep91   206/518 train_mae 4.22 lr 4.45e-06
[02:48:45]     ep91   309/518 train_mae 4.19 lr 4.35e-06
[02:50:40]     ep91   412/518 train_mae 4.16 lr 4.25e-06
[02:52:24]     ep91   515/518 train_mae 4.13 lr 4.16e-06
[02:53:02] [91/100] train 4.13 | val 6.02 (rmse 8.47) | KL 0.148 | val(ema) 6.03 | lr 4% | 9.9분
[02:55:01]     ep92   103/518 train_mae 4.17 lr 4.06e-06
[02:57:06]     ep92   206/518 train_mae 4.07 lr 3.97e-06
[02:58:59]     ep92   309/518 train_mae 4.12 lr 3.88e-06
[03:00:41]     ep92   412/518 train_mae 4.08 lr 3.79e-06
[03:02:37]     ep92   515/518 train_mae 4.10 lr 3.71e-06
[03:03:23] [92/100] train 4.10 | val 6.05 (rmse 8.49) | KL 0.148 | val(ema) 6.03 | lr 4% | 10.3분
[03:05:20]     ep93   103/518 train_mae 4.10 lr 3.62e-06
[03:07:14]     ep93   206/518 train_mae 4.05 lr 3.54e-06
[03:08:54]     ep93   309/518 train_mae 4.10 lr 3.46e-06
[03:10:48]     ep93   412/518 train_mae 4.11 lr 3.38e-06
[03:12:55]     ep93   515/518 train_mae 4.10 lr 3.31e-06
[03:13:45] [93/100] train 4.10 | val 6.04 (rmse 8.50) | KL 0.148 | val(ema) 6.03 | lr 3% | 10.4분
[03:15:26]     ep94   103/518 train_mae 4.11 lr 3.23e-06
[03:17:02]     ep94   206/518 train_mae 4.10 lr 3.16e-06
[03:19:06]     ep94   309/518 train_mae 4.10 lr 3.10e-06
[03:21:17]     ep94   412/518 train_mae 4.09 lr 3.03e-06
[03:23:06]     ep94   515/518 train_mae 4.11 lr 2.96e-06
[03:23:49] [94/100] train 4.11 | val 6.05 (rmse 8.50) | KL 0.148 | val(ema) 6.03 | lr 3% | 10.1분
[03:25:26]     ep95   103/518 train_mae 4.10 lr 2.90e-06
[03:27:26]     ep95   206/518 train_mae 4.12 lr 2.84e-06
[03:29:34]     ep95   309/518 train_mae 4.10 lr 2.78e-06
[03:31:23]     ep95   412/518 train_mae 4.11 lr 2.72e-06
[03:33:01]     ep95   515/518 train_mae 4.09 lr 2.67e-06
[03:33:47] [95/100] train 4.09 | val 6.05 (rmse 8.49) | KL 0.149 | val(ema) 6.03 | lr 3% | 10.0분
[03:35:44]     ep96   103/518 train_mae 4.08 lr 2.62e-06
[03:37:50]     ep96   206/518 train_mae 4.11 lr 2.57e-06
[03:39:41]     ep96   309/518 train_mae 4.13 lr 2.52e-06
[03:41:20]     ep96   412/518 train_mae 4.10 lr 2.47e-06
[03:43:14]     ep96   515/518 train_mae 4.11 lr 2.43e-06
[03:43:59] [96/100] train 4.11 | val 6.04 (rmse 8.50) | KL 0.148 | val(ema) 6.04 | lr 2% | 10.2분
[03:45:55]     ep97   103/518 train_mae 3.99 lr 2.39e-06
[03:47:45]     ep97   206/518 train_mae 4.11 lr 2.35e-06
[03:49:25]     ep97   309/518 train_mae 4.12 lr 2.31e-06
[03:51:23]     ep97   412/518 train_mae 4.09 lr 2.28e-06
[03:53:25]     ep97   515/518 train_mae 4.08 lr 2.24e-06
[03:54:15] [97/100] train 4.08 | val 6.04 (rmse 8.50) | KL 0.147 | val(ema) 6.04 | lr 2% | 10.3분
[03:55:57]     ep98   103/518 train_mae 3.94 lr 2.21e-06
[03:57:34]     ep98   206/518 train_mae 4.00 lr 2.18e-06
[03:59:31]     ep98   309/518 train_mae 4.06 lr 2.15e-06
[04:01:37]     ep98   412/518 train_mae 4.07 lr 2.13e-06
[04:03:40]     ep98   515/518 train_mae 4.08 lr 2.11e-06
[04:04:17] [98/100] train 4.08 | val 6.03 (rmse 8.50) | KL 0.146 | val(ema) 6.03 | lr 2% | 10.0분
[04:05:54]     ep99   103/518 train_mae 4.14 lr 2.09e-06
[04:07:44]     ep99   206/518 train_mae 4.13 lr 2.07e-06
[04:09:45]     ep99   309/518 train_mae 4.11 lr 2.05e-06
[04:11:48]     ep99   412/518 train_mae 4.09 lr 2.04e-06
[04:13:28]     ep99   515/518 train_mae 4.08 lr 2.03e-06
[04:14:08] [99/100] train 4.08 | val 6.03 (rmse 8.49) | KL 0.148 | val(ema) 6.03 | lr 2% | 9.8분
[04:16:04]     ep100   103/518 train_mae 4.08 lr 2.02e-06
[04:18:09]     ep100   206/518 train_mae 4.10 lr 2.01e-06
[04:20:08]     ep100   309/518 train_mae 4.06 lr 2.00e-06
[04:21:49]     ep100   412/518 train_mae 4.03 lr 2.00e-06
[04:23:40]     ep100   515/518 train_mae 4.05 lr 2.00e-06
[04:24:30] [100/100] train 4.05 | val 6.03 (rmse 8.50) | KL 0.146 | val(ema) 6.03 | lr 2% | 10.4분
[04:24:31] [스테이지2] 완료 · best val MAE = 5.83 개월 (규칙 'ema')
[04:24:31] [스테이지2] 참고 · raw 최고 5.91 / ema 최고 5.83 -> 각각 best_raw.pt / best_ema.pt
[04:24:31] [스테이지2] 종료 시점 LR = 피크의 2.0%  [정상 - 코사인 완주]
[04:24:34] [backbone] convnext_tiny.fb_in22k_ft_in1k_384 (pretrained=False, drop_path=0.15)
[04:24:34] [head] FiLM 성별조건화 stages=[2, 3] 채널=[384, 768] (0 초기화=항등)
[04:24:34] [head] 입력 768x512 -> 특징맵 768x24x16 · head_type=gap
[04:24:34] [head] 출력 240 (LDL 로짓 - softmax 기대값으로 환산)
[04:24:34] ========================================================================
[04:24:34] [스테이지3] 평가 시작
[04:24:34]   백본     convnext_tiny.fb_in22k_ft_in1k_384
[04:24:34]   헤드     gap | 화소처리 p1p99
[04:24:34]   가중치   ema (선택 규칙 'ema')
[04:24:34]   출력     LDL 240-way 기대값 회귀 (δ 15.0, λ 0.5)
[04:24:34]   입력     768x512
[04:24:34]   best val MAE 5.83 @ epoch 34
[04:24:34]   [val] 예측 중...
[04:26:05]   [calib] slope a=0.9626 intercept b=+4.29  (축소 존재)
[04:26:05]   [calib] 채택 여부 False (val 5.79 -> 5.90)
[04:26:05]   [train] 예측 중...
[04:30:16]   [test] 예측 중...
[04:30:23] [backbone] convnext_tiny.fb_in22k_ft_in1k_384 (pretrained=False, drop_path=0.15)
[04:30:29] [backbone] convnext_tiny.fb_in22k_ft_in1k_384 (pretrained=False, drop_path=0.15)
[04:31:14]   학습곡선 저장: G:\Project\sinra_cho\checkpoints_convnext_single_v13_ldl\learning_curve.png
[04:31:15]   산점도 저장: G:\Project\sinra_cho\checkpoints_convnext_single_v13_ldl\scatter.png
[04:31:16]   오차 상위 저장: G:\Project\sinra_cho\checkpoints_convnext_single_v13_ldl\worst_cases.png
[04:31:16]   [Grad-CAM] target = stages.3
[04:31:19]   Grad-CAM 저장: G:\Project\sinra_cho\checkpoints_convnext_single_v13_ldl\gradcam.png
[04:31:20]   연령분포 저장: G:\Project\sinra_cho\checkpoints_convnext_single_v13_ldl\age_distribution.png (평균 표준편차 21.4개월, 목표 δ=15.0 근방)
[04:31:20]   캘리브레이션 계수 저장: G:\Project\sinra_cho\checkpoints_convnext_single_v13_ldl\calibration.json
====================================================================
 ConvNeXt-Tiny LDL 기대값 회귀 (bins 240, δ 15.0, λ 0.5) | 768x512 | 강도정규화 p1p99
 백본 convnext_tiny.fb_in22k_ft_in1k_384 | 헤드 gap
 실행 20260815_132829 | best epoch 34 (ema)
 TTA [0, -6, -3, 3, 6]
====================================================================
 VAL(단일)        N= 1,397  MAE  5.83  RMSE  8.04  bias -0.30
 VAL(+TTA)      N= 1,397  MAE  5.79  RMSE  8.01  bias -0.47
 VAL(+calib)    N= 1,397  MAE  5.90  RMSE  8.15  bias +0.00   -> 미채택
 TRAIN(단일)      N=12,432  MAE  5.19  RMSE  7.31  bias -0.18
--------------------------------------------------------------------
 TEST           N=   197  MAE  4.17  RMSE  5.25  bias +0.33  CI95 [3.73, 4.63]
--------------------------------------------------------------------
 [가중치 감사 · test, TTA 적용 / calib 미적용]
   raw  ep 28  val  5.91  ->  test  4.19  CI95 [3.76, 4.65]
   ema  ep 34  val  5.83  ->  test  4.17  CI95 [3.73, 4.63]
   EMA - raw = -0.02 개월 (test 기준)
   * 음수면 EMA 이득이 test 로 이어진 것, 양수면 val 에서만 좋았던 것.
--------------------------------------------------------------------
   0-4y    N=   9  MAE  3.62  bias +2.21
   4-8y    N=  34  MAE  5.75  bias +3.16
   8-12y   N=  64  MAE  4.61  bias +0.71
   12-16y  N=  79  MAE  3.15  bias -0.95
   >16y    N=  11  MAE  4.54  bias -2.95
--------------------------------------------------------------------
 [성별 분해 · test]
   Male    N=   98  MAE  3.89  RMSE  4.87  bias +0.31  sigma  4.86  corr 0.9928  slope 0.9763
   Female  N=   99  MAE  4.45  RMSE  5.61  bias +0.35  sigma  5.60  corr 0.9924  slope 0.9394
--------------------------------------------------------------------
 [성별 분해 · val]
   Male    N=  760  MAE  5.45  RMSE  7.60  bias -0.08  sigma  7.60  corr 0.9837  slope 0.9677
   Female  N=  637  MAE  6.18  RMSE  8.47  bias -0.93  sigma  8.42  corr 0.9757  slope 0.9458
   판정: corr 차 0.0004 / slope 차 0.0369 -> 출력 스케일(캘리브레이션) 문제
 [성별 x 연령 편향 · test]
   구간        N_M   bias_M   MAE_M     N_F   bias_F   MAE_F
   0-4y        2    -0.71    2.58       7    +3.05    3.92
   4-8y       13    +0.95    5.82      21    +4.53    5.70
   8-12y      28    +1.74    4.43      36    -0.10    4.76
   12-16y     47    -0.22    3.14      32    -2.01    3.16
   >16y        8    -2.38    3.64       3    -4.45    6.94
--------------------------------------------------------------------
 [예측 분포 형태 · val]
   폭(표준편차) 평균 19.63개월  (목표 δ=15.0)
   왜도 평균 -0.236 · |왜도| 평균 1.095 · |왜도|>0.5 비율 67.6%
   큰오차(>15개월) 102건: |왜도| 0.914 / 폭 20.57
   나머지          : |왜도| 1.109 / 폭 19.55
   판정: 비대칭 차이 미미 -> 분포가 아니라 개별 이미지 문제 (worst_cases.png 확인)
--------------------------------------------------------------------
 [성별 플립 테스트 · val] 성별만 뒤집었을 때 예측 변화량(개월)
   전체      N= 1397  평균 23.13  중앙 23.90
   0-4y    N=   52  평균 10.00  중앙  9.61
   4-8y    N=  281  평균 18.39  중앙 15.69
   8-12y   N=  457  평균 27.41  중앙 28.75
   12-16y  N=  546  평균 23.68  중앙 24.35
   >16y    N=   61  평균 19.15  중앙 20.54
   판정: 10개월 초과 - 성별 조건화 정상 작동
====================================================================
[04:31:20] 결과 저장: G:\Project\sinra_cho\checkpoints_convnext_single_v13_ldl\results.txt
[04:31:20]          G:\Project\sinra_cho\checkpoints_convnext_single_v13_ldl\results.json
[04:31:21] [backbone] convnext_tiny.fb_in22k_ft_in1k_384 (pretrained=False, drop_path=0.15)
[04:31:21] 추론 함수 확인 [4360] 예측 169.7개월 / 실제 169개월
[04:31:21] 추론 함수 준비 완료 · best.pt: G:\Project\sinra_cho\checkpoints_convnext_single_v13_ldl\best.pt
[04:31:21] === 전체 완료 ===
