========================================================================
[09:42:11] ConvNeXt-Tiny + LDL 기대값 회귀 골연령 시작 [v12]
[09:42:11] Python 3.12.7 | Windows 11
[09:42:11] PyTorch 2.6.0+cu124 | torchvision 0.21.0+cu124 | timm 1.0.28
[09:42:11] OpenCV 5.0.0 | numpy 2.5.1 | pandas 3.0.3
[09:42:11] device cuda | CUDA True | AMP True
[GPU-GUARD] (inproc) 바로 실행 — 티켓 367번 infer 16000MiB
[09:42:11] GPU NVIDIA A100 80GB PCIe | VRAM 79.5GB | sm_80 | CUDA 12.4
[09:42:11] HAND_CROP_DIR  G:\Project\sinra_cho\crop_data_yolox_s
[09:42:11] CSV_DIR        G:\Project\sinra_cho\crop_data_yolox_s
[09:42:11] CACHE_DIR      G:\Project\sinra_cho\cache_convnext_single_v12\raw768x512_letterbox_pad0_center_np1p99
[09:42:11] CKPT_DIR       G:\Project\sinra_cho\checkpoints_convnext_single_v12_ldl
[09:42:11] 이미지 준비    letterbox -> 768x512(HxW) | pad 0 | 강도정규화 p1p99
[09:42:11] 백본           convnext_tiny.fb_in22k_ft_in1k_384 (drop_path 0.15)
[09:42:11] 헤드           gap | 성별임베딩 32 | dropout 0.1
[09:42:11] 최적화         AdamW | lr 4e-05/1e-04 | wd 0.05 | 배치 24x1=24
[09:42:11] 스케줄         warmup 3ep + cosine(min ratio 0.02) | 총 40ep | 조기종료 끔
[09:42:11] 손실 LDL(bins 240, δ 15.0, λ 0.5) | 증강 True | EMA True(0.9995) | best 선택 'ema'
[09:42:11] 증강 상세      affine rot5° tr0.1 sc(0.8, 1.15) sh4 | jitter ±0.25 | erasing p=0.25
[09:42:11] [v9] 증강 스케일 (0.8, 1.15) · 이동 0.1 · 회전 5°
[09:42:11] [v9] 도메인증강 jpeg0.35 gamma0.35 blur0.2 noise0.2
[09:42:11] [v10] 구간가중  가우시안 테이퍼 center 96개월 · sigma 48 · peak x1.35
[09:42:11] [v11] LDL λ 0.5 · EPOCHS 40 · warmup 3  (v10 1.0/60/4 에서 원복)
[09:42:11] [v11] FiLM 성별조건화 ON stages=[2, 3] hidden=64
[09:42:11] [v12] 회전 5° (v11 12°) · 스케일 (0.8, 1.15) · 좌우반전 p=0.5 (신규)
[09:42:11] [v12] 평가 리포트: 성별 분해 · 성별x연령 교차 · 성별 플립 · 분포 형태(왜도)
[09:42:11] 추론           TTA [0, -6, -3, 3, 6] | 캘리브레이션 자동판정
[09:42:11] DataLoader     num_workers=0
[09:42:11] 실행 옵션      (없음)
========================================================================
[09:42:11] 라벨 로드 중...
[09:42:11]   train 라벨 12,440 | 파일 12,440 | 미크롭    0 -> 사용 12,440
[09:42:11]   val   라벨  1,399 | 파일  1,399 | 미크롭    0 -> 사용  1,399
[09:42:11]   test  라벨    197 | 파일    197 | 미크롭    0 -> 사용    197
[09:42:11] 타깃 정규화 사용 안 함 (LDL - 개월 원단위) · 참고용 train 통계 127.48 ± 40.94 개월
[09:42:11] [QC-LDL] 이산화 하한 MAE = 0.093 개월 (δ=15.0, bins=1~240, val 라벨 기준)
[09:42:11] 남아 비율 54.2% | 연령 범위 1~228 개월
[09:42:11] 실행 환경 스냅샷 저장: G:\Project\sinra_cho\checkpoints_convnext_single_v12_ldl\env_20260814_094211.json
[09:42:11] [스테이지1] 캐시 경로 G:\Project\sinra_cho\cache_convnext_single_v12\raw768x512_letterbox_pad0_center_np1p99
[09:42:11] [스테이지1] 크롭 소스 G:\Project\sinra_cho\crop_data_yolox_s
[09:42:11] [스테이지1] 768x512 캔버스 캐시 생성 (norm=p1p99)
[09:43:32]     [train] 2,000/12,440 (81s)
[09:44:56]     [train] 4,000/12,440 (165s)
[09:46:23]     [train] 6,000/12,440 (252s)
[09:47:47]     [train] 8,000/12,440 (336s)
[09:49:14]     [train] 10,000/12,440 (423s)
[09:50:49]     [train] 12,000/12,440 (518s)
[09:51:07]   [train] 생성 12,440 · 스킵 0 · 실패 0 (536s)
[09:52:12]   [val] 생성 1,399 · 스킵 0 · 실패 0 (65s)
[09:52:22]   [test] 생성 197 · 스킵 0 · 실패 0 (10s)
[09:52:22]   여백 비율: 중앙 17.6% · 90%tile 29.4% · 최대 49.7%
[09:52:22] [스테이지1] 완료 표식: G:\Project\sinra_cho\cache_convnext_single_v12\raw768x512_letterbox_pad0_center_np1p99\_DONE_cache.json
[09:52:22] [QC] 강도 정규화 검증 시트 생성
[09:52:25] [QC] 시트 저장: G:\Project\sinra_cho\checkpoints_convnext_single_v12_ldl\qc_intensity_norm.png
[09:52:25] 
   id      원본크기   원본범위  원본std  유효std 여백%
 2823   704x991 36~255   12.6   68.5  6%
 9149  858x1051  1~254   43.7   71.6 18%
 6999  807x1069  0~214   49.7   74.5 12%
10657  862x1106  0~255   40.5   68.1 14%
 5768 1210x1320  0~255   43.1   68.6 27%
 3359  855x1081  39~96    8.3   71.9 16%
13160 1084x1336  0~207   38.7   69.4 18%
 4579 1173x1661 15~255   58.6   76.6  6%
[09:52:25] [QC] std 변동계수(CV):  원본 0.474  ->  캔버스 0.044
[09:52:25] [QC] 정상 - 이미지 간 대비 편차가 크게 줄었습니다.
[09:52:25] [QC] 샘플 여백 중앙 15%
[09:52:25] [QC] 좌우(엄지) 방향 분포 집계
[09:52:29] [QC] 엄지 오른쪽 226 (75.3%) | 왼쪽 35 (11.7%) | 판정불가 39 (13.0%)
[09:52:29] [QC] 두 방향이 혼재합니다 (소수쪽 13.4%) -> 좌우 반전 증강(AUG_HFLIP_P=0.5)이 유효합니다.
G:\Project\sinra_cho\convnexttiny_single_768x512_v12.py:1171: UserWarning: Glyph 50628 (\N{HANGUL SYLLABLE EOM}) missing from font(s) DejaVu Sans.
  plt.tight_layout()
G:\Project\sinra_cho\convnexttiny_single_768x512_v12.py:1171: UserWarning: Glyph 51648 (\N{HANGUL SYLLABLE JI}) missing from font(s) DejaVu Sans.
  plt.tight_layout()
G:\Project\sinra_cho\convnexttiny_single_768x512_v12.py:1171: UserWarning: Glyph 50724 (\N{HANGUL SYLLABLE O}) missing from font(s) DejaVu Sans.
  plt.tight_layout()
G:\Project\sinra_cho\convnexttiny_single_768x512_v12.py:1171: UserWarning: Glyph 47480 (\N{HANGUL SYLLABLE REUN}) missing from font(s) DejaVu Sans.
  plt.tight_layout()
G:\Project\sinra_cho\convnexttiny_single_768x512_v12.py:1171: UserWarning: Glyph 51901 (\N{HANGUL SYLLABLE JJOG}) missing from font(s) DejaVu Sans.
  plt.tight_layout()
G:\Project\sinra_cho\convnexttiny_single_768x512_v12.py:1171: UserWarning: Glyph 50812 (\N{HANGUL SYLLABLE OEN}) missing from font(s) DejaVu Sans.
  plt.tight_layout()
G:\Project\sinra_cho\convnexttiny_single_768x512_v12.py:1171: UserWarning: Glyph 54032 (\N{HANGUL SYLLABLE PAN}) missing from font(s) DejaVu Sans.
  plt.tight_layout()
G:\Project\sinra_cho\convnexttiny_single_768x512_v12.py:1171: UserWarning: Glyph 51221 (\N{HANGUL SYLLABLE JEONG}) missing from font(s) DejaVu Sans.
  plt.tight_layout()
G:\Project\sinra_cho\convnexttiny_single_768x512_v12.py:1171: UserWarning: Glyph 48520 (\N{HANGUL SYLLABLE BUL}) missing from font(s) DejaVu Sans.
  plt.tight_layout()
G:\Project\sinra_cho\convnexttiny_single_768x512_v12.py:1171: UserWarning: Glyph 44032 (\N{HANGUL SYLLABLE GA}) missing from font(s) DejaVu Sans.
  plt.tight_layout()
G:\Project\sinra_cho\convnexttiny_single_768x512_v12.py:1173: UserWarning: Glyph 50628 (\N{HANGUL SYLLABLE EOM}) missing from font(s) DejaVu Sans.
  plt.savefig(pth, dpi=110); plt.close()
G:\Project\sinra_cho\convnexttiny_single_768x512_v12.py:1173: UserWarning: Glyph 51648 (\N{HANGUL SYLLABLE JI}) missing from font(s) DejaVu Sans.
  plt.savefig(pth, dpi=110); plt.close()
G:\Project\sinra_cho\convnexttiny_single_768x512_v12.py:1173: UserWarning: Glyph 50724 (\N{HANGUL SYLLABLE O}) missing from font(s) DejaVu Sans.
  plt.savefig(pth, dpi=110); plt.close()
G:\Project\sinra_cho\convnexttiny_single_768x512_v12.py:1173: UserWarning: Glyph 47480 (\N{HANGUL SYLLABLE REUN}) missing from font(s) DejaVu Sans.
  plt.savefig(pth, dpi=110); plt.close()
G:\Project\sinra_cho\convnexttiny_single_768x512_v12.py:1173: UserWarning: Glyph 51901 (\N{HANGUL SYLLABLE JJOG}) missing from font(s) DejaVu Sans.
  plt.savefig(pth, dpi=110); plt.close()
G:\Project\sinra_cho\convnexttiny_single_768x512_v12.py:1173: UserWarning: Glyph 50812 (\N{HANGUL SYLLABLE OEN}) missing from font(s) DejaVu Sans.
  plt.savefig(pth, dpi=110); plt.close()
G:\Project\sinra_cho\convnexttiny_single_768x512_v12.py:1173: UserWarning: Glyph 54032 (\N{HANGUL SYLLABLE PAN}) missing from font(s) DejaVu Sans.
  plt.savefig(pth, dpi=110); plt.close()
G:\Project\sinra_cho\convnexttiny_single_768x512_v12.py:1173: UserWarning: Glyph 51221 (\N{HANGUL SYLLABLE JEONG}) missing from font(s) DejaVu Sans.
  plt.savefig(pth, dpi=110); plt.close()
G:\Project\sinra_cho\convnexttiny_single_768x512_v12.py:1173: UserWarning: Glyph 48520 (\N{HANGUL SYLLABLE BUL}) missing from font(s) DejaVu Sans.
  plt.savefig(pth, dpi=110); plt.close()
G:\Project\sinra_cho\convnexttiny_single_768x512_v12.py:1173: UserWarning: Glyph 44032 (\N{HANGUL SYLLABLE GA}) missing from font(s) DejaVu Sans.
  plt.savefig(pth, dpi=110); plt.close()
[09:52:31] [QC] 좌우 판정 시트 저장: G:\Project\sinra_cho\checkpoints_convnext_single_v12_ldl\qc_laterality.png  <- 판정이 맞는지 반드시 눈으로 확인하세요
[09:52:31] [스테이지2] 배치 수: train 518 | val 59
[09:52:32] [backbone] convnext_tiny.fb_in22k_ft_in1k_384 (pretrained=True, drop_path=0.15)
[09:52:32] [head] FiLM 성별조건화 stages=[2, 3] 채널=[384, 768] (0 초기화=항등)
[09:52:32] [head] 입력 768x512 -> 특징맵 768x24x16 · head_type=gap
[09:52:32] [head] 출력 240 (LDL 로짓 - softmax 기대값으로 환산)
G:\Project\sinra_cho\.venv\Lib\site-packages\torch\nn\modules\module.py:1329: UserWarning: expandable_segments not supported on this platform (Triggered internally at C:\actions-runner\_work\pytorch\pytorch\pytorch\c10/cuda/CUDAAllocatorConfig.h:28.)
  return t.to(
[09:52:32] [스테이지2] 파라미터 28.5M
[09:52:32] [스테이지2] 파라미터 그룹:
[09:52:32]   bb_decay    tensors= 58 params= 27.76M lr=4.0e-05 wd=0.05
[09:52:32]   bb_nodecay  tensors=122 params=  0.06M lr=4.0e-05 wd=0.0
[09:52:32]   hd_decay    tensors=  8 params=  0.64M lr=1.0e-04 wd=0.05
[09:52:32]   hd_nodecay  tensors= 10 params=  0.00M lr=1.0e-04 wd=0.0
[09:52:32] [스테이지2] 옵티마이저 스텝: 에폭당 518 · 총 20720 · warmup 1554
[09:52:32] [스테이지2] EMA 유효 창 ≈ 3.9 에폭
[09:52:32] [스테이지2] best.pt 선택 규칙 = 'ema' (학습 전 고정)
[09:52:32] [스테이지2] 새 학습 시작
[09:52:32] [손실] LDL  ℓ_MAE + 0.5·KL(G‖p)  (bins 240, δ 15.0)
[09:54:41]     ep01   103/518 train_mae 34.17 lr 6.63e-06
[09:56:36]     ep01   206/518 train_mae 34.02 lr 1.33e-05
[09:58:27]     ep01   309/518 train_mae 33.34 lr 1.99e-05
[10:00:24]     ep01   412/518 train_mae 32.41 lr 2.65e-05
[10:02:18]     ep01   515/518 train_mae 30.97 lr 3.31e-05
[10:03:08] [01/40] train 30.91 | val 13.37 (rmse 18.78) | KL 1.377 | val(ema) 34.50 | lr 33% | 10.6분  ** best.pt(ema) 34.50 **  [raw/ema 갱신]
[10:04:37]     ep02   103/518 train_mae 21.54 lr 4.00e-05
[10:06:04]     ep02   206/518 train_mae 18.96 lr 4.66e-05
[10:07:33]     ep02   309/518 train_mae 17.26 lr 5.32e-05
[10:09:03]     ep02   412/518 train_mae 16.29 lr 5.98e-05
[10:10:28]     ep02   515/518 train_mae 15.37 lr 6.65e-05
[10:11:04] [02/40] train 15.34 | val 9.02 (rmse 11.46) | KL 1.449 | val(ema) 31.67 | lr 67% | 7.9분  ** best.pt(ema) 31.67 **  [raw/ema 갱신]
[10:12:32]     ep03   103/518 train_mae 11.19 lr 7.33e-05
[10:14:02]     ep03   206/518 train_mae 10.97 lr 7.99e-05
[10:15:28]     ep03   309/518 train_mae 10.64 lr 8.66e-05
[10:16:51]     ep03   412/518 train_mae 10.35 lr 9.32e-05
[10:18:21]     ep03   515/518 train_mae 10.37 lr 9.98e-05
[10:18:58] [03/40] train 10.36 | val 7.16 (rmse 9.45) | KL 1.249 | val(ema) 25.18 | lr 100% | 7.9분  ** best.pt(ema) 25.18 **  [raw/ema 갱신]
[10:20:24]     ep04   103/518 train_mae 9.59 lr 1.00e-04
[10:21:52]     ep04   206/518 train_mae 9.32 lr 1.00e-04
[10:23:21]     ep04   309/518 train_mae 9.22 lr 9.99e-05
[10:24:49]     ep04   412/518 train_mae 9.06 lr 9.99e-05
[10:26:14]     ep04   515/518 train_mae 9.00 lr 9.98e-05
[10:26:50] [04/40] train 9.00 | val 6.52 (rmse 8.90) | KL 1.057 | val(ema) 20.56 | lr 100% | 7.8분  ** best.pt(ema) 20.56 **  [raw/ema 갱신]
[10:28:17]     ep05   103/518 train_mae 8.27 lr 9.97e-05
[10:29:45]     ep05   206/518 train_mae 8.29 lr 9.97e-05
[10:31:16]     ep05   309/518 train_mae 8.29 lr 9.96e-05
[10:32:42]     ep05   412/518 train_mae 8.17 lr 9.94e-05
[10:34:12]     ep05   515/518 train_mae 8.11 lr 9.93e-05
[10:34:48] [05/40] train 8.11 | val 8.26 (rmse 10.78) | KL 0.894 | val(ema) 16.69 | lr 99% | 7.9분  ** best.pt(ema) 16.69 **  [ema 갱신]
[10:36:14]     ep06   103/518 train_mae 7.75 lr 9.91e-05
[10:37:45]     ep06   206/518 train_mae 7.81 lr 9.90e-05
[10:39:12]     ep06   309/518 train_mae 7.81 lr 9.88e-05
[10:40:40]     ep06   412/518 train_mae 7.78 lr 9.86e-05
[10:42:08]     ep06   515/518 train_mae 7.73 lr 9.84e-05
[10:42:47] [06/40] train 7.73 | val 6.58 (rmse 8.84) | KL 0.753 | val(ema) 13.20 | lr 98% | 8.0분  ** best.pt(ema) 13.20 **  [ema 갱신]
[10:44:13]     ep07   103/518 train_mae 7.32 lr 9.82e-05
[10:45:43]     ep07   206/518 train_mae 7.36 lr 9.80e-05
[10:47:04]     ep07   309/518 train_mae 7.38 lr 9.77e-05
[10:48:28]     ep07   412/518 train_mae 7.39 lr 9.75e-05
[10:49:50]     ep07   515/518 train_mae 7.40 lr 9.72e-05
[10:50:25] [07/40] train 7.39 | val 6.71 (rmse 8.87) | KL 0.610 | val(ema) 10.48 | lr 97% | 7.6분  ** best.pt(ema) 10.48 **  [ema 갱신]
[10:51:48]     ep08   103/518 train_mae 7.44 lr 9.69e-05
[10:53:12]     ep08   206/518 train_mae 7.39 lr 9.66e-05
[10:54:34]     ep08   309/518 train_mae 7.36 lr 9.63e-05
[10:55:57]     ep08   412/518 train_mae 7.34 lr 9.60e-05
[10:57:19]     ep08   515/518 train_mae 7.34 lr 9.57e-05
[10:57:54] [08/40] train 7.33 | val 6.25 (rmse 8.50) | KL 0.522 | val(ema) 8.61 | lr 96% | 7.5분  ** best.pt(ema) 8.61 **  [raw/ema 갱신]
[10:59:17]     ep09   103/518 train_mae 7.35 lr 9.53e-05
[11:00:38]     ep09   206/518 train_mae 7.18 lr 9.49e-05
[11:02:03]     ep09   309/518 train_mae 7.10 lr 9.46e-05
[11:03:25]     ep09   412/518 train_mae 7.17 lr 9.42e-05
[11:04:46]     ep09   515/518 train_mae 7.18 lr 9.38e-05
[11:05:21] [09/40] train 7.18 | val 6.35 (rmse 8.60) | KL 0.444 | val(ema) 7.48 | lr 94% | 7.4분  ** best.pt(ema) 7.48 **  [ema 갱신]
[11:06:45]     ep10   103/518 train_mae 7.12 lr 9.34e-05
[11:08:10]     ep10   206/518 train_mae 7.13 lr 9.30e-05
[11:09:32]     ep10   309/518 train_mae 7.17 lr 9.25e-05
[11:10:54]     ep10   412/518 train_mae 7.17 lr 9.21e-05
[11:12:17]     ep10   515/518 train_mae 7.08 lr 9.16e-05
[11:12:52] [10/40] train 7.08 | val 6.20 (rmse 8.36) | KL 0.398 | val(ema) 6.93 | lr 92% | 7.5분  ** best.pt(ema) 6.93 **  [raw/ema 갱신]
[11:14:14]     ep11   103/518 train_mae 6.84 lr 9.11e-05
[11:15:38]     ep11   206/518 train_mae 6.98 lr 9.07e-05
[11:17:02]     ep11   309/518 train_mae 6.92 lr 9.02e-05
[11:18:26]     ep11   412/518 train_mae 6.92 lr 8.97e-05
[11:19:49]     ep11   515/518 train_mae 6.90 lr 8.91e-05
[11:20:24] [11/40] train 6.91 | val 6.23 (rmse 8.50) | KL 0.358 | val(ema) 6.64 | lr 89% | 7.5분  ** best.pt(ema) 6.64 **  [ema 갱신]
[11:21:48]     ep12   103/518 train_mae 6.77 lr 8.86e-05
[11:23:13]     ep12   206/518 train_mae 6.85 lr 8.81e-05
[11:24:37]     ep12   309/518 train_mae 6.83 lr 8.75e-05
[11:26:02]     ep12   412/518 train_mae 6.79 lr 8.70e-05
[11:27:24]     ep12   515/518 train_mae 6.79 lr 8.64e-05
[11:27:59] [12/40] train 6.79 | val 6.71 (rmse 9.00) | KL 0.330 | val(ema) 6.43 | lr 86% | 7.6분  ** best.pt(ema) 6.43 **  [ema 갱신]
[11:29:21]     ep13   103/518 train_mae 6.77 lr 8.58e-05
[11:30:45]     ep13   206/518 train_mae 6.75 lr 8.52e-05
[11:32:06]     ep13   309/518 train_mae 6.78 lr 8.46e-05
[11:33:29]     ep13   412/518 train_mae 6.75 lr 8.40e-05
[11:34:52]     ep13   515/518 train_mae 6.72 lr 8.34e-05
[11:35:26] [13/40] train 6.72 | val 6.24 (rmse 8.42) | KL 0.314 | val(ema) 6.30 | lr 83% | 7.4분  ** best.pt(ema) 6.30 **  [ema 갱신]
[11:36:49]     ep14   103/518 train_mae 6.78 lr 8.28e-05
[11:38:12]     ep14   206/518 train_mae 6.70 lr 8.21e-05
[11:39:34]     ep14   309/518 train_mae 6.68 lr 8.15e-05
[11:40:55]     ep14   412/518 train_mae 6.68 lr 8.08e-05
[11:42:20]     ep14   515/518 train_mae 6.68 lr 8.02e-05
[11:42:55] [14/40] train 6.68 | val 6.48 (rmse 8.68) | KL 0.297 | val(ema) 6.21 | lr 80% | 7.5분  ** best.pt(ema) 6.21 **  [ema 갱신]
[11:44:17]     ep15   103/518 train_mae 6.44 lr 7.95e-05
[11:45:42]     ep15   206/518 train_mae 6.42 lr 7.88e-05
[11:47:04]     ep15   309/518 train_mae 6.51 lr 7.81e-05
[11:48:26]     ep15   412/518 train_mae 6.59 lr 7.74e-05
[11:49:50]     ep15   515/518 train_mae 6.59 lr 7.67e-05
[11:50:25] [15/40] train 6.58 | val 6.04 (rmse 8.21) | KL 0.287 | val(ema) 6.16 | lr 77% | 7.5분  ** best.pt(ema) 6.16 **  [raw/ema 갱신]
[11:51:47]     ep16   103/518 train_mae 6.45 lr 7.60e-05
[11:53:09]     ep16   206/518 train_mae 6.46 lr 7.53e-05
[11:54:33]     ep16   309/518 train_mae 6.47 lr 7.46e-05
[11:55:55]     ep16   412/518 train_mae 6.51 lr 7.38e-05
[11:57:18]     ep16   515/518 train_mae 6.53 lr 7.31e-05
[11:57:52] [16/40] train 6.53 | val 6.05 (rmse 8.24) | KL 0.277 | val(ema) 6.12 | lr 73% | 7.4분  ** best.pt(ema) 6.12 **  [ema 갱신]
[11:59:17]     ep17   103/518 train_mae 6.23 lr 7.23e-05
[12:00:40]     ep17   206/518 train_mae 6.33 lr 7.16e-05
[12:02:04]     ep17   309/518 train_mae 6.46 lr 7.08e-05
[12:03:27]     ep17   412/518 train_mae 6.47 lr 7.01e-05
[12:04:50]     ep17   515/518 train_mae 6.47 lr 6.93e-05
[12:05:25] [17/40] train 6.48 | val 6.34 (rmse 8.46) | KL 0.267 | val(ema) 6.07 | lr 69% | 7.5분  ** best.pt(ema) 6.07 **  [ema 갱신]
[12:06:48]     ep18   103/518 train_mae 6.37 lr 6.85e-05
[12:08:11]     ep18   206/518 train_mae 6.39 lr 6.77e-05
[12:09:34]     ep18   309/518 train_mae 6.41 lr 6.70e-05
[12:10:56]     ep18   412/518 train_mae 6.36 lr 6.62e-05
[12:12:19]     ep18   515/518 train_mae 6.36 lr 6.54e-05
[12:12:55] [18/40] train 6.36 | val 6.02 (rmse 8.29) | KL 0.261 | val(ema) 6.03 | lr 65% | 7.5분  ** best.pt(ema) 6.03 **  [raw/ema 갱신]
[12:14:24]     ep19   103/518 train_mae 6.14 lr 6.46e-05
[12:15:54]     ep19   206/518 train_mae 6.16 lr 6.38e-05
[12:17:20]     ep19   309/518 train_mae 6.20 lr 6.30e-05
[12:18:46]     ep19   412/518 train_mae 6.28 lr 6.22e-05
[12:20:11]     ep19   515/518 train_mae 6.30 lr 6.14e-05
[12:20:46] [19/40] train 6.30 | val 6.10 (rmse 8.23) | KL 0.255 | val(ema) 5.99 | lr 61% | 7.8분  ** best.pt(ema) 5.99 **  [ema 갱신]
[12:22:20]     ep20   103/518 train_mae 6.60 lr 6.05e-05
[12:23:52]     ep20   206/518 train_mae 6.44 lr 5.97e-05
[12:25:23]     ep20   309/518 train_mae 6.44 lr 5.89e-05
[12:26:49]     ep20   412/518 train_mae 6.37 lr 5.81e-05
[12:28:20]     ep20   515/518 train_mae 6.33 lr 5.73e-05
[12:28:55] [20/40] train 6.34 | val 6.52 (rmse 8.77) | KL 0.252 | val(ema) 5.98 | lr 57% | 8.1분  ** best.pt(ema) 5.98 **  [ema 갱신]
[12:30:28]     ep21   103/518 train_mae 6.06 lr 5.64e-05
[12:31:57]     ep21   206/518 train_mae 6.05 lr 5.56e-05
[12:33:36]     ep21   309/518 train_mae 6.12 lr 5.48e-05
[12:35:25]     ep21   412/518 train_mae 6.16 lr 5.39e-05
[12:37:15]     ep21   515/518 train_mae 6.22 lr 5.31e-05
[12:38:01] [21/40] train 6.22 | val 5.95 (rmse 8.12) | KL 0.247 | val(ema) 5.96 | lr 53% | 9.1분  ** best.pt(ema) 5.96 **  [raw/ema 갱신]
[12:39:31]     ep22   103/518 train_mae 6.15 lr 5.23e-05
[12:41:00]     ep22   206/518 train_mae 6.03 lr 5.14e-05
[12:42:45]     ep22   309/518 train_mae 6.07 lr 5.06e-05
[12:44:34]     ep22   412/518 train_mae 6.14 lr 4.98e-05
[12:46:26]     ep22   515/518 train_mae 6.15 lr 4.90e-05
[12:47:05] [22/40] train 6.16 | val 6.11 (rmse 8.31) | KL 0.243 | val(ema) 5.95 | lr 49% | 9.0분  ** best.pt(ema) 5.95 **  [ema 갱신]
[12:48:39]     ep23   103/518 train_mae 5.99 lr 4.81e-05
[12:50:15]     ep23   206/518 train_mae 6.15 lr 4.73e-05
[12:51:57]     ep23   309/518 train_mae 6.14 lr 4.65e-05
[12:53:38]     ep23   412/518 train_mae 6.12 lr 4.56e-05
[12:55:19]     ep23   515/518 train_mae 6.12 lr 4.48e-05
[12:55:54] [23/40] train 6.12 | val 6.05 (rmse 8.21) | KL 0.239 | val(ema) 5.93 | lr 45% | 8.8분  ** best.pt(ema) 5.93 **  [ema 갱신]
[12:57:28]     ep24   103/518 train_mae 6.10 lr 4.40e-05
[12:59:12]     ep24   206/518 train_mae 5.97 lr 4.31e-05
[13:00:53]     ep24   309/518 train_mae 6.05 lr 4.23e-05
[13:02:35]     ep24   412/518 train_mae 6.03 lr 4.15e-05
[13:04:04]     ep24   515/518 train_mae 6.06 lr 4.07e-05
[13:04:39] [24/40] train 6.06 | val 5.97 (rmse 8.16) | KL 0.235 | val(ema) 5.91 | lr 41% | 8.7분  ** best.pt(ema) 5.91 **  [ema 갱신]
[13:06:22]     ep25   103/518 train_mae 6.11 lr 3.99e-05
[13:08:03]     ep25   206/518 train_mae 6.13 lr 3.91e-05
[13:09:41]     ep25   309/518 train_mae 6.02 lr 3.83e-05
[13:11:14]     ep25   412/518 train_mae 6.03 lr 3.75e-05
[13:12:49]     ep25   515/518 train_mae 6.01 lr 3.67e-05
[13:13:35] [25/40] train 6.01 | val 5.97 (rmse 8.13) | KL 0.231 | val(ema) 5.89 | lr 37% | 8.9분  ** best.pt(ema) 5.89 **  [ema 갱신]
[13:15:20]     ep26   103/518 train_mae 6.13 lr 3.59e-05
[13:17:04]     ep26   206/518 train_mae 5.97 lr 3.51e-05
[13:18:34]     ep26   309/518 train_mae 5.96 lr 3.43e-05
[13:20:07]     ep26   412/518 train_mae 5.89 lr 3.35e-05
[13:21:48]     ep26   515/518 train_mae 5.93 lr 3.28e-05
[13:22:32] [26/40] train 5.94 | val 5.91 (rmse 8.08) | KL 0.229 | val(ema) 5.88 | lr 33% | 8.9분  ** best.pt(ema) 5.88 **  [raw/ema 갱신]
[13:24:14]     ep27   103/518 train_mae 5.93 lr 3.20e-05
[13:25:47]     ep27   206/518 train_mae 5.87 lr 3.12e-05
[13:27:22]     ep27   309/518 train_mae 5.85 lr 3.05e-05
[13:29:07]     ep27   412/518 train_mae 5.87 lr 2.97e-05
[13:30:52]     ep27   515/518 train_mae 5.91 lr 2.90e-05
[13:31:42] [27/40] train 5.91 | val 5.97 (rmse 8.11) | KL 0.226 | val(ema) 5.87 | lr 29% | 9.1분  ** best.pt(ema) 5.87 **  [ema 갱신]
[13:33:13]     ep28   103/518 train_mae 5.83 lr 2.82e-05
[13:34:47]     ep28   206/518 train_mae 5.77 lr 2.75e-05
[13:36:27]     ep28   309/518 train_mae 5.87 lr 2.68e-05
[13:38:08]     ep28   412/518 train_mae 5.88 lr 2.60e-05
[13:39:45]     ep28   515/518 train_mae 5.86 lr 2.53e-05
[13:40:21] [28/40] train 5.86 | val 5.92 (rmse 8.12) | KL 0.223 | val(ema) 5.86 | lr 25% | 8.6분  ** best.pt(ema) 5.86 **  [ema 갱신]
[13:41:51]     ep29   103/518 train_mae 5.68 lr 2.46e-05
[13:43:30]     ep29   206/518 train_mae 5.79 lr 2.39e-05
[13:45:07]     ep29   309/518 train_mae 5.90 lr 2.32e-05
[13:46:42]     ep29   412/518 train_mae 5.86 lr 2.26e-05
[13:48:13]     ep29   515/518 train_mae 5.85 lr 2.19e-05
[13:48:53] [29/40] train 5.84 | val 5.96 (rmse 8.09) | KL 0.221 | val(ema) 5.86 | lr 22% | 8.5분  ** best.pt(ema) 5.86 **  [ema 갱신]
[13:50:32]     ep30   103/518 train_mae 5.94 lr 2.12e-05
[13:52:20]     ep30   206/518 train_mae 5.79 lr 2.06e-05
[13:54:33]     ep30   309/518 train_mae 5.74 lr 1.99e-05
[13:56:22]     ep30   412/518 train_mae 5.79 lr 1.93e-05
[13:58:32]     ep30   515/518 train_mae 5.77 lr 1.87e-05
[13:59:39] [30/40] train 5.77 | val 5.89 (rmse 8.07) | KL 0.219 | val(ema) 5.86 | lr 19% | 10.7분  ** best.pt(ema) 5.86 **  [raw/ema 갱신]
[14:01:41]     ep31   103/518 train_mae 5.69 lr 1.80e-05
[14:03:18]     ep31   206/518 train_mae 5.67 lr 1.74e-05
[14:05:12]     ep31   309/518 train_mae 5.72 lr 1.68e-05
[14:07:10]     ep31   412/518 train_mae 5.71 lr 1.62e-05
[14:09:07]     ep31   515/518 train_mae 5.78 lr 1.56e-05
[14:09:43] [31/40] train 5.78 | val 5.89 (rmse 8.08) | KL 0.218 | val(ema) 5.85 | lr 16% | 10.0분  ** best.pt(ema) 5.85 **  [raw/ema 갱신]
[14:11:13]     ep32   103/518 train_mae 5.82 lr 1.51e-05
[14:12:53]     ep32   206/518 train_mae 5.82 lr 1.45e-05
[14:14:26]     ep32   309/518 train_mae 5.71 lr 1.40e-05
[14:15:48]     ep32   412/518 train_mae 5.75 lr 1.34e-05
[14:16:58]     ep32   515/518 train_mae 5.76 lr 1.29e-05
[14:17:33] [32/40] train 5.76 | val 5.89 (rmse 8.07) | KL 0.218 | val(ema) 5.85 | lr 13% | 7.8분  ** best.pt(ema) 5.85 **  [ema 갱신]
[14:18:57]     ep33   103/518 train_mae 5.80 lr 1.24e-05
[14:20:21]     ep33   206/518 train_mae 5.80 lr 1.19e-05
[14:21:35]     ep33   309/518 train_mae 5.78 lr 1.14e-05
[14:22:49]     ep33   412/518 train_mae 5.74 lr 1.09e-05
[14:24:15]     ep33   515/518 train_mae 5.73 lr 1.04e-05
[14:24:51] [33/40] train 5.73 | val 5.98 (rmse 8.15) | KL 0.215 | val(ema) 5.86 | lr 10% | 7.3분
[14:26:12]     ep34   103/518 train_mae 5.63 lr 9.95e-06
[14:27:21]     ep34   206/518 train_mae 5.66 lr 9.50e-06
[14:28:42]     ep34   309/518 train_mae 5.69 lr 9.07e-06
[14:30:06]     ep34   412/518 train_mae 5.64 lr 8.65e-06
[14:31:25]     ep34   515/518 train_mae 5.67 lr 8.24e-06
[14:31:59] [34/40] train 5.67 | val 5.92 (rmse 8.12) | KL 0.214 | val(ema) 5.86 | lr 8% | 7.1분
[14:33:13]     ep35   103/518 train_mae 5.74 lr 7.83e-06
[14:34:37]     ep35   206/518 train_mae 5.71 lr 7.44e-06
[14:36:01]     ep35   309/518 train_mae 5.72 lr 7.07e-06
[14:37:14]     ep35   412/518 train_mae 5.67 lr 6.71e-06
[14:38:30]     ep35   515/518 train_mae 5.68 lr 6.36e-06
[14:39:07] [35/40] train 5.68 | val 5.87 (rmse 8.07) | KL 0.214 | val(ema) 5.86 | lr 6% | 7.1분  [raw 갱신]
[14:40:32]     ep36   103/518 train_mae 5.78 lr 6.02e-06
[14:41:49]     ep36   206/518 train_mae 5.64 lr 5.70e-06
[14:42:58]     ep36   309/518 train_mae 5.64 lr 5.39e-06
[14:44:22]     ep36   412/518 train_mae 5.64 lr 5.09e-06
[14:45:47]     ep36   515/518 train_mae 5.65 lr 4.81e-06
[14:46:24] [36/40] train 5.65 | val 5.88 (rmse 8.08) | KL 0.213 | val(ema) 5.86 | lr 5% | 7.3분
[14:47:35]     ep37   103/518 train_mae 5.55 lr 4.53e-06
[14:48:51]     ep37   206/518 train_mae 5.68 lr 4.28e-06
[14:50:15]     ep37   309/518 train_mae 5.64 lr 4.03e-06
[14:51:39]     ep37   412/518 train_mae 5.62 lr 3.80e-06
[14:52:49]     ep37   515/518 train_mae 5.63 lr 3.59e-06
[14:53:21] [37/40] train 5.64 | val 5.88 (rmse 8.07) | KL 0.211 | val(ema) 5.86 | lr 4% | 6.9분
[14:54:45]     ep38   103/518 train_mae 5.46 lr 3.38e-06
[14:56:08]     ep38   206/518 train_mae 5.58 lr 3.19e-06
[14:57:23]     ep38   309/518 train_mae 5.61 lr 3.02e-06
[14:58:34]     ep38   412/518 train_mae 5.64 lr 2.86e-06
[14:59:58]     ep38   515/518 train_mae 5.65 lr 2.71e-06
[15:00:35] [38/40] train 5.65 | val 5.87 (rmse 8.06) | KL 0.212 | val(ema) 5.86 | lr 3% | 7.2분  [raw 갱신]
[15:01:59]     ep39   103/518 train_mae 5.64 lr 2.57e-06
[15:03:09]     ep39   206/518 train_mae 5.68 lr 2.45e-06
[15:04:26]     ep39   309/518 train_mae 5.63 lr 2.35e-06
[15:05:50]     ep39   412/518 train_mae 5.64 lr 2.26e-06
[15:07:12]     ep39   515/518 train_mae 5.68 lr 2.18e-06
[15:07:45] [39/40] train 5.67 | val 5.87 (rmse 8.06) | KL 0.212 | val(ema) 5.86 | lr 2% | 7.1분
[15:08:56]     ep40   103/518 train_mae 5.47 lr 2.11e-06
[15:10:18]     ep40   206/518 train_mae 5.54 lr 2.06e-06
[15:11:42]     ep40   309/518 train_mae 5.59 lr 2.03e-06
[15:12:55]     ep40   412/518 train_mae 5.60 lr 2.01e-06
[15:14:08]     ep40   515/518 train_mae 5.60 lr 2.00e-06
[15:14:45] [40/40] train 5.61 | val 5.86 (rmse 8.05) | KL 0.210 | val(ema) 5.87 | lr 2% | 7.0분  [raw 갱신]
[15:14:46] [스테이지2] 완료 · best val MAE = 5.85 개월 (규칙 'ema')
[15:14:46] [스테이지2] 참고 · raw 최고 5.86 / ema 최고 5.85 -> 각각 best_raw.pt / best_ema.pt
[15:14:46] [스테이지2] 종료 시점 LR = 피크의 2.0%  [정상 - 코사인 완주]
[15:14:47] [backbone] convnext_tiny.fb_in22k_ft_in1k_384 (pretrained=False, drop_path=0.15)
[15:14:47] [head] FiLM 성별조건화 stages=[2, 3] 채널=[384, 768] (0 초기화=항등)
[15:14:47] [head] 입력 768x512 -> 특징맵 768x24x16 · head_type=gap
[15:14:47] [head] 출력 240 (LDL 로짓 - softmax 기대값으로 환산)
[15:14:47] ========================================================================
[15:14:47] [스테이지3] 평가 시작
[15:14:47]   백본     convnext_tiny.fb_in22k_ft_in1k_384
[15:14:47]   헤드     gap | 화소처리 p1p99
[15:14:47]   가중치   ema (선택 규칙 'ema')
[15:14:47]   출력     LDL 240-way 기대값 회귀 (δ 15.0, λ 0.5)
[15:14:47]   입력     768x512
[15:14:47]   best val MAE 5.85 @ epoch 32
[15:14:47]   [val] 예측 중...
[15:15:44]   [calib] slope a=0.9655 intercept b=+3.85  (축소 존재)
[15:15:44]   [calib] 채택 여부 False (val 5.84 -> 5.95)
[15:15:44]   [train] 예측 중...
[15:18:47]   [test] 예측 중...
[15:18:53] [backbone] convnext_tiny.fb_in22k_ft_in1k_384 (pretrained=False, drop_path=0.15)
[15:18:58] [backbone] convnext_tiny.fb_in22k_ft_in1k_384 (pretrained=False, drop_path=0.15)
[15:19:20]   [경고] 분포 형태 진단 실패: too many indices for array: array is 1-dimensional, but 2 were indexed
[15:19:37]   [경고] 성별 플립 테스트 실패: too many indices for array: array is 1-dimensional, but 2 were indexed
[15:19:38]   학습곡선 저장: G:\Project\sinra_cho\checkpoints_convnext_single_v12_ldl\learning_curve.png
[15:19:38]   산점도 저장: G:\Project\sinra_cho\checkpoints_convnext_single_v12_ldl\scatter.png
[15:19:39]   오차 상위 저장: G:\Project\sinra_cho\checkpoints_convnext_single_v12_ldl\worst_cases.png
[15:19:39]   [Grad-CAM] target = stages.3
[15:19:42]   Grad-CAM 저장: G:\Project\sinra_cho\checkpoints_convnext_single_v12_ldl\gradcam.png
[15:19:43]   연령분포 저장: G:\Project\sinra_cho\checkpoints_convnext_single_v12_ldl\age_distribution.png (평균 표준편차 22.3개월, 목표 δ=15.0 근방)
[15:19:43]   캘리브레이션 계수 저장: G:\Project\sinra_cho\checkpoints_convnext_single_v12_ldl\calibration.json
====================================================================
 ConvNeXt-Tiny LDL 기대값 회귀 (bins 240, δ 15.0, λ 0.5) | 768x512 | 강도정규화 p1p99
 백본 convnext_tiny.fb_in22k_ft_in1k_384 | 헤드 gap
 실행 20260814_094211 | best epoch 32 (ema)
 TTA [0, -6, -3, 3, 6]
====================================================================
 VAL(단일)        N= 1,399  MAE  5.85  RMSE  8.02  bias -0.20
 VAL(+TTA)      N= 1,399  MAE  5.84  RMSE  8.01  bias -0.54
 VAL(+calib)    N= 1,399  MAE  5.95  RMSE  8.15  bias -0.00   -> 미채택
 TRAIN(단일)      N=12,440  MAE  5.33  RMSE  7.45  bias -0.14
--------------------------------------------------------------------
 TEST           N=   197  MAE  4.08  RMSE  5.15  bias +0.30  CI95 [3.64, 4.53]
--------------------------------------------------------------------
 [가중치 감사 · test, TTA 적용 / calib 미적용]
   raw  ep 40  val  5.86  ->  test  4.21  CI95 [3.76, 4.68]
   ema  ep 32  val  5.85  ->  test  4.08  CI95 [3.64, 4.53]
   EMA - raw = -0.13 개월 (test 기준)
   * 음수면 EMA 이득이 test 로 이어진 것, 양수면 val 에서만 좋았던 것.
--------------------------------------------------------------------
   0-4y    N=   9  MAE  3.32  bias +2.65
   4-8y    N=  34  MAE  5.45  bias +2.52
   8-12y   N=  64  MAE  4.61  bias +0.98
   12-16y  N=  79  MAE  3.15  bias -1.19
   >16y    N=  11  MAE  3.97  bias -1.72
--------------------------------------------------------------------
 [성별 분해 · test]
   Male    N=   98  MAE  3.80  RMSE  4.87  bias +0.14  sigma  4.87  corr 0.9927  slope 0.9808
   Female  N=   99  MAE  4.35  RMSE  5.41  bias +0.46  sigma  5.39  corr 0.9929  slope 0.9439
--------------------------------------------------------------------
 [성별 분해 · val]
   Male    N=  761  MAE  5.50  RMSE  7.58  bias -0.24  sigma  7.58  corr 0.9838  slope 0.9709
   Female  N=  638  MAE  6.24  RMSE  8.49  bias -0.89  sigma  8.45  corr 0.9755  slope 0.9501
   판정: corr 차 0.0002 / slope 차 0.0369 -> 출력 스케일(캘리브레이션) 문제
 [성별 x 연령 편향 · test]
   구간        N_M   bias_M   MAE_M     N_F   bias_F   MAE_F
   0-4y        2    -0.29    2.07       7    +3.49    3.68
   4-8y       13    -0.09    5.79      21    +4.14    5.25
   8-12y      28    +2.01    4.26      36    +0.17    4.89
   12-16y     47    -0.52    3.13      32    -2.17    3.17
   >16y        8    -2.04    3.36       3    -0.88    5.60
====================================================================
[15:19:43] 결과 저장: G:\Project\sinra_cho\checkpoints_convnext_single_v12_ldl\results.txt
[15:19:43]          G:\Project\sinra_cho\checkpoints_convnext_single_v12_ldl\results.json
[15:19:43] [backbone] convnext_tiny.fb_in22k_ft_in1k_384 (pretrained=False, drop_path=0.15)
[15:19:44] 추론 함수 확인 [4360] 예측 170.0개월 / 실제 169개월
[15:19:44] 추론 함수 준비 완료 · best.pt: G:\Project\sinra_cho\checkpoints_convnext_single_v12_ldl\best.pt
[15:19:44] === 전체 완료 ===
