========================================================================
[16:46:22] ConvNeXt-Tiny + LDL 기대값 회귀 골연령 시작 [v12]
[16:46:22] Python 3.12.7 | Windows 11
[16:46:22] PyTorch 2.6.0+cu124 | torchvision 0.21.0+cu124 | timm 1.0.28
[16:46:22] OpenCV 5.0.0 | numpy 2.5.1 | pandas 3.0.3
[16:46:22] device cuda | CUDA True | AMP True
[GPU-GUARD] (inproc) 바로 실행 — 티켓 377번 infer 16000MiB
[16:46:22] GPU NVIDIA A100 80GB PCIe | VRAM 79.5GB | sm_80 | CUDA 12.4
[16:46:22] HAND_CROP_DIR  G:\Project\sinra_cho\crop_yolo_seg
[16:46:22] CSV_DIR        G:\Project\sinra_cho\crop_yolo_seg\csv
[16:46:22] CACHE_DIR      G:\Project\sinra_cho\cache_convnext_single_v12\raw768x512_letterbox_pad0_center_np1p99
[16:46:22] CKPT_DIR       G:\Project\sinra_cho\checkpoints_convnext_single_v12_ldl
[16:46:22] 이미지 준비    letterbox -> 768x512(HxW) | pad 0 | 강도정규화 p1p99
[16:46:22] 백본           convnext_tiny.fb_in22k_ft_in1k_384 (drop_path 0.15)
[16:46:22] 헤드           gap | 성별임베딩 32 | dropout 0.1
[16:46:22] 최적화         AdamW | lr 4e-05/1e-04 | wd 0.05 | 배치 24x1=24
[16:46:22] 스케줄         warmup 3ep + cosine(min ratio 0.02) | 총 40ep | 조기종료 끔
[16:46:22] 손실 LDL(bins 240, δ 15.0, λ 0.5) | 증강 True | EMA True(0.9995) | best 선택 'ema'
[16:46:22] 증강 상세      affine rot5° tr0.1 sc(0.8, 1.15) sh4 | jitter ±0.25 | erasing p=0.25
[16:46:22] [v9] 증강 스케일 (0.8, 1.15) · 이동 0.1 · 회전 5°
[16:46:22] [v9] 도메인증강 jpeg0.35 gamma0.35 blur0.2 noise0.2
[16:46:22] [v10] 구간가중  가우시안 테이퍼 center 96개월 · sigma 48 · peak x1.35
[16:46:22] [v11] LDL λ 0.5 · EPOCHS 40 · warmup 3  (v10 1.0/60/4 에서 원복)
[16:46:22] [v11] FiLM 성별조건화 ON stages=[2, 3] hidden=64
[16:46:22] [v12] 회전 5° (v11 12°) · 스케일 (0.8, 1.15) · 좌우반전 p=0.5 (신규)
[16:46:22] [v12] 평가 리포트: 성별 분해 · 성별x연령 교차 · 성별 플립 · 분포 형태(왜도)
[16:46:22] 추론           TTA [0, -6, -3, 3, 6] | 캘리브레이션 자동판정
[16:46:22] DataLoader     num_workers=0
[16:46:22] 실행 옵션      (없음)
========================================================================
[16:46:22] 라벨 로드 중...
[16:46:23]   train 라벨 12,432 | 파일 12,432 | 미크롭    0 -> 사용 12,432
[16:46:23]   val   라벨  1,397 | 파일  1,397 | 미크롭    0 -> 사용  1,397
[16:46:23]   test  라벨    197 | 파일    197 | 미크롭    0 -> 사용    197
[16:46:23] 타깃 정규화 사용 안 함 (LDL - 개월 원단위) · 참고용 train 통계 127.49 ± 40.93 개월
[16:46:23] [QC-LDL] 이산화 하한 MAE = 0.093 개월 (δ=15.0, bins=1~240, val 라벨 기준)
[16:46:23] 남아 비율 54.2% | 연령 범위 1~228 개월
[16:46:23] 실행 환경 스냅샷 저장: G:\Project\sinra_cho\checkpoints_convnext_single_v12_ldl\env_20260814_164622.json
[16:46:23] [스테이지1] 캐시 경로 G:\Project\sinra_cho\cache_convnext_single_v12\raw768x512_letterbox_pad0_center_np1p99
[16:46:23] [스테이지1] 크롭 소스 G:\Project\sinra_cho\crop_yolo_seg
[16:46:23] [스테이지1] 768x512 캔버스 캐시 생성 (norm=p1p99)
[16:47:51]     [train] 2,000/12,432 (89s)
[16:49:34]     [train] 4,000/12,432 (191s)
[16:51:18]     [train] 6,000/12,432 (296s)
[16:53:05]     [train] 8,000/12,432 (402s)
[16:54:49]     [train] 10,000/12,432 (506s)
[16:56:34]     [train] 12,000/12,432 (611s)
[16:56:57]   [train] 생성 12,432 · 스킵 0 · 실패 0 (634s)
[16:58:07]   [val] 생성 1,397 · 스킵 0 · 실패 0 (70s)
[16:58:16]   [test] 생성 197 · 스킵 0 · 실패 0 (9s)
[16:58:16]   여백 비율: 중앙 12.2% · 90%tile 23.9% · 최대 40.6%
[16:58:16] [스테이지1] 완료 표식: G:\Project\sinra_cho\cache_convnext_single_v12\raw768x512_letterbox_pad0_center_np1p99\_DONE_cache.json
[16:58:16] [QC] 강도 정규화 검증 시트 생성
[16:58:20] [QC] 시트 저장: G:\Project\sinra_cho\checkpoints_convnext_single_v12_ldl\qc_intensity_norm.png
[16:58:20] 
   id      원본크기  원본범위  원본std  유효std 여백%
11318 1168x1524 0~255   46.9   68.8 13%
 2519   759x934 0~255   13.8   68.9 18%
13881 1213x1634 0~231   42.5   70.9 10%
11973  971x1099 0~255   38.2   70.9 25%
 8192  956x1437 0~255   47.0   70.4  0%
10701 1216x1539 0~255   53.3   68.6 16%
 3812  758x1175 0~255   15.1   69.6  3%
 4293  829x1071 0~255   11.3   72.6 14%
[16:58:20] [QC] std 변동계수(CV):  원본 0.514  ->  캔버스 0.020
[16:58:20] [QC] 정상 - 이미지 간 대비 편차가 크게 줄었습니다.
[16:58:20] [QC] 샘플 여백 중앙 14%
[16:58:20] [QC] 좌우(엄지) 방향 분포 집계
[16:58:25] [QC] 엄지 오른쪽 247 (82.3%) | 왼쪽 13 (4.3%) | 판정불가 40 (13.3%)
[16:58:25] [QC] 한쪽으로 쏠려 있습니다 (소수쪽 5.0%) -> 반전 증강 이득이 작을 수 있습니다. 결과 비교 시 참고하세요.
G:\Project\sinra_cho\convnexttiny_single_768x512_v12.py:1171: UserWarning: Glyph 50628 (\N{HANGUL SYLLABLE EOM}) missing from font(s) DejaVu Sans.
  plt.tight_layout()
G:\Project\sinra_cho\convnexttiny_single_768x512_v12.py:1171: UserWarning: Glyph 51648 (\N{HANGUL SYLLABLE JI}) missing from font(s) DejaVu Sans.
  plt.tight_layout()
G:\Project\sinra_cho\convnexttiny_single_768x512_v12.py:1171: UserWarning: Glyph 50724 (\N{HANGUL SYLLABLE O}) missing from font(s) DejaVu Sans.
  plt.tight_layout()
G:\Project\sinra_cho\convnexttiny_single_768x512_v12.py:1171: UserWarning: Glyph 47480 (\N{HANGUL SYLLABLE REUN}) missing from font(s) DejaVu Sans.
  plt.tight_layout()
G:\Project\sinra_cho\convnexttiny_single_768x512_v12.py:1171: UserWarning: Glyph 51901 (\N{HANGUL SYLLABLE JJOG}) missing from font(s) DejaVu Sans.
  plt.tight_layout()
G:\Project\sinra_cho\convnexttiny_single_768x512_v12.py:1171: UserWarning: Glyph 50812 (\N{HANGUL SYLLABLE OEN}) missing from font(s) DejaVu Sans.
  plt.tight_layout()
G:\Project\sinra_cho\convnexttiny_single_768x512_v12.py:1171: UserWarning: Glyph 54032 (\N{HANGUL SYLLABLE PAN}) missing from font(s) DejaVu Sans.
  plt.tight_layout()
G:\Project\sinra_cho\convnexttiny_single_768x512_v12.py:1171: UserWarning: Glyph 51221 (\N{HANGUL SYLLABLE JEONG}) missing from font(s) DejaVu Sans.
  plt.tight_layout()
G:\Project\sinra_cho\convnexttiny_single_768x512_v12.py:1171: UserWarning: Glyph 48520 (\N{HANGUL SYLLABLE BUL}) missing from font(s) DejaVu Sans.
  plt.tight_layout()
G:\Project\sinra_cho\convnexttiny_single_768x512_v12.py:1171: UserWarning: Glyph 44032 (\N{HANGUL SYLLABLE GA}) missing from font(s) DejaVu Sans.
  plt.tight_layout()
G:\Project\sinra_cho\convnexttiny_single_768x512_v12.py:1173: UserWarning: Glyph 50628 (\N{HANGUL SYLLABLE EOM}) missing from font(s) DejaVu Sans.
  plt.savefig(pth, dpi=110); plt.close()
G:\Project\sinra_cho\convnexttiny_single_768x512_v12.py:1173: UserWarning: Glyph 51648 (\N{HANGUL SYLLABLE JI}) missing from font(s) DejaVu Sans.
  plt.savefig(pth, dpi=110); plt.close()
G:\Project\sinra_cho\convnexttiny_single_768x512_v12.py:1173: UserWarning: Glyph 50724 (\N{HANGUL SYLLABLE O}) missing from font(s) DejaVu Sans.
  plt.savefig(pth, dpi=110); plt.close()
G:\Project\sinra_cho\convnexttiny_single_768x512_v12.py:1173: UserWarning: Glyph 47480 (\N{HANGUL SYLLABLE REUN}) missing from font(s) DejaVu Sans.
  plt.savefig(pth, dpi=110); plt.close()
G:\Project\sinra_cho\convnexttiny_single_768x512_v12.py:1173: UserWarning: Glyph 51901 (\N{HANGUL SYLLABLE JJOG}) missing from font(s) DejaVu Sans.
  plt.savefig(pth, dpi=110); plt.close()
G:\Project\sinra_cho\convnexttiny_single_768x512_v12.py:1173: UserWarning: Glyph 50812 (\N{HANGUL SYLLABLE OEN}) missing from font(s) DejaVu Sans.
  plt.savefig(pth, dpi=110); plt.close()
G:\Project\sinra_cho\convnexttiny_single_768x512_v12.py:1173: UserWarning: Glyph 54032 (\N{HANGUL SYLLABLE PAN}) missing from font(s) DejaVu Sans.
  plt.savefig(pth, dpi=110); plt.close()
G:\Project\sinra_cho\convnexttiny_single_768x512_v12.py:1173: UserWarning: Glyph 51221 (\N{HANGUL SYLLABLE JEONG}) missing from font(s) DejaVu Sans.
  plt.savefig(pth, dpi=110); plt.close()
G:\Project\sinra_cho\convnexttiny_single_768x512_v12.py:1173: UserWarning: Glyph 48520 (\N{HANGUL SYLLABLE BUL}) missing from font(s) DejaVu Sans.
  plt.savefig(pth, dpi=110); plt.close()
G:\Project\sinra_cho\convnexttiny_single_768x512_v12.py:1173: UserWarning: Glyph 44032 (\N{HANGUL SYLLABLE GA}) missing from font(s) DejaVu Sans.
  plt.savefig(pth, dpi=110); plt.close()
[16:58:26] [QC] 좌우 판정 시트 저장: G:\Project\sinra_cho\checkpoints_convnext_single_v12_ldl\qc_laterality.png  <- 판정이 맞는지 반드시 눈으로 확인하세요
[16:58:26] [스테이지2] 배치 수: train 518 | val 59
[16:58:28] [backbone] convnext_tiny.fb_in22k_ft_in1k_384 (pretrained=True, drop_path=0.15)
[16:58:28] [head] FiLM 성별조건화 stages=[2, 3] 채널=[384, 768] (0 초기화=항등)
[16:58:28] [head] 입력 768x512 -> 특징맵 768x24x16 · head_type=gap
[16:58:28] [head] 출력 240 (LDL 로짓 - softmax 기대값으로 환산)
G:\Project\sinra_cho\.venv\Lib\site-packages\torch\nn\modules\module.py:1329: UserWarning: expandable_segments not supported on this platform (Triggered internally at C:\actions-runner\_work\pytorch\pytorch\pytorch\c10/cuda/CUDAAllocatorConfig.h:28.)
  return t.to(
[16:58:28] [스테이지2] 파라미터 28.5M
[16:58:28] [스테이지2] 파라미터 그룹:
[16:58:28]   bb_decay    tensors= 58 params= 27.76M lr=4.0e-05 wd=0.05
[16:58:28]   bb_nodecay  tensors=122 params=  0.06M lr=4.0e-05 wd=0.0
[16:58:28]   hd_decay    tensors=  8 params=  0.64M lr=1.0e-04 wd=0.05
[16:58:28]   hd_nodecay  tensors= 10 params=  0.00M lr=1.0e-04 wd=0.0
[16:58:28] [스테이지2] 옵티마이저 스텝: 에폭당 518 · 총 20720 · warmup 1554
[16:58:28] [스테이지2] EMA 유효 창 ≈ 3.9 에폭
[16:58:28] [스테이지2] best.pt 선택 규칙 = 'ema' (학습 전 고정)
[16:58:28] [스테이지2] 새 학습 시작
[16:58:28] [손실] LDL  ℓ_MAE + 0.5·KL(G‖p)  (bins 240, δ 15.0)
[17:00:58]     ep01   103/518 train_mae 34.09 lr 6.63e-06
[17:03:04]     ep01   206/518 train_mae 34.41 lr 1.33e-05
[17:05:15]     ep01   309/518 train_mae 33.62 lr 1.99e-05
[17:07:22]     ep01   412/518 train_mae 32.27 lr 2.65e-05
[17:09:28]     ep01   515/518 train_mae 30.68 lr 3.31e-05
[17:10:26] [01/40] train 30.61 | val 12.83 (rmse 18.17) | KL 1.381 | val(ema) 34.49 | lr 33% | 11.9분  ** best.pt(ema) 34.49 **  [raw/ema 갱신]
[17:12:06]     ep02   103/518 train_mae 21.54 lr 4.00e-05
[17:13:34]     ep02   206/518 train_mae 18.93 lr 4.66e-05
[17:15:01]     ep02   309/518 train_mae 17.31 lr 5.32e-05
[17:16:30]     ep02   412/518 train_mae 16.32 lr 5.98e-05
[17:18:03]     ep02   515/518 train_mae 15.38 lr 6.65e-05
[17:18:40] [02/40] train 15.36 | val 9.72 (rmse 12.07) | KL 1.472 | val(ema) 31.52 | lr 67% | 8.2분  ** best.pt(ema) 31.52 **  [raw/ema 갱신]
[17:20:09]     ep03   103/518 train_mae 11.04 lr 7.33e-05
[17:21:45]     ep03   206/518 train_mae 10.81 lr 7.99e-05
[17:23:30]     ep03   309/518 train_mae 10.75 lr 8.66e-05
[17:25:18]     ep03   412/518 train_mae 10.64 lr 9.32e-05
[17:27:08]     ep03   515/518 train_mae 10.51 lr 9.98e-05
[17:27:52] [03/40] train 10.50 | val 7.31 (rmse 9.54) | KL 1.272 | val(ema) 24.53 | lr 100% | 9.2분  ** best.pt(ema) 24.53 **  [raw/ema 갱신]
[17:29:37]     ep04   103/518 train_mae 10.09 lr 1.00e-04
[17:31:20]     ep04   206/518 train_mae 9.75 lr 1.00e-04
[17:33:08]     ep04   309/518 train_mae 9.54 lr 9.99e-05
[17:34:59]     ep04   412/518 train_mae 9.28 lr 9.99e-05
[17:36:47]     ep04   515/518 train_mae 9.17 lr 9.98e-05
[17:37:31] [04/40] train 9.17 | val 7.95 (rmse 10.26) | KL 1.071 | val(ema) 19.62 | lr 100% | 9.6분  ** best.pt(ema) 19.62 **  [ema 갱신]
[17:39:13]     ep05   103/518 train_mae 8.99 lr 9.97e-05
[17:40:51]     ep05   206/518 train_mae 8.85 lr 9.97e-05
[17:42:36]     ep05   309/518 train_mae 8.64 lr 9.96e-05
[17:44:27]     ep05   412/518 train_mae 8.54 lr 9.94e-05
[17:46:16]     ep05   515/518 train_mae 8.48 lr 9.93e-05
[17:47:00] [05/40] train 8.48 | val 7.23 (rmse 9.76) | KL 0.919 | val(ema) 15.99 | lr 99% | 9.4분  ** best.pt(ema) 15.99 **  [raw/ema 갱신]
[17:49:05]     ep06   103/518 train_mae 8.00 lr 9.91e-05
[17:50:52]     ep06   206/518 train_mae 8.01 lr 9.90e-05
[17:52:41]     ep06   309/518 train_mae 7.95 lr 9.88e-05
[17:54:32]     ep06   412/518 train_mae 7.98 lr 9.86e-05
[17:56:21]     ep06   515/518 train_mae 7.89 lr 9.84e-05
[17:57:01] [06/40] train 7.90 | val 6.36 (rmse 8.63) | KL 0.777 | val(ema) 12.90 | lr 98% | 10.0분  ** best.pt(ema) 12.90 **  [raw/ema 갱신]
[17:58:30]     ep07   103/518 train_mae 7.64 lr 9.82e-05
[17:59:56]     ep07   206/518 train_mae 7.55 lr 9.80e-05
[18:01:23]     ep07   309/518 train_mae 7.60 lr 9.77e-05
[18:02:50]     ep07   412/518 train_mae 7.60 lr 9.75e-05
[18:04:18]     ep07   515/518 train_mae 7.64 lr 9.72e-05
[18:04:55] [07/40] train 7.64 | val 6.45 (rmse 8.78) | KL 0.641 | val(ema) 10.42 | lr 97% | 7.9분  ** best.pt(ema) 10.42 **  [ema 갱신]
[18:06:23]     ep08   103/518 train_mae 7.67 lr 9.69e-05
[18:07:50]     ep08   206/518 train_mae 7.52 lr 9.66e-05
[18:09:17]     ep08   309/518 train_mae 7.56 lr 9.63e-05
[18:10:44]     ep08   412/518 train_mae 7.51 lr 9.60e-05
[18:12:11]     ep08   515/518 train_mae 7.47 lr 9.57e-05
[18:12:47] [08/40] train 7.46 | val 6.76 (rmse 9.14) | KL 0.543 | val(ema) 8.59 | lr 96% | 7.8분  ** best.pt(ema) 8.59 **  [ema 갱신]
[18:14:14]     ep09   103/518 train_mae 7.48 lr 9.53e-05
[18:15:40]     ep09   206/518 train_mae 7.28 lr 9.49e-05
[18:17:09]     ep09   309/518 train_mae 7.28 lr 9.46e-05
[18:18:38]     ep09   412/518 train_mae 7.23 lr 9.42e-05
[18:20:05]     ep09   515/518 train_mae 7.24 lr 9.38e-05
[18:20:42] [09/40] train 7.24 | val 6.33 (rmse 8.55) | KL 0.460 | val(ema) 7.47 | lr 94% | 7.9분  ** best.pt(ema) 7.47 **  [raw/ema 갱신]
[18:22:10]     ep10   103/518 train_mae 7.13 lr 9.34e-05
[18:23:38]     ep10   206/518 train_mae 7.11 lr 9.30e-05
[18:25:06]     ep10   309/518 train_mae 7.28 lr 9.25e-05
[18:26:32]     ep10   412/518 train_mae 7.32 lr 9.21e-05
[18:28:00]     ep10   515/518 train_mae 7.26 lr 9.16e-05
[18:28:37] [10/40] train 7.26 | val 6.32 (rmse 8.48) | KL 0.401 | val(ema) 6.86 | lr 92% | 7.9분  ** best.pt(ema) 6.86 **  [raw/ema 갱신]
[18:30:04]     ep11   103/518 train_mae 7.25 lr 9.11e-05
[18:31:30]     ep11   206/518 train_mae 7.25 lr 9.07e-05
[18:32:59]     ep11   309/518 train_mae 7.19 lr 9.02e-05
[18:34:27]     ep11   412/518 train_mae 7.17 lr 8.97e-05
[18:35:53]     ep11   515/518 train_mae 7.13 lr 8.91e-05
[18:36:30] [11/40] train 7.13 | val 6.37 (rmse 8.71) | KL 0.367 | val(ema) 6.55 | lr 89% | 7.9분  ** best.pt(ema) 6.55 **  [ema 갱신]
[18:37:57]     ep12   103/518 train_mae 6.87 lr 8.86e-05
[18:39:24]     ep12   206/518 train_mae 7.11 lr 8.81e-05
[18:40:53]     ep12   309/518 train_mae 7.02 lr 8.75e-05
[18:42:22]     ep12   412/518 train_mae 6.93 lr 8.70e-05
[18:43:55]     ep12   515/518 train_mae 6.94 lr 8.64e-05
[18:44:33] [12/40] train 6.94 | val 6.06 (rmse 8.26) | KL 0.337 | val(ema) 6.35 | lr 86% | 8.0분  ** best.pt(ema) 6.35 **  [raw/ema 갱신]
[18:46:03]     ep13   103/518 train_mae 6.98 lr 8.58e-05
[18:47:31]     ep13   206/518 train_mae 6.93 lr 8.52e-05
[18:48:57]     ep13   309/518 train_mae 6.89 lr 8.46e-05
[18:50:27]     ep13   412/518 train_mae 6.90 lr 8.40e-05
[18:52:09]     ep13   515/518 train_mae 6.92 lr 8.34e-05
[18:52:50] [13/40] train 6.91 | val 6.05 (rmse 8.26) | KL 0.320 | val(ema) 6.24 | lr 83% | 8.2분  ** best.pt(ema) 6.24 **  [raw/ema 갱신]
[18:54:32]     ep14   103/518 train_mae 6.93 lr 8.28e-05
[18:56:14]     ep14   206/518 train_mae 6.75 lr 8.21e-05
[18:58:13]     ep14   309/518 train_mae 6.74 lr 8.15e-05
[19:00:22]     ep14   412/518 train_mae 6.75 lr 8.08e-05
[19:02:24]     ep14   515/518 train_mae 6.75 lr 8.02e-05
[19:03:20] [14/40] train 6.77 | val 6.34 (rmse 8.65) | KL 0.304 | val(ema) 6.16 | lr 80% | 10.5분  ** best.pt(ema) 6.16 **  [ema 갱신]
[19:05:12]     ep15   103/518 train_mae 6.76 lr 7.95e-05
[19:07:06]     ep15   206/518 train_mae 6.71 lr 7.88e-05
[19:09:09]     ep15   309/518 train_mae 6.78 lr 7.81e-05
[19:11:13]     ep15   412/518 train_mae 6.74 lr 7.74e-05
[19:13:14]     ep15   515/518 train_mae 6.72 lr 7.67e-05
[19:13:57] [15/40] train 6.72 | val 6.16 (rmse 8.50) | KL 0.291 | val(ema) 6.10 | lr 77% | 10.6분  ** best.pt(ema) 6.10 **  [ema 갱신]
[19:15:39]     ep16   103/518 train_mae 6.89 lr 7.60e-05
[19:17:17]     ep16   206/518 train_mae 6.71 lr 7.53e-05
[19:19:00]     ep16   309/518 train_mae 6.68 lr 7.46e-05
[19:20:46]     ep16   412/518 train_mae 6.64 lr 7.38e-05
[19:22:32]     ep16   515/518 train_mae 6.65 lr 7.31e-05
[19:23:15] [16/40] train 6.64 | val 6.20 (rmse 8.27) | KL 0.285 | val(ema) 6.05 | lr 73% | 9.3분  ** best.pt(ema) 6.05 **  [ema 갱신]
[19:24:57]     ep17   103/518 train_mae 6.44 lr 7.23e-05
[19:26:40]     ep17   206/518 train_mae 6.55 lr 7.16e-05
[19:28:21]     ep17   309/518 train_mae 6.57 lr 7.08e-05
[19:30:05]     ep17   412/518 train_mae 6.60 lr 7.01e-05
[19:31:44]     ep17   515/518 train_mae 6.61 lr 6.93e-05
[19:32:21] [17/40] train 6.61 | val 6.40 (rmse 8.56) | KL 0.276 | val(ema) 6.01 | lr 69% | 9.1분  ** best.pt(ema) 6.01 **  [ema 갱신]
[19:34:01]     ep18   103/518 train_mae 6.59 lr 6.85e-05
[19:35:42]     ep18   206/518 train_mae 6.55 lr 6.77e-05
[19:37:25]     ep18   309/518 train_mae 6.58 lr 6.70e-05
[19:39:15]     ep18   412/518 train_mae 6.57 lr 6.62e-05
[19:41:05]     ep18   515/518 train_mae 6.57 lr 6.54e-05
[19:41:50] [18/40] train 6.57 | val 5.95 (rmse 8.22) | KL 0.271 | val(ema) 5.98 | lr 65% | 9.4분  ** best.pt(ema) 5.98 **  [raw/ema 갱신]
[19:43:37]     ep19   103/518 train_mae 6.72 lr 6.46e-05
[19:45:17]     ep19   206/518 train_mae 6.71 lr 6.38e-05
[19:47:08]     ep19   309/518 train_mae 6.62 lr 6.30e-05
[19:48:58]     ep19   412/518 train_mae 6.65 lr 6.22e-05
[19:50:49]     ep19   515/518 train_mae 6.56 lr 6.14e-05
[19:51:32] [19/40] train 6.56 | val 5.97 (rmse 8.19) | KL 0.267 | val(ema) 5.95 | lr 61% | 9.7분  ** best.pt(ema) 5.95 **  [ema 갱신]
[19:53:21]     ep20   103/518 train_mae 6.51 lr 6.05e-05
[19:55:02]     ep20   206/518 train_mae 6.40 lr 5.97e-05
[19:56:51]     ep20   309/518 train_mae 6.38 lr 5.89e-05
[19:58:42]     ep20   412/518 train_mae 6.36 lr 5.81e-05
[20:00:31]     ep20   515/518 train_mae 6.37 lr 5.73e-05
[20:01:14] [20/40] train 6.37 | val 6.06 (rmse 8.25) | KL 0.255 | val(ema) 5.93 | lr 57% | 9.7분  ** best.pt(ema) 5.93 **  [ema 갱신]
[20:02:57]     ep21   103/518 train_mae 6.13 lr 5.64e-05
[20:04:40]     ep21   206/518 train_mae 6.13 lr 5.56e-05
[20:06:28]     ep21   309/518 train_mae 6.16 lr 5.48e-05
[20:08:20]     ep21   412/518 train_mae 6.18 lr 5.39e-05
[20:10:09]     ep21   515/518 train_mae 6.19 lr 5.31e-05
[20:10:55] [21/40] train 6.19 | val 5.95 (rmse 8.15) | KL 0.247 | val(ema) 5.91 | lr 53% | 9.6분  ** best.pt(ema) 5.91 **  [raw/ema 갱신]
[20:12:37]     ep22   103/518 train_mae 6.08 lr 5.23e-05
[20:14:19]     ep22   206/518 train_mae 6.17 lr 5.14e-05
[20:16:09]     ep22   309/518 train_mae 6.11 lr 5.06e-05
[20:18:01]     ep22   412/518 train_mae 6.18 lr 4.98e-05
[20:19:50]     ep22   515/518 train_mae 6.18 lr 4.90e-05
[20:20:35] [22/40] train 6.19 | val 5.89 (rmse 8.08) | KL 0.244 | val(ema) 5.89 | lr 49% | 9.6분  ** best.pt(ema) 5.89 **  [raw/ema 갱신]
[20:22:18]     ep23   103/518 train_mae 6.20 lr 4.81e-05
[20:23:59]     ep23   206/518 train_mae 6.12 lr 4.73e-05
[20:25:47]     ep23   309/518 train_mae 6.15 lr 4.65e-05
[20:27:37]     ep23   412/518 train_mae 6.17 lr 4.56e-05
[20:29:26]     ep23   515/518 train_mae 6.14 lr 4.48e-05
[20:30:10] [23/40] train 6.14 | val 5.93 (rmse 8.12) | KL 0.241 | val(ema) 5.87 | lr 45% | 9.5분  ** best.pt(ema) 5.87 **  [ema 갱신]
[20:31:49]     ep24   103/518 train_mae 5.97 lr 4.40e-05
[20:33:32]     ep24   206/518 train_mae 6.07 lr 4.31e-05
[20:35:18]     ep24   309/518 train_mae 6.05 lr 4.23e-05
[20:37:03]     ep24   412/518 train_mae 6.03 lr 4.15e-05
[20:38:34]     ep24   515/518 train_mae 6.04 lr 4.07e-05
[20:39:10] [24/40] train 6.05 | val 5.92 (rmse 8.12) | KL 0.234 | val(ema) 5.86 | lr 41% | 9.0분  ** best.pt(ema) 5.86 **  [ema 갱신]
[20:40:38]     ep25   103/518 train_mae 6.07 lr 3.99e-05
[20:42:05]     ep25   206/518 train_mae 6.04 lr 3.91e-05
[20:43:32]     ep25   309/518 train_mae 6.06 lr 3.83e-05
[20:44:59]     ep25   412/518 train_mae 6.01 lr 3.75e-05
[20:46:28]     ep25   515/518 train_mae 6.02 lr 3.67e-05
[20:47:05] [25/40] train 6.02 | val 6.13 (rmse 8.42) | KL 0.232 | val(ema) 5.85 | lr 37% | 7.9분  ** best.pt(ema) 5.85 **  [ema 갱신]
[20:48:33]     ep26   103/518 train_mae 6.01 lr 3.59e-05
[20:50:00]     ep26   206/518 train_mae 6.03 lr 3.51e-05
[20:51:27]     ep26   309/518 train_mae 5.97 lr 3.43e-05
[20:52:55]     ep26   412/518 train_mae 5.96 lr 3.35e-05
[20:54:21]     ep26   515/518 train_mae 5.96 lr 3.28e-05
[20:54:58] [26/40] train 5.96 | val 5.92 (rmse 8.09) | KL 0.229 | val(ema) 5.85 | lr 33% | 7.9분  ** best.pt(ema) 5.85 **  [ema 갱신]
[20:56:25]     ep27   103/518 train_mae 5.95 lr 3.20e-05
[20:57:53]     ep27   206/518 train_mae 5.87 lr 3.12e-05
[20:59:20]     ep27   309/518 train_mae 5.91 lr 3.05e-05
[21:00:46]     ep27   412/518 train_mae 5.94 lr 2.97e-05
[21:02:14]     ep27   515/518 train_mae 5.95 lr 2.90e-05
[21:02:50] [27/40] train 5.95 | val 5.97 (rmse 8.11) | KL 0.228 | val(ema) 5.84 | lr 29% | 7.8분  ** best.pt(ema) 5.84 **  [ema 갱신]
[21:04:18]     ep28   103/518 train_mae 5.76 lr 2.82e-05
[21:05:45]     ep28   206/518 train_mae 5.85 lr 2.75e-05
[21:07:14]     ep28   309/518 train_mae 5.93 lr 2.68e-05
[21:09:01]     ep28   412/518 train_mae 5.93 lr 2.60e-05
[21:10:49]     ep28   515/518 train_mae 5.90 lr 2.53e-05
[21:11:36] [28/40] train 5.90 | val 6.11 (rmse 8.34) | KL 0.226 | val(ema) 5.84 | lr 25% | 8.7분  ** best.pt(ema) 5.84 **  [ema 갱신]
[21:13:15]     ep29   103/518 train_mae 5.71 lr 2.46e-05
[21:14:55]     ep29   206/518 train_mae 5.84 lr 2.39e-05
[21:16:33]     ep29   309/518 train_mae 5.79 lr 2.32e-05
[21:18:12]     ep29   412/518 train_mae 5.80 lr 2.26e-05
[21:19:52]     ep29   515/518 train_mae 5.82 lr 2.19e-05
[21:20:29] [29/40] train 5.82 | val 5.88 (rmse 8.09) | KL 0.223 | val(ema) 5.84 | lr 22% | 8.9분  [raw 갱신]
[21:21:58]     ep30   103/518 train_mae 5.85 lr 2.12e-05
[21:23:26]     ep30   206/518 train_mae 5.78 lr 2.06e-05
[21:24:54]     ep30   309/518 train_mae 5.80 lr 1.99e-05
[21:26:21]     ep30   412/518 train_mae 5.84 lr 1.93e-05
[21:27:48]     ep30   515/518 train_mae 5.83 lr 1.87e-05
[21:28:24] [30/40] train 5.83 | val 5.92 (rmse 8.08) | KL 0.222 | val(ema) 5.84 | lr 19% | 7.9분
[21:29:51]     ep31   103/518 train_mae 5.82 lr 1.80e-05
[21:31:19]     ep31   206/518 train_mae 5.79 lr 1.74e-05
[21:32:47]     ep31   309/518 train_mae 5.79 lr 1.68e-05
[21:34:15]     ep31   412/518 train_mae 5.80 lr 1.62e-05
[21:35:42]     ep31   515/518 train_mae 5.79 lr 1.56e-05
[21:36:18] [31/40] train 5.78 | val 5.95 (rmse 8.11) | KL 0.219 | val(ema) 5.84 | lr 16% | 7.9분
[21:37:47]     ep32   103/518 train_mae 5.82 lr 1.51e-05
[21:39:13]     ep32   206/518 train_mae 5.85 lr 1.45e-05
[21:40:40]     ep32   309/518 train_mae 5.83 lr 1.40e-05
[21:42:07]     ep32   412/518 train_mae 5.75 lr 1.34e-05
[21:43:34]     ep32   515/518 train_mae 5.75 lr 1.29e-05
[21:44:10] [32/40] train 5.75 | val 5.88 (rmse 8.05) | KL 0.217 | val(ema) 5.84 | lr 13% | 7.9분
[21:45:36]     ep33   103/518 train_mae 5.64 lr 1.24e-05
[21:47:02]     ep33   206/518 train_mae 5.65 lr 1.19e-05
[21:48:29]     ep33   309/518 train_mae 5.64 lr 1.14e-05
[21:49:57]     ep33   412/518 train_mae 5.66 lr 1.09e-05
[21:51:23]     ep33   515/518 train_mae 5.69 lr 1.04e-05
[21:51:59] [33/40] train 5.69 | val 5.86 (rmse 8.03) | KL 0.215 | val(ema) 5.84 | lr 10% | 7.8분  [raw 갱신]
[21:53:27]     ep34   103/518 train_mae 5.87 lr 9.95e-06
[21:54:55]     ep34   206/518 train_mae 5.76 lr 9.50e-06
[21:56:21]     ep34   309/518 train_mae 5.75 lr 9.07e-06
[21:57:50]     ep34   412/518 train_mae 5.74 lr 8.65e-06
[21:59:17]     ep34   515/518 train_mae 5.71 lr 8.24e-06
[21:59:54] [34/40] train 5.70 | val 5.88 (rmse 8.07) | KL 0.215 | val(ema) 5.84 | lr 8% | 7.9분
[22:01:21]     ep35   103/518 train_mae 5.65 lr 7.83e-06
[22:02:49]     ep35   206/518 train_mae 5.71 lr 7.44e-06
[22:04:17]     ep35   309/518 train_mae 5.73 lr 7.07e-06
[22:05:45]     ep35   412/518 train_mae 5.69 lr 6.71e-06
[22:07:11]     ep35   515/518 train_mae 5.67 lr 6.36e-06
[22:07:48] [35/40] train 5.67 | val 5.85 (rmse 8.05) | KL 0.214 | val(ema) 5.84 | lr 6% | 7.9분  ** best.pt(ema) 5.84 **  [raw/ema 갱신]
[22:09:14]     ep36   103/518 train_mae 5.52 lr 6.02e-06
[22:10:42]     ep36   206/518 train_mae 5.56 lr 5.70e-06
[22:12:10]     ep36   309/518 train_mae 5.60 lr 5.39e-06
[22:13:38]     ep36   412/518 train_mae 5.57 lr 5.09e-06
[22:15:05]     ep36   515/518 train_mae 5.62 lr 4.81e-06
[22:15:42] [36/40] train 5.62 | val 5.84 (rmse 8.03) | KL 0.212 | val(ema) 5.84 | lr 5% | 7.9분  [raw 갱신]
[22:17:09]     ep37   103/518 train_mae 5.87 lr 4.53e-06
[22:18:38]     ep37   206/518 train_mae 5.78 lr 4.28e-06
[22:20:05]     ep37   309/518 train_mae 5.75 lr 4.03e-06
[22:21:32]     ep37   412/518 train_mae 5.70 lr 3.80e-06
[22:22:59]     ep37   515/518 train_mae 5.67 lr 3.59e-06
[22:23:35] [37/40] train 5.66 | val 5.85 (rmse 8.06) | KL 0.214 | val(ema) 5.84 | lr 4% | 7.9분
[22:25:02]     ep38   103/518 train_mae 5.47 lr 3.38e-06
[22:26:28]     ep38   206/518 train_mae 5.60 lr 3.19e-06
[22:27:56]     ep38   309/518 train_mae 5.65 lr 3.02e-06
[22:29:24]     ep38   412/518 train_mae 5.66 lr 2.86e-06
[22:30:52]     ep38   515/518 train_mae 5.62 lr 2.71e-06
[22:31:27] [38/40] train 5.63 | val 5.86 (rmse 8.03) | KL 0.212 | val(ema) 5.84 | lr 3% | 7.9분
[22:32:54]     ep39   103/518 train_mae 5.56 lr 2.57e-06
[22:34:22]     ep39   206/518 train_mae 5.66 lr 2.45e-06
[22:35:48]     ep39   309/518 train_mae 5.65 lr 2.35e-06
[22:37:17]     ep39   412/518 train_mae 5.61 lr 2.26e-06
[22:38:45]     ep39   515/518 train_mae 5.62 lr 2.18e-06
[22:39:21] [39/40] train 5.63 | val 5.85 (rmse 8.04) | KL 0.212 | val(ema) 5.84 | lr 2% | 7.9분
[22:40:49]     ep40   103/518 train_mae 5.67 lr 2.11e-06
[22:42:01]     ep40   206/518 train_mae 5.64 lr 2.06e-06
[22:43:07]     ep40   309/518 train_mae 5.61 lr 2.03e-06
[22:44:12]     ep40   412/518 train_mae 5.61 lr 2.01e-06
[22:45:17]     ep40   515/518 train_mae 5.62 lr 2.00e-06
[22:45:44] [40/40] train 5.62 | val 5.85 (rmse 8.04) | KL 0.211 | val(ema) 5.84 | lr 2% | 6.4분
[22:45:45] [스테이지2] 완료 · best val MAE = 5.84 개월 (규칙 'ema')
[22:45:45] [스테이지2] 참고 · raw 최고 5.84 / ema 최고 5.84 -> 각각 best_raw.pt / best_ema.pt
[22:45:45] [스테이지2] 종료 시점 LR = 피크의 2.0%  [정상 - 코사인 완주]
[22:45:46] [backbone] convnext_tiny.fb_in22k_ft_in1k_384 (pretrained=False, drop_path=0.15)
[22:45:46] [head] FiLM 성별조건화 stages=[2, 3] 채널=[384, 768] (0 초기화=항등)
[22:45:46] [head] 입력 768x512 -> 특징맵 768x24x16 · head_type=gap
[22:45:46] [head] 출력 240 (LDL 로짓 - softmax 기대값으로 환산)
[22:45:46] ========================================================================
[22:45:46] [스테이지3] 평가 시작
[22:45:46]   백본     convnext_tiny.fb_in22k_ft_in1k_384
[22:45:46]   헤드     gap | 화소처리 p1p99
[22:45:46]   가중치   ema (선택 규칙 'ema')
[22:45:46]   출력     LDL 240-way 기대값 회귀 (δ 15.0, λ 0.5)
[22:45:46]   입력     768x512
[22:45:46]   best val MAE 5.84 @ epoch 35
[22:45:46]   [val] 예측 중...
[22:46:24]   [calib] slope a=0.9647 intercept b=+4.13  (축소 존재)
[22:46:24]   [calib] 채택 여부 False (val 5.78 -> 5.90)
[22:46:24]   [train] 예측 중...
[22:48:59]   [test] 예측 중...
[22:49:04] [backbone] convnext_tiny.fb_in22k_ft_in1k_384 (pretrained=False, drop_path=0.15)
[22:49:09] [backbone] convnext_tiny.fb_in22k_ft_in1k_384 (pretrained=False, drop_path=0.15)
[22:49:28]   [경고] 분포 형태 진단 실패: too many indices for array: array is 1-dimensional, but 2 were indexed
[22:49:46]   [경고] 성별 플립 테스트 실패: too many indices for array: array is 1-dimensional, but 2 were indexed
[22:49:47]   학습곡선 저장: G:\Project\sinra_cho\checkpoints_convnext_single_v12_ldl\learning_curve.png
[22:49:47]   산점도 저장: G:\Project\sinra_cho\checkpoints_convnext_single_v12_ldl\scatter.png
[22:49:48]   오차 상위 저장: G:\Project\sinra_cho\checkpoints_convnext_single_v12_ldl\worst_cases.png
[22:49:48]   [Grad-CAM] target = stages.3
[22:49:51]   Grad-CAM 저장: G:\Project\sinra_cho\checkpoints_convnext_single_v12_ldl\gradcam.png
[22:49:52]   연령분포 저장: G:\Project\sinra_cho\checkpoints_convnext_single_v12_ldl\age_distribution.png (평균 표준편차 22.4개월, 목표 δ=15.0 근방)
[22:49:52]   캘리브레이션 계수 저장: G:\Project\sinra_cho\checkpoints_convnext_single_v12_ldl\calibration.json
====================================================================
 ConvNeXt-Tiny LDL 기대값 회귀 (bins 240, δ 15.0, λ 0.5) | 768x512 | 강도정규화 p1p99
 백본 convnext_tiny.fb_in22k_ft_in1k_384 | 헤드 gap
 실행 20260814_164622 | best epoch 35 (ema)
 TTA [0, -6, -3, 3, 6]
====================================================================
 VAL(단일)        N= 1,397  MAE  5.84  RMSE  8.02  bias -0.19
 VAL(+TTA)      N= 1,397  MAE  5.78  RMSE  7.98  bias -0.36
 VAL(+calib)    N= 1,397  MAE  5.90  RMSE  8.12  bias +0.00   -> 미채택
 TRAIN(단일)      N=12,432  MAE  5.28  RMSE  7.41  bias -0.09
--------------------------------------------------------------------
 TEST           N=   197  MAE  4.16  RMSE  5.21  bias +0.42  CI95 [3.73, 4.61]
--------------------------------------------------------------------
 [가중치 감사 · test, TTA 적용 / calib 미적용]
   raw  ep 36  val  5.84  ->  test  4.25  CI95 [3.80, 4.72]
   ema  ep 35  val  5.84  ->  test  4.16  CI95 [3.73, 4.61]
   EMA - raw = -0.09 개월 (test 기준)
   * 음수면 EMA 이득이 test 로 이어진 것, 양수면 val 에서만 좋았던 것.
--------------------------------------------------------------------
   0-4y    N=   9  MAE  3.45  bias +2.05
   4-8y    N=  34  MAE  5.62  bias +3.08
   8-12y   N=  64  MAE  4.64  bias +0.88
   12-16y  N=  79  MAE  3.27  bias -0.91
   >16y    N=  11  MAE  3.85  bias -2.25
--------------------------------------------------------------------
 [성별 분해 · test]
   Male    N=   98  MAE  3.86  RMSE  4.83  bias +0.46  sigma  4.81  corr 0.9929  slope 0.9753
   Female  N=   99  MAE  4.45  RMSE  5.57  bias +0.38  sigma  5.55  corr 0.9923  slope 0.9449
--------------------------------------------------------------------
 [성별 분해 · val]
   Male    N=  760  MAE  5.44  RMSE  7.55  bias +0.12  sigma  7.55  corr 0.9839  slope 0.9676
   Female  N=  637  MAE  6.18  RMSE  8.45  bias -0.93  sigma  8.40  corr 0.9758  slope 0.9501
   판정: corr 차 0.0006 / slope 차 0.0304 -> 출력 스케일(캘리브레이션) 문제
 [성별 x 연령 편향 · test]
   구간        N_M   bias_M   MAE_M     N_F   bias_F   MAE_F
   0-4y        2    -0.49    1.78       7    +2.78    3.93
   4-8y       13    +1.06    5.89      21    +4.33    5.45
   8-12y      28    +2.12    4.42      36    -0.07    4.80
   12-16y     47    -0.14    3.20      32    -2.04    3.37
   >16y        8    -2.48    2.99       3    -1.66    6.15
====================================================================
[22:49:52] 결과 저장: G:\Project\sinra_cho\checkpoints_convnext_single_v12_ldl\results.txt
[22:49:52]          G:\Project\sinra_cho\checkpoints_convnext_single_v12_ldl\results.json
[22:49:52] [backbone] convnext_tiny.fb_in22k_ft_in1k_384 (pretrained=False, drop_path=0.15)
[22:49:53] 추론 함수 확인 [4360] 예측 169.7개월 / 실제 169개월
[22:49:53] 추론 함수 준비 완료 · best.pt: G:\Project\sinra_cho\checkpoints_convnext_single_v12_ldl\best.pt
[22:49:53] === 전체 완료 ===
