========================================================================
[13:36:12] ConvNeXt-Tiny + LDL 기대값 회귀 골연령 시작 [v14]
[13:36:12] Python 3.12.7 | Windows 11
[13:36:12] PyTorch 2.6.0+cu124 | torchvision 0.21.0+cu124 | timm 1.0.28
[13:36:12] OpenCV 5.0.0 | numpy 2.5.1 | pandas 3.0.3
[13:36:12] device cuda | CUDA True | AMP True
[GPU-GUARD] (inproc) 바로 실행 — 티켓 386번 infer 16000MiB
[13:36:12] GPU NVIDIA A100 80GB PCIe | VRAM 79.5GB | sm_80 | CUDA 12.4
[13:36:12] HAND_CROP_DIR  G:\Project\sinra_cho\crop_yolo_seg
[13:36:12] CSV_DIR        G:\Project\sinra_cho\crop_yolo_seg\csv
[13:36:12] CACHE_DIR      G:\Project\sinra_cho\cache_convnext_single_v14\raw768x512_letterbox_pad0_center_np1p99
[13:36:12] CKPT_DIR       G:\Project\sinra_cho\checkpoints_convnext_single_v14_ldl
[13:36:12] 이미지 준비    letterbox -> 768x512(HxW) | pad 0 | 강도정규화 p1p99
[13:36:12] 백본           convnext_tiny.fb_in22k_ft_in1k_384 (drop_path 0.15)
[13:36:12] 헤드           gap | 성별임베딩 32 | dropout 0.1
[13:36:12] 최적화         AdamW | lr 4e-05/1e-04 | wd 0.05 | 배치 24x1=24
[13:36:12] 스케줄         warmup 5ep + cosine(min ratio 0.02) | 총 100ep | 조기종료 끔
[13:36:12] 손실 LDL(bins 240, δ 15.0, λ 0.5) | 증강 True | EMA True(0.9995) | best 선택 'ema'
[13:36:12] 증강 상세      affine rot5° tr0.1 sc(0.8, 1.15) sh4 | jitter ±0.25 | erasing p=0.25
[13:36:12] [v9] 증강 스케일 (0.8, 1.15) · 이동 0.1 · 회전 5°
[13:36:12] [v9] 도메인증강 jpeg0.35 gamma0.35 blur0.2 noise0.2
[13:36:12] [v10] 구간가중  가우시안 테이퍼 center 96개월 · sigma 48 · peak x1.35
[13:36:12] [v11] LDL λ 0.5 · EPOCHS 100 · warmup 5  (v10 1.0/60/4 에서 원복)
[13:36:12] [v11] FiLM 성별조건화 ON stages=[2, 3] hidden=64
[13:36:12] [v14] 회전 5° · 스케일 (0.8, 1.15) · 좌우반전 p=0.5
[13:36:12] [v14] EPOCHS 100 · warmup 5 · 예상 소요 약 18시간 (ROI 로 약 1.37배)
[13:36:12] [v14] 수근골 ROI ON 384x384 · band 0.32 · padX 0.1
[13:36:12] [v14] 평가 리포트: 성별 분해 · 성별x연령 교차 · 성별 플립 · 분포 형태(왜도)
[13:36:12] 추론           TTA [0, -6, -3, 3, 6] | 캘리브레이션 자동판정
[13:36:12] DataLoader     num_workers=0
[13:36:12] 실행 옵션      (없음)
========================================================================
[13:36:12] 라벨 로드 중...
[13:36:13]   train 라벨 12,432 | 파일 12,432 | 미크롭    0 -> 사용 12,432
[13:36:13]   val   라벨  1,397 | 파일  1,397 | 미크롭    0 -> 사용  1,397
[13:36:13]   test  라벨    197 | 파일    197 | 미크롭    0 -> 사용    197
[13:36:13] 타깃 정규화 사용 안 함 (LDL - 개월 원단위) · 참고용 train 통계 127.49 ± 40.93 개월
[13:36:13] [QC-LDL] 이산화 하한 MAE = 0.093 개월 (δ=15.0, bins=1~240, val 라벨 기준)
[13:36:13] 남아 비율 54.2% | 연령 범위 1~228 개월
[13:36:13] 실행 환경 스냅샷 저장: G:\Project\sinra_cho\checkpoints_convnext_single_v14_ldl\env_20260815_133612.json
[13:36:13] [스테이지1] 캐시 경로 G:\Project\sinra_cho\cache_convnext_single_v14\raw768x512_letterbox_pad0_center_np1p99
[13:36:13] [스테이지1] 크롭 소스 G:\Project\sinra_cho\crop_yolo_seg
[13:36:13] [스테이지1] 768x512 캔버스 캐시 생성 (norm=p1p99)
[13:37:48]     [train] 2,000/12,432 (95s)
[13:39:22]     [train] 4,000/12,432 (190s)
[13:40:51]     [train] 6,000/12,432 (278s)
[13:42:19]     [train] 8,000/12,432 (366s)
[13:43:48]     [train] 10,000/12,432 (455s)
[13:45:16]     [train] 12,000/12,432 (544s)
[13:45:35]   [train] 생성 12,432 · 스킵 0 · 실패 0 (562s)
[13:46:34]   [val] 생성 1,397 · 스킵 0 · 실패 0 (59s)
[13:46:42]   [test] 생성 197 · 스킵 0 · 실패 0 (8s)
[13:46:42]   여백 비율: 중앙 12.2% · 90%tile 23.9% · 최대 40.6%
[13:46:42] [스테이지1] 완료 표식: G:\Project\sinra_cho\cache_convnext_single_v14\raw768x512_letterbox_pad0_center_np1p99\_DONE_cache.json
[13:46:42] [QC] 강도 정규화 검증 시트 생성
[13:46:46] [QC] 시트 저장: G:\Project\sinra_cho\checkpoints_convnext_single_v14_ldl\qc_intensity_norm.png
[13:46:46] 
   id      원본크기  원본범위  원본std  유효std 여백%
11318 1168x1524 0~255   46.9   68.8 13%
 2519   759x934 0~255   13.8   68.9 18%
13881 1213x1634 0~231   42.5   70.9 10%
11973  971x1099 0~255   38.2   70.9 25%
 8192  956x1437 0~255   47.0   70.4  0%
10701 1216x1539 0~255   53.3   68.6 16%
 3812  758x1175 0~255   15.1   69.6  3%
 4293  829x1071 0~255   11.3   72.6 14%
[13:46:46] [QC] std 변동계수(CV):  원본 0.514  ->  캔버스 0.020
[13:46:46] [QC] 정상 - 이미지 간 대비 편차가 크게 줄었습니다.
[13:46:46] [QC] 샘플 여백 중앙 14%
[13:46:46] [QC] 좌우(엄지) 방향 분포 집계
[13:46:50] [QC] 엄지 오른쪽 247 (82.3%) | 왼쪽 13 (4.3%) | 판정불가 40 (13.3%)
[13:46:50] [QC] 한쪽으로 쏠려 있습니다 (소수쪽 5.0%) -> 반전 증강 이득이 작을 수 있습니다. 결과 비교 시 참고하세요.
G:\Project\sinra_cho\convnexttiny_single_768x512_v14.py:1244: UserWarning: Glyph 50628 (\N{HANGUL SYLLABLE EOM}) missing from font(s) DejaVu Sans.
  plt.tight_layout()
G:\Project\sinra_cho\convnexttiny_single_768x512_v14.py:1244: UserWarning: Glyph 51648 (\N{HANGUL SYLLABLE JI}) missing from font(s) DejaVu Sans.
  plt.tight_layout()
G:\Project\sinra_cho\convnexttiny_single_768x512_v14.py:1244: UserWarning: Glyph 50724 (\N{HANGUL SYLLABLE O}) missing from font(s) DejaVu Sans.
  plt.tight_layout()
G:\Project\sinra_cho\convnexttiny_single_768x512_v14.py:1244: UserWarning: Glyph 47480 (\N{HANGUL SYLLABLE REUN}) missing from font(s) DejaVu Sans.
  plt.tight_layout()
G:\Project\sinra_cho\convnexttiny_single_768x512_v14.py:1244: UserWarning: Glyph 51901 (\N{HANGUL SYLLABLE JJOG}) missing from font(s) DejaVu Sans.
  plt.tight_layout()
G:\Project\sinra_cho\convnexttiny_single_768x512_v14.py:1244: UserWarning: Glyph 50812 (\N{HANGUL SYLLABLE OEN}) missing from font(s) DejaVu Sans.
  plt.tight_layout()
G:\Project\sinra_cho\convnexttiny_single_768x512_v14.py:1244: UserWarning: Glyph 54032 (\N{HANGUL SYLLABLE PAN}) missing from font(s) DejaVu Sans.
  plt.tight_layout()
G:\Project\sinra_cho\convnexttiny_single_768x512_v14.py:1244: UserWarning: Glyph 51221 (\N{HANGUL SYLLABLE JEONG}) missing from font(s) DejaVu Sans.
  plt.tight_layout()
G:\Project\sinra_cho\convnexttiny_single_768x512_v14.py:1244: UserWarning: Glyph 48520 (\N{HANGUL SYLLABLE BUL}) missing from font(s) DejaVu Sans.
  plt.tight_layout()
G:\Project\sinra_cho\convnexttiny_single_768x512_v14.py:1244: UserWarning: Glyph 44032 (\N{HANGUL SYLLABLE GA}) missing from font(s) DejaVu Sans.
  plt.tight_layout()
G:\Project\sinra_cho\convnexttiny_single_768x512_v14.py:1246: UserWarning: Glyph 50628 (\N{HANGUL SYLLABLE EOM}) missing from font(s) DejaVu Sans.
  plt.savefig(pth, dpi=110); plt.close()
G:\Project\sinra_cho\convnexttiny_single_768x512_v14.py:1246: UserWarning: Glyph 51648 (\N{HANGUL SYLLABLE JI}) missing from font(s) DejaVu Sans.
  plt.savefig(pth, dpi=110); plt.close()
G:\Project\sinra_cho\convnexttiny_single_768x512_v14.py:1246: UserWarning: Glyph 50724 (\N{HANGUL SYLLABLE O}) missing from font(s) DejaVu Sans.
  plt.savefig(pth, dpi=110); plt.close()
G:\Project\sinra_cho\convnexttiny_single_768x512_v14.py:1246: UserWarning: Glyph 47480 (\N{HANGUL SYLLABLE REUN}) missing from font(s) DejaVu Sans.
  plt.savefig(pth, dpi=110); plt.close()
G:\Project\sinra_cho\convnexttiny_single_768x512_v14.py:1246: UserWarning: Glyph 51901 (\N{HANGUL SYLLABLE JJOG}) missing from font(s) DejaVu Sans.
  plt.savefig(pth, dpi=110); plt.close()
G:\Project\sinra_cho\convnexttiny_single_768x512_v14.py:1246: UserWarning: Glyph 50812 (\N{HANGUL SYLLABLE OEN}) missing from font(s) DejaVu Sans.
  plt.savefig(pth, dpi=110); plt.close()
G:\Project\sinra_cho\convnexttiny_single_768x512_v14.py:1246: UserWarning: Glyph 54032 (\N{HANGUL SYLLABLE PAN}) missing from font(s) DejaVu Sans.
  plt.savefig(pth, dpi=110); plt.close()
G:\Project\sinra_cho\convnexttiny_single_768x512_v14.py:1246: UserWarning: Glyph 51221 (\N{HANGUL SYLLABLE JEONG}) missing from font(s) DejaVu Sans.
  plt.savefig(pth, dpi=110); plt.close()
G:\Project\sinra_cho\convnexttiny_single_768x512_v14.py:1246: UserWarning: Glyph 48520 (\N{HANGUL SYLLABLE BUL}) missing from font(s) DejaVu Sans.
  plt.savefig(pth, dpi=110); plt.close()
G:\Project\sinra_cho\convnexttiny_single_768x512_v14.py:1246: UserWarning: Glyph 44032 (\N{HANGUL SYLLABLE GA}) missing from font(s) DejaVu Sans.
  plt.savefig(pth, dpi=110); plt.close()
[13:46:52] [QC] 좌우 판정 시트 저장: G:\Project\sinra_cho\checkpoints_convnext_single_v14_ldl\qc_laterality.png  <- 판정이 맞는지 반드시 눈으로 확인하세요
[13:46:52] [QC] 수근골 ROI 검증 시트 생성
[13:46:52] [QC] ROI 추출 실패 0/12 건
G:\Project\sinra_cho\convnexttiny_single_768x512_v14.py:1291: UserWarning: Glyph 51204 (\N{HANGUL SYLLABLE JEON}) missing from font(s) DejaVu Sans.
  plt.tight_layout()
G:\Project\sinra_cho\convnexttiny_single_768x512_v14.py:1291: UserWarning: Glyph 52404 (\N{HANGUL SYLLABLE CE}) missing from font(s) DejaVu Sans.
  plt.tight_layout()
G:\Project\sinra_cho\convnexttiny_single_768x512_v14.py:1293: UserWarning: Glyph 51204 (\N{HANGUL SYLLABLE JEON}) missing from font(s) DejaVu Sans.
  plt.savefig(pth, dpi=110); plt.close()
G:\Project\sinra_cho\convnexttiny_single_768x512_v14.py:1293: UserWarning: Glyph 52404 (\N{HANGUL SYLLABLE CE}) missing from font(s) DejaVu Sans.
  plt.savefig(pth, dpi=110); plt.close()
[13:46:54] [QC] ROI 시트 저장: G:\Project\sinra_cho\checkpoints_convnext_single_v14_ldl\qc_wrist_roi.png
[13:46:54] [QC] 아랫줄이 손목(수근골)인지 반드시 눈으로 확인하세요. 전완만 잡히거나 손가락이 들어오면 ROI_BAND 를 조정해야 합니다.
[13:46:54] [스테이지2] 배치 수: train 518 | val 59
[13:46:55] [backbone] convnext_tiny.fb_in22k_ft_in1k_384 (pretrained=True, drop_path=0.15)
[13:46:55] [head] FiLM 성별조건화 stages=[2, 3] 채널=[384, 768] (0 초기화=항등)
[13:46:55] [head] 입력 768x512 -> 특징맵 768x24x16 · head_type=gap
[13:46:55] [head] 수근골 ROI 2-스트림 ON · ROI 384x384 (백본 가중치 공유, 화소비 38%)
[13:46:55] [head] 출력 240 (LDL 로짓 - softmax 기대값으로 환산)
G:\Project\sinra_cho\.venv\Lib\site-packages\torch\nn\modules\module.py:1329: UserWarning: expandable_segments not supported on this platform (Triggered internally at C:\actions-runner\_work\pytorch\pytorch\pytorch\c10/cuda/CUDAAllocatorConfig.h:28.)
  return t.to(
[13:46:55] [스테이지2] 파라미터 29.4M
[13:46:55] [스테이지2] 파라미터 그룹:
[13:46:55]   bb_decay    tensors= 58 params= 27.76M lr=4.0e-05 wd=0.05
[13:46:55]   bb_nodecay  tensors=122 params=  0.06M lr=4.0e-05 wd=0.0
[13:46:55]   hd_decay    tensors= 10 params=  1.56M lr=1.0e-04 wd=0.05
[13:46:55]   hd_nodecay  tensors= 14 params=  0.01M lr=1.0e-04 wd=0.0
[13:46:55] [스테이지2] 옵티마이저 스텝: 에폭당 518 · 총 51800 · warmup 2590
[13:46:55] [스테이지2] EMA 유효 창 ≈ 3.9 에폭
[13:46:55] [스테이지2] best.pt 선택 규칙 = 'ema' (학습 전 고정)
[13:46:55] [스테이지2] 새 학습 시작
[13:46:55] [손실] LDL  ℓ_MAE + 0.5·KL(G‖p)  (bins 240, δ 15.0)
[13:49:39]     ep01   103/518 train_mae 35.10 lr 3.98e-06
[13:51:47]     ep01   206/518 train_mae 34.49 lr 7.95e-06
[13:53:50]     ep01   309/518 train_mae 34.22 lr 1.19e-05
[13:55:52]     ep01   412/518 train_mae 33.63 lr 1.59e-05
[13:57:53]     ep01   515/518 train_mae 32.57 lr 1.99e-05
[13:58:47] [01/100] train 32.54 | val 22.29 (rmse 30.28) | KL 1.353 | val(ema) 34.70 | lr 20% | 11.8분  ** best.pt(ema) 34.70 **  [raw/ema 갱신]
[14:00:47]     ep02   103/518 train_mae 25.32 lr 2.40e-05
[14:02:50]     ep02   206/518 train_mae 24.07 lr 2.80e-05
[14:04:49]     ep02   309/518 train_mae 22.64 lr 3.19e-05
[14:06:51]     ep02   412/518 train_mae 20.89 lr 3.59e-05
[14:08:54]     ep02   515/518 train_mae 19.32 lr 3.99e-05
[14:09:37] [02/100] train 19.29 | val 9.33 (rmse 11.99) | KL 1.395 | val(ema) 33.79 | lr 40% | 10.8분  ** best.pt(ema) 33.79 **  [raw/ema 갱신]
[14:11:15]     ep03   103/518 train_mae 12.32 lr 4.40e-05
[14:12:53]     ep03   206/518 train_mae 11.98 lr 4.80e-05
[14:14:32]     ep03   309/518 train_mae 11.62 lr 5.19e-05
[14:16:14]     ep03   412/518 train_mae 11.32 lr 5.59e-05
[14:17:55]     ep03   515/518 train_mae 11.21 lr 5.99e-05
[14:18:42] [03/100] train 11.21 | val 8.11 (rmse 10.50) | KL 1.365 | val(ema) 29.74 | lr 60% | 9.1분  ** best.pt(ema) 29.74 **  [raw/ema 갱신]
[14:20:22]     ep04   103/518 train_mae 10.12 lr 6.40e-05
[14:22:01]     ep04   206/518 train_mae 9.98 lr 6.80e-05
[14:23:37]     ep04   309/518 train_mae 9.82 lr 7.19e-05
[14:25:19]     ep04   412/518 train_mae 9.63 lr 7.59e-05
[14:27:03]     ep04   515/518 train_mae 9.63 lr 7.99e-05
[14:27:46] [04/100] train 9.63 | val 7.19 (rmse 9.46) | KL 1.199 | val(ema) 24.29 | lr 80% | 9.0분  ** best.pt(ema) 24.29 **  [raw/ema 갱신]
[14:29:28]     ep05   103/518 train_mae 9.34 lr 8.40e-05
[14:31:03]     ep05   206/518 train_mae 9.04 lr 8.80e-05
[14:32:46]     ep05   309/518 train_mae 9.03 lr 9.19e-05
[14:34:28]     ep05   412/518 train_mae 8.95 lr 9.59e-05
[14:36:15]     ep05   515/518 train_mae 8.85 lr 9.99e-05
[14:36:59] [05/100] train 8.85 | val 7.34 (rmse 9.58) | KL 1.059 | val(ema) 19.55 | lr 100% | 9.2분  ** best.pt(ema) 19.55 **  [ema 갱신]
[14:38:40]     ep06   103/518 train_mae 8.45 lr 1.00e-04
[14:40:16]     ep06   206/518 train_mae 8.52 lr 1.00e-04
[14:41:53]     ep06   309/518 train_mae 8.43 lr 1.00e-04
[14:43:53]     ep06   412/518 train_mae 8.34 lr 1.00e-04
[14:45:55]     ep06   515/518 train_mae 8.28 lr 1.00e-04
[14:46:41] [06/100] train 8.29 | val 8.45 (rmse 10.70) | KL 0.933 | val(ema) 15.89 | lr 100% | 9.7분  ** best.pt(ema) 15.89 **  [ema 갱신]
[14:48:21]     ep07   103/518 train_mae 8.08 lr 1.00e-04
[14:50:13]     ep07   206/518 train_mae 7.94 lr 9.99e-05
[14:52:19]     ep07   309/518 train_mae 7.84 lr 9.99e-05
[14:54:07]     ep07   412/518 train_mae 7.78 lr 9.99e-05
[14:55:58]     ep07   515/518 train_mae 7.80 lr 9.99e-05
[14:56:51] [07/100] train 7.81 | val 6.86 (rmse 9.27) | KL 0.816 | val(ema) 12.84 | lr 100% | 10.1분  ** best.pt(ema) 12.84 **  [raw/ema 갱신]
[14:58:47]     ep08   103/518 train_mae 7.31 lr 9.99e-05
[15:00:34]     ep08   206/518 train_mae 7.36 lr 9.98e-05
[15:02:21]     ep08   309/518 train_mae 7.50 lr 9.98e-05
[15:04:20]     ep08   412/518 train_mae 7.54 lr 9.98e-05
[15:06:19]     ep08   515/518 train_mae 7.57 lr 9.98e-05
[15:07:07] [08/100] train 7.57 | val 6.49 (rmse 8.54) | KL 0.715 | val(ema) 10.44 | lr 100% | 10.2분  ** best.pt(ema) 10.44 **  [raw/ema 갱신]
[15:08:43]     ep09   103/518 train_mae 7.48 lr 9.97e-05
[15:10:30]     ep09   206/518 train_mae 7.33 lr 9.97e-05
[15:12:28]     ep09   309/518 train_mae 7.35 lr 9.97e-05
[15:14:20]     ep09   412/518 train_mae 7.32 lr 9.96e-05
[15:16:06]     ep09   515/518 train_mae 7.28 lr 9.96e-05
[15:16:58] [09/100] train 7.28 | val 6.79 (rmse 9.01) | KL 0.617 | val(ema) 8.78 | lr 100% | 9.8분  ** best.pt(ema) 8.78 **  [ema 갱신]
[15:18:54]     ep10   103/518 train_mae 7.31 lr 9.95e-05
[15:20:41]     ep10   206/518 train_mae 7.33 lr 9.95e-05
[15:22:32]     ep10   309/518 train_mae 7.27 lr 9.94e-05
[15:24:33]     ep10   412/518 train_mae 7.24 lr 9.94e-05
[15:26:30]     ep10   515/518 train_mae 7.21 lr 9.93e-05
[15:27:15] [10/100] train 7.21 | val 6.31 (rmse 8.55) | KL 0.516 | val(ema) 7.61 | lr 99% | 10.2분  ** best.pt(ema) 7.61 **  [raw/ema 갱신]
[15:29:00]     ep11   103/518 train_mae 7.13 lr 9.93e-05
[15:30:58]     ep11   206/518 train_mae 7.16 lr 9.92e-05
[15:32:59]     ep11   309/518 train_mae 7.18 lr 9.92e-05
[15:34:45]     ep11   412/518 train_mae 7.12 lr 9.91e-05
[15:36:35]     ep11   515/518 train_mae 7.08 lr 9.90e-05
[15:37:27] [11/100] train 7.07 | val 6.30 (rmse 8.52) | KL 0.451 | val(ema) 6.98 | lr 99% | 10.2분  ** best.pt(ema) 6.98 **  [raw/ema 갱신]
[15:39:22]     ep12   103/518 train_mae 7.03 lr 9.90e-05
[15:41:19]     ep12   206/518 train_mae 7.05 lr 9.89e-05
[15:43:04]     ep12   309/518 train_mae 6.98 lr 9.88e-05
[15:44:58]     ep12   412/518 train_mae 6.93 lr 9.88e-05
[15:46:53]     ep12   515/518 train_mae 6.90 lr 9.87e-05
[15:47:44] [12/100] train 6.90 | val 6.19 (rmse 8.39) | KL 0.395 | val(ema) 6.59 | lr 99% | 10.3분  ** best.pt(ema) 6.59 **  [raw/ema 갱신]
[15:49:36]     ep13   103/518 train_mae 6.81 lr 9.86e-05
[15:51:15]     ep13   206/518 train_mae 6.80 lr 9.85e-05
[15:53:05]     ep13   309/518 train_mae 6.78 lr 9.85e-05
[15:55:06]     ep13   412/518 train_mae 6.76 lr 9.84e-05
[15:57:07]     ep13   515/518 train_mae 6.80 lr 9.83e-05
[15:57:56] [13/100] train 6.79 | val 6.25 (rmse 8.43) | KL 0.366 | val(ema) 6.38 | lr 98% | 10.2분  ** best.pt(ema) 6.38 **  [ema 갱신]
[15:59:33]     ep14   103/518 train_mae 6.79 lr 9.82e-05
[16:01:20]     ep14   206/518 train_mae 6.84 lr 9.81e-05
[16:03:24]     ep14   309/518 train_mae 6.76 lr 9.80e-05
[16:05:18]     ep14   412/518 train_mae 6.78 lr 9.79e-05
[16:07:16]     ep14   515/518 train_mae 6.80 lr 9.78e-05
[16:08:35] [14/100] train 6.80 | val 6.13 (rmse 8.41) | KL 0.340 | val(ema) 6.25 | lr 98% | 10.6분  ** best.pt(ema) 6.25 **  [raw/ema 갱신]
[16:11:21]     ep15   103/518 train_mae 6.75 lr 9.78e-05
[16:13:29]     ep15   206/518 train_mae 6.79 lr 9.77e-05
[16:15:51]     ep15   309/518 train_mae 6.74 lr 9.76e-05
[16:18:57]     ep15   412/518 train_mae 6.69 lr 9.75e-05
[16:21:01]     ep15   515/518 train_mae 6.73 lr 9.73e-05
[16:22:00] [15/100] train 6.73 | val 6.39 (rmse 8.68) | KL 0.321 | val(ema) 6.18 | lr 97% | 13.4분  ** best.pt(ema) 6.18 **  [ema 갱신]
[16:24:46]     ep16   103/518 train_mae 6.68 lr 9.72e-05
[16:27:24]     ep16   206/518 train_mae 6.66 lr 9.71e-05
[16:29:31]     ep16   309/518 train_mae 6.76 lr 9.70e-05
[16:32:18]     ep16   412/518 train_mae 6.68 lr 9.69e-05
[16:35:03]     ep16   515/518 train_mae 6.63 lr 9.68e-05
[16:36:02] [16/100] train 6.63 | val 6.04 (rmse 8.24) | KL 0.303 | val(ema) 6.12 | lr 97% | 14.0분  ** best.pt(ema) 6.12 **  [raw/ema 갱신]
[16:38:06]     ep17   103/518 train_mae 6.53 lr 9.67e-05
[16:41:16]     ep17   206/518 train_mae 6.51 lr 9.66e-05
[16:43:31]     ep17   309/518 train_mae 6.58 lr 9.64e-05
[16:45:33]     ep17   412/518 train_mae 6.61 lr 9.63e-05
[16:48:21]     ep17   515/518 train_mae 6.59 lr 9.62e-05
[16:50:10] [17/100] train 6.59 | val 6.09 (rmse 8.27) | KL 0.291 | val(ema) 6.07 | lr 96% | 14.1분  ** best.pt(ema) 6.07 **  [ema 갱신]
[16:52:17]     ep18   103/518 train_mae 6.33 lr 9.61e-05
[16:54:21]     ep18   206/518 train_mae 6.36 lr 9.59e-05
[16:58:06]     ep18   309/518 train_mae 6.41 lr 9.58e-05
[17:01:17]     ep18   412/518 train_mae 6.43 lr 9.57e-05
[17:03:24]     ep18   515/518 train_mae 6.47 lr 9.55e-05
[17:05:00] [18/100] train 6.47 | val 6.03 (rmse 8.16) | KL 0.283 | val(ema) 6.03 | lr 96% | 14.8분  ** best.pt(ema) 6.03 **  [raw/ema 갱신]
[17:07:52]     ep19   103/518 train_mae 6.33 lr 9.54e-05
[17:09:58]     ep19   206/518 train_mae 6.42 lr 9.53e-05
[17:12:18]     ep19   309/518 train_mae 6.45 lr 9.51e-05
[17:15:22]     ep19   412/518 train_mae 6.47 lr 9.50e-05
[17:17:33]     ep19   515/518 train_mae 6.44 lr 9.48e-05
[17:18:36] [19/100] train 6.44 | val 6.14 (rmse 8.50) | KL 0.276 | val(ema) 5.99 | lr 95% | 13.6분  ** best.pt(ema) 5.99 **  [ema 갱신]
[17:21:21]     ep20   103/518 train_mae 6.84 lr 9.47e-05
[17:24:12]     ep20   206/518 train_mae 6.64 lr 9.46e-05
[17:26:21]     ep20   309/518 train_mae 6.53 lr 9.44e-05
[17:28:20]     ep20   412/518 train_mae 6.48 lr 9.43e-05
[17:30:18]     ep20   515/518 train_mae 6.45 lr 9.41e-05
[17:31:08] [20/100] train 6.45 | val 6.19 (rmse 8.40) | KL 0.272 | val(ema) 5.96 | lr 94% | 12.5분  ** best.pt(ema) 5.96 **  [ema 갱신]
[17:32:52]     ep21   103/518 train_mae 6.33 lr 9.39e-05
[17:34:28]     ep21   206/518 train_mae 6.31 lr 9.38e-05
[17:36:21]     ep21   309/518 train_mae 6.37 lr 9.36e-05
[17:38:18]     ep21   412/518 train_mae 6.37 lr 9.35e-05
[17:40:15]     ep21   515/518 train_mae 6.38 lr 9.33e-05
[17:40:57] [21/100] train 6.38 | val 6.04 (rmse 8.26) | KL 0.265 | val(ema) 5.93 | lr 93% | 9.8분  ** best.pt(ema) 5.93 **  [ema 갱신]
[17:42:36]     ep22   103/518 train_mae 6.55 lr 9.31e-05
[17:44:13]     ep22   206/518 train_mae 6.44 lr 9.30e-05
[17:45:52]     ep22   309/518 train_mae 6.40 lr 9.28e-05
[17:47:38]     ep22   412/518 train_mae 6.35 lr 9.26e-05
[17:49:23]     ep22   515/518 train_mae 6.34 lr 9.25e-05
[17:50:06] [22/100] train 6.34 | val 6.10 (rmse 8.40) | KL 0.260 | val(ema) 5.90 | lr 92% | 9.1분  ** best.pt(ema) 5.90 **  [ema 갱신]
[17:51:46]     ep23   103/518 train_mae 6.16 lr 9.23e-05
[17:53:21]     ep23   206/518 train_mae 6.20 lr 9.21e-05
[17:54:56]     ep23   309/518 train_mae 6.21 lr 9.19e-05
[17:56:39]     ep23   412/518 train_mae 6.26 lr 9.18e-05
[17:58:21]     ep23   515/518 train_mae 6.28 lr 9.16e-05
[17:59:03] [23/100] train 6.28 | val 6.06 (rmse 8.25) | KL 0.254 | val(ema) 5.88 | lr 92% | 8.9분  ** best.pt(ema) 5.88 **  [ema 갱신]
[18:00:54]     ep24   103/518 train_mae 6.35 lr 9.14e-05
[18:02:52]     ep24   206/518 train_mae 6.25 lr 9.12e-05
[18:04:52]     ep24   309/518 train_mae 6.22 lr 9.10e-05
[18:06:58]     ep24   412/518 train_mae 6.23 lr 9.08e-05
[18:08:57]     ep24   515/518 train_mae 6.25 lr 9.06e-05
[18:09:58] [24/100] train 6.25 | val 5.98 (rmse 8.26) | KL 0.248 | val(ema) 5.88 | lr 91% | 10.9분  ** best.pt(ema) 5.88 **  [raw/ema 갱신]
[18:11:54]     ep25   103/518 train_mae 6.14 lr 9.05e-05
[18:13:53]     ep25   206/518 train_mae 6.12 lr 9.03e-05
[18:15:50]     ep25   309/518 train_mae 6.12 lr 9.01e-05
[18:17:57]     ep25   412/518 train_mae 6.16 lr 8.99e-05
[18:19:58]     ep25   515/518 train_mae 6.16 lr 8.97e-05
[18:21:00] [25/100] train 6.16 | val 6.31 (rmse 8.60) | KL 0.247 | val(ema) 5.86 | lr 90% | 11.0분  ** best.pt(ema) 5.86 **  [ema 갱신]
[18:22:55]     ep26   103/518 train_mae 6.10 lr 8.95e-05
[18:24:59]     ep26   206/518 train_mae 6.13 lr 8.93e-05
[18:27:02]     ep26   309/518 train_mae 6.12 lr 8.91e-05
[18:29:03]     ep26   412/518 train_mae 6.15 lr 8.89e-05
[18:30:52]     ep26   515/518 train_mae 6.15 lr 8.87e-05
[18:31:34] [26/100] train 6.15 | val 6.06 (rmse 8.36) | KL 0.243 | val(ema) 5.85 | lr 89% | 10.6분  ** best.pt(ema) 5.85 **  [ema 갱신]
[18:33:11]     ep27   103/518 train_mae 5.98 lr 8.84e-05
[18:34:45]     ep27   206/518 train_mae 6.06 lr 8.82e-05
[18:36:20]     ep27   309/518 train_mae 6.09 lr 8.80e-05
[18:37:59]     ep27   412/518 train_mae 6.08 lr 8.78e-05
[18:39:40]     ep27   515/518 train_mae 6.08 lr 8.76e-05
[18:40:25] [27/100] train 6.07 | val 6.23 (rmse 8.52) | KL 0.235 | val(ema) 5.85 | lr 88% | 8.8분  ** best.pt(ema) 5.85 **  [ema 갱신]
[18:42:01]     ep28   103/518 train_mae 5.97 lr 8.74e-05
[18:43:37]     ep28   206/518 train_mae 5.99 lr 8.72e-05
[18:45:13]     ep28   309/518 train_mae 5.96 lr 8.69e-05
[18:46:53]     ep28   412/518 train_mae 5.97 lr 8.67e-05
[18:48:36]     ep28   515/518 train_mae 6.05 lr 8.65e-05
[18:49:18] [28/100] train 6.05 | val 6.24 (rmse 8.51) | KL 0.231 | val(ema) 5.85 | lr 86% | 8.9분  ** best.pt(ema) 5.85 **  [ema 갱신]
[18:50:54]     ep29   103/518 train_mae 6.07 lr 8.63e-05
[18:52:31]     ep29   206/518 train_mae 5.93 lr 8.61e-05
[18:54:07]     ep29   309/518 train_mae 5.91 lr 8.58e-05
[18:55:47]     ep29   412/518 train_mae 5.98 lr 8.56e-05
[18:57:27]     ep29   515/518 train_mae 6.01 lr 8.54e-05
[18:58:08] [29/100] train 6.01 | val 6.39 (rmse 8.69) | KL 0.229 | val(ema) 5.83 | lr 85% | 8.8분  ** best.pt(ema) 5.83 **  [ema 갱신]
[18:59:44]     ep30   103/518 train_mae 6.04 lr 8.51e-05
[19:01:19]     ep30   206/518 train_mae 6.06 lr 8.49e-05
[19:02:54]     ep30   309/518 train_mae 6.07 lr 8.47e-05
[19:04:33]     ep30   412/518 train_mae 6.08 lr 8.44e-05
[19:06:25]     ep30   515/518 train_mae 6.03 lr 8.42e-05
[19:07:11] [30/100] train 6.03 | val 5.90 (rmse 8.20) | KL 0.226 | val(ema) 5.84 | lr 84% | 9.0분  [raw 갱신]
[19:08:46]     ep31   103/518 train_mae 5.83 lr 8.40e-05
[19:10:23]     ep31   206/518 train_mae 5.91 lr 8.37e-05
[19:12:00]     ep31   309/518 train_mae 5.90 lr 8.35e-05
[19:13:41]     ep31   412/518 train_mae 5.92 lr 8.32e-05
[19:15:23]     ep31   515/518 train_mae 5.94 lr 8.30e-05
[19:16:05] [31/100] train 5.93 | val 6.51 (rmse 8.80) | KL 0.221 | val(ema) 5.84 | lr 83% | 8.9분
[19:17:43]     ep32   103/518 train_mae 5.83 lr 8.27e-05
[19:19:16]     ep32   206/518 train_mae 5.96 lr 8.25e-05
[19:20:55]     ep32   309/518 train_mae 5.96 lr 8.22e-05
[19:22:35]     ep32   412/518 train_mae 5.86 lr 8.20e-05
[19:24:24]     ep32   515/518 train_mae 5.90 lr 8.17e-05
[19:25:17] [32/100] train 5.89 | val 5.96 (rmse 8.26) | KL 0.223 | val(ema) 5.84 | lr 82% | 9.2분
[19:27:11]     ep33   103/518 train_mae 5.75 lr 8.15e-05
[19:29:14]     ep33   206/518 train_mae 5.79 lr 8.12e-05
[19:31:14]     ep33   309/518 train_mae 5.82 lr 8.10e-05
[19:33:20]     ep33   412/518 train_mae 5.83 lr 8.07e-05
[19:35:25]     ep33   515/518 train_mae 5.81 lr 8.05e-05
[19:36:06] [33/100] train 5.82 | val 6.23 (rmse 8.54) | KL 0.217 | val(ema) 5.84 | lr 80% | 10.8분
[19:37:39]     ep34   103/518 train_mae 5.87 lr 8.02e-05
[19:39:11]     ep34   206/518 train_mae 5.70 lr 7.99e-05
[19:40:45]     ep34   309/518 train_mae 5.75 lr 7.97e-05
[19:42:24]     ep34   412/518 train_mae 5.81 lr 7.94e-05
[19:44:06]     ep34   515/518 train_mae 5.83 lr 7.92e-05
[19:44:47] [34/100] train 5.82 | val 5.91 (rmse 8.26) | KL 0.215 | val(ema) 5.83 | lr 79% | 8.7분
[19:46:25]     ep35   103/518 train_mae 5.87 lr 7.89e-05
[19:48:04]     ep35   206/518 train_mae 5.77 lr 7.86e-05
[19:49:41]     ep35   309/518 train_mae 5.77 lr 7.83e-05
[19:51:23]     ep35   412/518 train_mae 5.75 lr 7.81e-05
[19:53:06]     ep35   515/518 train_mae 5.75 lr 7.78e-05
[19:53:50] [35/100] train 5.75 | val 6.44 (rmse 8.84) | KL 0.213 | val(ema) 5.83 | lr 78% | 9.0분  ** best.pt(ema) 5.83 **  [ema 갱신]
[19:55:24]     ep36   103/518 train_mae 5.82 lr 7.75e-05
[19:56:59]     ep36   206/518 train_mae 5.80 lr 7.73e-05
[19:58:33]     ep36   309/518 train_mae 5.77 lr 7.70e-05
[20:00:10]     ep36   412/518 train_mae 5.74 lr 7.67e-05
[20:01:51]     ep36   515/518 train_mae 5.74 lr 7.64e-05
[20:02:31] [36/100] train 5.74 | val 6.19 (rmse 8.50) | KL 0.210 | val(ema) 5.84 | lr 76% | 8.7분
[20:04:07]     ep37   103/518 train_mae 5.63 lr 7.62e-05
[20:05:43]     ep37   206/518 train_mae 5.66 lr 7.59e-05
[20:07:18]     ep37   309/518 train_mae 5.70 lr 7.56e-05
[20:08:58]     ep37   412/518 train_mae 5.70 lr 7.53e-05
[20:10:41]     ep37   515/518 train_mae 5.72 lr 7.50e-05
[20:11:24] [37/100] train 5.72 | val 5.94 (rmse 8.31) | KL 0.210 | val(ema) 5.85 | lr 75% | 8.9분
[20:13:01]     ep38   103/518 train_mae 5.57 lr 7.48e-05
[20:14:36]     ep38   206/518 train_mae 5.60 lr 7.45e-05
[20:16:12]     ep38   309/518 train_mae 5.62 lr 7.42e-05
[20:18:01]     ep38   412/518 train_mae 5.62 lr 7.39e-05
[20:19:53]     ep38   515/518 train_mae 5.67 lr 7.36e-05
[20:20:35] [38/100] train 5.66 | val 6.07 (rmse 8.40) | KL 0.207 | val(ema) 5.85 | lr 74% | 9.2분
[20:22:10]     ep39   103/518 train_mae 5.50 lr 7.33e-05
[20:23:45]     ep39   206/518 train_mae 5.56 lr 7.30e-05
[20:25:21]     ep39   309/518 train_mae 5.58 lr 7.27e-05
[20:26:59]     ep39   412/518 train_mae 5.54 lr 7.25e-05
[20:28:39]     ep39   515/518 train_mae 5.55 lr 7.22e-05
[20:29:21] [39/100] train 5.55 | val 6.28 (rmse 8.63) | KL 0.201 | val(ema) 5.85 | lr 72% | 8.7분
[20:30:56]     ep40   103/518 train_mae 5.58 lr 7.19e-05
[20:32:33]     ep40   206/518 train_mae 5.55 lr 7.16e-05
[20:34:08]     ep40   309/518 train_mae 5.52 lr 7.13e-05
[20:35:46]     ep40   412/518 train_mae 5.49 lr 7.10e-05
[20:37:28]     ep40   515/518 train_mae 5.56 lr 7.07e-05
[20:38:09] [40/100] train 5.56 | val 6.17 (rmse 8.51) | KL 0.198 | val(ema) 5.85 | lr 71% | 8.8분
[20:39:44]     ep41   103/518 train_mae 5.30 lr 7.04e-05
[20:41:21]     ep41   206/518 train_mae 5.46 lr 7.01e-05
[20:42:56]     ep41   309/518 train_mae 5.43 lr 6.98e-05
[20:44:40]     ep41   412/518 train_mae 5.44 lr 6.95e-05
[20:46:26]     ep41   515/518 train_mae 5.48 lr 6.92e-05
[20:47:07] [41/100] train 5.48 | val 6.15 (rmse 8.64) | KL 0.200 | val(ema) 5.86 | lr 69% | 9.0분
[20:48:46]     ep42   103/518 train_mae 5.39 lr 6.89e-05
[20:50:22]     ep42   206/518 train_mae 5.42 lr 6.86e-05
[20:51:56]     ep42   309/518 train_mae 5.42 lr 6.83e-05
[20:53:37]     ep42   412/518 train_mae 5.42 lr 6.80e-05
[20:55:19]     ep42   515/518 train_mae 5.41 lr 6.77e-05
[20:56:02] [42/100] train 5.41 | val 6.01 (rmse 8.38) | KL 0.196 | val(ema) 5.88 | lr 68% | 8.9분
[20:57:38]     ep43   103/518 train_mae 5.29 lr 6.74e-05
[20:59:12]     ep43   206/518 train_mae 5.40 lr 6.71e-05
[21:00:50]     ep43   309/518 train_mae 5.41 lr 6.68e-05
[21:02:29]     ep43   412/518 train_mae 5.42 lr 6.65e-05
[21:04:11]     ep43   515/518 train_mae 5.43 lr 6.62e-05
[21:04:52] [43/100] train 5.43 | val 6.13 (rmse 8.54) | KL 0.194 | val(ema) 5.89 | lr 66% | 8.8분
[21:06:27]     ep44   103/518 train_mae 5.11 lr 6.58e-05
[21:08:15]     ep44   206/518 train_mae 5.19 lr 6.55e-05
[21:10:17]     ep44   309/518 train_mae 5.18 lr 6.52e-05
[21:12:19]     ep44   412/518 train_mae 5.28 lr 6.49e-05
[21:14:29]     ep44   515/518 train_mae 5.31 lr 6.46e-05
[21:15:28] [44/100] train 5.31 | val 6.39 (rmse 8.76) | KL 0.191 | val(ema) 5.90 | lr 65% | 10.6분
[21:17:14]     ep45   103/518 train_mae 5.29 lr 6.43e-05
[21:19:00]     ep45   206/518 train_mae 5.35 lr 6.40e-05
[21:20:47]     ep45   309/518 train_mae 5.43 lr 6.37e-05
[21:22:36]     ep45   412/518 train_mae 5.42 lr 6.34e-05
[21:24:26]     ep45   515/518 train_mae 5.39 lr 6.30e-05
[21:25:08] [45/100] train 5.39 | val 6.19 (rmse 8.60) | KL 0.193 | val(ema) 5.91 | lr 63% | 9.7분
[21:26:43]     ep46   103/518 train_mae 5.21 lr 6.27e-05
[21:28:18]     ep46   206/518 train_mae 5.29 lr 6.24e-05
[21:29:52]     ep46   309/518 train_mae 5.30 lr 6.21e-05
[21:31:31]     ep46   412/518 train_mae 5.28 lr 6.18e-05
[21:33:12]     ep46   515/518 train_mae 5.26 lr 6.15e-05
[21:33:54] [46/100] train 5.26 | val 6.14 (rmse 8.62) | KL 0.188 | val(ema) 5.92 | lr 61% | 8.8분
[21:35:30]     ep47   103/518 train_mae 5.22 lr 6.11e-05
[21:37:04]     ep47   206/518 train_mae 5.24 lr 6.08e-05
[21:38:38]     ep47   309/518 train_mae 5.24 lr 6.05e-05
[21:40:16]     ep47   412/518 train_mae 5.25 lr 6.02e-05
[21:42:03]     ep47   515/518 train_mae 5.22 lr 5.99e-05
[21:42:45] [47/100] train 5.22 | val 6.18 (rmse 8.68) | KL 0.187 | val(ema) 5.93 | lr 60% | 8.9분
[21:44:21]     ep48   103/518 train_mae 5.15 lr 5.95e-05
[21:46:03]     ep48   206/518 train_mae 5.09 lr 5.92e-05
[21:47:41]     ep48   309/518 train_mae 5.08 lr 5.89e-05
[21:49:23]     ep48   412/518 train_mae 5.11 lr 5.86e-05
[21:51:06]     ep48   515/518 train_mae 5.14 lr 5.83e-05
[21:51:47] [48/100] train 5.14 | val 6.03 (rmse 8.51) | KL 0.182 | val(ema) 5.94 | lr 58% | 9.0분
[21:53:22]     ep49   103/518 train_mae 5.14 lr 5.79e-05
[21:54:57]     ep49   206/518 train_mae 5.09 lr 5.76e-05
[21:56:33]     ep49   309/518 train_mae 5.09 lr 5.73e-05
[21:58:11]     ep49   412/518 train_mae 5.09 lr 5.70e-05
[21:59:55]     ep49   515/518 train_mae 5.10 lr 5.67e-05
[22:00:37] [49/100] train 5.10 | val 6.07 (rmse 8.57) | KL 0.183 | val(ema) 5.94 | lr 57% | 8.8분
[22:02:22]     ep50   103/518 train_mae 5.16 lr 5.63e-05
[22:04:03]     ep50   206/518 train_mae 5.04 lr 5.60e-05
[22:05:52]     ep50   309/518 train_mae 5.00 lr 5.57e-05
[22:07:42]     ep50   412/518 train_mae 5.03 lr 5.54e-05
[22:09:31]     ep50   515/518 train_mae 5.05 lr 5.51e-05
[22:10:17] [50/100] train 5.05 | val 6.24 (rmse 8.75) | KL 0.181 | val(ema) 5.96 | lr 55% | 9.7분
[22:12:01]     ep51   103/518 train_mae 5.10 lr 5.47e-05
[22:13:44]     ep51   206/518 train_mae 5.08 lr 5.44e-05
[22:15:36]     ep51   309/518 train_mae 5.03 lr 5.41e-05
[22:17:26]     ep51   412/518 train_mae 5.00 lr 5.38e-05
[22:19:15]     ep51   515/518 train_mae 4.99 lr 5.34e-05
[22:20:01] [51/100] train 4.99 | val 6.18 (rmse 8.65) | KL 0.179 | val(ema) 5.97 | lr 53% | 9.7분
[22:21:45]     ep52   103/518 train_mae 5.07 lr 5.31e-05
[22:23:29]     ep52   206/518 train_mae 5.00 lr 5.28e-05
[22:25:17]     ep52   309/518 train_mae 4.92 lr 5.25e-05
[22:26:58]     ep52   412/518 train_mae 4.93 lr 5.21e-05
[22:28:40]     ep52   515/518 train_mae 4.94 lr 5.18e-05
[22:29:22] [52/100] train 4.94 | val 6.27 (rmse 8.65) | KL 0.176 | val(ema) 5.98 | lr 52% | 9.3분
[22:30:57]     ep53   103/518 train_mae 4.93 lr 5.15e-05
[22:32:32]     ep53   206/518 train_mae 4.95 lr 5.12e-05
[22:34:08]     ep53   309/518 train_mae 5.01 lr 5.08e-05
[22:35:47]     ep53   412/518 train_mae 4.99 lr 5.05e-05
[22:37:27]     ep53   515/518 train_mae 4.96 lr 5.02e-05
[22:38:09] [53/100] train 4.96 | val 6.12 (rmse 8.67) | KL 0.179 | val(ema) 5.99 | lr 50% | 8.8분
[22:39:44]     ep54   103/518 train_mae 4.81 lr 4.99e-05
[22:41:19]     ep54   206/518 train_mae 4.89 lr 4.95e-05
[22:42:53]     ep54   309/518 train_mae 4.93 lr 4.92e-05
[22:44:31]     ep54   412/518 train_mae 4.92 lr 4.89e-05
[22:46:13]     ep54   515/518 train_mae 4.92 lr 4.86e-05
[22:46:55] [54/100] train 4.92 | val 6.30 (rmse 8.81) | KL 0.177 | val(ema) 6.00 | lr 49% | 8.7분
[22:48:30]     ep55   103/518 train_mae 4.82 lr 4.83e-05
[22:50:05]     ep55   206/518 train_mae 4.87 lr 4.79e-05
[22:51:40]     ep55   309/518 train_mae 4.91 lr 4.76e-05
[22:53:19]     ep55   412/518 train_mae 4.86 lr 4.73e-05
[22:54:59]     ep55   515/518 train_mae 4.87 lr 4.70e-05
[22:55:41] [55/100] train 4.87 | val 6.03 (rmse 8.45) | KL 0.179 | val(ema) 6.01 | lr 47% | 8.8분
[22:57:16]     ep56   103/518 train_mae 4.88 lr 4.66e-05
[22:58:49]     ep56   206/518 train_mae 4.78 lr 4.63e-05
[23:00:26]     ep56   309/518 train_mae 4.75 lr 4.60e-05
[23:02:04]     ep56   412/518 train_mae 4.76 lr 4.57e-05
[23:03:45]     ep56   515/518 train_mae 4.77 lr 4.54e-05
[23:04:27] [56/100] train 4.77 | val 6.08 (rmse 8.61) | KL 0.175 | val(ema) 6.00 | lr 45% | 8.8분
[23:06:02]     ep57   103/518 train_mae 4.69 lr 4.50e-05
[23:07:38]     ep57   206/518 train_mae 4.83 lr 4.47e-05
[23:09:12]     ep57   309/518 train_mae 4.74 lr 4.44e-05
[23:10:52]     ep57   412/518 train_mae 4.74 lr 4.41e-05
[23:12:32]     ep57   515/518 train_mae 4.75 lr 4.37e-05
[23:13:18] [57/100] train 4.75 | val 6.18 (rmse 8.66) | KL 0.173 | val(ema) 6.02 | lr 44% | 8.8분
[23:14:52]     ep58   103/518 train_mae 4.72 lr 4.34e-05
[23:16:28]     ep58   206/518 train_mae 4.71 lr 4.31e-05
[23:18:04]     ep58   309/518 train_mae 4.73 lr 4.28e-05
[23:19:42]     ep58   412/518 train_mae 4.75 lr 4.25e-05
[23:21:24]     ep58   515/518 train_mae 4.74 lr 4.21e-05
[23:22:03] [58/100] train 4.74 | val 6.19 (rmse 8.72) | KL 0.173 | val(ema) 6.03 | lr 42% | 8.8분
[23:23:41]     ep59   103/518 train_mae 4.58 lr 4.18e-05
[23:25:16]     ep59   206/518 train_mae 4.58 lr 4.15e-05
[23:26:51]     ep59   309/518 train_mae 4.60 lr 4.12e-05
[23:28:32]     ep59   412/518 train_mae 4.65 lr 4.09e-05
[23:30:14]     ep59   515/518 train_mae 4.67 lr 4.06e-05
[23:30:55] [59/100] train 4.67 | val 6.14 (rmse 8.62) | KL 0.171 | val(ema) 6.04 | lr 41% | 8.9분
[23:32:31]     ep60   103/518 train_mae 4.47 lr 4.02e-05
[23:34:06]     ep60   206/518 train_mae 4.58 lr 3.99e-05
[23:35:41]     ep60   309/518 train_mae 4.58 lr 3.96e-05
[23:37:19]     ep60   412/518 train_mae 4.57 lr 3.93e-05
[23:39:35]     ep60   515/518 train_mae 4.60 lr 3.90e-05
[23:40:38] [60/100] train 4.59 | val 6.14 (rmse 8.75) | KL 0.169 | val(ema) 6.05 | lr 39% | 9.7분
[23:42:58]     ep61   103/518 train_mae 4.61 lr 3.87e-05
[23:45:25]     ep61   206/518 train_mae 4.68 lr 3.84e-05
[23:47:51]     ep61   309/518 train_mae 4.66 lr 3.80e-05
[23:50:15]     ep61   412/518 train_mae 4.60 lr 3.77e-05
[23:52:40]     ep61   515/518 train_mae 4.61 lr 3.74e-05
[23:53:46] [61/100] train 4.61 | val 6.13 (rmse 8.68) | KL 0.173 | val(ema) 6.06 | lr 37% | 13.1분
[23:56:08]     ep62   103/518 train_mae 4.32 lr 3.71e-05
[23:58:30]     ep62   206/518 train_mae 4.40 lr 3.68e-05
[00:00:55]     ep62   309/518 train_mae 4.43 lr 3.65e-05
[00:03:20]     ep62   412/518 train_mae 4.53 lr 3.62e-05
[00:05:45]     ep62   515/518 train_mae 4.53 lr 3.59e-05
[00:06:51] [62/100] train 4.53 | val 6.16 (rmse 8.69) | KL 0.169 | val(ema) 6.06 | lr 36% | 13.1분
[00:09:12]     ep63   103/518 train_mae 4.54 lr 3.56e-05
[00:11:38]     ep63   206/518 train_mae 4.52 lr 3.52e-05
[00:14:03]     ep63   309/518 train_mae 4.48 lr 3.49e-05
[00:16:28]     ep63   412/518 train_mae 4.50 lr 3.46e-05
[00:18:52]     ep63   515/518 train_mae 4.47 lr 3.43e-05
[00:19:56] [63/100] train 4.47 | val 6.14 (rmse 8.66) | KL 0.167 | val(ema) 6.07 | lr 34% | 13.1분
[00:21:31]     ep64   103/518 train_mae 4.42 lr 3.40e-05
[00:23:08]     ep64   206/518 train_mae 4.52 lr 3.37e-05
[00:24:49]     ep64   309/518 train_mae 4.51 lr 3.34e-05
[00:26:29]     ep64   412/518 train_mae 4.49 lr 3.31e-05
[00:28:10]     ep64   515/518 train_mae 4.47 lr 3.28e-05
[00:28:52] [64/100] train 4.47 | val 6.19 (rmse 8.73) | KL 0.168 | val(ema) 6.08 | lr 33% | 8.9분
[00:30:27]     ep65   103/518 train_mae 4.18 lr 3.25e-05
[00:32:02]     ep65   206/518 train_mae 4.35 lr 3.22e-05
[00:33:35]     ep65   309/518 train_mae 4.43 lr 3.19e-05
[00:35:41]     ep65   412/518 train_mae 4.44 lr 3.16e-05
[00:37:22]     ep65   515/518 train_mae 4.45 lr 3.13e-05
[00:38:05] [65/100] train 4.44 | val 6.18 (rmse 8.76) | KL 0.167 | val(ema) 6.08 | lr 31% | 9.2분
[00:39:40]     ep66   103/518 train_mae 4.36 lr 3.10e-05
[00:41:15]     ep66   206/518 train_mae 4.30 lr 3.07e-05
[00:42:49]     ep66   309/518 train_mae 4.31 lr 3.04e-05
[00:44:28]     ep66   412/518 train_mae 4.37 lr 3.01e-05
[00:46:09]     ep66   515/518 train_mae 4.41 lr 2.99e-05
[00:46:51] [66/100] train 4.41 | val 6.14 (rmse 8.68) | KL 0.166 | val(ema) 6.08 | lr 30% | 8.8분
[00:48:27]     ep67   103/518 train_mae 4.30 lr 2.96e-05
[00:50:01]     ep67   206/518 train_mae 4.36 lr 2.93e-05
[00:51:36]     ep67   309/518 train_mae 4.35 lr 2.90e-05
[00:53:13]     ep67   412/518 train_mae 4.33 lr 2.87e-05
[00:55:13]     ep67   515/518 train_mae 4.35 lr 2.84e-05
[00:55:56] [67/100] train 4.35 | val 6.19 (rmse 8.78) | KL 0.164 | val(ema) 6.09 | lr 28% | 9.1분
[00:57:30]     ep68   103/518 train_mae 4.44 lr 2.81e-05
[00:59:04]     ep68   206/518 train_mae 4.37 lr 2.78e-05
[01:00:38]     ep68   309/518 train_mae 4.38 lr 2.75e-05
[01:02:28]     ep68   412/518 train_mae 4.32 lr 2.73e-05
[01:04:10]     ep68   515/518 train_mae 4.34 lr 2.70e-05
[01:04:50] [68/100] train 4.34 | val 6.24 (rmse 8.83) | KL 0.165 | val(ema) 6.10 | lr 27% | 8.9분
[01:06:24]     ep69   103/518 train_mae 4.20 lr 2.67e-05
[01:08:00]     ep69   206/518 train_mae 4.19 lr 2.64e-05
[01:09:37]     ep69   309/518 train_mae 4.30 lr 2.61e-05
[01:11:14]     ep69   412/518 train_mae 4.29 lr 2.59e-05
[01:12:55]     ep69   515/518 train_mae 4.27 lr 2.56e-05
[01:13:37] [69/100] train 4.26 | val 6.26 (rmse 8.86) | KL 0.163 | val(ema) 6.09 | lr 26% | 8.8분
[01:15:15]     ep70   103/518 train_mae 4.35 lr 2.53e-05
[01:16:51]     ep70   206/518 train_mae 4.26 lr 2.50e-05
[01:18:26]     ep70   309/518 train_mae 4.24 lr 2.48e-05
[01:20:09]     ep70   412/518 train_mae 4.27 lr 2.45e-05
[01:21:52]     ep70   515/518 train_mae 4.26 lr 2.42e-05
[01:22:37] [70/100] train 4.26 | val 6.18 (rmse 8.78) | KL 0.163 | val(ema) 6.10 | lr 24% | 9.0분
[01:24:10]     ep71   103/518 train_mae 4.14 lr 2.39e-05
[01:25:43]     ep71   206/518 train_mae 4.28 lr 2.37e-05
[01:27:17]     ep71   309/518 train_mae 4.26 lr 2.34e-05
[01:28:51]     ep71   412/518 train_mae 4.25 lr 2.31e-05
[01:30:35]     ep71   515/518 train_mae 4.24 lr 2.29e-05
[01:31:14] [71/100] train 4.24 | val 6.20 (rmse 8.82) | KL 0.163 | val(ema) 6.11 | lr 23% | 8.6분
[01:32:49]     ep72   103/518 train_mae 4.06 lr 2.26e-05
[01:34:27]     ep72   206/518 train_mae 4.07 lr 2.23e-05
[01:36:03]     ep72   309/518 train_mae 4.14 lr 2.21e-05
[01:37:44]     ep72   412/518 train_mae 4.18 lr 2.18e-05
[01:39:28]     ep72   515/518 train_mae 4.20 lr 2.16e-05
[01:40:12] [72/100] train 4.21 | val 6.13 (rmse 8.77) | KL 0.161 | val(ema) 6.12 | lr 22% | 9.0분
[01:41:52]     ep73   103/518 train_mae 3.99 lr 2.13e-05
[01:43:27]     ep73   206/518 train_mae 4.08 lr 2.10e-05
[01:45:05]     ep73   309/518 train_mae 4.14 lr 2.08e-05
[01:47:17]     ep73   412/518 train_mae 4.15 lr 2.05e-05
[01:49:42]     ep73   515/518 train_mae 4.19 lr 2.03e-05
[01:50:41] [73/100] train 4.19 | val 6.09 (rmse 8.71) | KL 0.160 | val(ema) 6.11 | lr 20% | 10.5분
[01:52:33]     ep74   103/518 train_mae 4.12 lr 2.00e-05
[01:54:18]     ep74   206/518 train_mae 4.16 lr 1.98e-05
[01:56:39]     ep74   309/518 train_mae 4.16 lr 1.95e-05
[01:58:57]     ep74   412/518 train_mae 4.15 lr 1.93e-05
[02:01:00]     ep74   515/518 train_mae 4.14 lr 1.90e-05
[02:01:43] [74/100] train 4.13 | val 6.10 (rmse 8.71) | KL 0.159 | val(ema) 6.11 | lr 19% | 11.0분
[02:03:24]     ep75   103/518 train_mae 4.09 lr 1.88e-05
[02:05:41]     ep75   206/518 train_mae 4.07 lr 1.85e-05
[02:08:10]     ep75   309/518 train_mae 4.06 lr 1.83e-05
[02:10:00]     ep75   412/518 train_mae 4.09 lr 1.81e-05
[02:11:52]     ep75   515/518 train_mae 4.14 lr 1.78e-05
[02:12:51] [75/100] train 4.14 | val 6.06 (rmse 8.72) | KL 0.160 | val(ema) 6.09 | lr 18% | 11.1분
[02:15:14]     ep76   103/518 train_mae 4.13 lr 1.76e-05
[02:17:29]     ep76   206/518 train_mae 4.04 lr 1.73e-05
[02:19:14]     ep76   309/518 train_mae 4.11 lr 1.71e-05
[02:21:18]     ep76   412/518 train_mae 4.11 lr 1.69e-05
[02:23:41]     ep76   515/518 train_mae 4.10 lr 1.66e-05
[02:24:45] [76/100] train 4.10 | val 6.13 (rmse 8.79) | KL 0.158 | val(ema) 6.09 | lr 17% | 11.9분
[02:26:38]     ep77   103/518 train_mae 3.92 lr 1.64e-05
[02:28:22]     ep77   206/518 train_mae 3.95 lr 1.62e-05
[02:30:54]     ep77   309/518 train_mae 4.02 lr 1.60e-05
[02:33:25]     ep77   412/518 train_mae 4.07 lr 1.57e-05
[02:35:12]     ep77   515/518 train_mae 4.07 lr 1.55e-05
[02:35:53] [77/100] train 4.07 | val 6.17 (rmse 8.79) | KL 0.159 | val(ema) 6.09 | lr 16% | 11.1분
[02:37:56]     ep78   103/518 train_mae 4.20 lr 1.53e-05
[02:40:22]     ep78   206/518 train_mae 4.13 lr 1.51e-05
[02:42:26]     ep78   309/518 train_mae 4.09 lr 1.48e-05
[02:44:14]     ep78   412/518 train_mae 4.09 lr 1.46e-05
[02:46:33]     ep78   515/518 train_mae 4.07 lr 1.44e-05
[02:47:32] [78/100] train 4.07 | val 6.16 (rmse 8.77) | KL 0.159 | val(ema) 6.09 | lr 14% | 11.6분
[02:49:47]     ep79   103/518 train_mae 3.93 lr 1.42e-05
[02:51:40]     ep79   206/518 train_mae 4.05 lr 1.40e-05
[02:53:25]     ep79   309/518 train_mae 4.00 lr 1.38e-05
[02:55:56]     ep79   412/518 train_mae 4.00 lr 1.36e-05
[02:58:26]     ep79   515/518 train_mae 4.01 lr 1.34e-05
[02:59:07] [79/100] train 4.02 | val 6.13 (rmse 8.78) | KL 0.158 | val(ema) 6.09 | lr 13% | 11.6분
[03:00:46]     ep80   103/518 train_mae 3.93 lr 1.31e-05
[03:02:58]     ep80   206/518 train_mae 3.96 lr 1.29e-05
[03:05:23]     ep80   309/518 train_mae 4.02 lr 1.27e-05
[03:07:33]     ep80   412/518 train_mae 4.01 lr 1.25e-05
[03:09:17]     ep80   515/518 train_mae 4.01 lr 1.23e-05
[03:10:18] [80/100] train 4.01 | val 6.16 (rmse 8.82) | KL 0.158 | val(ema) 6.09 | lr 12% | 11.2분
[03:12:37]     ep81   103/518 train_mae 4.11 lr 1.21e-05
[03:14:54]     ep81   206/518 train_mae 4.00 lr 1.19e-05
[03:16:42]     ep81   309/518 train_mae 3.98 lr 1.17e-05
[03:18:55]     ep81   412/518 train_mae 4.02 lr 1.16e-05
[03:21:29]     ep81   515/518 train_mae 4.01 lr 1.14e-05
[03:22:28] [81/100] train 4.01 | val 6.15 (rmse 8.75) | KL 0.158 | val(ema) 6.10 | lr 11% | 12.2분
[03:24:08]     ep82   103/518 train_mae 3.94 lr 1.12e-05
[03:26:04]     ep82   206/518 train_mae 3.96 lr 1.10e-05
[03:28:26]     ep82   309/518 train_mae 3.97 lr 1.08e-05
[03:30:47]     ep82   412/518 train_mae 3.94 lr 1.06e-05
[03:32:32]     ep82   515/518 train_mae 3.96 lr 1.04e-05
[03:33:14] [82/100] train 3.95 | val 6.14 (rmse 8.83) | KL 0.157 | val(ema) 6.10 | lr 10% | 10.8분
[03:35:20]     ep83   103/518 train_mae 3.90 lr 1.02e-05
[03:37:47]     ep83   206/518 train_mae 3.93 lr 1.01e-05
[03:39:50]     ep83   309/518 train_mae 3.91 lr 9.90e-06
[03:41:36]     ep83   412/518 train_mae 3.92 lr 9.72e-06
[03:43:53]     ep83   515/518 train_mae 3.94 lr 9.55e-06
[03:44:57] [83/100] train 3.94 | val 6.12 (rmse 8.75) | KL 0.157 | val(ema) 6.10 | lr 10% | 11.7분
[03:47:26]     ep84   103/518 train_mae 3.93 lr 9.37e-06
[03:49:14]     ep84   206/518 train_mae 3.91 lr 9.20e-06
[03:51:23]     ep84   309/518 train_mae 3.92 lr 9.04e-06
[03:53:53]     ep84   412/518 train_mae 3.93 lr 8.87e-06
[03:56:00]     ep84   515/518 train_mae 3.92 lr 8.71e-06
[03:56:48] [84/100] train 3.93 | val 6.12 (rmse 8.79) | KL 0.156 | val(ema) 6.11 | lr 9% | 11.8분
[03:58:37]     ep85   103/518 train_mae 3.82 lr 8.54e-06
[04:00:55]     ep85   206/518 train_mae 3.88 lr 8.38e-06
[04:03:15]     ep85   309/518 train_mae 3.90 lr 8.22e-06
[04:05:09]     ep85   412/518 train_mae 3.89 lr 8.07e-06
[04:07:03]     ep85   515/518 train_mae 3.92 lr 7.91e-06
[04:08:04] [85/100] train 3.92 | val 6.15 (rmse 8.86) | KL 0.155 | val(ema) 6.12 | lr 8% | 11.2분
[04:10:33]     ep86   103/518 train_mae 3.98 lr 7.75e-06
[04:12:38]     ep86   206/518 train_mae 3.91 lr 7.60e-06
[04:14:26]     ep86   309/518 train_mae 3.92 lr 7.46e-06
[04:16:45]     ep86   412/518 train_mae 3.94 lr 7.31e-06
[04:19:07]     ep86   515/518 train_mae 3.92 lr 7.16e-06
[04:20:03] [86/100] train 3.92 | val 6.21 (rmse 8.85) | KL 0.157 | val(ema) 6.13 | lr 7% | 12.0분
[04:21:44]     ep87   103/518 train_mae 3.78 lr 7.02e-06
[04:23:38]     ep87   206/518 train_mae 3.78 lr 6.88e-06
[04:26:15]     ep87   309/518 train_mae 3.85 lr 6.74e-06
[04:28:22]     ep87   412/518 train_mae 3.86 lr 6.60e-06
[04:30:05]     ep87   515/518 train_mae 3.87 lr 6.46e-06
[04:30:48] [87/100] train 3.87 | val 6.13 (rmse 8.78) | KL 0.156 | val(ema) 6.13 | lr 6% | 10.8분
[04:32:15]     ep88   103/518 train_mae 3.71 lr 6.33e-06
[04:33:32]     ep88   206/518 train_mae 3.81 lr 6.20e-06
[04:34:49]     ep88   309/518 train_mae 3.84 lr 6.07e-06
[04:36:07]     ep88   412/518 train_mae 3.90 lr 5.94e-06
[04:37:24]     ep88   515/518 train_mae 3.91 lr 5.81e-06
[04:38:00] [88/100] train 3.91 | val 6.17 (rmse 8.85) | KL 0.157 | val(ema) 6.13 | lr 6% | 7.2분
[04:39:16]     ep89   103/518 train_mae 3.82 lr 5.69e-06
[04:40:33]     ep89   206/518 train_mae 3.80 lr 5.56e-06
[04:41:49]     ep89   309/518 train_mae 3.83 lr 5.44e-06
[04:43:05]     ep89   412/518 train_mae 3.88 lr 5.33e-06
[04:44:23]     ep89   515/518 train_mae 3.87 lr 5.21e-06
[04:44:54] [89/100] train 3.87 | val 6.15 (rmse 8.82) | KL 0.155 | val(ema) 6.13 | lr 5% | 6.9분
[04:46:11]     ep90   103/518 train_mae 4.01 lr 5.09e-06
[04:47:27]     ep90   206/518 train_mae 4.01 lr 4.98e-06
[04:48:44]     ep90   309/518 train_mae 3.92 lr 4.87e-06
[04:50:00]     ep90   412/518 train_mae 3.93 lr 4.76e-06
[04:51:17]     ep90   515/518 train_mae 3.92 lr 4.66e-06
[04:51:53] [90/100] train 3.92 | val 6.17 (rmse 8.83) | KL 0.156 | val(ema) 6.14 | lr 5% | 7.0분
[04:53:09]     ep91   103/518 train_mae 3.97 lr 4.55e-06
[04:54:26]     ep91   206/518 train_mae 3.86 lr 4.45e-06
[04:55:43]     ep91   309/518 train_mae 3.84 lr 4.35e-06
[04:56:58]     ep91   412/518 train_mae 3.86 lr 4.25e-06
[04:58:15]     ep91   515/518 train_mae 3.84 lr 4.16e-06
[04:58:46] [91/100] train 3.85 | val 6.20 (rmse 8.87) | KL 0.155 | val(ema) 6.14 | lr 4% | 6.9분
[05:00:04]     ep92   103/518 train_mae 3.86 lr 4.06e-06
[05:01:20]     ep92   206/518 train_mae 3.83 lr 3.97e-06
[05:02:37]     ep92   309/518 train_mae 3.80 lr 3.88e-06
[05:03:54]     ep92   412/518 train_mae 3.85 lr 3.79e-06
[05:05:10]     ep92   515/518 train_mae 3.84 lr 3.71e-06
[05:05:46] [92/100] train 3.85 | val 6.18 (rmse 8.83) | KL 0.154 | val(ema) 6.15 | lr 4% | 7.0분
[05:07:05]     ep93   103/518 train_mae 3.74 lr 3.62e-06
[05:08:22]     ep93   206/518 train_mae 3.81 lr 3.54e-06
[05:09:40]     ep93   309/518 train_mae 3.79 lr 3.46e-06
[05:10:56]     ep93   412/518 train_mae 3.82 lr 3.38e-06
[05:12:12]     ep93   515/518 train_mae 3.83 lr 3.31e-06
[05:12:47] [93/100] train 3.84 | val 6.18 (rmse 8.86) | KL 0.154 | val(ema) 6.15 | lr 3% | 7.0분
[05:14:05]     ep94   103/518 train_mae 3.78 lr 3.23e-06
[05:15:23]     ep94   206/518 train_mae 3.78 lr 3.16e-06
[05:16:39]     ep94   309/518 train_mae 3.85 lr 3.10e-06
[05:17:56]     ep94   412/518 train_mae 3.84 lr 3.03e-06
[05:19:11]     ep94   515/518 train_mae 3.82 lr 2.96e-06
[05:19:45] [94/100] train 3.82 | val 6.17 (rmse 8.85) | KL 0.155 | val(ema) 6.15 | lr 3% | 7.0분
[05:21:02]     ep95   103/518 train_mae 3.83 lr 2.90e-06
[05:22:17]     ep95   206/518 train_mae 3.82 lr 2.84e-06
[05:23:32]     ep95   309/518 train_mae 3.78 lr 2.78e-06
[05:24:49]     ep95   412/518 train_mae 3.80 lr 2.72e-06
[05:26:05]     ep95   515/518 train_mae 3.80 lr 2.67e-06
[05:26:37] [95/100] train 3.81 | val 6.18 (rmse 8.82) | KL 0.154 | val(ema) 6.15 | lr 3% | 6.9분
[05:27:54]     ep96   103/518 train_mae 3.89 lr 2.62e-06
[05:29:11]     ep96   206/518 train_mae 3.82 lr 2.57e-06
[05:30:26]     ep96   309/518 train_mae 3.83 lr 2.52e-06
[05:31:42]     ep96   412/518 train_mae 3.81 lr 2.47e-06
[05:32:59]     ep96   515/518 train_mae 3.82 lr 2.43e-06
[05:33:32] [96/100] train 3.82 | val 6.18 (rmse 8.84) | KL 0.155 | val(ema) 6.15 | lr 2% | 6.9분
[05:34:48]     ep97   103/518 train_mae 3.90 lr 2.39e-06
[05:36:05]     ep97   206/518 train_mae 3.95 lr 2.35e-06
[05:37:21]     ep97   309/518 train_mae 3.83 lr 2.31e-06
[05:38:38]     ep97   412/518 train_mae 3.82 lr 2.28e-06
[05:39:55]     ep97   515/518 train_mae 3.82 lr 2.24e-06
[05:40:28] [97/100] train 3.82 | val 6.19 (rmse 8.85) | KL 0.155 | val(ema) 6.15 | lr 2% | 6.9분
[05:41:45]     ep98   103/518 train_mae 4.00 lr 2.21e-06
[05:43:02]     ep98   206/518 train_mae 3.92 lr 2.18e-06
[05:44:17]     ep98   309/518 train_mae 3.88 lr 2.15e-06
[05:45:32]     ep98   412/518 train_mae 3.84 lr 2.13e-06
[05:46:49]     ep98   515/518 train_mae 3.83 lr 2.11e-06
[05:47:22] [98/100] train 3.82 | val 6.18 (rmse 8.86) | KL 0.156 | val(ema) 6.16 | lr 2% | 6.9분
[05:48:41]     ep99   103/518 train_mae 3.77 lr 2.09e-06
[05:49:56]     ep99   206/518 train_mae 3.74 lr 2.07e-06
[05:51:13]     ep99   309/518 train_mae 3.72 lr 2.05e-06
[05:52:28]     ep99   412/518 train_mae 3.76 lr 2.04e-06
[05:53:44]     ep99   515/518 train_mae 3.77 lr 2.03e-06
[05:54:19] [99/100] train 3.76 | val 6.20 (rmse 8.87) | KL 0.153 | val(ema) 6.16 | lr 2% | 6.9분
[05:55:39]     ep100   103/518 train_mae 3.85 lr 2.02e-06
[05:56:56]     ep100   206/518 train_mae 3.85 lr 2.01e-06
[05:58:29]     ep100   309/518 train_mae 3.84 lr 2.00e-06
[06:00:17]     ep100   412/518 train_mae 3.82 lr 2.00e-06
[06:01:34]     ep100   515/518 train_mae 3.82 lr 2.00e-06
[06:02:10] [100/100] train 3.82 | val 6.19 (rmse 8.86) | KL 0.154 | val(ema) 6.17 | lr 2% | 7.8분
[06:02:11] [스테이지2] 완료 · best val MAE = 5.83 개월 (규칙 'ema')
[06:02:11] [스테이지2] 참고 · raw 최고 5.90 / ema 최고 5.83 -> 각각 best_raw.pt / best_ema.pt
[06:02:11] [스테이지2] 종료 시점 LR = 피크의 2.0%  [정상 - 코사인 완주]
[06:02:11] [backbone] convnext_tiny.fb_in22k_ft_in1k_384 (pretrained=False, drop_path=0.15)
[06:02:11] [head] FiLM 성별조건화 stages=[2, 3] 채널=[384, 768] (0 초기화=항등)
[06:02:11] [head] 입력 768x512 -> 특징맵 768x24x16 · head_type=gap
[06:02:11] [head] 수근골 ROI 2-스트림 ON · ROI 384x384 (백본 가중치 공유, 화소비 38%)
[06:02:12] [head] 출력 240 (LDL 로짓 - softmax 기대값으로 환산)
[06:02:12] ========================================================================
[06:02:12] [스테이지3] 평가 시작
[06:02:12]   백본     convnext_tiny.fb_in22k_ft_in1k_384
[06:02:12]   헤드     gap | 화소처리 p1p99
[06:02:12]   가중치   ema (선택 규칙 'ema')
[06:02:12]   출력     LDL 240-way 기대값 회귀 (δ 15.0, λ 0.5)
[06:02:12]   입력     768x512
[06:02:12]   best val MAE 5.83 @ epoch 35
[06:02:12]   [val] 예측 중...
[06:03:00]   [calib] slope a=0.9623 intercept b=+4.59  (축소 존재)
[06:03:00]   [calib] 채택 여부 False (val 5.80 -> 5.95)
[06:03:00]   [train] 예측 중...
[06:05:56]   [test] 예측 중...
[06:06:03] [backbone] convnext_tiny.fb_in22k_ft_in1k_384 (pretrained=False, drop_path=0.15)
[06:06:08] [backbone] convnext_tiny.fb_in22k_ft_in1k_384 (pretrained=False, drop_path=0.15)
[06:06:54]   학습곡선 저장: G:\Project\sinra_cho\checkpoints_convnext_single_v14_ldl\learning_curve.png
[06:06:54]   산점도 저장: G:\Project\sinra_cho\checkpoints_convnext_single_v14_ldl\scatter.png
[06:06:56]   오차 상위 저장: G:\Project\sinra_cho\checkpoints_convnext_single_v14_ldl\worst_cases.png
[06:06:56]   [Grad-CAM] target = stages.3
[06:07:00]   Grad-CAM 저장: G:\Project\sinra_cho\checkpoints_convnext_single_v14_ldl\gradcam.png
[06:07:01]   연령분포 저장: G:\Project\sinra_cho\checkpoints_convnext_single_v14_ldl\age_distribution.png (평균 표준편차 19.6개월, 목표 δ=15.0 근방)
[06:07:01]   캘리브레이션 계수 저장: G:\Project\sinra_cho\checkpoints_convnext_single_v14_ldl\calibration.json
====================================================================
 ConvNeXt-Tiny LDL 기대값 회귀 (bins 240, δ 15.0, λ 0.5) | 768x512 | 강도정규화 p1p99
 백본 convnext_tiny.fb_in22k_ft_in1k_384 | 헤드 gap
 실행 20260815_133612 | best epoch 35 (ema)
 TTA [0, -6, -3, 3, 6]
====================================================================
 VAL(단일)        N= 1,397  MAE  5.83  RMSE  8.15  bias -0.28
 VAL(+TTA)      N= 1,397  MAE  5.80  RMSE  8.11  bias -0.21
 VAL(+calib)    N= 1,397  MAE  5.95  RMSE  8.26  bias +0.00   -> 미채택
 TRAIN(단일)      N=12,432  MAE  5.04  RMSE  7.21  bias -0.17
--------------------------------------------------------------------
 TEST           N=   197  MAE  4.38  RMSE  5.47  bias +0.61  CI95 [3.93, 4.87]
--------------------------------------------------------------------
 [가중치 감사 · test, TTA 적용 / calib 미적용]
   raw  ep 30  val  5.90  ->  test  4.16  CI95 [3.72, 4.62]
   ema  ep 35  val  5.83  ->  test  4.38  CI95 [3.93, 4.87]
   EMA - raw = +0.22 개월 (test 기준)
   * 음수면 EMA 이득이 test 로 이어진 것, 양수면 val 에서만 좋았던 것.
--------------------------------------------------------------------
   0-4y    N=   9  MAE  3.13  bias +2.31
   4-8y    N=  34  MAE  6.32  bias +3.22
   8-12y   N=  64  MAE  5.03  bias +1.05
   12-16y  N=  79  MAE  3.18  bias -0.96
   >16y    N=  11  MAE  4.19  bias -0.08
--------------------------------------------------------------------
 [성별 분해 · test]
   Male    N=   98  MAE  4.04  RMSE  5.04  bias +0.39  sigma  5.03  corr 0.9922  slope 0.9827
   Female  N=   99  MAE  4.71  RMSE  5.87  bias +0.83  sigma  5.81  corr 0.9914  slope 0.9456
--------------------------------------------------------------------
 [성별 분해 · val]
   Male    N=  760  MAE  5.50  RMSE  7.75  bias +0.24  sigma  7.74  corr 0.9831  slope 0.9664
   Female  N=  637  MAE  6.15  RMSE  8.51  bias -0.74  sigma  8.48  corr 0.9753  slope 0.9461
   판정: corr 차 0.0008 / slope 차 0.0371 -> 출력 스케일(캘리브레이션) 문제
 [성별 x 연령 편향 · test]
   구간        N_M   bias_M   MAE_M     N_F   bias_F   MAE_F
   0-4y        2    -0.85    1.87       7    +3.22    3.49
   4-8y       13    +0.57    6.68      21    +4.86    6.09
   8-12y      28    +1.78    4.72      36    +0.49    5.27
   12-16y     47    -0.04    3.07      32    -2.31    3.34
   >16y        8    -1.89    3.56       3    +4.74    5.89
--------------------------------------------------------------------
 [예측 분포 형태 · val]
   폭(표준편차) 평균 18.83개월  (목표 δ=15.0)
   왜도 평균 -0.181 · |왜도| 평균 0.902 · |왜도|>0.5 비율 68.1%
   큰오차(>15개월) 92건: |왜도| 0.833 / 폭 19.90
   나머지          : |왜도| 0.907 / 폭 18.76
   판정: 비대칭 차이 미미 -> 분포가 아니라 개별 이미지 문제 (worst_cases.png 확인)
--------------------------------------------------------------------
 [성별 플립 테스트 · val] 성별만 뒤집었을 때 예측 변화량(개월)
   전체      N= 1397  평균 23.06  중앙 23.41
   0-4y    N=   52  평균 10.14  중앙 10.33
   4-8y    N=  281  평균 18.42  중앙 16.16
   8-12y   N=  457  평균 27.27  중앙 28.08
   12-16y  N=  546  평균 23.63  중앙 24.23
   >16y    N=   61  평균 18.92  중앙 20.62
   판정: 10개월 초과 - 성별 조건화 정상 작동
====================================================================
[06:07:01] 결과 저장: G:\Project\sinra_cho\checkpoints_convnext_single_v14_ldl\results.txt
[06:07:01]          G:\Project\sinra_cho\checkpoints_convnext_single_v14_ldl\results.json
[06:07:01] [backbone] convnext_tiny.fb_in22k_ft_in1k_384 (pretrained=False, drop_path=0.15)
[06:07:02] 추론 함수 확인 [4360] 예측 169.5개월 / 실제 169개월
[06:07:02] 추론 함수 준비 완료 · best.pt: G:\Project\sinra_cho\checkpoints_convnext_single_v14_ldl\best.pt
[06:07:02] === 전체 완료 ===
