========================================================================
[21:38:44] ConvNeXt-Tiny + LDL 기대값 회귀 골연령 시작
[21:38:44] Python 3.12.7 | Windows 11
[21:38:44] PyTorch 2.6.0+cu124 | torchvision 0.21.0+cu124 | timm 1.0.28
[21:38:44] OpenCV 5.0.0 | numpy 2.5.1 | pandas 3.0.3
[21:38:44] device cuda | CUDA True | AMP True
[GPU-GUARD] (inproc) 바로 실행 — 티켓 276번 infer 16000MiB
[21:38:44] GPU NVIDIA A100 80GB PCIe | VRAM 79.5GB | sm_80 | CUDA 12.4
[21:38:44] HAND_CROP_DIR  G:\Project\sinra_cho\crop_data_yolox_s
[21:38:44] CSV_DIR        G:\Project\sinra_cho\crop_data_yolox_s
[21:38:44] CACHE_DIR      G:\Project\sinra_cho\cache_convnext_single_v5\raw640x448_letterbox_pad0_center_np1p99
[21:38:44] CKPT_DIR       G:\Project\sinra_cho\checkpoints_convnext_single_v6_ldl
[21:38:44] 이미지 준비    letterbox -> 640x448(HxW) | pad 0 | 강도정규화 p1p99
[21:38:44] 백본           convnext_tiny.fb_in22k_ft_in1k_384 (drop_path 0.15)
[21:38:44] 헤드           gap | 성별임베딩 32 | dropout 0.1
[21:38:44] 최적화         AdamW | lr 4e-05/1e-04 | wd 0.05 | 배치 8x4=32
[21:38:44] 스케줄         warmup 3ep + cosine(min ratio 0.02) | 총 40ep | 조기종료 끔
[21:38:44] 손실 LDL(bins 240, δ 15.0, λ 0.5) | 증강 True | EMA True(0.9995) | best 선택 'ema'
[21:38:44] 증강 상세      affine rot12° tr0.06 sc(0.92, 1.08) sh4 | jitter ±0.18 | erasing p=0.25
[21:38:44] 추론           TTA [0, -4, 4] | 캘리브레이션 자동판정
[21:38:44] DataLoader     num_workers=0
[21:38:44] 실행 옵션      (없음)
========================================================================
[21:38:44] 라벨 로드 중...
[21:38:45]   train 라벨 12,440 | 파일 12,440 | 미크롭    0 -> 사용 12,440
[21:38:45]   val   라벨  1,399 | 파일  1,399 | 미크롭    0 -> 사용  1,399
[21:38:45]   test  라벨    197 | 파일    197 | 미크롭    0 -> 사용    197
[21:38:45] 타깃 정규화 사용 안 함 (LDL - 개월 원단위) · 참고용 train 통계 127.48 ± 40.94 개월
[21:38:45] [QC-LDL] 이산화 하한 MAE = 0.093 개월 (δ=15.0, bins=1~240, val 라벨 기준)
[21:38:45] 남아 비율 54.2% | 연령 범위 1~228 개월
[21:38:45] 실행 환경 스냅샷 저장: G:\Project\sinra_cho\checkpoints_convnext_single_v6_ldl\env_20260811_213844.json
[21:38:45] [스테이지1] 캐시 유효 - 스킵 (재생성: --rebuild-cache)
[21:38:45] [QC] 강도 정규화 검증 시트 생성
[21:38:49] [QC] 시트 저장: G:\Project\sinra_cho\checkpoints_convnext_single_v6_ldl\qc_intensity_norm.png
[21:38:49] 
   id      원본크기   원본범위  원본std  유효std 여백%
 2823   704x991 36~255   12.6   68.5  1%
 9149  858x1051  1~254   43.7   71.6 14%
 6999  807x1069  0~214   49.7   74.4  7%
10657  862x1106  0~255   40.5   68.1 10%
 5768 1210x1320  0~255   43.1   68.5 24%
 3359  855x1081  39~96    8.3   71.9 12%
13160 1084x1336  0~207   38.7   69.4 14%
 4579 1173x1661 15~255   58.6   76.6  1%
[21:38:49] [QC] std 변동계수(CV):  원본 0.474  ->  캔버스 0.044
[21:38:49] [QC] 정상 - 이미지 간 대비 편차가 크게 줄었습니다.
[21:38:49] [QC] 샘플 여백 중앙 11%
[21:38:50] [스테이지2] 배치 수: train 1,555 | val 175
[21:38:51] [backbone] convnext_tiny.fb_in22k_ft_in1k_384 (pretrained=True, drop_path=0.15)
[21:38:51] [head] 입력 640x448 -> 특징맵 768x20x14 · head_type=gap
[21:38:51] [head] 출력 240 (LDL 로짓 - softmax 기대값으로 환산)
G:\Project\sinra_cho\.venv\Lib\site-packages\torch\nn\modules\module.py:1329: UserWarning: expandable_segments not supported on this platform (Triggered internally at C:\actions-runner\_work\pytorch\pytorch\pytorch\c10/cuda/CUDAAllocatorConfig.h:28.)
  return t.to(
[21:38:51] [스테이지2] 파라미터 28.3M
[21:38:51] [스테이지2] 파라미터 그룹:
[21:38:51]   bb_decay    tensors= 58 params= 27.76M lr=4.0e-05 wd=0.05
[21:38:51]   bb_nodecay  tensors=122 params=  0.06M lr=4.0e-05 wd=0.0
[21:38:51]   hd_decay    tensors=  4 params=  0.49M lr=1.0e-04 wd=0.05
[21:38:51]   hd_nodecay  tensors=  6 params=  0.00M lr=1.0e-04 wd=0.0
[21:38:51] [스테이지2] 옵티마이저 스텝: 에폭당 388 · 총 15520 · warmup 1164
[21:38:51] [스테이지2] EMA 유효 창 ≈ 5.2 에폭
[21:38:51] [스테이지2] best.pt 선택 규칙 = 'ema' (학습 전 고정)
[21:38:51] [스테이지2] 새 학습 시작
[21:38:51] [손실] LDL  ℓ_MAE + 0.5·KL(G‖p)  (bins 240, δ 15.0)
[21:40:20]     ep01   311/1,555 train_mae 34.42 lr 6.62e-06
[21:41:50]     ep01   622/1,555 train_mae 34.06 lr 1.33e-05
[21:43:15]     ep01   933/1,555 train_mae 33.46 lr 2.00e-05
[21:44:37]     ep01 1,244/1,555 train_mae 32.76 lr 2.67e-05
[21:45:53]     ep01 1,555/1,555 train_mae 31.69 lr 3.33e-05
[21:46:35] [01/40] train 31.69 | val 20.62 (rmse 28.18) | KL 1.366 | val(ema) 34.66 | lr 33% | 7.7분  ** best.pt(ema) 34.66 **  [raw/ema 갱신]
[21:47:38]     ep02   311/1,555 train_mae 24.30 lr 3.99e-05
[21:48:38]     ep02   622/1,555 train_mae 22.42 lr 4.66e-05
[21:49:52]     ep02   933/1,555 train_mae 20.55 lr 5.34e-05
[21:51:08]     ep02 1,244/1,555 train_mae 19.29 lr 6.01e-05
[21:52:25]     ep02 1,555/1,555 train_mae 18.34 lr 6.67e-05
[21:52:59] [02/40] train 18.34 | val 12.27 (rmse 15.50) | KL 1.467 | val(ema) 33.43 | lr 67% | 6.4분  ** best.pt(ema) 33.43 **  [raw/ema 갱신]
[21:54:15]     ep03   311/1,555 train_mae 15.04 lr 7.33e-05
[21:55:31]     ep03   622/1,555 train_mae 14.37 lr 8.00e-05
[21:56:38]     ep03   933/1,555 train_mae 13.77 lr 8.67e-05
[21:57:40]     ep03 1,244/1,555 train_mae 13.28 lr 9.34e-05
[21:58:39]     ep03 1,555/1,555 train_mae 12.77 lr 1.00e-04
[21:59:10] [03/40] train 12.77 | val 9.12 (rmse 11.75) | KL 1.398 | val(ema) 29.95 | lr 100% | 6.1분  ** best.pt(ema) 29.95 **  [raw/ema 갱신]
[22:00:24]     ep04   311/1,555 train_mae 10.51 lr 1.00e-04
[22:01:36]     ep04   622/1,555 train_mae 10.23 lr 1.00e-04
[22:02:50]     ep04   933/1,555 train_mae 10.01 lr 9.99e-05
[22:04:04]     ep04 1,244/1,555 train_mae 9.80 lr 9.99e-05
[22:05:18]     ep04 1,555/1,555 train_mae 9.61 lr 9.98e-05
[22:05:47] [04/40] train 9.61 | val 7.91 (rmse 10.33) | KL 1.257 | val(ema) 26.11 | lr 100% | 6.6분  ** best.pt(ema) 26.11 **  [raw/ema 갱신]
[22:06:47]     ep05   311/1,555 train_mae 8.59 lr 9.97e-05
[22:07:48]     ep05   622/1,555 train_mae 8.45 lr 9.97e-05
[22:08:59]     ep05   933/1,555 train_mae 8.51 lr 9.95e-05
[22:10:12]     ep05 1,244/1,555 train_mae 8.55 lr 9.94e-05
[22:11:25]     ep05 1,555/1,555 train_mae 8.48 lr 9.93e-05
[22:11:57] [05/40] train 8.48 | val 7.04 (rmse 9.18) | KL 1.107 | val(ema) 22.39 | lr 99% | 6.1분  ** best.pt(ema) 22.39 **  [raw/ema 갱신]
[22:13:11]     ep06   311/1,555 train_mae 8.54 lr 9.92e-05
[22:14:25]     ep06   622/1,555 train_mae 8.25 lr 9.90e-05
[22:15:28]     ep06   933/1,555 train_mae 8.19 lr 9.88e-05
[22:16:31]     ep06 1,244/1,555 train_mae 8.09 lr 9.86e-05
[22:17:35]     ep06 1,555/1,555 train_mae 8.03 lr 9.84e-05
[22:18:07] [06/40] train 8.03 | val 7.22 (rmse 9.68) | KL 1.011 | val(ema) 18.73 | lr 98% | 6.1분  ** best.pt(ema) 18.73 **  [ema 갱신]
[22:19:20]     ep07   311/1,555 train_mae 7.83 lr 9.82e-05
[22:20:33]     ep07   622/1,555 train_mae 7.79 lr 9.80e-05
[22:21:46]     ep07   933/1,555 train_mae 7.79 lr 9.77e-05
[22:22:59]     ep07 1,244/1,555 train_mae 7.73 lr 9.75e-05
[22:24:09]     ep07 1,555/1,555 train_mae 7.68 lr 9.72e-05
[22:24:33] [07/40] train 7.68 | val 6.68 (rmse 9.04) | KL 0.925 | val(ema) 15.50 | lr 97% | 6.4분  ** best.pt(ema) 15.50 **  [raw/ema 갱신]
[22:25:37]     ep08   311/1,555 train_mae 7.74 lr 9.69e-05
[22:26:40]     ep08   622/1,555 train_mae 7.62 lr 9.66e-05
[22:27:51]     ep08   933/1,555 train_mae 7.40 lr 9.63e-05
[22:29:00]     ep08 1,244/1,555 train_mae 7.36 lr 9.60e-05
[22:30:10]     ep08 1,555/1,555 train_mae 7.32 lr 9.57e-05
[22:30:39] [08/40] train 7.32 | val 6.51 (rmse 8.76) | KL 0.869 | val(ema) 12.84 | lr 96% | 6.1분  ** best.pt(ema) 12.84 **  [raw/ema 갱신]
[22:31:48]     ep09   311/1,555 train_mae 7.22 lr 9.53e-05
[22:32:58]     ep09   622/1,555 train_mae 7.28 lr 9.49e-05
[22:34:08]     ep09   933/1,555 train_mae 7.33 lr 9.46e-05
[22:35:06]     ep09 1,244/1,555 train_mae 7.29 lr 9.42e-05
[22:36:08]     ep09 1,555/1,555 train_mae 7.27 lr 9.38e-05
[22:36:34] [09/40] train 7.27 | val 6.29 (rmse 8.49) | KL 0.809 | val(ema) 10.83 | lr 94% | 5.9분  ** best.pt(ema) 10.83 **  [raw/ema 갱신]
[22:37:53]     ep10   311/1,555 train_mae 6.82 lr 9.34e-05
[22:39:12]     ep10   622/1,555 train_mae 6.98 lr 9.29e-05
[22:40:30]     ep10   933/1,555 train_mae 7.08 lr 9.25e-05
[22:41:47]     ep10 1,244/1,555 train_mae 7.09 lr 9.21e-05
[22:43:03]     ep10 1,555/1,555 train_mae 7.10 lr 9.16e-05
[22:43:27] [10/40] train 7.10 | val 6.26 (rmse 8.36) | KL 0.759 | val(ema) 9.31 | lr 92% | 6.8분  ** best.pt(ema) 9.31 **  [raw/ema 갱신]
[22:44:30]     ep11   311/1,555 train_mae 7.00 lr 9.11e-05
[22:45:33]     ep11   622/1,555 train_mae 6.89 lr 9.06e-05
[22:46:51]     ep11   933/1,555 train_mae 6.96 lr 9.02e-05
[22:48:08]     ep11 1,244/1,555 train_mae 6.93 lr 8.96e-05
[22:49:26]     ep11 1,555/1,555 train_mae 6.90 lr 8.91e-05
[22:49:59] [11/40] train 6.90 | val 6.73 (rmse 8.86) | KL 0.707 | val(ema) 8.14 | lr 89% | 6.5분  ** best.pt(ema) 8.14 **  [ema 갱신]
[22:51:14]     ep12   311/1,555 train_mae 6.96 lr 8.86e-05
[22:52:14]     ep12   622/1,555 train_mae 6.96 lr 8.81e-05
[22:53:15]     ep12   933/1,555 train_mae 6.97 lr 8.75e-05
[22:54:23]     ep12 1,244/1,555 train_mae 7.01 lr 8.69e-05
[22:55:33]     ep12 1,555/1,555 train_mae 6.95 lr 8.64e-05
[22:56:03] [12/40] train 6.95 | val 6.83 (rmse 9.27) | KL 0.668 | val(ema) 7.38 | lr 86% | 6.0분  ** best.pt(ema) 7.38 **  [ema 갱신]
[22:57:14]     ep13   311/1,555 train_mae 6.69 lr 8.58e-05
[22:58:24]     ep13   622/1,555 train_mae 6.65 lr 8.52e-05
[22:59:35]     ep13   933/1,555 train_mae 6.72 lr 8.46e-05
[23:00:46]     ep13 1,244/1,555 train_mae 6.76 lr 8.40e-05
[23:01:46]     ep13 1,555/1,555 train_mae 6.72 lr 8.34e-05
[23:02:15] [13/40] train 6.72 | val 6.20 (rmse 8.29) | KL 0.648 | val(ema) 6.88 | lr 83% | 6.2분  ** best.pt(ema) 6.88 **  [raw/ema 갱신]
[23:03:15]     ep14   311/1,555 train_mae 6.65 lr 8.28e-05
[23:04:30]     ep14   622/1,555 train_mae 6.72 lr 8.21e-05
[23:05:44]     ep14   933/1,555 train_mae 6.60 lr 8.15e-05
[23:06:59]     ep14 1,244/1,555 train_mae 6.63 lr 8.08e-05
[23:08:17]     ep14 1,555/1,555 train_mae 6.61 lr 8.01e-05
[23:08:49] [14/40] train 6.61 | val 6.44 (rmse 8.60) | KL 0.622 | val(ema) 6.60 | lr 80% | 6.5분  ** best.pt(ema) 6.60 **  [ema 갱신]
[23:09:55]     ep15   311/1,555 train_mae 6.55 lr 7.95e-05
[23:10:58]     ep15   622/1,555 train_mae 6.61 lr 7.88e-05
[23:12:02]     ep15   933/1,555 train_mae 6.58 lr 7.81e-05
[23:13:15]     ep15 1,244/1,555 train_mae 6.61 lr 7.74e-05
[23:14:28]     ep15 1,555/1,555 train_mae 6.59 lr 7.67e-05
[23:14:59] [15/40] train 6.59 | val 6.11 (rmse 8.27) | KL 0.586 | val(ema) 6.39 | lr 77% | 6.1분  ** best.pt(ema) 6.39 **  [raw/ema 갱신]
[23:16:15]     ep16   311/1,555 train_mae 6.46 lr 7.60e-05
[23:17:30]     ep16   622/1,555 train_mae 6.62 lr 7.53e-05
[23:18:36]     ep16   933/1,555 train_mae 6.62 lr 7.45e-05
[23:19:38]     ep16 1,244/1,555 train_mae 6.55 lr 7.38e-05
[23:20:43]     ep16 1,555/1,555 train_mae 6.55 lr 7.31e-05
[23:21:16] [16/40] train 6.55 | val 6.38 (rmse 8.59) | KL 0.574 | val(ema) 6.25 | lr 73% | 6.3분  ** best.pt(ema) 6.25 **  [ema 갱신]
[23:22:35]     ep17   311/1,555 train_mae 6.40 lr 7.23e-05
[23:23:54]     ep17   622/1,555 train_mae 6.58 lr 7.16e-05
[23:25:12]     ep17   933/1,555 train_mae 6.55 lr 7.08e-05
[23:26:31]     ep17 1,244/1,555 train_mae 6.54 lr 7.00e-05
[23:27:28]     ep17 1,555/1,555 train_mae 6.49 lr 6.93e-05
[23:27:57] [17/40] train 6.49 | val 6.30 (rmse 8.44) | KL 0.551 | val(ema) 6.16 | lr 69% | 6.7분  ** best.pt(ema) 6.16 **  [ema 갱신]
[23:28:58]     ep18   311/1,555 train_mae 6.26 lr 6.85e-05
[23:30:09]     ep18   622/1,555 train_mae 6.45 lr 6.77e-05
[23:31:19]     ep18   933/1,555 train_mae 6.41 lr 6.69e-05
[23:32:29]     ep18 1,244/1,555 train_mae 6.41 lr 6.61e-05
[23:33:40]     ep18 1,555/1,555 train_mae 6.44 lr 6.54e-05
[23:34:10] [18/40] train 6.44 | val 6.21 (rmse 8.37) | KL 0.545 | val(ema) 6.11 | lr 65% | 6.2분  ** best.pt(ema) 6.11 **  [ema 갱신]
[23:35:22]     ep19   311/1,555 train_mae 6.31 lr 6.46e-05
[23:36:33]     ep19   622/1,555 train_mae 6.26 lr 6.38e-05
[23:37:41]     ep19   933/1,555 train_mae 6.28 lr 6.30e-05
[23:38:42]     ep19 1,244/1,555 train_mae 6.31 lr 6.21e-05
[23:39:42]     ep19 1,555/1,555 train_mae 6.31 lr 6.13e-05
[23:40:09] [19/40] train 6.31 | val 6.40 (rmse 8.69) | KL 0.526 | val(ema) 6.06 | lr 61% | 5.9분  ** best.pt(ema) 6.06 **  [ema 갱신]
[23:41:29]     ep20   311/1,555 train_mae 6.21 lr 6.05e-05
[23:42:48]     ep20   622/1,555 train_mae 6.22 lr 5.97e-05
[23:44:07]     ep20   933/1,555 train_mae 6.24 lr 5.89e-05
[23:45:26]     ep20 1,244/1,555 train_mae 6.27 lr 5.81e-05
[23:46:29]     ep20 1,555/1,555 train_mae 6.26 lr 5.72e-05
[23:46:57] [20/40] train 6.26 | val 6.10 (rmse 8.24) | KL 0.510 | val(ema) 6.03 | lr 57% | 6.8분  ** best.pt(ema) 6.03 **  [raw/ema 갱신]
[23:47:58]     ep21   311/1,555 train_mae 6.23 lr 5.64e-05
[23:49:11]     ep21   622/1,555 train_mae 6.15 lr 5.56e-05
[23:50:29]     ep21   933/1,555 train_mae 6.09 lr 5.47e-05
[23:51:44]     ep21 1,244/1,555 train_mae 6.13 lr 5.39e-05
[23:53:00]     ep21 1,555/1,555 train_mae 6.17 lr 5.31e-05
[23:53:33] [21/40] train 6.17 | val 6.37 (rmse 8.54) | KL 0.501 | val(ema) 6.00 | lr 53% | 6.6분  ** best.pt(ema) 6.00 **  [ema 갱신]
[23:54:44]     ep22   311/1,555 train_mae 6.19 lr 5.23e-05
[23:55:46]     ep22   622/1,555 train_mae 6.10 lr 5.14e-05
[23:56:44]     ep22   933/1,555 train_mae 6.05 lr 5.06e-05
[23:57:57]     ep22 1,244/1,555 train_mae 6.10 lr 4.98e-05
[23:59:12]     ep22 1,555/1,555 train_mae 6.11 lr 4.89e-05
[23:59:45] [22/40] train 6.11 | val 6.00 (rmse 8.13) | KL 0.491 | val(ema) 5.98 | lr 49% | 6.2분  ** best.pt(ema) 5.98 **  [raw/ema 갱신]
[00:01:01]     ep23   311/1,555 train_mae 6.05 lr 4.81e-05
[00:02:17]     ep23   622/1,555 train_mae 6.07 lr 4.73e-05
[00:03:17]     ep23   933/1,555 train_mae 6.08 lr 4.64e-05
[00:04:20]     ep23 1,244/1,555 train_mae 6.08 lr 4.56e-05
[00:05:30]     ep23 1,555/1,555 train_mae 6.11 lr 4.48e-05
[00:06:00] [23/40] train 6.11 | val 6.09 (rmse 8.32) | KL 0.484 | val(ema) 5.97 | lr 45% | 6.2분  ** best.pt(ema) 5.97 **  [ema 갱신]
[00:07:14]     ep24   311/1,555 train_mae 6.04 lr 4.40e-05
[00:08:28]     ep24   622/1,555 train_mae 6.13 lr 4.31e-05
[00:09:45]     ep24   933/1,555 train_mae 6.13 lr 4.23e-05
[00:11:00]     ep24 1,244/1,555 train_mae 6.11 lr 4.15e-05
[00:12:14]     ep24 1,555/1,555 train_mae 6.06 lr 4.07e-05
[00:12:45] [24/40] train 6.06 | val 5.97 (rmse 8.15) | KL 0.479 | val(ema) 5.95 | lr 41% | 6.7분  ** best.pt(ema) 5.95 **  [raw/ema 갱신]
[00:14:01]     ep25   311/1,555 train_mae 5.98 lr 3.99e-05
[00:15:16]     ep25   622/1,555 train_mae 5.96 lr 3.91e-05
[00:16:30]     ep25   933/1,555 train_mae 5.99 lr 3.83e-05
[00:17:46]     ep25 1,244/1,555 train_mae 5.98 lr 3.75e-05
[00:19:01]     ep25 1,555/1,555 train_mae 5.97 lr 3.67e-05
[00:19:31] [25/40] train 5.97 | val 6.05 (rmse 8.24) | KL 0.469 | val(ema) 5.94 | lr 37% | 6.7분  ** best.pt(ema) 5.94 **  [ema 갱신]
[00:20:49]     ep26   311/1,555 train_mae 5.95 lr 3.59e-05
[00:22:03]     ep26   622/1,555 train_mae 5.92 lr 3.51e-05
[00:23:20]     ep26   933/1,555 train_mae 5.91 lr 3.43e-05
[00:24:36]     ep26 1,244/1,555 train_mae 5.90 lr 3.35e-05
[00:25:51]     ep26 1,555/1,555 train_mae 5.90 lr 3.27e-05
[00:26:21] [26/40] train 5.90 | val 6.15 (rmse 8.31) | KL 0.461 | val(ema) 5.94 | lr 33% | 6.8분  ** best.pt(ema) 5.94 **  [ema 갱신]
[00:27:38]     ep27   311/1,555 train_mae 5.89 lr 3.20e-05
[00:28:52]     ep27   622/1,555 train_mae 5.90 lr 3.12e-05
[00:30:07]     ep27   933/1,555 train_mae 5.93 lr 3.04e-05
[00:31:26]     ep27 1,244/1,555 train_mae 5.91 lr 2.97e-05
[00:32:41]     ep27 1,555/1,555 train_mae 5.87 lr 2.89e-05
[00:33:12] [27/40] train 5.87 | val 6.22 (rmse 8.52) | KL 0.460 | val(ema) 5.94 | lr 29% | 6.8분  ** best.pt(ema) 5.94 **  [ema 갱신]
[00:34:27]     ep28   311/1,555 train_mae 5.75 lr 2.82e-05
[00:35:44]     ep28   622/1,555 train_mae 5.83 lr 2.75e-05
[00:36:59]     ep28   933/1,555 train_mae 5.85 lr 2.67e-05
[00:38:15]     ep28 1,244/1,555 train_mae 5.86 lr 2.60e-05
[00:39:34]     ep28 1,555/1,555 train_mae 5.86 lr 2.53e-05
[00:40:06] [28/40] train 5.86 | val 5.95 (rmse 8.10) | KL 0.453 | val(ema) 5.93 | lr 25% | 6.9분  ** best.pt(ema) 5.93 **  [raw/ema 갱신]
[00:41:24]     ep29   311/1,555 train_mae 5.65 lr 2.46e-05
[00:42:35]     ep29   622/1,555 train_mae 5.82 lr 2.39e-05
[00:43:45]     ep29   933/1,555 train_mae 5.81 lr 2.32e-05
[00:44:58]     ep29 1,244/1,555 train_mae 5.80 lr 2.25e-05
[00:46:11]     ep29 1,555/1,555 train_mae 5.82 lr 2.19e-05
[00:46:40] [29/40] train 5.82 | val 6.10 (rmse 8.35) | KL 0.448 | val(ema) 5.93 | lr 22% | 6.6분  ** best.pt(ema) 5.93 **  [ema 갱신]
[00:47:56]     ep30   311/1,555 train_mae 5.88 lr 2.12e-05
[00:49:10]     ep30   622/1,555 train_mae 5.87 lr 2.06e-05
[00:50:22]     ep30   933/1,555 train_mae 5.88 lr 1.99e-05
[00:51:36]     ep30 1,244/1,555 train_mae 5.77 lr 1.93e-05
[00:52:50]     ep30 1,555/1,555 train_mae 5.80 lr 1.86e-05
[00:53:20] [30/40] train 5.80 | val 6.03 (rmse 8.24) | KL 0.444 | val(ema) 5.93 | lr 19% | 6.6분  ** best.pt(ema) 5.93 **  [ema 갱신]
[00:54:37]     ep31   311/1,555 train_mae 5.70 lr 1.80e-05
[00:55:57]     ep31   622/1,555 train_mae 5.72 lr 1.74e-05
[00:57:15]     ep31   933/1,555 train_mae 5.76 lr 1.68e-05
[00:58:34]     ep31 1,244/1,555 train_mae 5.71 lr 1.62e-05
[00:59:54]     ep31 1,555/1,555 train_mae 5.74 lr 1.56e-05
[01:00:24] [31/40] train 5.74 | val 5.95 (rmse 8.12) | KL 0.440 | val(ema) 5.93 | lr 16% | 7.0분  ** best.pt(ema) 5.93 **  [ema 갱신]
[01:01:45]     ep32   311/1,555 train_mae 5.64 lr 1.51e-05
[01:03:02]     ep32   622/1,555 train_mae 5.69 lr 1.45e-05
[01:04:20]     ep32   933/1,555 train_mae 5.70 lr 1.39e-05
[01:05:31]     ep32 1,244/1,555 train_mae 5.68 lr 1.34e-05
[01:06:41]     ep32 1,555/1,555 train_mae 5.71 lr 1.29e-05
[01:07:11] [32/40] train 5.71 | val 5.94 (rmse 8.10) | KL 0.438 | val(ema) 5.93 | lr 13% | 6.8분  ** best.pt(ema) 5.93 **  [raw/ema 갱신]
[01:08:20]     ep33   311/1,555 train_mae 5.69 lr 1.24e-05
[01:09:20]     ep33   622/1,555 train_mae 5.72 lr 1.19e-05
[01:10:20]     ep33   933/1,555 train_mae 5.67 lr 1.14e-05
[01:11:30]     ep33 1,244/1,555 train_mae 5.68 lr 1.09e-05
[01:12:41]     ep33 1,555/1,555 train_mae 5.69 lr 1.04e-05
[01:13:14] [33/40] train 5.69 | val 5.92 (rmse 8.08) | KL 0.437 | val(ema) 5.92 | lr 10% | 6.0분  ** best.pt(ema) 5.92 **  [raw/ema 갱신]
[01:14:25]     ep34   311/1,555 train_mae 5.65 lr 9.95e-06
[01:15:36]     ep34   622/1,555 train_mae 5.68 lr 9.50e-06
[01:16:46]     ep34   933/1,555 train_mae 5.69 lr 9.06e-06
[01:17:55]     ep34 1,244/1,555 train_mae 5.65 lr 8.64e-06
[01:18:55]     ep34 1,555/1,555 train_mae 5.67 lr 8.23e-06
[01:19:22] [34/40] train 5.67 | val 5.98 (rmse 8.15) | KL 0.437 | val(ema) 5.92 | lr 8% | 6.1분  ** best.pt(ema) 5.92 **  [ema 갱신]
[01:20:23]     ep35   311/1,555 train_mae 5.67 lr 7.83e-06
[01:21:32]     ep35   622/1,555 train_mae 5.72 lr 7.44e-06
[01:22:40]     ep35   933/1,555 train_mae 5.60 lr 7.06e-06
[01:23:44]     ep35 1,244/1,555 train_mae 5.63 lr 6.70e-06
[01:24:43]     ep35 1,555/1,555 train_mae 5.62 lr 6.35e-06
[01:25:06] [35/40] train 5.62 | val 5.96 (rmse 8.16) | KL 0.436 | val(ema) 5.92 | lr 6% | 5.7분
[01:26:03]     ep36   311/1,555 train_mae 5.71 lr 6.02e-06
[01:27:00]     ep36   622/1,555 train_mae 5.68 lr 5.70e-06
[01:27:56]     ep36   933/1,555 train_mae 5.64 lr 5.38e-06
[01:28:55]     ep36 1,244/1,555 train_mae 5.65 lr 5.08e-06
[01:29:52]     ep36 1,555/1,555 train_mae 5.64 lr 4.80e-06
[01:30:15] [36/40] train 5.64 | val 5.94 (rmse 8.11) | KL 0.434 | val(ema) 5.92 | lr 5% | 5.1분
[01:31:13]     ep37   311/1,555 train_mae 5.71 lr 4.53e-06
[01:32:10]     ep37   622/1,555 train_mae 5.71 lr 4.28e-06
[01:33:07]     ep37   933/1,555 train_mae 5.59 lr 4.03e-06
[01:34:04]     ep37 1,244/1,555 train_mae 5.61 lr 3.80e-06
[01:35:01]     ep37 1,555/1,555 train_mae 5.61 lr 3.58e-06
[01:35:24] [37/40] train 5.61 | val 5.97 (rmse 8.17) | KL 0.434 | val(ema) 5.93 | lr 4% | 5.1분
[01:36:21]     ep38   311/1,555 train_mae 5.55 lr 3.38e-06
[01:37:18]     ep38   622/1,555 train_mae 5.45 lr 3.19e-06
[01:38:15]     ep38   933/1,555 train_mae 5.49 lr 3.02e-06
[01:39:12]     ep38 1,244/1,555 train_mae 5.50 lr 2.85e-06
[01:40:09]     ep38 1,555/1,555 train_mae 5.57 lr 2.71e-06
[01:40:32] [38/40] train 5.57 | val 5.94 (rmse 8.11) | KL 0.432 | val(ema) 5.93 | lr 3% | 5.1분
[01:41:30]     ep39   311/1,555 train_mae 5.54 lr 2.57e-06
[01:42:27]     ep39   622/1,555 train_mae 5.58 lr 2.45e-06
[01:43:24]     ep39   933/1,555 train_mae 5.63 lr 2.35e-06
[01:44:21]     ep39 1,244/1,555 train_mae 5.62 lr 2.25e-06
[01:45:18]     ep39 1,555/1,555 train_mae 5.61 lr 2.18e-06
[01:45:41] [39/40] train 5.61 | val 5.95 (rmse 8.14) | KL 0.429 | val(ema) 5.93 | lr 2% | 5.1분
[01:46:39]     ep40   311/1,555 train_mae 5.56 lr 2.11e-06
[01:47:36]     ep40   622/1,555 train_mae 5.53 lr 2.06e-06
[01:48:33]     ep40   933/1,555 train_mae 5.55 lr 2.03e-06
[01:49:32]     ep40 1,244/1,555 train_mae 5.57 lr 2.01e-06
[01:50:29]     ep40 1,555/1,555 train_mae 5.59 lr 2.00e-06
[01:50:52] [40/40] train 5.59 | val 5.96 (rmse 8.15) | KL 0.429 | val(ema) 5.94 | lr 2% | 5.2분
[01:50:53] [스테이지2] 완료 · best val MAE = 5.92 개월 (규칙 'ema')
[01:50:53] [스테이지2] 참고 · raw 최고 5.92 / ema 최고 5.92 -> 각각 best_raw.pt / best_ema.pt
[01:50:53] [스테이지2] 종료 시점 LR = 피크의 2.0%  [정상 - 코사인 완주]
[01:50:53] [backbone] convnext_tiny.fb_in22k_ft_in1k_384 (pretrained=False, drop_path=0.15)
[01:50:53] [head] 입력 640x448 -> 특징맵 768x20x14 · head_type=gap
[01:50:53] [head] 출력 240 (LDL 로짓 - softmax 기대값으로 환산)
[01:50:53] ========================================================================
[01:50:53] [스테이지3] 평가 시작
[01:50:53]   백본     convnext_tiny.fb_in22k_ft_in1k_384
[01:50:53]   헤드     gap | 화소처리 p1p99
[01:50:53]   가중치   ema (선택 규칙 'ema')
[01:50:53]   출력     LDL 240-way 기대값 회귀 (δ 15.0, λ 0.5)
[01:50:53]   입력     640x448
[01:50:53]   best val MAE 5.92 @ epoch 34
[01:50:53]   [val] 예측 중...
[01:51:22]   [calib] slope a=0.9820 intercept b=+1.91  (축소 미미)
[01:51:22]   [calib] 채택 여부 False (val 5.92 -> 6.01)
[01:51:22]   [train] 예측 중...
[01:52:55]   [test] 예측 중...
[01:52:58] [backbone] convnext_tiny.fb_in22k_ft_in1k_384 (pretrained=False, drop_path=0.15)
[01:53:01] [backbone] convnext_tiny.fb_in22k_ft_in1k_384 (pretrained=False, drop_path=0.15)
[01:53:03]   학습곡선 저장: G:\Project\sinra_cho\checkpoints_convnext_single_v6_ldl\learning_curve.png
[01:53:04]   산점도 저장: G:\Project\sinra_cho\checkpoints_convnext_single_v6_ldl\scatter.png
[01:53:05]   오차 상위 저장: G:\Project\sinra_cho\checkpoints_convnext_single_v6_ldl\worst_cases.png
[01:53:05]   [Grad-CAM] target = stages.3
[01:53:08]   Grad-CAM 저장: G:\Project\sinra_cho\checkpoints_convnext_single_v6_ldl\gradcam.png
[01:53:08]   연령분포 저장: G:\Project\sinra_cho\checkpoints_convnext_single_v6_ldl\age_distribution.png (평균 표준편차 36.0개월, 목표 δ=15.0 근방)
[01:53:08]   캘리브레이션 계수 저장: G:\Project\sinra_cho\checkpoints_convnext_single_v6_ldl\calibration.json
====================================================================
 ConvNeXt-Tiny LDL 기대값 회귀 (bins 240, δ 15.0, λ 0.5) | 640x448 | 강도정규화 p1p99
 백본 convnext_tiny.fb_in22k_ft_in1k_384 | 헤드 gap
 실행 20260811_213844 | best epoch 34 (ema)
 TTA [0, -4, 4]
====================================================================
 VAL(단일)        N= 1,399  MAE  5.92  RMSE  8.09  bias -0.09
 VAL(+TTA)      N= 1,399  MAE  5.92  RMSE  8.12  bias -0.38
 VAL(+calib)    N= 1,399  MAE  6.01  RMSE  8.22  bias -0.00   -> 미채택
 TRAIN(단일)      N=12,440  MAE  5.23  RMSE  7.33  bias +0.03
--------------------------------------------------------------------
 TEST           N=   197  MAE  4.22  RMSE  5.30  bias +0.57  CI95 [3.79, 4.70]
--------------------------------------------------------------------
 [가중치 감사 · test, TTA 적용 / calib 미적용]
   raw  ep 33  val  5.92  ->  test  4.29  CI95 [3.85, 4.77]
   ema  ep 34  val  5.92  ->  test  4.22  CI95 [3.79, 4.70]
   EMA - raw = -0.07 개월 (test 기준)
   * 음수면 EMA 이득이 test 로 이어진 것, 양수면 val 에서만 좋았던 것.
--------------------------------------------------------------------
   0-4y    N=   9  MAE  2.12  bias +1.01
   4-8y    N=  34  MAE  5.42  bias +1.48
   8-12y   N=  64  MAE  5.41  bias +1.56
   12-16y  N=  79  MAE  3.11  bias -0.47
   >16y    N=  11  MAE  3.27  bias -0.82
====================================================================
[01:53:08] 결과 저장: G:\Project\sinra_cho\checkpoints_convnext_single_v6_ldl\results.txt
[01:53:08]          G:\Project\sinra_cho\checkpoints_convnext_single_v6_ldl\results.json
[01:53:09] [backbone] convnext_tiny.fb_in22k_ft_in1k_384 (pretrained=False, drop_path=0.15)
[01:53:09] 추론 함수 확인 [4360] 예측 170.3개월 / 실제 169개월
[01:53:09] 추론 함수 준비 완료 · best.pt: G:\Project\sinra_cho\checkpoints_convnext_single_v6_ldl\best.pt
[01:53:09] === 전체 완료 ===
