========================================================================
[21:24:10] ConvNeXt-Tiny + LDL 기대값 회귀 골연령 시작 [v15]
[21:24:10] Python 3.12.7 | Windows 11
[21:24:10] PyTorch 2.6.0+cu124 | torchvision 0.21.0+cu124 | timm 1.0.28
[21:24:10] OpenCV 5.0.0 | numpy 2.5.1 | pandas 3.0.3
[21:24:10] device cuda | CUDA True | AMP True
[GPU-GUARD] (inproc) 바로 실행 — 티켓 449번 infer 16000MiB
[21:24:10] GPU NVIDIA A100 80GB PCIe | VRAM 79.5GB | sm_80 | CUDA 12.4
[21:24:10] HAND_CROP_DIR  G:\Project\sinra_cho\crop_hand_align
[21:24:10] CSV_DIR        G:\Project\sinra_cho\crop_hand_align\csv
[21:24:10] CACHE_DIR      G:\Project\sinra_cho\cache_convnext_single_v15\raw768x512_letterbox_pad0_center_np1p99_maskbg_maskn
[21:24:10] CKPT_DIR       G:\Project\sinra_cho\checkpoints_convnext_single_v15_ldl
[21:24:10] 이미지 준비    letterbox -> 768x512(HxW) | pad 0 | 강도정규화 p1p99
[21:24:10] 백본           convnext_tiny.fb_in22k_ft_in1k_384 (drop_path 0.15)
[21:24:10] 헤드           gap | 성별임베딩 32 | dropout 0.1
[21:24:10] 최적화         AdamW | lr 4e-05/1e-04 | wd 0.05 | 배치 24x1=24
[21:24:10] 스케줄         warmup 3ep + cosine(min ratio 0.02) | 총 40ep | 조기종료 끔
[21:24:10] 손실 LDL(bins 240, δ 15.0, λ 0.5) | 증강 True | EMA True(0.9995) | best 선택 'ema'
[21:24:10] 증강 상세      affine rot5° tr0.1 sc(0.82, 1.22) sh4 | jitter ±0.25 | erasing p=0.25
[21:24:10] [v9] 증강 스케일 (0.82, 1.22) · 이동 0.1 · 회전 5°
[21:24:10] [v9] 도메인증강 jpeg0.35 gamma0.35 blur0.2 noise0.2
[21:24:10] [v10] 구간가중  가우시안 테이퍼 center 96개월 · sigma 48 · peak x1.35
[21:24:10] [v11] LDL λ 0.5 · EPOCHS 40 · warmup 3  (v10 1.0/60/4 에서 원복)
[21:24:10] [v15] 데이터   G:\Project\sinra_cho\crop_hand_align  (정렬 완료 데이터셋)
[21:24:10] [v15] 마스크   배경제거 True · p1p99 마스크내부 True · 열화증강 p=0.3 k=(3, 11) · 마스킹생략 p=0.05
[21:24:10] [v15] 회전증강 5° (v11 12°, 입력이 이미 정렬됨)
[21:24:10] [v11] FiLM 성별조건화 ON stages=[2, 3] hidden=64
[21:24:10] [v11] 평가 리포트에 성별 분해 · 성별x연령 교차 · 성별 플립 테스트 포함
[21:24:10] 추론           TTA [0, -6, -3, 3, 6] | 캘리브레이션 자동판정
[21:24:10] DataLoader     num_workers=0
[21:24:10] 실행 옵션      (없음)
========================================================================
[21:24:10] 라벨 로드 중...
[21:24:11]   train 라벨 12,432 | 파일 12,426 | 미크롭    6 -> 사용 12,426
[21:24:11]   val   라벨  1,397 | 파일  1,397 | 미크롭    0 -> 사용  1,397
[21:24:11]   test  라벨    197 | 파일    197 | 미크롭    0 -> 사용    197
[21:24:11] 타깃 정규화 사용 안 함 (LDL - 개월 원단위) · 참고용 train 통계 127.54 ± 40.88 개월
[21:24:11] [QC-LDL] 이산화 하한 MAE = 0.093 개월 (δ=15.0, bins=1~240, val 라벨 기준)
[21:24:11] 남아 비율 54.2% | 연령 범위 1~228 개월
[21:24:11] 실행 환경 스냅샷 저장: G:\Project\sinra_cho\checkpoints_convnext_single_v15_ldl\env_20260816_212410.json
[21:24:11] [스테이지1] 캐시 경로 G:\Project\sinra_cho\cache_convnext_single_v15\raw768x512_letterbox_pad0_center_np1p99_maskbg_maskn
[21:24:11] [스테이지1] 크롭 소스 G:\Project\sinra_cho\crop_hand_align
[21:24:11] [스테이지1] 768x512 캔버스 캐시 생성 (norm=p1p99)
[21:25:48]     [train] 2,000/12,426 (97s)
[21:27:32]     [train] 4,000/12,426 (201s)
[21:29:22]     [train] 6,000/12,426 (312s)
[21:31:11]     [train] 8,000/12,426 (421s)
[21:33:02]     [train] 10,000/12,426 (531s)
[21:34:53]     [train] 12,000/12,426 (642s)
[21:35:16]   [train] 생성 12,426 · 스킵 0 · 실패 0 · 마스크없음 0 (665s)
[21:36:29]   [val] 생성 1,397 · 스킵 0 · 실패 0 · 마스크없음 0 (74s)
[21:36:39]   [test] 생성 197 · 스킵 0 · 실패 0 · 마스크없음 0 (9s)
[21:36:39]   여백 비율: 중앙 14.6% · 90%tile 26.2% · 최대 46.2%
[21:36:39] [스테이지1] 완료 표식: G:\Project\sinra_cho\cache_convnext_single_v15\raw768x512_letterbox_pad0_center_np1p99_maskbg_maskn\_DONE_cache.json
[21:36:39] [QC] 강도 정규화 검증 시트 생성
[21:36:42] [QC] 시트 저장: G:\Project\sinra_cho\checkpoints_convnext_single_v15_ldl\qc_intensity_norm.png
[21:36:42] 
   id      원본크기  원본범위  원본std  유효std 여백%
15437 1206x1521 0~238   58.2   62.6 16%
12455 1034x1520 0~202   47.9   68.5  2%
14184 1285x1485 0~224   53.9   66.4 23%
15560  908x1143 0~255   70.2   67.9 16%
15167  945x1201 0~227   58.0   65.8 15%
 4166  844x1221 0~224   68.6   72.1  4%
 8271  999x1556 0~215   53.4   70.6  4%
 2647  862x1145  0~51   10.5   64.3 11%
[21:36:42] [QC] std 변동계수(CV):  원본 0.354  ->  캔버스 0.047
[21:36:42] [QC] 정상 - 이미지 간 대비 편차가 크게 줄었습니다.
[21:36:42] [QC] 샘플 여백 중앙 13%
[21:36:42] [스테이지2] 배치 수: train 517 | val 59
[21:36:43] [backbone] convnext_tiny.fb_in22k_ft_in1k_384 (pretrained=True, drop_path=0.15)
[21:36:43] [head] FiLM 성별조건화 stages=[2, 3] 채널=[384, 768] (0 초기화=항등)
[21:36:43] [head] 입력 768x512 -> 특징맵 768x24x16 · head_type=gap
[21:36:43] [head] 출력 240 (LDL 로짓 - softmax 기대값으로 환산)
G:\Project\sinra_cho\.venv\Lib\site-packages\torch\nn\modules\module.py:1329: UserWarning: expandable_segments not supported on this platform (Triggered internally at C:\actions-runner\_work\pytorch\pytorch\pytorch\c10/cuda/CUDAAllocatorConfig.h:28.)
  return t.to(
[21:36:43] [스테이지2] 파라미터 28.5M
[21:36:43] [스테이지2] 파라미터 그룹:
[21:36:43]   bb_decay    tensors= 58 params= 27.76M lr=4.0e-05 wd=0.05
[21:36:43]   bb_nodecay  tensors=122 params=  0.06M lr=4.0e-05 wd=0.0
[21:36:43]   hd_decay    tensors=  8 params=  0.64M lr=1.0e-04 wd=0.05
[21:36:43]   hd_nodecay  tensors= 10 params=  0.00M lr=1.0e-04 wd=0.0
[21:36:43] [스테이지2] 옵티마이저 스텝: 에폭당 517 · 총 20680 · warmup 1551
[21:36:43] [스테이지2] EMA 유효 창 ≈ 3.9 에폭
[21:36:43] [스테이지2] best.pt 선택 규칙 = 'ema' (학습 전 고정)
[21:36:43] [스테이지2] 새 학습 시작
[21:36:43] [손실] LDL  ℓ_MAE + 0.5·KL(G‖p)  (bins 240, δ 15.0)
[21:38:53]     ep01   103/517 train_mae 34.18 lr 6.64e-06
[21:40:54]     ep01   206/517 train_mae 34.04 lr 1.33e-05
[21:42:54]     ep01   309/517 train_mae 33.44 lr 1.99e-05
[21:44:54]     ep01   412/517 train_mae 32.19 lr 2.66e-05
[21:46:54]     ep01   515/517 train_mae 30.59 lr 3.32e-05
[21:47:34] [01/40] train 30.56 | val 13.52 (rmse 18.77) | KL 1.381 | val(ema) 34.48 | lr 33% | 10.8분  ** best.pt(ema) 34.48 **  [raw/ema 갱신]
[21:48:51]     ep02   103/517 train_mae 20.58 lr 4.00e-05
[21:50:35]     ep02   206/517 train_mae 18.34 lr 4.66e-05
[21:52:37]     ep02   309/517 train_mae 16.54 lr 5.33e-05
[21:54:48]     ep02   412/517 train_mae 15.45 lr 5.99e-05
[21:57:00]     ep02   515/517 train_mae 14.61 lr 6.65e-05
[21:57:47] [02/40] train 14.60 | val 9.35 (rmse 11.85) | KL 1.466 | val(ema) 31.19 | lr 67% | 10.2분  ** best.pt(ema) 31.19 **  [raw/ema 갱신]
[21:59:50]     ep03   103/517 train_mae 11.08 lr 7.33e-05
[22:02:03]     ep03   206/517 train_mae 11.15 lr 7.99e-05
[22:04:18]     ep03   309/517 train_mae 10.83 lr 8.66e-05
[22:06:34]     ep03   412/517 train_mae 10.53 lr 9.32e-05
[22:08:34]     ep03   515/517 train_mae 10.36 lr 9.99e-05
[22:09:04] [03/40] train 10.36 | val 7.85 (rmse 10.22) | KL 1.265 | val(ema) 24.81 | lr 100% | 11.2분  ** best.pt(ema) 24.81 **  [raw/ema 갱신]
[22:10:17]     ep04   103/517 train_mae 9.31 lr 1.00e-04
[22:11:32]     ep04   206/517 train_mae 9.18 lr 1.00e-04
[22:12:49]     ep04   309/517 train_mae 9.13 lr 9.99e-05
[22:14:05]     ep04   412/517 train_mae 8.92 lr 9.99e-05
[22:15:21]     ep04   515/517 train_mae 8.79 lr 9.98e-05
[22:15:49] [04/40] train 8.80 | val 8.40 (rmse 10.82) | KL 1.064 | val(ema) 20.90 | lr 100% | 6.7분  ** best.pt(ema) 20.90 **  [ema 갱신]
[22:17:04]     ep05   103/517 train_mae 8.30 lr 9.97e-05
[22:18:21]     ep05   206/517 train_mae 8.16 lr 9.97e-05
[22:19:39]     ep05   309/517 train_mae 8.13 lr 9.96e-05
[22:20:56]     ep05   412/517 train_mae 8.08 lr 9.94e-05
[22:22:10]     ep05   515/517 train_mae 8.00 lr 9.93e-05
[22:22:38] [05/40] train 7.99 | val 6.85 (rmse 9.03) | KL 0.913 | val(ema) 17.05 | lr 99% | 6.8분  ** best.pt(ema) 17.05 **  [raw/ema 갱신]
[22:23:53]     ep06   103/517 train_mae 7.65 lr 9.91e-05
[22:25:09]     ep06   206/517 train_mae 7.71 lr 9.90e-05
[22:26:25]     ep06   309/517 train_mae 7.62 lr 9.88e-05
[22:27:41]     ep06   412/517 train_mae 7.64 lr 9.86e-05
[22:28:56]     ep06   515/517 train_mae 7.66 lr 9.84e-05
[22:29:26] [06/40] train 7.66 | val 6.76 (rmse 8.92) | KL 0.768 | val(ema) 13.55 | lr 98% | 6.8분  ** best.pt(ema) 13.55 **  [raw/ema 갱신]
[22:30:45]     ep07   103/517 train_mae 7.56 lr 9.82e-05
[22:32:03]     ep07   206/517 train_mae 7.47 lr 9.80e-05
[22:33:20]     ep07   309/517 train_mae 7.48 lr 9.77e-05
[22:34:35]     ep07   412/517 train_mae 7.42 lr 9.75e-05
[22:35:56]     ep07   515/517 train_mae 7.40 lr 9.72e-05
[22:36:25] [07/40] train 7.40 | val 7.48 (rmse 9.91) | KL 0.643 | val(ema) 10.67 | lr 97% | 7.0분  ** best.pt(ema) 10.67 **  [ema 갱신]
[22:37:45]     ep08   103/517 train_mae 7.28 lr 9.69e-05
[22:39:09]     ep08   206/517 train_mae 7.40 lr 9.66e-05
[22:40:35]     ep08   309/517 train_mae 7.33 lr 9.63e-05
[22:42:03]     ep08   412/517 train_mae 7.30 lr 9.60e-05
[22:43:27]     ep08   515/517 train_mae 7.24 lr 9.57e-05
[22:44:00] [08/40] train 7.24 | val 6.29 (rmse 8.40) | KL 0.539 | val(ema) 8.66 | lr 96% | 7.6분  ** best.pt(ema) 8.66 **  [raw/ema 갱신]
[22:45:29]     ep09   103/517 train_mae 6.99 lr 9.53e-05
[22:46:53]     ep09   206/517 train_mae 7.14 lr 9.49e-05
[22:48:20]     ep09   309/517 train_mae 7.06 lr 9.46e-05
[22:49:52]     ep09   412/517 train_mae 7.01 lr 9.42e-05
[22:51:20]     ep09   515/517 train_mae 7.00 lr 9.38e-05
[22:52:00] [09/40] train 7.00 | val 6.40 (rmse 8.53) | KL 0.466 | val(ema) 7.55 | lr 94% | 8.0분  ** best.pt(ema) 7.55 **  [ema 갱신]
[22:53:50]     ep10   103/517 train_mae 6.97 lr 9.34e-05
[22:55:16]     ep10   206/517 train_mae 7.09 lr 9.29e-05
[22:56:52]     ep10   309/517 train_mae 7.01 lr 9.25e-05
[22:58:41]     ep10   412/517 train_mae 7.00 lr 9.21e-05
[23:00:11]     ep10   515/517 train_mae 6.98 lr 9.16e-05
[23:00:43] [10/40] train 6.97 | val 6.11 (rmse 8.19) | KL 0.412 | val(ema) 6.89 | lr 92% | 8.7분  ** best.pt(ema) 6.89 **  [raw/ema 갱신]
[23:02:29]     ep11   103/517 train_mae 6.98 lr 9.11e-05
[23:04:09]     ep11   206/517 train_mae 7.06 lr 9.07e-05
[23:05:38]     ep11   309/517 train_mae 6.93 lr 9.02e-05
[23:07:27]     ep11   412/517 train_mae 6.87 lr 8.97e-05
[23:09:03]     ep11   515/517 train_mae 6.86 lr 8.91e-05
[23:09:36] [11/40] train 6.86 | val 6.92 (rmse 9.25) | KL 0.368 | val(ema) 6.57 | lr 89% | 8.9분  ** best.pt(ema) 6.57 **  [ema 갱신]
[23:11:15]     ep12   103/517 train_mae 6.78 lr 8.86e-05
[23:13:02]     ep12   206/517 train_mae 6.70 lr 8.81e-05
[23:14:30]     ep12   309/517 train_mae 6.76 lr 8.75e-05
[23:16:08]     ep12   412/517 train_mae 6.77 lr 8.70e-05
[23:17:57]     ep12   515/517 train_mae 6.75 lr 8.64e-05
[23:18:29] [12/40] train 6.75 | val 6.32 (rmse 8.42) | KL 0.342 | val(ema) 6.38 | lr 86% | 8.9분  ** best.pt(ema) 6.38 **  [ema 갱신]
[23:19:55]     ep13   103/517 train_mae 6.65 lr 8.58e-05
[23:21:39]     ep13   206/517 train_mae 6.61 lr 8.52e-05
[23:23:18]     ep13   309/517 train_mae 6.67 lr 8.46e-05
[23:24:56]     ep13   412/517 train_mae 6.60 lr 8.40e-05
[23:26:47]     ep13   515/517 train_mae 6.61 lr 8.34e-05
[23:27:27] [13/40] train 6.61 | val 6.15 (rmse 8.28) | KL 0.319 | val(ema) 6.27 | lr 83% | 8.9분  ** best.pt(ema) 6.27 **  [ema 갱신]
[23:28:59]     ep14   103/517 train_mae 6.49 lr 8.28e-05
[23:30:42]     ep14   206/517 train_mae 6.46 lr 8.21e-05
[23:32:26]     ep14   309/517 train_mae 6.51 lr 8.15e-05
[23:33:57]     ep14   412/517 train_mae 6.46 lr 8.08e-05
[23:35:48]     ep14   515/517 train_mae 6.46 lr 8.02e-05
[23:36:30] [14/40] train 6.46 | val 6.12 (rmse 8.30) | KL 0.300 | val(ema) 6.17 | lr 80% | 9.0분  ** best.pt(ema) 6.17 **  [ema 갱신]
[23:37:58]     ep15   103/517 train_mae 6.67 lr 7.95e-05
[23:39:42]     ep15   206/517 train_mae 6.62 lr 7.88e-05
[23:41:26]     ep15   309/517 train_mae 6.49 lr 7.81e-05
[23:42:55]     ep15   412/517 train_mae 6.45 lr 7.74e-05
[23:44:37]     ep15   515/517 train_mae 6.48 lr 7.67e-05
[23:45:19] [15/40] train 6.47 | val 6.21 (rmse 8.57) | KL 0.292 | val(ema) 6.10 | lr 77% | 8.8분  ** best.pt(ema) 6.10 **  [ema 갱신]
[23:46:54]     ep16   103/517 train_mae 6.31 lr 7.60e-05
[23:48:30]     ep16   206/517 train_mae 6.36 lr 7.53e-05
[23:50:20]     ep16   309/517 train_mae 6.36 lr 7.45e-05
[23:51:52]     ep16   412/517 train_mae 6.37 lr 7.38e-05
[23:53:28]     ep16   515/517 train_mae 6.37 lr 7.31e-05
[23:54:10] [16/40] train 6.36 | val 6.14 (rmse 8.33) | KL 0.284 | val(ema) 6.05 | lr 73% | 8.8분  ** best.pt(ema) 6.05 **  [ema 갱신]
[23:55:48]     ep17   103/517 train_mae 6.57 lr 7.23e-05
[23:57:16]     ep17   206/517 train_mae 6.48 lr 7.16e-05
[23:59:08]     ep17   309/517 train_mae 6.36 lr 7.08e-05
[00:00:40]     ep17   412/517 train_mae 6.35 lr 7.01e-05
[00:02:14]     ep17   515/517 train_mae 6.34 lr 6.93e-05
[00:02:56] [17/40] train 6.34 | val 6.67 (rmse 8.91) | KL 0.273 | val(ema) 6.01 | lr 69% | 8.7분  ** best.pt(ema) 6.01 **  [ema 갱신]
[00:04:40]     ep18   103/517 train_mae 6.49 lr 6.85e-05
[00:06:10]     ep18   206/517 train_mae 6.30 lr 6.77e-05
[00:07:57]     ep18   309/517 train_mae 6.26 lr 6.69e-05
[00:09:36]     ep18   412/517 train_mae 6.30 lr 6.62e-05
[00:11:06]     ep18   515/517 train_mae 6.26 lr 6.54e-05
[00:11:48] [18/40] train 6.26 | val 5.94 (rmse 8.10) | KL 0.265 | val(ema) 5.97 | lr 65% | 8.8분  ** best.pt(ema) 5.97 **  [raw/ema 갱신]
[00:13:32]     ep19   103/517 train_mae 6.41 lr 6.46e-05
[00:15:02]     ep19   206/517 train_mae 6.31 lr 6.38e-05
[00:16:47]     ep19   309/517 train_mae 6.28 lr 6.30e-05
[00:18:30]     ep19   412/517 train_mae 6.23 lr 6.22e-05
[00:19:58]     ep19   515/517 train_mae 6.25 lr 6.13e-05
[00:20:36] [19/40] train 6.25 | val 6.22 (rmse 8.52) | KL 0.259 | val(ema) 5.95 | lr 61% | 8.8분  ** best.pt(ema) 5.95 **  [ema 갱신]
[00:22:27]     ep20   103/517 train_mae 6.39 lr 6.05e-05
[00:23:56]     ep20   206/517 train_mae 6.19 lr 5.97e-05
[00:25:22]     ep20   309/517 train_mae 6.14 lr 5.89e-05
[00:26:46]     ep20   412/517 train_mae 6.09 lr 5.81e-05
[00:28:09]     ep20   515/517 train_mae 6.08 lr 5.72e-05
[00:28:40] [20/40] train 6.08 | val 5.93 (rmse 8.09) | KL 0.251 | val(ema) 5.92 | lr 57% | 8.0분  ** best.pt(ema) 5.92 **  [raw/ema 갱신]
[00:30:05]     ep21   103/517 train_mae 6.10 lr 5.64e-05
[00:31:28]     ep21   206/517 train_mae 6.01 lr 5.56e-05
[00:32:53]     ep21   309/517 train_mae 5.98 lr 5.48e-05
[00:34:18]     ep21   412/517 train_mae 5.99 lr 5.39e-05
[00:35:40]     ep21   515/517 train_mae 6.01 lr 5.31e-05
[00:36:12] [21/40] train 6.01 | val 6.12 (rmse 8.37) | KL 0.246 | val(ema) 5.89 | lr 53% | 7.5분  ** best.pt(ema) 5.89 **  [ema 갱신]
[00:37:37]     ep22   103/517 train_mae 6.02 lr 5.23e-05
[00:39:00]     ep22   206/517 train_mae 6.02 lr 5.14e-05
[00:40:25]     ep22   309/517 train_mae 5.97 lr 5.06e-05
[00:41:51]     ep22   412/517 train_mae 5.95 lr 4.98e-05
[00:43:15]     ep22   515/517 train_mae 5.97 lr 4.89e-05
[00:43:49] [22/40] train 5.97 | val 5.88 (rmse 8.04) | KL 0.242 | val(ema) 5.87 | lr 49% | 7.6분  ** best.pt(ema) 5.87 **  [raw/ema 갱신]
[00:45:13]     ep23   103/517 train_mae 5.88 lr 4.81e-05
[00:46:39]     ep23   206/517 train_mae 5.86 lr 4.73e-05
[00:48:00]     ep23   309/517 train_mae 5.90 lr 4.64e-05
[00:49:24]     ep23   412/517 train_mae 5.92 lr 4.56e-05
[00:50:46]     ep23   515/517 train_mae 5.91 lr 4.48e-05
[00:51:18] [23/40] train 5.91 | val 6.06 (rmse 8.24) | KL 0.238 | val(ema) 5.86 | lr 45% | 7.5분  ** best.pt(ema) 5.86 **  [ema 갱신]
[00:52:47]     ep24   103/517 train_mae 5.87 lr 4.40e-05
[00:54:14]     ep24   206/517 train_mae 5.87 lr 4.31e-05
[00:55:38]     ep24   309/517 train_mae 5.90 lr 4.23e-05
[00:57:01]     ep24   412/517 train_mae 5.85 lr 4.15e-05
[00:58:24]     ep24   515/517 train_mae 5.87 lr 4.07e-05
[00:58:58] [24/40] train 5.86 | val 5.91 (rmse 8.10) | KL 0.232 | val(ema) 5.84 | lr 41% | 7.6분  ** best.pt(ema) 5.84 **  [ema 갱신]
[01:00:26]     ep25   103/517 train_mae 5.75 lr 3.99e-05
[01:01:50]     ep25   206/517 train_mae 5.79 lr 3.91e-05
[01:03:13]     ep25   309/517 train_mae 5.85 lr 3.83e-05
[01:04:36]     ep25   412/517 train_mae 5.83 lr 3.75e-05
[01:06:00]     ep25   515/517 train_mae 5.84 lr 3.67e-05
[01:06:32] [25/40] train 5.84 | val 5.95 (rmse 8.10) | KL 0.230 | val(ema) 5.84 | lr 37% | 7.5분  ** best.pt(ema) 5.84 **  [ema 갱신]
[01:07:59]     ep26   103/517 train_mae 5.84 lr 3.59e-05
[01:09:22]     ep26   206/517 train_mae 5.82 lr 3.51e-05
[01:10:47]     ep26   309/517 train_mae 5.81 lr 3.43e-05
[01:12:12]     ep26   412/517 train_mae 5.81 lr 3.35e-05
[01:13:35]     ep26   515/517 train_mae 5.79 lr 3.28e-05
[01:14:05] [26/40] train 5.78 | val 5.98 (rmse 8.20) | KL 0.228 | val(ema) 5.84 | lr 33% | 7.5분  ** best.pt(ema) 5.84 **  [ema 갱신]
[01:15:31]     ep27   103/517 train_mae 5.52 lr 3.20e-05
[01:16:53]     ep27   206/517 train_mae 5.72 lr 3.12e-05
[01:18:16]     ep27   309/517 train_mae 5.78 lr 3.05e-05
[01:19:37]     ep27   412/517 train_mae 5.77 lr 2.97e-05
[01:21:05]     ep27   515/517 train_mae 5.74 lr 2.90e-05
[01:21:39] [27/40] train 5.74 | val 5.89 (rmse 8.12) | KL 0.225 | val(ema) 5.84 | lr 29% | 7.5분  ** best.pt(ema) 5.84 **  [ema 갱신]
[01:23:05]     ep28   103/517 train_mae 5.82 lr 2.82e-05
[01:24:30]     ep28   206/517 train_mae 5.77 lr 2.75e-05
[01:25:56]     ep28   309/517 train_mae 5.68 lr 2.68e-05
[01:27:20]     ep28   412/517 train_mae 5.71 lr 2.60e-05
[01:28:47]     ep28   515/517 train_mae 5.71 lr 2.53e-05
[01:29:20] [28/40] train 5.72 | val 5.90 (rmse 8.09) | KL 0.223 | val(ema) 5.83 | lr 25% | 7.7분  ** best.pt(ema) 5.83 **  [ema 갱신]
[01:30:47]     ep29   103/517 train_mae 5.57 lr 2.46e-05
[01:32:12]     ep29   206/517 train_mae 5.66 lr 2.39e-05
[01:33:56]     ep29   309/517 train_mae 5.59 lr 2.32e-05
[01:35:39]     ep29   412/517 train_mae 5.58 lr 2.26e-05
[01:37:20]     ep29   515/517 train_mae 5.63 lr 2.19e-05
[01:37:58] [29/40] train 5.63 | val 5.89 (rmse 8.11) | KL 0.220 | val(ema) 5.84 | lr 22% | 8.6분
[01:39:44]     ep30   103/517 train_mae 5.58 lr 2.12e-05
[01:41:25]     ep30   206/517 train_mae 5.56 lr 2.06e-05
[01:43:16]     ep30   309/517 train_mae 5.62 lr 1.99e-05
[01:45:09]     ep30   412/517 train_mae 5.60 lr 1.93e-05
[01:47:03]     ep30   515/517 train_mae 5.60 lr 1.86e-05
[01:47:46] [30/40] train 5.60 | val 6.00 (rmse 8.16) | KL 0.219 | val(ema) 5.84 | lr 19% | 9.8분
[01:49:35]     ep31   103/517 train_mae 5.66 lr 1.80e-05
[01:51:23]     ep31   206/517 train_mae 5.70 lr 1.74e-05
[01:53:11]     ep31   309/517 train_mae 5.62 lr 1.68e-05
[01:55:00]     ep31   412/517 train_mae 5.56 lr 1.62e-05
[01:56:52]     ep31   515/517 train_mae 5.58 lr 1.56e-05
[01:57:31] [31/40] train 5.57 | val 5.92 (rmse 8.16) | KL 0.216 | val(ema) 5.85 | lr 16% | 9.7분
[01:59:19]     ep32   103/517 train_mae 5.40 lr 1.51e-05
[02:01:14]     ep32   206/517 train_mae 5.45 lr 1.45e-05
[02:03:03]     ep32   309/517 train_mae 5.43 lr 1.40e-05
[02:04:50]     ep32   412/517 train_mae 5.51 lr 1.34e-05
[02:06:32]     ep32   515/517 train_mae 5.53 lr 1.29e-05
[02:07:10] [32/40] train 5.52 | val 5.89 (rmse 8.10) | KL 0.214 | val(ema) 5.85 | lr 13% | 9.6분
[02:08:52]     ep33   103/517 train_mae 5.31 lr 1.24e-05
[02:10:33]     ep33   206/517 train_mae 5.47 lr 1.19e-05
[02:12:15]     ep33   309/517 train_mae 5.52 lr 1.14e-05
[02:13:56]     ep33   412/517 train_mae 5.48 lr 1.09e-05
[02:15:36]     ep33   515/517 train_mae 5.51 lr 1.04e-05
[02:16:13] [33/40] train 5.51 | val 5.89 (rmse 8.10) | KL 0.214 | val(ema) 5.86 | lr 10% | 9.0분
[02:17:53]     ep34   103/517 train_mae 5.57 lr 9.95e-06
[02:19:39]     ep34   206/517 train_mae 5.53 lr 9.50e-06
[02:21:30]     ep34   309/517 train_mae 5.50 lr 9.07e-06
[02:23:24]     ep34   412/517 train_mae 5.53 lr 8.64e-06
[02:25:26]     ep34   515/517 train_mae 5.47 lr 8.23e-06
[02:26:07] [34/40] train 5.47 | val 5.87 (rmse 8.11) | KL 0.212 | val(ema) 5.86 | lr 8% | 9.9분  [raw 갱신]
[02:28:01]     ep35   103/517 train_mae 5.44 lr 7.83e-06
[02:30:03]     ep35   206/517 train_mae 5.46 lr 7.44e-06
[02:32:21]     ep35   309/517 train_mae 5.44 lr 7.07e-06
[02:34:39]     ep35   412/517 train_mae 5.45 lr 6.71e-06
[02:36:57]     ep35   515/517 train_mae 5.46 lr 6.36e-06
[02:37:44] [35/40] train 5.47 | val 5.90 (rmse 8.11) | KL 0.210 | val(ema) 5.87 | lr 6% | 11.6분
[02:39:43]     ep36   103/517 train_mae 5.50 lr 6.02e-06
[02:41:43]     ep36   206/517 train_mae 5.44 lr 5.70e-06
[02:43:45]     ep36   309/517 train_mae 5.39 lr 5.39e-06
[02:45:45]     ep36   412/517 train_mae 5.44 lr 5.09e-06
[02:47:45]     ep36   515/517 train_mae 5.45 lr 4.81e-06
[02:48:27] [36/40] train 5.45 | val 5.89 (rmse 8.10) | KL 0.211 | val(ema) 5.87 | lr 5% | 10.7분
[02:50:25]     ep37   103/517 train_mae 5.21 lr 4.53e-06
[02:52:24]     ep37   206/517 train_mae 5.46 lr 4.28e-06
[02:54:25]     ep37   309/517 train_mae 5.44 lr 4.03e-06
[02:56:33]     ep37   412/517 train_mae 5.44 lr 3.80e-06
[02:58:57]     ep37   515/517 train_mae 5.42 lr 3.59e-06
[02:59:45] [37/40] train 5.42 | val 5.94 (rmse 8.15) | KL 0.209 | val(ema) 5.88 | lr 4% | 11.3분
[03:01:57]     ep38   103/517 train_mae 5.36 lr 3.38e-06
[03:04:18]     ep38   206/517 train_mae 5.44 lr 3.19e-06
[03:06:40]     ep38   309/517 train_mae 5.41 lr 3.02e-06
[03:09:00]     ep38   412/517 train_mae 5.37 lr 2.86e-06
[03:11:21]     ep38   515/517 train_mae 5.40 lr 2.71e-06
[03:12:07] [38/40] train 5.40 | val 5.97 (rmse 8.17) | KL 0.210 | val(ema) 5.88 | lr 3% | 12.4분
[03:14:08]     ep39   103/517 train_mae 5.44 lr 2.57e-06
[03:16:25]     ep39   206/517 train_mae 5.34 lr 2.45e-06
[03:18:39]     ep39   309/517 train_mae 5.41 lr 2.35e-06
[03:20:39]     ep39   412/517 train_mae 5.39 lr 2.26e-06
[03:22:37]     ep39   515/517 train_mae 5.37 lr 2.18e-06
[03:23:17] [39/40] train 5.37 | val 5.90 (rmse 8.11) | KL 0.209 | val(ema) 5.89 | lr 2% | 11.2분
[03:25:11]     ep40   103/517 train_mae 5.35 lr 2.11e-06
[03:27:22]     ep40   206/517 train_mae 5.37 lr 2.06e-06
[03:29:44]     ep40   309/517 train_mae 5.37 lr 2.03e-06
[03:32:01]     ep40   412/517 train_mae 5.39 lr 2.01e-06
[03:34:21]     ep40   515/517 train_mae 5.38 lr 2.00e-06
[03:35:09] [40/40] train 5.38 | val 5.95 (rmse 8.14) | KL 0.209 | val(ema) 5.89 | lr 2% | 11.9분
[03:35:10] [스테이지2] 완료 · best val MAE = 5.83 개월 (규칙 'ema')
[03:35:10] [스테이지2] 참고 · raw 최고 5.87 / ema 최고 5.83 -> 각각 best_raw.pt / best_ema.pt
[03:35:10] [스테이지2] 종료 시점 LR = 피크의 2.0%  [정상 - 코사인 완주]
[03:35:12] [backbone] convnext_tiny.fb_in22k_ft_in1k_384 (pretrained=False, drop_path=0.15)
[03:35:12] [head] FiLM 성별조건화 stages=[2, 3] 채널=[384, 768] (0 초기화=항등)
[03:35:12] [head] 입력 768x512 -> 특징맵 768x24x16 · head_type=gap
[03:35:12] [head] 출력 240 (LDL 로짓 - softmax 기대값으로 환산)
[03:35:12] ========================================================================
[03:35:12] [스테이지3] 평가 시작
[03:35:12]   백본     convnext_tiny.fb_in22k_ft_in1k_384
[03:35:12]   헤드     gap | 화소처리 p1p99
[03:35:12]   가중치   ema (선택 규칙 'ema')
[03:35:12]   출력     LDL 240-way 기대값 회귀 (δ 15.0, λ 0.5)
[03:35:12]   입력     768x512
[03:35:12]   best val MAE 5.83 @ epoch 28
[03:35:12]   [val] 예측 중...
[03:36:35]   [calib] slope a=0.9650 intercept b=+4.06  (축소 존재)
[03:36:35]   [calib] 채택 여부 False (val 5.85 -> 5.98)
[03:36:35]   [train] 예측 중...
[03:41:50]   [test] 예측 중...
[03:42:03] [backbone] convnext_tiny.fb_in22k_ft_in1k_384 (pretrained=False, drop_path=0.15)
[03:42:15] [backbone] convnext_tiny.fb_in22k_ft_in1k_384 (pretrained=False, drop_path=0.15)
[03:42:54]   [경고] 성별 플립 테스트 실패: too many indices for array: array is 1-dimensional, but 2 were indexed
[03:42:54]   학습곡선 저장: G:\Project\sinra_cho\checkpoints_convnext_single_v15_ldl\learning_curve.png
[03:42:55]   산점도 저장: G:\Project\sinra_cho\checkpoints_convnext_single_v15_ldl\scatter.png
[03:42:57]   오차 상위 저장: G:\Project\sinra_cho\checkpoints_convnext_single_v15_ldl\worst_cases.png
[03:42:57]   [Grad-CAM] target = stages.3
[03:43:04]   Grad-CAM 저장: G:\Project\sinra_cho\checkpoints_convnext_single_v15_ldl\gradcam.png
[03:43:05]   연령분포 저장: G:\Project\sinra_cho\checkpoints_convnext_single_v15_ldl\age_distribution.png (평균 표준편차 23.8개월, 목표 δ=15.0 근방)
[03:43:05]   캘리브레이션 계수 저장: G:\Project\sinra_cho\checkpoints_convnext_single_v15_ldl\calibration.json
====================================================================
 ConvNeXt-Tiny LDL 기대값 회귀 (bins 240, δ 15.0, λ 0.5) | 768x512 | 강도정규화 p1p99
 백본 convnext_tiny.fb_in22k_ft_in1k_384 | 헤드 gap
 실행 20260816_212410 | best epoch 28 (ema)
 TTA [0, -6, -3, 3, 6]
====================================================================
 VAL(단일)        N= 1,397  MAE  5.83  RMSE  8.04  bias -0.20
 VAL(+TTA)      N= 1,397  MAE  5.85  RMSE  8.03  bias -0.40
 VAL(+calib)    N= 1,397  MAE  5.98  RMSE  8.17  bias +0.00   -> 미채택
 TRAIN(단일)      N=12,426  MAE  5.20  RMSE  7.29  bias -0.06
--------------------------------------------------------------------
 TEST           N=   197  MAE  4.23  RMSE  5.29  bias +0.32  CI95 [3.79, 4.70]
--------------------------------------------------------------------
 [가중치 감사 · test, TTA 적용 / calib 미적용]
   raw  ep 34  val  5.87  ->  test  4.47  CI95 [4.01, 4.97]
   ema  ep 28  val  5.83  ->  test  4.23  CI95 [3.79, 4.70]
   EMA - raw = -0.25 개월 (test 기준)
   * 음수면 EMA 이득이 test 로 이어진 것, 양수면 val 에서만 좋았던 것.
--------------------------------------------------------------------
   0-4y    N=   9  MAE  3.48  bias +2.88
   4-8y    N=  34  MAE  5.12  bias +2.79
   8-12y   N=  64  MAE  5.05  bias +0.69
   12-16y  N=  79  MAE  3.39  bias -1.11
   >16y    N=  11  MAE  3.38  bias -1.31
--------------------------------------------------------------------
 [성별 분해 · test]
   Male    N=   98  MAE  4.02  RMSE  5.00  bias +0.21  sigma  5.00  corr 0.9923  slope 0.9798
   Female  N=   99  MAE  4.44  RMSE  5.56  bias +0.43  sigma  5.54  corr 0.9924  slope 0.9439
--------------------------------------------------------------------
 [성별 분해 · val]
   Male    N=  760  MAE  5.49  RMSE  7.59  bias -0.03  sigma  7.59  corr 0.9838  slope 0.9694
   Female  N=  637  MAE  6.27  RMSE  8.52  bias -0.84  sigma  8.48  corr 0.9753  slope 0.9497
   판정: corr 차 0.0001 / slope 차 0.0359 -> 출력 스케일(캘리브레이션) 문제
 [성별 x 연령 편향 · test]
   구간        N_M   bias_M   MAE_M     N_F   bias_F   MAE_F
   0-4y        2    +0.16    1.14       7    +3.66    4.15
   4-8y       13    +0.73    5.14      21    +4.06    5.11
   8-12y      28    +1.62    5.09      36    -0.03    5.01
   12-16y     47    -0.51    3.41      32    -1.98    3.36
   >16y        8    -1.37    2.78       3    -1.16    4.96
====================================================================
[03:43:05] 결과 저장: G:\Project\sinra_cho\checkpoints_convnext_single_v15_ldl\results.txt
[03:43:05]          G:\Project\sinra_cho\checkpoints_convnext_single_v15_ldl\results.json
[03:43:07] [backbone] convnext_tiny.fb_in22k_ft_in1k_384 (pretrained=False, drop_path=0.15)
[03:43:09] 추론 함수 확인 [4360] 예측 171.8개월 / 실제 169개월
[03:43:09] 추론 함수 준비 완료 · best.pt: G:\Project\sinra_cho\checkpoints_convnext_single_v15_ldl\best.pt
[03:43:09] === 전체 완료 ===
