========================================================================
[16:39:55] ConvNeXt-Tiny + LDL 기대값 회귀 골연령 시작 [v11]
[16:39:55] Python 3.12.7 | Windows 11
[16:39:55] PyTorch 2.6.0+cu124 | torchvision 0.21.0+cu124 | timm 1.0.28
[16:39:55] OpenCV 5.0.0 | numpy 2.5.1 | pandas 3.0.3
[16:39:55] device cuda | CUDA True | AMP True
[GPU-GUARD] (inproc) 바로 실행 — 티켓 376번 infer 16000MiB
[16:39:56] GPU NVIDIA A100 80GB PCIe | VRAM 79.5GB | sm_80 | CUDA 12.4
[16:39:56] HAND_CROP_DIR  G:\Project\sinra_cho\crop_yolo_seg
[16:39:56] CSV_DIR        G:\Project\sinra_cho\crop_yolo_seg\csv
[16:39:56] CACHE_DIR      G:\Project\sinra_cho\cache_convnext_single_v11\raw768x512_letterbox_pad0_center_np1p99
[16:39:56] CKPT_DIR       G:\Project\sinra_cho\checkpoints_convnext_single_v11_ldl
[16:39:56] 이미지 준비    letterbox -> 768x512(HxW) | pad 0 | 강도정규화 p1p99
[16:39:56] 백본           convnext_tiny.fb_in22k_ft_in1k_384 (drop_path 0.15)
[16:39:56] 헤드           gap | 성별임베딩 32 | dropout 0.1
[16:39:56] 최적화         AdamW | lr 4e-05/1e-04 | wd 0.05 | 배치 24x1=24
[16:39:56] 스케줄         warmup 3ep + cosine(min ratio 0.02) | 총 40ep | 조기종료 끔
[16:39:56] 손실 LDL(bins 240, δ 15.0, λ 0.5) | 증강 True | EMA True(0.9995) | best 선택 'ema'
[16:39:56] 증강 상세      affine rot12° tr0.1 sc(0.82, 1.22) sh4 | jitter ±0.25 | erasing p=0.25
[16:39:56] [v9] 증강 스케일 (0.82, 1.22) · 이동 0.1 · 회전 12°
[16:39:56] [v9] 도메인증강 jpeg0.35 gamma0.35 blur0.2 noise0.2
[16:39:56] [v10] 구간가중  가우시안 테이퍼 center 96개월 · sigma 48 · peak x1.35
[16:39:56] [v11] LDL λ 0.5 · EPOCHS 40 · warmup 3  (v10 1.0/60/4 에서 원복)
[16:39:56] [v11] FiLM 성별조건화 ON stages=[2, 3] hidden=64
[16:39:56] [v11] 평가 리포트에 성별 분해 · 성별x연령 교차 · 성별 플립 테스트 포함
[16:39:56] 추론           TTA [0, -6, -3, 3, 6] | 캘리브레이션 자동판정
[16:39:56] DataLoader     num_workers=0
[16:39:56] 실행 옵션      (없음)
========================================================================
[16:39:56] 라벨 로드 중...
[16:39:56]   train 라벨 12,432 | 파일 12,432 | 미크롭    0 -> 사용 12,432
[16:39:56]   val   라벨  1,397 | 파일  1,397 | 미크롭    0 -> 사용  1,397
[16:39:56]   test  라벨    197 | 파일    197 | 미크롭    0 -> 사용    197
[16:39:56] 타깃 정규화 사용 안 함 (LDL - 개월 원단위) · 참고용 train 통계 127.49 ± 40.93 개월
[16:39:56] [QC-LDL] 이산화 하한 MAE = 0.093 개월 (δ=15.0, bins=1~240, val 라벨 기준)
[16:39:56] 남아 비율 54.2% | 연령 범위 1~228 개월
[16:39:56] 실행 환경 스냅샷 저장: G:\Project\sinra_cho\checkpoints_convnext_single_v11_ldl\env_20260814_163955.json
[16:39:56] [스테이지1] 캐시 경로 G:\Project\sinra_cho\cache_convnext_single_v11\raw768x512_letterbox_pad0_center_np1p99
[16:39:56] [스테이지1] 크롭 소스 G:\Project\sinra_cho\crop_yolo_seg
[16:39:56] [스테이지1] 768x512 캔버스 캐시 생성 (norm=p1p99)
[16:41:18]     [train] 2,000/12,432 (82s)
[16:42:54]     [train] 4,000/12,432 (177s)
[16:44:37]     [train] 6,000/12,432 (281s)
[16:46:16]     [train] 8,000/12,432 (380s)
[16:47:58]     [train] 10,000/12,432 (481s)
[16:49:43]     [train] 12,000/12,432 (587s)
[16:50:04]   [train] 생성 12,432 · 스킵 0 · 실패 0 (608s)
[16:51:16]   [val] 생성 1,397 · 스킵 0 · 실패 0 (72s)
[16:51:25]   [test] 생성 197 · 스킵 0 · 실패 0 (9s)
[16:51:25]   여백 비율: 중앙 12.2% · 90%tile 23.9% · 최대 40.6%
[16:51:25] [스테이지1] 완료 표식: G:\Project\sinra_cho\cache_convnext_single_v11\raw768x512_letterbox_pad0_center_np1p99\_DONE_cache.json
[16:51:25] [QC] 강도 정규화 검증 시트 생성
[16:51:29] [QC] 시트 저장: G:\Project\sinra_cho\checkpoints_convnext_single_v11_ldl\qc_intensity_norm.png
[16:51:29] 
   id      원본크기  원본범위  원본std  유효std 여백%
11318 1168x1524 0~255   46.9   68.8 13%
 2519   759x934 0~255   13.8   68.9 18%
13881 1213x1634 0~231   42.5   70.9 10%
11973  971x1099 0~255   38.2   70.9 25%
 8192  956x1437 0~255   47.0   70.4  0%
10701 1216x1539 0~255   53.3   68.6 16%
 3812  758x1175 0~255   15.1   69.6  3%
 4293  829x1071 0~255   11.3   72.6 14%
[16:51:29] [QC] std 변동계수(CV):  원본 0.514  ->  캔버스 0.020
[16:51:29] [QC] 정상 - 이미지 간 대비 편차가 크게 줄었습니다.
[16:51:29] [QC] 샘플 여백 중앙 14%
[16:51:29] [스테이지2] 배치 수: train 518 | val 59
[16:51:30] [backbone] convnext_tiny.fb_in22k_ft_in1k_384 (pretrained=True, drop_path=0.15)
[16:51:30] [head] FiLM 성별조건화 stages=[2, 3] 채널=[384, 768] (0 초기화=항등)
[16:51:30] [head] 입력 768x512 -> 특징맵 768x24x16 · head_type=gap
[16:51:30] [head] 출력 240 (LDL 로짓 - softmax 기대값으로 환산)
G:\Project\sinra_cho\.venv\Lib\site-packages\torch\nn\modules\module.py:1329: UserWarning: expandable_segments not supported on this platform (Triggered internally at C:\actions-runner\_work\pytorch\pytorch\pytorch\c10/cuda/CUDAAllocatorConfig.h:28.)
  return t.to(
[16:51:31] [스테이지2] 파라미터 28.5M
[16:51:31] [스테이지2] 파라미터 그룹:
[16:51:31]   bb_decay    tensors= 58 params= 27.76M lr=4.0e-05 wd=0.05
[16:51:31]   bb_nodecay  tensors=122 params=  0.06M lr=4.0e-05 wd=0.0
[16:51:31]   hd_decay    tensors=  8 params=  0.64M lr=1.0e-04 wd=0.05
[16:51:31]   hd_nodecay  tensors= 10 params=  0.00M lr=1.0e-04 wd=0.0
[16:51:31] [스테이지2] 옵티마이저 스텝: 에폭당 518 · 총 20720 · warmup 1554
[16:51:31] [스테이지2] EMA 유효 창 ≈ 3.9 에폭
[16:51:31] [스테이지2] best.pt 선택 규칙 = 'ema' (학습 전 고정)
[16:51:31] [스테이지2] 새 학습 시작
[16:51:31] [손실] LDL  ℓ_MAE + 0.5·KL(G‖p)  (bins 240, δ 15.0)
[16:53:50]     ep01   103/518 train_mae 34.10 lr 6.63e-06
[16:55:50]     ep01   206/518 train_mae 34.43 lr 1.33e-05
[16:57:52]     ep01   309/518 train_mae 33.62 lr 1.99e-05
[16:59:58]     ep01   412/518 train_mae 32.31 lr 2.65e-05
[17:02:02]     ep01   515/518 train_mae 30.77 lr 3.31e-05
[17:02:57] [01/40] train 30.69 | val 14.24 (rmse 19.44) | KL 1.380 | val(ema) 34.50 | lr 33% | 11.4분  ** best.pt(ema) 34.50 **  [raw/ema 갱신]
[17:04:37]     ep02   103/518 train_mae 20.78 lr 4.00e-05
[17:06:16]     ep02   206/518 train_mae 18.83 lr 4.66e-05
[17:08:04]     ep02   309/518 train_mae 17.22 lr 5.32e-05
[17:09:53]     ep02   412/518 train_mae 16.26 lr 5.98e-05
[17:11:42]     ep02   515/518 train_mae 15.29 lr 6.65e-05
[17:12:20] [02/40] train 15.26 | val 8.85 (rmse 11.27) | KL 1.465 | val(ema) 31.70 | lr 67% | 9.4분  ** best.pt(ema) 31.70 **  [raw/ema 갱신]
[17:13:47]     ep03   103/518 train_mae 10.84 lr 7.33e-05
[17:15:13]     ep03   206/518 train_mae 10.45 lr 7.99e-05
[17:16:38]     ep03   309/518 train_mae 10.40 lr 8.66e-05
[17:18:03]     ep03   412/518 train_mae 10.27 lr 9.32e-05
[17:19:29]     ep03   515/518 train_mae 10.18 lr 9.98e-05
[17:20:07] [03/40] train 10.18 | val 7.71 (rmse 10.13) | KL 1.260 | val(ema) 24.95 | lr 100% | 7.7분  ** best.pt(ema) 24.95 **  [raw/ema 갱신]
[17:21:41]     ep04   103/518 train_mae 9.25 lr 1.00e-04
[17:23:24]     ep04   206/518 train_mae 9.20 lr 1.00e-04
[17:25:05]     ep04   309/518 train_mae 9.09 lr 9.99e-05
[17:26:46]     ep04   412/518 train_mae 8.91 lr 9.99e-05
[17:28:33]     ep04   515/518 train_mae 8.84 lr 9.98e-05
[17:29:18] [04/40] train 8.84 | val 7.61 (rmse 10.07) | KL 1.060 | val(ema) 20.18 | lr 100% | 9.1분  ** best.pt(ema) 20.18 **  [raw/ema 갱신]
[17:31:00]     ep05   103/518 train_mae 8.17 lr 9.97e-05
[17:32:41]     ep05   206/518 train_mae 8.34 lr 9.97e-05
[17:34:28]     ep05   309/518 train_mae 8.23 lr 9.96e-05
[17:36:16]     ep05   412/518 train_mae 8.10 lr 9.94e-05
[17:38:07]     ep05   515/518 train_mae 8.09 lr 9.93e-05
[17:38:51] [05/40] train 8.08 | val 7.48 (rmse 9.74) | KL 0.890 | val(ema) 16.43 | lr 99% | 9.5분  ** best.pt(ema) 16.43 **  [raw/ema 갱신]
[17:40:31]     ep06   103/518 train_mae 7.77 lr 9.91e-05
[17:42:09]     ep06   206/518 train_mae 7.78 lr 9.90e-05
[17:43:54]     ep06   309/518 train_mae 7.76 lr 9.88e-05
[17:45:44]     ep06   412/518 train_mae 7.68 lr 9.86e-05
[17:47:37]     ep06   515/518 train_mae 7.68 lr 9.84e-05
[17:48:30] [06/40] train 7.68 | val 6.90 (rmse 9.07) | KL 0.734 | val(ema) 13.07 | lr 98% | 9.6분  ** best.pt(ema) 13.07 **  [raw/ema 갱신]
[17:50:11]     ep07   103/518 train_mae 7.51 lr 9.82e-05
[17:51:50]     ep07   206/518 train_mae 7.55 lr 9.80e-05
[17:53:33]     ep07   309/518 train_mae 7.49 lr 9.77e-05
[17:55:23]     ep07   412/518 train_mae 7.51 lr 9.75e-05
[17:57:07]     ep07   515/518 train_mae 7.46 lr 9.72e-05
[17:57:43] [07/40] train 7.46 | val 8.35 (rmse 10.74) | KL 0.599 | val(ema) 10.36 | lr 97% | 9.2분  ** best.pt(ema) 10.36 **  [ema 갱신]
[17:59:09]     ep08   103/518 train_mae 7.43 lr 9.69e-05
[18:00:35]     ep08   206/518 train_mae 7.37 lr 9.66e-05
[18:02:00]     ep08   309/518 train_mae 7.33 lr 9.63e-05
[18:03:26]     ep08   412/518 train_mae 7.31 lr 9.60e-05
[18:04:52]     ep08   515/518 train_mae 7.29 lr 9.57e-05
[18:05:29] [08/40] train 7.28 | val 6.24 (rmse 8.38) | KL 0.502 | val(ema) 8.46 | lr 96% | 7.7분  ** best.pt(ema) 8.46 **  [raw/ema 갱신]
[18:06:56]     ep09   103/518 train_mae 7.26 lr 9.53e-05
[18:08:21]     ep09   206/518 train_mae 7.16 lr 9.49e-05
[18:09:48]     ep09   309/518 train_mae 7.22 lr 9.46e-05
[18:11:14]     ep09   412/518 train_mae 7.20 lr 9.42e-05
[18:12:40]     ep09   515/518 train_mae 7.20 lr 9.38e-05
[18:13:15] [09/40] train 7.20 | val 6.28 (rmse 8.48) | KL 0.436 | val(ema) 7.36 | lr 94% | 7.7분  ** best.pt(ema) 7.36 **  [ema 갱신]
[18:14:42]     ep10   103/518 train_mae 7.07 lr 9.34e-05
[18:16:08]     ep10   206/518 train_mae 7.04 lr 9.30e-05
[18:17:35]     ep10   309/518 train_mae 7.01 lr 9.25e-05
[18:19:02]     ep10   412/518 train_mae 6.97 lr 9.21e-05
[18:20:28]     ep10   515/518 train_mae 6.94 lr 9.16e-05
[18:21:04] [10/40] train 6.94 | val 6.45 (rmse 8.71) | KL 0.386 | val(ema) 6.83 | lr 92% | 7.8분  ** best.pt(ema) 6.83 **  [ema 갱신]
[18:22:32]     ep11   103/518 train_mae 6.97 lr 9.11e-05
[18:23:58]     ep11   206/518 train_mae 6.94 lr 9.07e-05
[18:25:24]     ep11   309/518 train_mae 7.03 lr 9.02e-05
[18:26:50]     ep11   412/518 train_mae 6.98 lr 8.97e-05
[18:28:15]     ep11   515/518 train_mae 6.94 lr 8.91e-05
[18:28:53] [11/40] train 6.93 | val 6.17 (rmse 8.41) | KL 0.356 | val(ema) 6.54 | lr 89% | 7.8분  ** best.pt(ema) 6.54 **  [raw/ema 갱신]
[18:30:19]     ep12   103/518 train_mae 6.72 lr 8.86e-05
[18:31:45]     ep12   206/518 train_mae 6.72 lr 8.81e-05
[18:33:11]     ep12   309/518 train_mae 6.81 lr 8.75e-05
[18:34:39]     ep12   412/518 train_mae 6.78 lr 8.70e-05
[18:36:05]     ep12   515/518 train_mae 6.77 lr 8.64e-05
[18:36:41] [12/40] train 6.77 | val 6.28 (rmse 8.52) | KL 0.334 | val(ema) 6.37 | lr 86% | 7.8분  ** best.pt(ema) 6.37 **  [ema 갱신]
[18:38:08]     ep13   103/518 train_mae 6.77 lr 8.58e-05
[18:39:34]     ep13   206/518 train_mae 6.66 lr 8.52e-05
[18:41:02]     ep13   309/518 train_mae 6.64 lr 8.46e-05
[18:42:29]     ep13   412/518 train_mae 6.62 lr 8.40e-05
[18:44:02]     ep13   515/518 train_mae 6.64 lr 8.34e-05
[18:44:40] [13/40] train 6.64 | val 6.17 (rmse 8.30) | KL 0.313 | val(ema) 6.26 | lr 83% | 7.9분  ** best.pt(ema) 6.26 **  [raw/ema 갱신]
[18:46:08]     ep14   103/518 train_mae 6.46 lr 8.28e-05
[18:47:35]     ep14   206/518 train_mae 6.49 lr 8.21e-05
[18:49:01]     ep14   309/518 train_mae 6.56 lr 8.15e-05
[18:50:31]     ep14   412/518 train_mae 6.53 lr 8.08e-05
[18:52:11]     ep14   515/518 train_mae 6.56 lr 8.02e-05
[18:52:50] [14/40] train 6.56 | val 6.35 (rmse 8.55) | KL 0.296 | val(ema) 6.18 | lr 80% | 8.1분  ** best.pt(ema) 6.18 **  [ema 갱신]
[18:54:32]     ep15   103/518 train_mae 6.58 lr 7.95e-05
[18:56:13]     ep15   206/518 train_mae 6.56 lr 7.88e-05
[18:58:07]     ep15   309/518 train_mae 6.52 lr 7.81e-05
[19:00:17]     ep15   412/518 train_mae 6.51 lr 7.74e-05
[19:02:18]     ep15   515/518 train_mae 6.50 lr 7.67e-05
[19:03:14] [15/40] train 6.50 | val 6.26 (rmse 8.52) | KL 0.285 | val(ema) 6.09 | lr 77% | 10.4분  ** best.pt(ema) 6.09 **  [ema 갱신]
[19:05:06]     ep16   103/518 train_mae 6.47 lr 7.60e-05
[19:06:54]     ep16   206/518 train_mae 6.67 lr 7.53e-05
[19:08:44]     ep16   309/518 train_mae 6.58 lr 7.46e-05
[19:10:44]     ep16   412/518 train_mae 6.55 lr 7.38e-05
[19:12:42]     ep16   515/518 train_mae 6.56 lr 7.31e-05
[19:13:25] [16/40] train 6.56 | val 6.34 (rmse 8.46) | KL 0.280 | val(ema) 6.03 | lr 73% | 10.2분  ** best.pt(ema) 6.03 **  [ema 갱신]
[19:15:05]     ep17   103/518 train_mae 6.50 lr 7.23e-05
[19:16:46]     ep17   206/518 train_mae 6.46 lr 7.16e-05
[19:18:25]     ep17   309/518 train_mae 6.45 lr 7.08e-05
[19:20:08]     ep17   412/518 train_mae 6.46 lr 7.01e-05
[19:21:51]     ep17   515/518 train_mae 6.46 lr 6.93e-05
[19:22:35] [17/40] train 6.46 | val 6.03 (rmse 8.25) | KL 0.271 | val(ema) 5.99 | lr 69% | 9.1분  ** best.pt(ema) 5.99 **  [raw/ema 갱신]
[19:24:15]     ep18   103/518 train_mae 6.33 lr 6.85e-05
[19:25:57]     ep18   206/518 train_mae 6.31 lr 6.77e-05
[19:27:39]     ep18   309/518 train_mae 6.33 lr 6.70e-05
[19:29:24]     ep18   412/518 train_mae 6.34 lr 6.62e-05
[19:31:06]     ep18   515/518 train_mae 6.37 lr 6.54e-05
[19:31:44] [18/40] train 6.37 | val 5.97 (rmse 8.08) | KL 0.263 | val(ema) 5.96 | lr 65% | 9.1분  ** best.pt(ema) 5.96 **  [raw/ema 갱신]
[19:33:13]     ep19   103/518 train_mae 6.05 lr 6.46e-05
[19:34:55]     ep19   206/518 train_mae 6.23 lr 6.38e-05
[19:36:32]     ep19   309/518 train_mae 6.25 lr 6.30e-05
[19:38:21]     ep19   412/518 train_mae 6.24 lr 6.22e-05
[19:40:10]     ep19   515/518 train_mae 6.25 lr 6.14e-05
[19:40:55] [19/40] train 6.25 | val 6.06 (rmse 8.29) | KL 0.257 | val(ema) 5.93 | lr 61% | 9.2분  ** best.pt(ema) 5.93 **  [ema 갱신]
[19:42:42]     ep20   103/518 train_mae 6.54 lr 6.05e-05
[19:44:25]     ep20   206/518 train_mae 6.39 lr 5.97e-05
[19:46:15]     ep20   309/518 train_mae 6.29 lr 5.89e-05
[19:48:05]     ep20   412/518 train_mae 6.23 lr 5.81e-05
[19:49:56]     ep20   515/518 train_mae 6.24 lr 5.73e-05
[19:50:40] [20/40] train 6.24 | val 6.26 (rmse 8.58) | KL 0.252 | val(ema) 5.90 | lr 57% | 9.7분  ** best.pt(ema) 5.90 **  [ema 갱신]
[19:52:25]     ep21   103/518 train_mae 6.28 lr 5.64e-05
[19:54:07]     ep21   206/518 train_mae 6.22 lr 5.56e-05
[19:55:56]     ep21   309/518 train_mae 6.09 lr 5.48e-05
[19:57:43]     ep21   412/518 train_mae 6.14 lr 5.39e-05
[19:59:32]     ep21   515/518 train_mae 6.18 lr 5.31e-05
[20:00:16] [21/40] train 6.18 | val 6.18 (rmse 8.31) | KL 0.245 | val(ema) 5.89 | lr 53% | 9.6분  ** best.pt(ema) 5.89 **  [ema 갱신]
[20:01:57]     ep22   103/518 train_mae 5.88 lr 5.23e-05
[20:03:38]     ep22   206/518 train_mae 5.93 lr 5.14e-05
[20:05:24]     ep22   309/518 train_mae 6.02 lr 5.06e-05
[20:07:14]     ep22   412/518 train_mae 6.06 lr 4.98e-05
[20:09:04]     ep22   515/518 train_mae 6.07 lr 4.90e-05
[20:09:48] [22/40] train 6.07 | val 6.11 (rmse 8.30) | KL 0.243 | val(ema) 5.87 | lr 49% | 9.5분  ** best.pt(ema) 5.87 **  [ema 갱신]
[20:11:26]     ep23   103/518 train_mae 5.98 lr 4.81e-05
[20:13:09]     ep23   206/518 train_mae 5.98 lr 4.73e-05
[20:14:52]     ep23   309/518 train_mae 6.04 lr 4.65e-05
[20:16:42]     ep23   412/518 train_mae 6.04 lr 4.56e-05
[20:18:34]     ep23   515/518 train_mae 6.05 lr 4.48e-05
[20:19:16] [23/40] train 6.06 | val 6.02 (rmse 8.21) | KL 0.239 | val(ema) 5.86 | lr 45% | 9.4분  ** best.pt(ema) 5.86 **  [ema 갱신]
[20:20:57]     ep24   103/518 train_mae 6.15 lr 4.40e-05
[20:22:35]     ep24   206/518 train_mae 6.03 lr 4.31e-05
[20:24:19]     ep24   309/518 train_mae 6.00 lr 4.23e-05
[20:26:11]     ep24   412/518 train_mae 6.04 lr 4.15e-05
[20:27:59]     ep24   515/518 train_mae 6.01 lr 4.07e-05
[20:28:42] [24/40] train 6.01 | val 6.05 (rmse 8.40) | KL 0.234 | val(ema) 5.85 | lr 41% | 9.4분  ** best.pt(ema) 5.85 **  [ema 갱신]
[20:30:22]     ep25   103/518 train_mae 5.96 lr 3.99e-05
[20:31:59]     ep25   206/518 train_mae 5.87 lr 3.91e-05
[20:33:45]     ep25   309/518 train_mae 5.91 lr 3.83e-05
[20:35:34]     ep25   412/518 train_mae 5.94 lr 3.75e-05
[20:37:15]     ep25   515/518 train_mae 5.95 lr 3.67e-05
[20:37:52] [25/40] train 5.95 | val 5.94 (rmse 8.15) | KL 0.232 | val(ema) 5.84 | lr 37% | 9.1분  ** best.pt(ema) 5.84 **  [raw/ema 갱신]
[20:39:18]     ep26   103/518 train_mae 6.07 lr 3.59e-05
[20:40:45]     ep26   206/518 train_mae 6.03 lr 3.51e-05
[20:42:11]     ep26   309/518 train_mae 5.97 lr 3.43e-05
[20:43:37]     ep26   412/518 train_mae 5.91 lr 3.35e-05
[20:45:02]     ep26   515/518 train_mae 5.90 lr 3.28e-05
[20:45:39] [26/40] train 5.89 | val 5.96 (rmse 8.11) | KL 0.228 | val(ema) 5.83 | lr 33% | 7.7분  ** best.pt(ema) 5.83 **  [ema 갱신]
[20:47:06]     ep27   103/518 train_mae 5.66 lr 3.20e-05
[20:48:33]     ep27   206/518 train_mae 5.83 lr 3.12e-05
[20:49:59]     ep27   309/518 train_mae 5.82 lr 3.05e-05
[20:51:24]     ep27   412/518 train_mae 5.83 lr 2.97e-05
[20:52:50]     ep27   515/518 train_mae 5.85 lr 2.90e-05
[20:53:27] [27/40] train 5.85 | val 5.93 (rmse 8.16) | KL 0.226 | val(ema) 5.82 | lr 29% | 7.8분  ** best.pt(ema) 5.82 **  [raw/ema 갱신]
[20:54:53]     ep28   103/518 train_mae 5.81 lr 2.82e-05
[20:56:18]     ep28   206/518 train_mae 5.81 lr 2.75e-05
[20:57:45]     ep28   309/518 train_mae 5.81 lr 2.68e-05
[20:59:10]     ep28   412/518 train_mae 5.81 lr 2.60e-05
[21:00:35]     ep28   515/518 train_mae 5.81 lr 2.53e-05
[21:01:12] [28/40] train 5.80 | val 5.84 (rmse 8.03) | KL 0.223 | val(ema) 5.82 | lr 25% | 7.7분  ** best.pt(ema) 5.82 **  [raw/ema 갱신]
[21:02:39]     ep29   103/518 train_mae 5.83 lr 2.46e-05
[21:04:06]     ep29   206/518 train_mae 5.80 lr 2.39e-05
[21:05:32]     ep29   309/518 train_mae 5.84 lr 2.32e-05
[21:06:57]     ep29   412/518 train_mae 5.82 lr 2.26e-05
[21:08:40]     ep29   515/518 train_mae 5.80 lr 2.19e-05
[21:09:28] [29/40] train 5.80 | val 5.91 (rmse 8.12) | KL 0.221 | val(ema) 5.82 | lr 22% | 8.2분  ** best.pt(ema) 5.82 **  [ema 갱신]
[21:11:10]     ep30   103/518 train_mae 5.61 lr 2.12e-05
[21:12:52]     ep30   206/518 train_mae 5.72 lr 2.06e-05
[21:14:35]     ep30   309/518 train_mae 5.74 lr 1.99e-05
[21:16:16]     ep30   412/518 train_mae 5.72 lr 1.93e-05
[21:17:58]     ep30   515/518 train_mae 5.76 lr 1.87e-05
[21:18:34] [30/40] train 5.76 | val 5.88 (rmse 8.06) | KL 0.219 | val(ema) 5.82 | lr 19% | 9.1분
[21:20:01]     ep31   103/518 train_mae 5.75 lr 1.80e-05
[21:21:27]     ep31   206/518 train_mae 5.81 lr 1.74e-05
[21:22:54]     ep31   309/518 train_mae 5.76 lr 1.68e-05
[21:24:21]     ep31   412/518 train_mae 5.73 lr 1.62e-05
[21:25:47]     ep31   515/518 train_mae 5.73 lr 1.56e-05
[21:26:23] [31/40] train 5.72 | val 5.90 (rmse 8.17) | KL 0.217 | val(ema) 5.82 | lr 16% | 7.8분
[21:27:49]     ep32   103/518 train_mae 5.71 lr 1.51e-05
[21:29:15]     ep32   206/518 train_mae 5.61 lr 1.45e-05
[21:30:41]     ep32   309/518 train_mae 5.63 lr 1.40e-05
[21:32:07]     ep32   412/518 train_mae 5.66 lr 1.34e-05
[21:33:34]     ep32   515/518 train_mae 5.67 lr 1.29e-05
[21:34:09] [32/40] train 5.68 | val 5.88 (rmse 8.03) | KL 0.215 | val(ema) 5.82 | lr 13% | 7.8분
[21:35:34]     ep33   103/518 train_mae 5.54 lr 1.24e-05
[21:37:01]     ep33   206/518 train_mae 5.56 lr 1.19e-05
[21:38:27]     ep33   309/518 train_mae 5.62 lr 1.14e-05
[21:39:53]     ep33   412/518 train_mae 5.62 lr 1.09e-05
[21:41:19]     ep33   515/518 train_mae 5.66 lr 1.04e-05
[21:41:54] [33/40] train 5.66 | val 5.90 (rmse 8.05) | KL 0.215 | val(ema) 5.82 | lr 10% | 7.7분
[21:43:21]     ep34   103/518 train_mae 5.66 lr 9.95e-06
[21:44:47]     ep34   206/518 train_mae 5.68 lr 9.50e-06
[21:46:13]     ep34   309/518 train_mae 5.68 lr 9.07e-06
[21:47:39]     ep34   412/518 train_mae 5.65 lr 8.65e-06
[21:49:05]     ep34   515/518 train_mae 5.64 lr 8.24e-06
[21:49:40] [34/40] train 5.64 | val 5.90 (rmse 8.07) | KL 0.215 | val(ema) 5.82 | lr 8% | 7.8분
[21:51:05]     ep35   103/518 train_mae 5.68 lr 7.83e-06
[21:52:32]     ep35   206/518 train_mae 5.70 lr 7.44e-06
[21:53:58]     ep35   309/518 train_mae 5.67 lr 7.07e-06
[21:55:24]     ep35   412/518 train_mae 5.67 lr 6.71e-06
[21:56:50]     ep35   515/518 train_mae 5.65 lr 6.36e-06
[21:57:26] [35/40] train 5.65 | val 5.83 (rmse 8.03) | KL 0.213 | val(ema) 5.82 | lr 6% | 7.8분  [raw 갱신]
[21:58:53]     ep36   103/518 train_mae 5.51 lr 6.02e-06
[22:00:19]     ep36   206/518 train_mae 5.64 lr 5.70e-06
[22:01:45]     ep36   309/518 train_mae 5.63 lr 5.39e-06
[22:03:11]     ep36   412/518 train_mae 5.64 lr 5.09e-06
[22:04:37]     ep36   515/518 train_mae 5.62 lr 4.81e-06
[22:05:13] [36/40] train 5.62 | val 5.84 (rmse 8.03) | KL 0.213 | val(ema) 5.82 | lr 5% | 7.8분
[22:06:38]     ep37   103/518 train_mae 5.58 lr 4.53e-06
[22:08:03]     ep37   206/518 train_mae 5.67 lr 4.28e-06
[22:09:28]     ep37   309/518 train_mae 5.61 lr 4.03e-06
[22:10:55]     ep37   412/518 train_mae 5.60 lr 3.80e-06
[22:12:21]     ep37   515/518 train_mae 5.58 lr 3.59e-06
[22:12:58] [37/40] train 5.58 | val 5.80 (rmse 8.00) | KL 0.212 | val(ema) 5.82 | lr 4% | 7.7분  ** best.pt(ema) 5.82 **  [raw/ema 갱신]
[22:14:24]     ep38   103/518 train_mae 5.49 lr 3.38e-06
[22:15:51]     ep38   206/518 train_mae 5.55 lr 3.19e-06
[22:17:17]     ep38   309/518 train_mae 5.58 lr 3.02e-06
[22:18:44]     ep38   412/518 train_mae 5.57 lr 2.86e-06
[22:20:10]     ep38   515/518 train_mae 5.57 lr 2.71e-06
[22:20:47] [38/40] train 5.56 | val 5.84 (rmse 8.05) | KL 0.212 | val(ema) 5.81 | lr 3% | 7.8분  ** best.pt(ema) 5.81 **  [ema 갱신]
[22:22:13]     ep39   103/518 train_mae 5.54 lr 2.57e-06
[22:23:40]     ep39   206/518 train_mae 5.55 lr 2.45e-06
[22:25:05]     ep39   309/518 train_mae 5.57 lr 2.35e-06
[22:26:29]     ep39   412/518 train_mae 5.57 lr 2.26e-06
[22:27:55]     ep39   515/518 train_mae 5.57 lr 2.18e-06
[22:28:31] [39/40] train 5.57 | val 5.82 (rmse 8.03) | KL 0.211 | val(ema) 5.81 | lr 2% | 7.7분
[22:29:57]     ep40   103/518 train_mae 5.66 lr 2.11e-06
[22:31:23]     ep40   206/518 train_mae 5.53 lr 2.06e-06
[22:32:50]     ep40   309/518 train_mae 5.57 lr 2.03e-06
[22:34:17]     ep40   412/518 train_mae 5.59 lr 2.01e-06
[22:35:41]     ep40   515/518 train_mae 5.57 lr 2.00e-06
[22:36:18] [40/40] train 5.57 | val 5.82 (rmse 8.02) | KL 0.211 | val(ema) 5.81 | lr 2% | 7.8분  ** best.pt(ema) 5.81 **  [ema 갱신]
[22:36:19] [스테이지2] 완료 · best val MAE = 5.81 개월 (규칙 'ema')
[22:36:19] [스테이지2] 참고 · raw 최고 5.80 / ema 최고 5.81 -> 각각 best_raw.pt / best_ema.pt
[22:36:19] [스테이지2] 종료 시점 LR = 피크의 2.0%  [정상 - 코사인 완주]
[22:36:19] [backbone] convnext_tiny.fb_in22k_ft_in1k_384 (pretrained=False, drop_path=0.15)
[22:36:19] [head] FiLM 성별조건화 stages=[2, 3] 채널=[384, 768] (0 초기화=항등)
[22:36:20] [head] 입력 768x512 -> 특징맵 768x24x16 · head_type=gap
[22:36:20] [head] 출력 240 (LDL 로짓 - softmax 기대값으로 환산)
[22:36:20] ========================================================================
[22:36:20] [스테이지3] 평가 시작
[22:36:20]   백본     convnext_tiny.fb_in22k_ft_in1k_384
[22:36:20]   헤드     gap | 화소처리 p1p99
[22:36:20]   가중치   ema (선택 규칙 'ema')
[22:36:20]   출력     LDL 240-way 기대값 회귀 (δ 15.0, λ 0.5)
[22:36:20]   입력     768x512
[22:36:20]   best val MAE 5.81 @ epoch 40
[22:36:20]   [val] 예측 중...
[22:37:09]   [calib] slope a=0.9691 intercept b=+3.45  (축소 존재)
[22:37:09]   [calib] 채택 여부 False (val 5.78 -> 5.89)
[22:37:09]   [train] 예측 중...
[22:40:35]   [test] 예측 중...
[22:40:41] [backbone] convnext_tiny.fb_in22k_ft_in1k_384 (pretrained=False, drop_path=0.15)
[22:40:47] [backbone] convnext_tiny.fb_in22k_ft_in1k_384 (pretrained=False, drop_path=0.15)
[22:41:11]   [경고] 성별 플립 테스트 실패: too many indices for array: array is 1-dimensional, but 2 were indexed
[22:41:11]   학습곡선 저장: G:\Project\sinra_cho\checkpoints_convnext_single_v11_ldl\learning_curve.png
[22:41:12]   산점도 저장: G:\Project\sinra_cho\checkpoints_convnext_single_v11_ldl\scatter.png
[22:41:13]   오차 상위 저장: G:\Project\sinra_cho\checkpoints_convnext_single_v11_ldl\worst_cases.png
[22:41:13]   [Grad-CAM] target = stages.3
[22:41:16]   Grad-CAM 저장: G:\Project\sinra_cho\checkpoints_convnext_single_v11_ldl\gradcam.png
[22:41:17]   연령분포 저장: G:\Project\sinra_cho\checkpoints_convnext_single_v11_ldl\age_distribution.png (평균 표준편차 22.2개월, 목표 δ=15.0 근방)
[22:41:17]   캘리브레이션 계수 저장: G:\Project\sinra_cho\checkpoints_convnext_single_v11_ldl\calibration.json
====================================================================
 ConvNeXt-Tiny LDL 기대값 회귀 (bins 240, δ 15.0, λ 0.5) | 768x512 | 강도정규화 p1p99
 백본 convnext_tiny.fb_in22k_ft_in1k_384 | 헤드 gap
 실행 20260814_163955 | best epoch 40 (ema)
 TTA [0, -6, -3, 3, 6]
====================================================================
 VAL(단일)        N= 1,397  MAE  5.81  RMSE  8.01  bias -0.25
 VAL(+TTA)      N= 1,397  MAE  5.78  RMSE  7.99  bias -0.49
 VAL(+calib)    N= 1,397  MAE  5.89  RMSE  8.12  bias +0.00   -> 미채택
 TRAIN(단일)      N=12,432  MAE  5.16  RMSE  7.29  bias -0.17
--------------------------------------------------------------------
 TEST           N=   197  MAE  4.05  RMSE  5.10  bias +0.49  CI95 [3.64, 4.51]
--------------------------------------------------------------------
 [가중치 감사 · test, TTA 적용 / calib 미적용]
   raw  ep 37  val  5.80  ->  test  4.14  CI95 [3.70, 4.61]
   ema  ep 40  val  5.81  ->  test  4.05  CI95 [3.64, 4.51]
   EMA - raw = -0.09 개월 (test 기준)
   * 음수면 EMA 이득이 test 로 이어진 것, 양수면 val 에서만 좋았던 것.
--------------------------------------------------------------------
   0-4y    N=   9  MAE  3.03  bias +2.38
   4-8y    N=  34  MAE  5.20  bias +2.54
   8-12y   N=  64  MAE  4.74  bias +1.26
   12-16y  N=  79  MAE  3.22  bias -0.93
   >16y    N=  11  MAE  3.21  bias -1.57
--------------------------------------------------------------------
 [성별 분해 · test]
   Male    N=   98  MAE  3.90  RMSE  4.96  bias +0.53  sigma  4.93  corr 0.9925  slope 0.9808
   Female  N=   99  MAE  4.20  RMSE  5.24  bias +0.45  sigma  5.22  corr 0.9933  slope 0.9472
--------------------------------------------------------------------
 [성별 분해 · val]
   Male    N=  760  MAE  5.47  RMSE  7.63  bias -0.08  sigma  7.63  corr 0.9836  slope 0.9722
   Female  N=  637  MAE  6.14  RMSE  8.39  bias -0.98  sigma  8.34  corr 0.9761  slope 0.9555
   판정: corr 차 0.0008 / slope 차 0.0336 -> 출력 스케일(캘리브레이션) 문제
 [성별 x 연령 편향 · test]
   구간        N_M   bias_M   MAE_M     N_F   bias_F   MAE_F
   0-4y        2    -0.35    1.89       7    +3.16    3.35
   4-8y       13    +0.53    5.56      21    +3.78    4.98
   8-12y      28    +2.42    4.75      36    +0.35    4.73
   12-16y     47    -0.19    3.25      32    -2.02    3.19
   >16y        8    -1.54    2.55       3    -1.62    4.97
====================================================================
[22:41:17] 결과 저장: G:\Project\sinra_cho\checkpoints_convnext_single_v11_ldl\results.txt
[22:41:17]          G:\Project\sinra_cho\checkpoints_convnext_single_v11_ldl\results.json
[22:41:18] [backbone] convnext_tiny.fb_in22k_ft_in1k_384 (pretrained=False, drop_path=0.15)
[22:41:19] 추론 함수 확인 [4360] 예측 170.0개월 / 실제 169개월
[22:41:19] 추론 함수 준비 완료 · best.pt: G:\Project\sinra_cho\checkpoints_convnext_single_v11_ldl\best.pt
[22:41:19] === 전체 완료 ===
