========================================================================
[01:19:39] ConvNeXt-Tiny + LDL 기대값 회귀 골연령 시작 [v17]
[01:19:39] Python 3.12.7 | Windows 11
[01:19:39] PyTorch 2.6.0+cu124 | torchvision 0.21.0+cu124 | timm 1.0.28
[01:19:39] OpenCV 5.0.0 | numpy 2.5.1 | pandas 3.0.3
[01:19:39] device cuda | CUDA True | AMP True
[GPU-GUARD] (inproc) 바로 실행 — 티켓 457번 infer 16000MiB
[01:19:39] GPU NVIDIA A100 80GB PCIe | VRAM 79.5GB | sm_80 | CUDA 12.4
[01:19:39] HAND_CROP_DIR  G:\Project\sinra_cho\crop_wrist_align
[01:19:39] CSV_DIR        G:\Project\sinra_cho\crop_wrist_align\csv
[01:19:39] CACHE_DIR      G:\Project\sinra_cho\cache_convnext_single_v17\raw640x448_letterbox_pad0_center_np1p99
[01:19:39] CKPT_DIR       G:\Project\sinra_cho\checkpoints_convnext_single_v17_ldl
[01:19:39] 이미지 준비    letterbox -> 640x448(HxW) | pad 0 | 강도정규화 p1p99
[01:19:39] 백본           convnext_tiny.fb_in22k_ft_in1k_384 (drop_path 0.15)
[01:19:39] 헤드           gap | 성별임베딩 32 | dropout 0.1
[01:19:39] 최적화         AdamW | lr 4e-05/1e-04 | wd 0.05 | 배치 24x1=24
[01:19:39] 스케줄         warmup 3ep + cosine(min ratio 0.02) | 총 40ep | 조기종료 끔
[01:19:39] 손실 LDL(bins 240, δ 15.0, λ 0.5) | 증강 True | EMA True(0.9995) | best 선택 'ema'
[01:19:39] 증강 상세      affine rot12° tr0.1 sc(0.82, 1.22) sh4 | jitter ±0.25 | erasing p=0.25
[01:19:39] [v9] 증강 스케일 (0.82, 1.22) · 이동 0.1 · 회전 12°
[01:19:39] [v9] 도메인증강 jpeg0.35 gamma0.35 blur0.2 noise0.2
[01:19:39] [v10] 구간가중  가우시안 테이퍼 center 96개월 · sigma 48 · peak x1.35
[01:19:39] [v11] LDL λ 0.5 · EPOCHS 40 · warmup 3  (v10 1.0/60/4 에서 원복)
[01:19:39] [v11] FiLM 성별조건화 ON stages=[2, 3] hidden=64
[01:19:39] [v17] 캔버스 640x448 (v11 768x512, 화소 -27%)
[01:19:39] [v17] 데이터 G:\Project\sinra_cho\crop_wrist_align  (split/images 단층 탐색, masks 혼입 차단)
[01:19:39] [v11] 평가 리포트에 성별 분해 · 성별x연령 교차 · 성별 플립 테스트 포함
[01:19:39] 추론           TTA [0, -6, -3, 3, 6] | 캘리브레이션 자동판정
[01:19:39] DataLoader     num_workers=0
[01:19:39] 실행 옵션      (없음)
========================================================================
[01:19:39] 라벨 로드 중...
[01:19:40]   train 라벨 12,432 | 파일 12,432 | 미크롭    0 -> 사용 12,432
[01:19:40]   val   라벨  1,397 | 파일  1,397 | 미크롭    0 -> 사용  1,397
[01:19:40]   test  라벨    197 | 파일    197 | 미크롭    0 -> 사용    197
[01:19:40] 타깃 정규화 사용 안 함 (LDL - 개월 원단위) · 참고용 train 통계 127.49 ± 40.93 개월
[01:19:40] [QC-LDL] 이산화 하한 MAE = 0.093 개월 (δ=15.0, bins=1~240, val 라벨 기준)
[01:19:40] 남아 비율 54.2% | 연령 범위 1~228 개월
[01:19:40] 실행 환경 스냅샷 저장: G:\Project\sinra_cho\checkpoints_convnext_single_v17_ldl\env_20260817_011939.json
[01:19:40] [스테이지1] 캐시 경로 G:\Project\sinra_cho\cache_convnext_single_v17\raw640x448_letterbox_pad0_center_np1p99
[01:19:40] [스테이지1] 크롭 소스 G:\Project\sinra_cho\crop_wrist_align
[01:19:40] [스테이지1] 640x448 캔버스 캐시 생성 (norm=p1p99)
[01:21:23]     [train] 2,000/12,432 (103s)
[01:23:01]     [train] 4,000/12,432 (202s)
[01:24:55]     [train] 6,000/12,432 (315s)
[01:26:41]     [train] 8,000/12,432 (421s)
[01:28:30]     [train] 10,000/12,432 (530s)
[01:30:22]     [train] 12,000/12,432 (642s)
[01:30:43]   [train] 생성 12,432 · 스킵 0 · 실패 0 (664s)
[01:31:54]   [val] 생성 1,397 · 스킵 0 · 실패 0 (71s)
[01:32:03]   [test] 생성 197 · 스킵 0 · 실패 0 (9s)
[01:32:03]   여백 비율: 중앙 10.3% · 90%tile 21.3% · 최대 43.5%
[01:32:03] [스테이지1] 완료 표식: G:\Project\sinra_cho\cache_convnext_single_v17\raw640x448_letterbox_pad0_center_np1p99\_DONE_cache.json
[01:32:03] [QC] 강도 정규화 검증 시트 생성
[01:32:07] [QC] 시트 저장: G:\Project\sinra_cho\checkpoints_convnext_single_v17_ldl\qc_intensity_norm.png
[01:32:07] 
   id      원본크기  원본범위  원본std  유효std 여백%
11318 1176x1447 0~213   48.8   63.2 14%
 2519   739x925  0~76   28.7   61.9 12%
13881 1184x1617 0~180   41.9   67.7  4%
11973  965x1063 0~181   44.8   63.3 23%
 8192  935x1374 0~252   76.1   74.3  3%
10701 1187x1526 0~229   55.2   64.9 10%
 3812  736x1154 0~158   63.0   68.9  9%
 4293  807x1059  0~74   27.9   65.4  8%
[01:32:07] [QC] std 변동계수(CV):  원본 0.340  ->  캔버스 0.061
[01:32:07] [QC] 정상 - 이미지 간 대비 편차가 크게 줄었습니다.
[01:32:07] [QC] 샘플 여백 중앙 10%
[01:32:07] [스테이지2] 배치 수: train 518 | val 59
[01:32:08] [backbone] convnext_tiny.fb_in22k_ft_in1k_384 (pretrained=True, drop_path=0.15)
[01:32:08] [head] FiLM 성별조건화 stages=[2, 3] 채널=[384, 768] (0 초기화=항등)
[01:32:08] [head] 입력 640x448 -> 특징맵 768x20x14 · head_type=gap
[01:32:08] [head] 출력 240 (LDL 로짓 - softmax 기대값으로 환산)
G:\Project\sinra_cho\.venv\Lib\site-packages\torch\nn\modules\module.py:1329: UserWarning: expandable_segments not supported on this platform (Triggered internally at C:\actions-runner\_work\pytorch\pytorch\pytorch\c10/cuda/CUDAAllocatorConfig.h:28.)
  return t.to(
[01:32:09] [스테이지2] 파라미터 28.5M
[01:32:09] [스테이지2] 파라미터 그룹:
[01:32:09]   bb_decay    tensors= 58 params= 27.76M lr=4.0e-05 wd=0.05
[01:32:09]   bb_nodecay  tensors=122 params=  0.06M lr=4.0e-05 wd=0.0
[01:32:09]   hd_decay    tensors=  8 params=  0.64M lr=1.0e-04 wd=0.05
[01:32:09]   hd_nodecay  tensors= 10 params=  0.00M lr=1.0e-04 wd=0.0
[01:32:09] [스테이지2] 옵티마이저 스텝: 에폭당 518 · 총 20720 · warmup 1554
[01:32:09] [스테이지2] EMA 유효 창 ≈ 3.9 에폭
[01:32:09] [스테이지2] best.pt 선택 규칙 = 'ema' (학습 전 고정)
[01:32:09] [스테이지2] 새 학습 시작
[01:32:09] [손실] LDL  ℓ_MAE + 0.5·KL(G‖p)  (bins 240, δ 15.0)
[01:34:04]     ep01   103/518 train_mae 34.10 lr 6.63e-06
[01:35:44]     ep01   206/518 train_mae 34.43 lr 1.33e-05
[01:37:25]     ep01   309/518 train_mae 33.61 lr 1.99e-05
[01:39:07]     ep01   412/518 train_mae 32.22 lr 2.65e-05
[01:40:49]     ep01   515/518 train_mae 30.46 lr 3.31e-05
[01:41:32] [01/40] train 30.38 | val 13.49 (rmse 18.18) | KL 1.385 | val(ema) 34.48 | lr 33% | 9.4분  ** best.pt(ema) 34.48 **  [raw/ema 갱신]
[01:42:48]     ep02   103/518 train_mae 19.43 lr 4.00e-05
[01:44:04]     ep02   206/518 train_mae 17.44 lr 4.66e-05
[01:45:22]     ep02   309/518 train_mae 16.12 lr 5.32e-05
[01:46:38]     ep02   412/518 train_mae 15.32 lr 5.98e-05
[01:47:55]     ep02   515/518 train_mae 14.53 lr 6.65e-05
[01:48:24] [02/40] train 14.51 | val 9.12 (rmse 11.50) | KL 1.488 | val(ema) 31.44 | lr 67% | 6.8분  ** best.pt(ema) 31.44 **  [raw/ema 갱신]
[01:49:38]     ep03   103/518 train_mae 10.97 lr 7.33e-05
[01:50:52]     ep03   206/518 train_mae 10.50 lr 7.99e-05
[01:52:06]     ep03   309/518 train_mae 10.50 lr 8.66e-05
[01:53:20]     ep03   412/518 train_mae 10.44 lr 9.32e-05
[01:54:33]     ep03   515/518 train_mae 10.33 lr 9.98e-05
[01:55:01] [03/40] train 10.33 | val 10.00 (rmse 12.57) | KL 1.263 | val(ema) 25.09 | lr 100% | 6.6분  ** best.pt(ema) 25.09 **  [ema 갱신]
[01:56:17]     ep04   103/518 train_mae 9.41 lr 1.00e-04
[01:57:32]     ep04   206/518 train_mae 9.09 lr 1.00e-04
[01:58:44]     ep04   309/518 train_mae 9.11 lr 9.99e-05
[01:59:56]     ep04   412/518 train_mae 8.87 lr 9.99e-05
[02:01:14]     ep04   515/518 train_mae 8.79 lr 9.98e-05
[02:01:44] [04/40] train 8.79 | val 6.93 (rmse 9.24) | KL 1.051 | val(ema) 21.00 | lr 100% | 6.7분  ** best.pt(ema) 21.00 **  [raw/ema 갱신]
[02:02:58]     ep05   103/518 train_mae 8.15 lr 9.97e-05
[02:04:09]     ep05   206/518 train_mae 8.19 lr 9.97e-05
[02:05:17]     ep05   309/518 train_mae 8.12 lr 9.96e-05
[02:06:26]     ep05   412/518 train_mae 8.07 lr 9.94e-05
[02:07:33]     ep05   515/518 train_mae 8.04 lr 9.93e-05
[02:08:00] [05/40] train 8.04 | val 6.49 (rmse 8.67) | KL 0.876 | val(ema) 17.21 | lr 99% | 6.2분  ** best.pt(ema) 17.21 **  [raw/ema 갱신]
[02:09:08]     ep06   103/518 train_mae 7.77 lr 9.91e-05
[02:10:16]     ep06   206/518 train_mae 7.84 lr 9.90e-05
[02:11:24]     ep06   309/518 train_mae 7.76 lr 9.88e-05
[02:12:32]     ep06   412/518 train_mae 7.67 lr 9.86e-05
[02:13:40]     ep06   515/518 train_mae 7.73 lr 9.84e-05
[02:14:06] [06/40] train 7.73 | val 7.41 (rmse 9.70) | KL 0.728 | val(ema) 13.56 | lr 98% | 6.1분  ** best.pt(ema) 13.56 **  [ema 갱신]
[02:15:13]     ep07   103/518 train_mae 7.55 lr 9.82e-05
[02:16:21]     ep07   206/518 train_mae 7.66 lr 9.80e-05
[02:17:28]     ep07   309/518 train_mae 7.55 lr 9.77e-05
[02:18:36]     ep07   412/518 train_mae 7.58 lr 9.75e-05
[02:19:49]     ep07   515/518 train_mae 7.61 lr 9.72e-05
[02:20:17] [07/40] train 7.62 | val 6.70 (rmse 8.96) | KL 0.606 | val(ema) 10.66 | lr 97% | 6.2분  ** best.pt(ema) 10.66 **  [ema 갱신]
[02:21:31]     ep08   103/518 train_mae 7.26 lr 9.69e-05
[02:22:45]     ep08   206/518 train_mae 7.26 lr 9.66e-05
[02:23:58]     ep08   309/518 train_mae 7.26 lr 9.63e-05
[02:25:12]     ep08   412/518 train_mae 7.22 lr 9.60e-05
[02:26:26]     ep08   515/518 train_mae 7.23 lr 9.57e-05
[02:26:55] [08/40] train 7.22 | val 6.41 (rmse 8.53) | KL 0.503 | val(ema) 8.65 | lr 96% | 6.6분  ** best.pt(ema) 8.65 **  [raw/ema 갱신]
[02:28:11]     ep09   103/518 train_mae 7.26 lr 9.53e-05
[02:29:27]     ep09   206/518 train_mae 7.28 lr 9.49e-05
[02:30:47]     ep09   309/518 train_mae 7.20 lr 9.46e-05
[02:32:06]     ep09   412/518 train_mae 7.17 lr 9.42e-05
[02:33:29]     ep09   515/518 train_mae 7.19 lr 9.38e-05
[02:34:01] [09/40] train 7.19 | val 6.35 (rmse 8.56) | KL 0.447 | val(ema) 7.51 | lr 94% | 7.1분  ** best.pt(ema) 7.51 **  [raw/ema 갱신]
[02:35:23]     ep10   103/518 train_mae 7.02 lr 9.34e-05
[02:36:43]     ep10   206/518 train_mae 7.02 lr 9.30e-05
[02:38:05]     ep10   309/518 train_mae 7.00 lr 9.25e-05
[02:39:22]     ep10   412/518 train_mae 6.99 lr 9.21e-05
[02:40:36]     ep10   515/518 train_mae 6.97 lr 9.16e-05
[02:41:06] [10/40] train 6.97 | val 6.25 (rmse 8.44) | KL 0.391 | val(ema) 6.87 | lr 92% | 7.0분  ** best.pt(ema) 6.87 **  [raw/ema 갱신]
[02:42:19]     ep11   103/518 train_mae 6.85 lr 9.11e-05
[02:43:33]     ep11   206/518 train_mae 6.90 lr 9.07e-05
[02:44:45]     ep11   309/518 train_mae 6.94 lr 9.02e-05
[02:46:00]     ep11   412/518 train_mae 6.92 lr 8.97e-05
[02:47:14]     ep11   515/518 train_mae 6.89 lr 8.91e-05
[02:47:42] [11/40] train 6.89 | val 6.43 (rmse 8.78) | KL 0.362 | val(ema) 6.56 | lr 89% | 6.6분  ** best.pt(ema) 6.56 **  [ema 갱신]
[02:48:58]     ep12   103/518 train_mae 6.87 lr 8.86e-05
[02:50:13]     ep12   206/518 train_mae 6.82 lr 8.81e-05
[02:51:27]     ep12   309/518 train_mae 6.85 lr 8.75e-05
[02:52:41]     ep12   412/518 train_mae 6.79 lr 8.70e-05
[02:53:56]     ep12   515/518 train_mae 6.80 lr 8.64e-05
[02:54:25] [12/40] train 6.80 | val 6.28 (rmse 8.49) | KL 0.336 | val(ema) 6.39 | lr 86% | 6.7분  ** best.pt(ema) 6.39 **  [ema 갱신]
[02:55:42]     ep13   103/518 train_mae 6.76 lr 8.58e-05
[02:57:05]     ep13   206/518 train_mae 6.67 lr 8.52e-05
[02:58:35]     ep13   309/518 train_mae 6.65 lr 8.46e-05
[03:00:05]     ep13   412/518 train_mae 6.62 lr 8.40e-05
[03:01:31]     ep13   515/518 train_mae 6.66 lr 8.34e-05
[03:02:06] [13/40] train 6.66 | val 6.10 (rmse 8.25) | KL 0.316 | val(ema) 6.28 | lr 83% | 7.6분  ** best.pt(ema) 6.28 **  [raw/ema 갱신]
[03:03:34]     ep14   103/518 train_mae 6.57 lr 8.28e-05
[03:05:01]     ep14   206/518 train_mae 6.61 lr 8.21e-05
[03:06:31]     ep14   309/518 train_mae 6.67 lr 8.15e-05
[03:07:59]     ep14   412/518 train_mae 6.64 lr 8.08e-05
[03:09:26]     ep14   515/518 train_mae 6.63 lr 8.02e-05
[03:09:59] [14/40] train 6.63 | val 6.29 (rmse 8.62) | KL 0.298 | val(ema) 6.18 | lr 80% | 7.9분  ** best.pt(ema) 6.18 **  [ema 갱신]
[03:11:26]     ep15   103/518 train_mae 6.44 lr 7.95e-05
[03:12:47]     ep15   206/518 train_mae 6.45 lr 7.88e-05
[03:14:11]     ep15   309/518 train_mae 6.48 lr 7.81e-05
[03:15:37]     ep15   412/518 train_mae 6.47 lr 7.74e-05
[03:17:03]     ep15   515/518 train_mae 6.48 lr 7.67e-05
[03:17:36] [15/40] train 6.48 | val 6.14 (rmse 8.34) | KL 0.284 | val(ema) 6.11 | lr 77% | 7.6분  ** best.pt(ema) 6.11 **  [ema 갱신]
[03:18:56]     ep16   103/518 train_mae 6.46 lr 7.60e-05
[03:20:10]     ep16   206/518 train_mae 6.60 lr 7.53e-05
[03:21:23]     ep16   309/518 train_mae 6.52 lr 7.46e-05
[03:22:35]     ep16   412/518 train_mae 6.51 lr 7.38e-05
[03:23:49]     ep16   515/518 train_mae 6.54 lr 7.31e-05
[03:24:18] [16/40] train 6.55 | val 6.44 (rmse 8.52) | KL 0.282 | val(ema) 6.06 | lr 73% | 6.7분  ** best.pt(ema) 6.06 **  [ema 갱신]
[03:25:33]     ep17   103/518 train_mae 6.51 lr 7.23e-05
[03:27:01]     ep17   206/518 train_mae 6.50 lr 7.16e-05
[03:28:28]     ep17   309/518 train_mae 6.50 lr 7.08e-05
[03:29:59]     ep17   412/518 train_mae 6.50 lr 7.01e-05
[03:31:23]     ep17   515/518 train_mae 6.48 lr 6.93e-05
[03:31:58] [17/40] train 6.48 | val 6.11 (rmse 8.35) | KL 0.276 | val(ema) 6.02 | lr 69% | 7.6분  ** best.pt(ema) 6.02 **  [ema 갱신]
[03:33:26]     ep18   103/518 train_mae 6.25 lr 6.85e-05
[03:34:53]     ep18   206/518 train_mae 6.23 lr 6.77e-05
[03:36:20]     ep18   309/518 train_mae 6.26 lr 6.70e-05
[03:37:48]     ep18   412/518 train_mae 6.27 lr 6.62e-05
[03:39:18]     ep18   515/518 train_mae 6.30 lr 6.54e-05
[03:39:52] [18/40] train 6.30 | val 6.14 (rmse 8.29) | KL 0.264 | val(ema) 5.99 | lr 65% | 7.9분  ** best.pt(ema) 5.99 **  [ema 갱신]
[03:41:21]     ep19   103/518 train_mae 6.10 lr 6.46e-05
[03:42:50]     ep19   206/518 train_mae 6.21 lr 6.38e-05
[03:44:12]     ep19   309/518 train_mae 6.24 lr 6.30e-05
[03:45:30]     ep19   412/518 train_mae 6.23 lr 6.22e-05
[03:46:54]     ep19   515/518 train_mae 6.24 lr 6.14e-05
[03:47:32] [19/40] train 6.24 | val 6.05 (rmse 8.16) | KL 0.258 | val(ema) 5.96 | lr 61% | 7.6분  ** best.pt(ema) 5.96 **  [raw/ema 갱신]
[03:49:00]     ep20   103/518 train_mae 6.54 lr 6.05e-05
[03:50:32]     ep20   206/518 train_mae 6.45 lr 5.97e-05
[03:52:01]     ep20   309/518 train_mae 6.31 lr 5.89e-05
[03:53:32]     ep20   412/518 train_mae 6.22 lr 5.81e-05
[03:55:00]     ep20   515/518 train_mae 6.23 lr 5.73e-05
[03:55:36] [20/40] train 6.23 | val 6.21 (rmse 8.50) | KL 0.253 | val(ema) 5.93 | lr 57% | 8.0분  ** best.pt(ema) 5.93 **  [ema 갱신]
[03:57:03]     ep21   103/518 train_mae 6.25 lr 5.64e-05
[03:58:30]     ep21   206/518 train_mae 6.18 lr 5.56e-05
[03:59:57]     ep21   309/518 train_mae 6.09 lr 5.48e-05
[04:01:31]     ep21   412/518 train_mae 6.13 lr 5.39e-05
[04:02:58]     ep21   515/518 train_mae 6.17 lr 5.31e-05
[04:03:33] [21/40] train 6.18 | val 6.18 (rmse 8.40) | KL 0.247 | val(ema) 5.92 | lr 53% | 7.9분  ** best.pt(ema) 5.92 **  [ema 갱신]
[04:05:04]     ep22   103/518 train_mae 5.96 lr 5.23e-05
[04:06:34]     ep22   206/518 train_mae 6.01 lr 5.14e-05
[04:07:58]     ep22   309/518 train_mae 6.07 lr 5.06e-05
[04:09:16]     ep22   412/518 train_mae 6.11 lr 4.98e-05
[04:10:34]     ep22   515/518 train_mae 6.11 lr 4.90e-05
[04:11:04] [22/40] train 6.11 | val 6.32 (rmse 8.59) | KL 0.244 | val(ema) 5.90 | lr 49% | 7.5분  ** best.pt(ema) 5.90 **  [ema 갱신]
[04:12:23]     ep23   103/518 train_mae 6.03 lr 4.81e-05
[04:13:40]     ep23   206/518 train_mae 6.04 lr 4.73e-05
[04:14:51]     ep23   309/518 train_mae 6.05 lr 4.65e-05
[04:15:59]     ep23   412/518 train_mae 6.03 lr 4.56e-05
[04:17:06]     ep23   515/518 train_mae 6.06 lr 4.48e-05
[04:17:32] [23/40] train 6.06 | val 6.05 (rmse 8.20) | KL 0.240 | val(ema) 5.89 | lr 45% | 6.4분  ** best.pt(ema) 5.89 **  [ema 갱신]
[04:18:41]     ep24   103/518 train_mae 6.10 lr 4.40e-05
[04:19:52]     ep24   206/518 train_mae 6.00 lr 4.31e-05
[04:21:01]     ep24   309/518 train_mae 6.01 lr 4.23e-05
[04:22:09]     ep24   412/518 train_mae 6.02 lr 4.15e-05
[04:23:16]     ep24   515/518 train_mae 6.00 lr 4.07e-05
[04:23:43] [24/40] train 6.01 | val 6.38 (rmse 8.76) | KL 0.235 | val(ema) 5.87 | lr 41% | 6.2분  ** best.pt(ema) 5.87 **  [ema 갱신]
[04:24:52]     ep25   103/518 train_mae 5.90 lr 3.99e-05
[04:26:01]     ep25   206/518 train_mae 5.90 lr 3.91e-05
[04:27:08]     ep25   309/518 train_mae 5.94 lr 3.83e-05
[04:28:15]     ep25   412/518 train_mae 5.94 lr 3.75e-05
[04:29:23]     ep25   515/518 train_mae 5.94 lr 3.67e-05
[04:29:49] [25/40] train 5.94 | val 5.97 (rmse 8.19) | KL 0.233 | val(ema) 5.87 | lr 37% | 6.1분  ** best.pt(ema) 5.87 **  [raw/ema 갱신]
[04:30:58]     ep26   103/518 train_mae 6.06 lr 3.59e-05
[04:32:06]     ep26   206/518 train_mae 5.98 lr 3.51e-05
[04:33:16]     ep26   309/518 train_mae 5.95 lr 3.43e-05
[04:34:25]     ep26   412/518 train_mae 5.91 lr 3.35e-05
[04:35:33]     ep26   515/518 train_mae 5.91 lr 3.28e-05
[04:35:59] [26/40] train 5.90 | val 5.98 (rmse 8.15) | KL 0.229 | val(ema) 5.86 | lr 33% | 6.1분  ** best.pt(ema) 5.86 **  [ema 갱신]
[04:37:09]     ep27   103/518 train_mae 5.59 lr 3.20e-05
[04:38:18]     ep27   206/518 train_mae 5.78 lr 3.12e-05
[04:39:27]     ep27   309/518 train_mae 5.79 lr 3.05e-05
[04:40:45]     ep27   412/518 train_mae 5.79 lr 2.97e-05
[04:42:05]     ep27   515/518 train_mae 5.82 lr 2.90e-05
[04:42:36] [27/40] train 5.82 | val 5.95 (rmse 8.17) | KL 0.225 | val(ema) 5.85 | lr 29% | 6.6분  ** best.pt(ema) 5.85 **  [raw/ema 갱신]
[04:43:53]     ep28   103/518 train_mae 5.83 lr 2.82e-05
[04:45:09]     ep28   206/518 train_mae 5.80 lr 2.75e-05
[04:46:27]     ep28   309/518 train_mae 5.80 lr 2.68e-05
[04:47:42]     ep28   412/518 train_mae 5.81 lr 2.60e-05
[04:49:02]     ep28   515/518 train_mae 5.81 lr 2.53e-05
[04:49:33] [28/40] train 5.81 | val 5.93 (rmse 8.12) | KL 0.222 | val(ema) 5.85 | lr 25% | 6.9분  ** best.pt(ema) 5.85 **  [raw/ema 갱신]
[04:50:50]     ep29   103/518 train_mae 5.84 lr 2.46e-05
[04:52:06]     ep29   206/518 train_mae 5.84 lr 2.39e-05
[04:53:22]     ep29   309/518 train_mae 5.88 lr 2.32e-05
[04:54:39]     ep29   412/518 train_mae 5.85 lr 2.26e-05
[04:55:57]     ep29   515/518 train_mae 5.82 lr 2.19e-05
[04:56:28] [29/40] train 5.82 | val 5.93 (rmse 8.17) | KL 0.223 | val(ema) 5.84 | lr 22% | 6.9분  ** best.pt(ema) 5.84 **  [raw/ema 갱신]
[04:57:46]     ep30   103/518 train_mae 5.67 lr 2.12e-05
[04:58:54]     ep30   206/518 train_mae 5.77 lr 2.06e-05
[05:00:01]     ep30   309/518 train_mae 5.75 lr 1.99e-05
[05:01:09]     ep30   412/518 train_mae 5.74 lr 1.93e-05
[05:02:18]     ep30   515/518 train_mae 5.77 lr 1.87e-05
[05:02:44] [30/40] train 5.77 | val 5.87 (rmse 8.06) | KL 0.220 | val(ema) 5.84 | lr 19% | 6.2분  ** best.pt(ema) 5.84 **  [raw/ema 갱신]
[05:03:52]     ep31   103/518 train_mae 5.79 lr 1.80e-05
[05:05:01]     ep31   206/518 train_mae 5.81 lr 1.74e-05
[05:06:09]     ep31   309/518 train_mae 5.77 lr 1.68e-05
[05:07:18]     ep31   412/518 train_mae 5.73 lr 1.62e-05
[05:08:25]     ep31   515/518 train_mae 5.72 lr 1.56e-05
[05:08:51] [31/40] train 5.72 | val 5.90 (rmse 8.11) | KL 0.217 | val(ema) 5.84 | lr 16% | 6.1분  ** best.pt(ema) 5.84 **  [ema 갱신]
[05:10:00]     ep32   103/518 train_mae 5.64 lr 1.51e-05
[05:11:09]     ep32   206/518 train_mae 5.55 lr 1.45e-05
[05:12:16]     ep32   309/518 train_mae 5.57 lr 1.40e-05
[05:13:24]     ep32   412/518 train_mae 5.63 lr 1.34e-05
[05:14:31]     ep32   515/518 train_mae 5.65 lr 1.29e-05
[05:14:57] [32/40] train 5.66 | val 5.91 (rmse 8.07) | KL 0.215 | val(ema) 5.84 | lr 13% | 6.1분  ** best.pt(ema) 5.84 **  [ema 갱신]
[05:16:05]     ep33   103/518 train_mae 5.62 lr 1.24e-05
[05:17:13]     ep33   206/518 train_mae 5.62 lr 1.19e-05
[05:18:21]     ep33   309/518 train_mae 5.66 lr 1.14e-05
[05:19:30]     ep33   412/518 train_mae 5.64 lr 1.09e-05
[05:20:37]     ep33   515/518 train_mae 5.67 lr 1.04e-05
[05:21:02] [33/40] train 5.67 | val 5.97 (rmse 8.15) | KL 0.215 | val(ema) 5.84 | lr 10% | 6.1분
[05:22:10]     ep34   103/518 train_mae 5.68 lr 9.95e-06
[05:23:18]     ep34   206/518 train_mae 5.68 lr 9.50e-06
[05:24:27]     ep34   309/518 train_mae 5.69 lr 9.07e-06
[05:25:35]     ep34   412/518 train_mae 5.65 lr 8.65e-06
[05:26:41]     ep34   515/518 train_mae 5.64 lr 8.24e-06
[05:27:06] [34/40] train 5.64 | val 5.89 (rmse 8.08) | KL 0.214 | val(ema) 5.84 | lr 8% | 6.1분
[05:28:14]     ep35   103/518 train_mae 5.66 lr 7.83e-06
[05:29:22]     ep35   206/518 train_mae 5.71 lr 7.44e-06
[05:30:29]     ep35   309/518 train_mae 5.66 lr 7.07e-06
[05:31:38]     ep35   412/518 train_mae 5.65 lr 6.71e-06
[05:32:45]     ep35   515/518 train_mae 5.62 lr 6.36e-06
[05:33:10] [35/40] train 5.62 | val 5.86 (rmse 8.08) | KL 0.213 | val(ema) 5.84 | lr 6% | 6.0분  [raw 갱신]
[05:34:20]     ep36   103/518 train_mae 5.46 lr 6.02e-06
[05:35:27]     ep36   206/518 train_mae 5.58 lr 5.70e-06
[05:36:35]     ep36   309/518 train_mae 5.58 lr 5.39e-06
[05:37:44]     ep36   412/518 train_mae 5.61 lr 5.09e-06
[05:38:54]     ep36   515/518 train_mae 5.60 lr 4.81e-06
[05:39:20] [36/40] train 5.60 | val 5.85 (rmse 8.05) | KL 0.213 | val(ema) 5.84 | lr 5% | 6.1분  [raw 갱신]
[05:40:29]     ep37   103/518 train_mae 5.55 lr 4.53e-06
[05:41:37]     ep37   206/518 train_mae 5.65 lr 4.28e-06
[05:42:44]     ep37   309/518 train_mae 5.59 lr 4.03e-06
[05:43:53]     ep37   412/518 train_mae 5.59 lr 3.80e-06
[05:45:01]     ep37   515/518 train_mae 5.57 lr 3.59e-06
[05:45:26] [37/40] train 5.56 | val 5.85 (rmse 8.05) | KL 0.212 | val(ema) 5.84 | lr 4% | 6.1분
[05:46:36]     ep38   103/518 train_mae 5.46 lr 3.38e-06
[05:47:45]     ep38   206/518 train_mae 5.53 lr 3.19e-06
[05:48:54]     ep38   309/518 train_mae 5.54 lr 3.02e-06
[05:50:02]     ep38   412/518 train_mae 5.55 lr 2.86e-06
[05:51:11]     ep38   515/518 train_mae 5.55 lr 2.71e-06
[05:51:36] [38/40] train 5.54 | val 5.85 (rmse 8.05) | KL 0.211 | val(ema) 5.84 | lr 3% | 6.2분
[05:52:44]     ep39   103/518 train_mae 5.59 lr 2.57e-06
[05:53:53]     ep39   206/518 train_mae 5.55 lr 2.45e-06
[05:55:00]     ep39   309/518 train_mae 5.55 lr 2.35e-06
[05:56:08]     ep39   412/518 train_mae 5.54 lr 2.26e-06
[05:57:17]     ep39   515/518 train_mae 5.55 lr 2.18e-06
[05:57:42] [39/40] train 5.55 | val 5.86 (rmse 8.08) | KL 0.210 | val(ema) 5.84 | lr 2% | 6.1분
[05:58:47]     ep40   103/518 train_mae 5.66 lr 2.11e-06
[05:59:50]     ep40   206/518 train_mae 5.54 lr 2.06e-06
[06:00:55]     ep40   309/518 train_mae 5.59 lr 2.03e-06
[06:01:59]     ep40   412/518 train_mae 5.61 lr 2.01e-06
[06:03:11]     ep40   515/518 train_mae 5.58 lr 2.00e-06
[06:03:38] [40/40] train 5.58 | val 5.85 (rmse 8.06) | KL 0.212 | val(ema) 5.84 | lr 2% | 5.9분
[06:03:39] [스테이지2] 완료 · best val MAE = 5.84 개월 (규칙 'ema')
[06:03:39] [스테이지2] 참고 · raw 최고 5.85 / ema 최고 5.84 -> 각각 best_raw.pt / best_ema.pt
[06:03:39] [스테이지2] 종료 시점 LR = 피크의 2.0%  [정상 - 코사인 완주]
[06:03:41] [backbone] convnext_tiny.fb_in22k_ft_in1k_384 (pretrained=False, drop_path=0.15)
[06:03:41] [head] FiLM 성별조건화 stages=[2, 3] 채널=[384, 768] (0 초기화=항등)
[06:03:41] [head] 입력 640x448 -> 특징맵 768x20x14 · head_type=gap
[06:03:41] [head] 출력 240 (LDL 로짓 - softmax 기대값으로 환산)
[06:03:41] ========================================================================
[06:03:41] [스테이지3] 평가 시작
[06:03:41]   백본     convnext_tiny.fb_in22k_ft_in1k_384
[06:03:41]   헤드     gap | 화소처리 p1p99
[06:03:41]   가중치   ema (선택 규칙 'ema')
[06:03:41]   출력     LDL 240-way 기대값 회귀 (δ 15.0, λ 0.5)
[06:03:41]   입력     640x448
[06:03:41]   best val MAE 5.84 @ epoch 32
[06:03:41]   [val] 예측 중...
[06:04:24]   [calib] slope a=0.9695 intercept b=+3.41  (축소 존재)
[06:04:24]   [calib] 채택 여부 False (val 5.84 -> 5.96)
[06:04:24]   [train] 예측 중...
[06:07:02]   [test] 예측 중...
[06:07:11] [backbone] convnext_tiny.fb_in22k_ft_in1k_384 (pretrained=False, drop_path=0.15)
[06:07:19] [backbone] convnext_tiny.fb_in22k_ft_in1k_384 (pretrained=False, drop_path=0.15)
[06:07:43]   [경고] 성별 플립 테스트 실패: too many indices for array: array is 1-dimensional, but 2 were indexed
[06:07:43]   학습곡선 저장: G:\Project\sinra_cho\checkpoints_convnext_single_v17_ldl\learning_curve.png
[06:07:44]   산점도 저장: G:\Project\sinra_cho\checkpoints_convnext_single_v17_ldl\scatter.png
[06:07:45]   오차 상위 저장: G:\Project\sinra_cho\checkpoints_convnext_single_v17_ldl\worst_cases.png
[06:07:45]   [Grad-CAM] target = stages.3
[06:07:50]   Grad-CAM 저장: G:\Project\sinra_cho\checkpoints_convnext_single_v17_ldl\gradcam.png
[06:07:52]   연령분포 저장: G:\Project\sinra_cho\checkpoints_convnext_single_v17_ldl\age_distribution.png (평균 표준편차 22.2개월, 목표 δ=15.0 근방)
[06:07:52]   캘리브레이션 계수 저장: G:\Project\sinra_cho\checkpoints_convnext_single_v17_ldl\calibration.json
====================================================================
 ConvNeXt-Tiny LDL 기대값 회귀 (bins 240, δ 15.0, λ 0.5) | 640x448 | 강도정규화 p1p99
 백본 convnext_tiny.fb_in22k_ft_in1k_384 | 헤드 gap
 실행 20260817_011939 | best epoch 32 (ema)
 TTA [0, -6, -3, 3, 6]
====================================================================
 VAL(단일)        N= 1,397  MAE  5.84  RMSE  8.03  bias -0.24
 VAL(+TTA)      N= 1,397  MAE  5.84  RMSE  8.04  bias -0.47
 VAL(+calib)    N= 1,397  MAE  5.96  RMSE  8.17  bias +0.00   -> 미채택
 TRAIN(단일)      N=12,432  MAE  5.27  RMSE  7.39  bias -0.14
--------------------------------------------------------------------
 TEST           N=   197  MAE  4.12  RMSE  5.22  bias +0.58  CI95 [3.68, 4.58]
--------------------------------------------------------------------
 [가중치 감사 · test, TTA 적용 / calib 미적용]
   raw  ep 36  val  5.85  ->  test  4.20  CI95 [3.75, 4.68]
   ema  ep 32  val  5.84  ->  test  4.12  CI95 [3.68, 4.58]
   EMA - raw = -0.08 개월 (test 기준)
   * 음수면 EMA 이득이 test 로 이어진 것, 양수면 val 에서만 좋았던 것.
--------------------------------------------------------------------
   0-4y    N=   9  MAE  3.53  bias +2.90
   4-8y    N=  34  MAE  5.13  bias +2.85
   8-12y   N=  64  MAE  4.99  bias +0.87
   12-16y  N=  79  MAE  3.20  bias -0.73
   >16y    N=  11  MAE  3.12  bias -0.56
--------------------------------------------------------------------
 [성별 분해 · test]
   Male    N=   98  MAE  3.96  RMSE  5.07  bias +0.47  sigma  5.05  corr 0.9922  slope 0.9792
   Female  N=   99  MAE  4.28  RMSE  5.35  bias +0.70  sigma  5.31  corr 0.9928  slope 0.9526
--------------------------------------------------------------------
 [성별 분해 · val]
   Male    N=  760  MAE  5.50  RMSE  7.66  bias -0.09  sigma  7.66  corr 0.9835  slope 0.9722
   Female  N=  637  MAE  6.23  RMSE  8.47  bias -0.93  sigma  8.42  corr 0.9757  slope 0.9570
   판정: corr 차 0.0006 / slope 차 0.0266 -> 출력 스케일(캘리브레이션) 문제
 [성별 x 연령 편향 · test]
   구간        N_M   bias_M   MAE_M     N_F   bias_F   MAE_F
   0-4y        2    +0.64    1.75       7    +3.55    4.03
   4-8y       13    +1.07    5.75      21    +3.95    4.75
   8-12y      28    +1.81    5.08      36    +0.14    4.93
   12-16y     47    -0.13    3.06      32    -1.62    3.40
   >16y        8    -1.74    3.03       3    +2.60    3.36
====================================================================
[06:07:52] 결과 저장: G:\Project\sinra_cho\checkpoints_convnext_single_v17_ldl\results.txt
[06:07:52]          G:\Project\sinra_cho\checkpoints_convnext_single_v17_ldl\results.json
[06:07:54] [backbone] convnext_tiny.fb_in22k_ft_in1k_384 (pretrained=False, drop_path=0.15)
[06:07:55] 추론 함수 확인 [4360] 예측 171.6개월 / 실제 169개월
[06:07:55] 추론 함수 준비 완료 · best.pt: G:\Project\sinra_cho\checkpoints_convnext_single_v17_ldl\best.pt
[06:07:55] === 전체 완료 ===
