========================================================================
[01:57:04] 골연령 앙상블 평가 v8 시작 (학습 없음)
[01:57:04] PyTorch 2.6.0+cu124 | timm 1.0.28 | device cuda | AMP True
[01:57:04] 멤버 2개 | TTA [0, -4, 4] | 부트스트랩 2000회
[01:57:04] CKPT_DIR  G:\Project\sinra_cho\checkpoints_ensemble_v8
========================================================================
[01:57:04] 라벨 로드 중...
[01:57:04]   val   라벨  1,399 -> 사용  1,399
[01:57:04]   test  라벨    197 -> 사용    197
[01:57:04] ------------------------------------------------------------------------
[01:57:04] [멤버] v5_convnext_scalar
[GPU-GUARD] (inproc) 바로 실행 — 티켓 284번 infer 16000MiB
G:\Project\sinra_cho\.venv\Lib\site-packages\torch\_utils.py:99: UserWarning: expandable_segments not supported on this platform (Triggered internally at C:\actions-runner\_work\pytorch\pytorch\pytorch\c10/cuda/CUDAAllocatorConfig.h:28.)
  untyped_storage = torch.UntypedStorage(self.size(), device=device)
[01:57:05]     특징맵 768x20x14 · head=gap · 출력=스칼라 1
[01:57:05]     백본 convnext_tiny.fb_in22k_ft_in1k_384 | 입력 640x448 | 화소처리 p1p99
[01:57:05]     정규화 mean [0.485, 0.456, 0.406] std [0.229, 0.224, 0.225] (timm pretrained_cfg)
[01:57:05]     best epoch 35 (ema) | 기록된 val MAE 6.02
[01:57:05]   [캐시] 'v5_convnext_scalar' 재사용 후보: G:\Project\sinra_cho\cache_convnext_single_v5\raw640x448_letterbox_pad0_center_np1p99
[01:57:05]   [캐시] 'v5_convnext_scalar' 준비 완료 · 필요 1,596장 중 0장 생성
[01:57:05] ------------------------------------------------------------------------
[01:57:05] [멤버] v7_xception_ldl
[01:57:06]     특징맵 2048x20x14 · head=gap · 출력=LDL 240
[01:57:06]     백본 legacy_xception | 입력 640x448 | 화소처리 p1p99
[01:57:06]     정규화 mean [0.5, 0.5, 0.5] std [0.5, 0.5, 0.5] (checkpoint)
[01:57:06]     best epoch 28 (ema) | 기록된 val MAE 6.07
[01:57:06]   [캐시] 'v7_xception_ldl' 재사용 후보: G:\Project\sinra_cho\cache_convnext_single_v5\raw640x448_letterbox_pad0_center_np1p99
[01:57:06]   [캐시] 'v7_xception_ldl' 준비 완료 · 필요 1,596장 중 0장 생성
[01:57:06] ------------------------------------------------------------------------
[01:57:06] [예측] 멤버별 val / test 추론
[01:57:23]   v5_convnext_scalar     val MAE  5.97 | test MAE  4.26 | 17s
[01:57:57]   v7_xception_ldl        val MAE  6.03 | test MAE  5.03 | 35s
[01:57:57] [선택] 'mean' (val MAE 5.834, 자유도 0) · 동률권 2개 중
[01:57:58]   멤버 일치도 저장: G:\Project\sinra_cho\checkpoints_ensemble_v8\agreement.png
[01:57:58]   산점도 저장: G:\Project\sinra_cho\checkpoints_ensemble_v8\scatter.png
[01:57:59]   오차 상위 저장: G:\Project\sinra_cho\checkpoints_ensemble_v8\worst_cases.png
[01:57:59]   예측값 저장: G:\Project\sinra_cho\checkpoints_ensemble_v8\preds_val.csv · G:\Project\sinra_cho\checkpoints_ensemble_v8\preds_test.csv
[01:57:59]   배포용 계수 저장: G:\Project\sinra_cho\checkpoints_ensemble_v8\ensemble.json
==============================================================================
 골연령 앙상블 v8 | 멤버 2개 | TTA [0, -4, 4] | 20260812_015704
   [0] v5_convnext_scalar     convnext_tiny.fb_in22k_ft_in1k_384  scalar  ep35(ema)
   [1] v7_xception_ldl        legacy_xception  LDL  ep28(ema)
==============================================================================
 방식별 성능  (val 은 선택에 쓰였으므로 낙관 편향이 있습니다)
 방식                         dof  val MAE  test MAE        test CI95    bias
------------------------------------------------------------------------------
 weight                       1     5.83      4.27   [ 3.82,  4.78]   +0.77
 mean                         0     5.83      4.29   [ 3.83,  4.80]   +0.77  <= 채택
 stack                        3     5.88      4.27   [ 3.82,  4.77]   +0.89
 single:v5_convnext_scalar    1     5.97      4.26   [ 3.82,  4.75]   +0.71
 single:v7_xception_ldl       1     6.03      5.03   [ 4.49,  5.60]   +0.83
------------------------------------------------------------------------------
 멤버 잔차 상관 (test) - 낮을수록 앙상블 이득이 큽니다
   r(v5_convnext_scalar, v7_xception_ldl) = +0.731   적당히 독립 - 앙상블 유리
------------------------------------------------------------------------------
 채택(mean) - 최고단일(single:v5_convnext_scalar)
   test MAE 차이 +0.027 개월  CI95 [-0.255, +0.303]  -> 판단 보류
   * 구간이 0을 포함하면 개선을 주장할 수 없습니다 (test N=197).
------------------------------------------------------------------------------
 연령대별 (채택 방식 · test)
   0-4y    N=   9  MAE  2.59  bias +0.68
   4-8y    N=  34  MAE  5.94  bias +2.77
   8-12y   N=  64  MAE  5.29  bias +1.95
   12-16y  N=  79  MAE  3.12  bias -0.60
   >16y    N=  11  MAE  3.15  bias -2.43
==============================================================================
 최종 (채택 'mean')  test MAE 4.29 개월
 참고 벤치마크  Zhang 2026 = 4.10 / Chen 2020 = 4.30
==============================================================================
[01:57:59] 결과 저장: G:\Project\sinra_cho\checkpoints_ensemble_v8\results.txt
[01:57:59]          G:\Project\sinra_cho\checkpoints_ensemble_v8\results.json
[01:58:06] 추론 함수 확인 [4360] 앙상블 173.0개월 / 실제 169개월
[01:58:06] === 전체 완료 ===
