TORCH_HOME: C:\Users\K\Project\sinra_cho\.torch_cache
PyTorch Hub 캐시: C:\Users\K\Project\sinra_cho\.torch_cache\hub
================================================================================
Experiment: xception_crop_v1_3ch_enhance_512_target_norm
Device: cuda
PyTorch: 2.6.0+cu124
timm: 1.0.28
GPU: NVIDIA A100 80GB PCIe
================================================================================
Train CSV: True | C:\Users\K\Project\sinra_cho\cropped_dataset_v1_3ch_enhance\train_filtered.csv
Train image dir: True | C:\Users\K\Project\sinra_cho\cropped_dataset_v1_3ch_enhance\train
Validation CSV: True | C:\Users\K\Project\sinra_cho\boneage-validation-dataset\Validation Dataset.csv
Validation image dir: True | C:\Users\K\Project\sinra_cho\cropped_dataset_v1_3ch_enhance\val

[CSV]
Train: (12576, 3)
Validation: (1425, 3)

[Target Normalization]
TARGET_MEAN: 127.3785782442748
TARGET_STD: 41.09851674508998
train: 12576 images
val: 1425 images
Train missing images: 0
Validation missing images: 0

[Train]
count: 12576
boneage mean: 127.379
boneage std: 41.099
boneage min: 1.0
boneage max: 228.0
male ratio: 0.542

[Validation]
count: 1425
boneage mean: 127.156
boneage std: 41.722
boneage min: 3.0
boneage max: 228.0
male ratio: 0.542

[DataLoader]
Train samples: 12576
Validation samples: 1425
Train batches: 786
Validation batches: 45
Image shape: torch.Size([16, 3, 512, 512])
Sex shape: torch.Size([16, 1])
Bone age norm shape: torch.Size([16])
Bone age month shape: torch.Size([16])
Bone age month examples: tensor([132., 162., 144., 138.,  82.])
Bone age norm examples: tensor([ 0.1124,  0.8424,  0.4044,  0.2584, -1.1041])
image_feature_dim: 6400

[Model]
Model device: cuda:0
Total parameters: 25,532,297
Trainable parameters: 25,532,297
Xception feature: torch.Size([2, 2048, 16, 16])
Conv feature: torch.Size([2, 256, 16, 16])
Pool feature: torch.Size([2, 256, 5, 5])
Image vector: torch.Size([2, 6400])
Sex vector: torch.Size([2, 32])
Prediction norm: torch.Size([2])
Prediction month: torch.Size([2])

[Training Start]
BEST_MODEL_PATH: C:\Users\K\Project\sinra_cho\models\best_xception_crop_v1_3ch_enhance_512_target_norm.pt
HISTORY_PATH: C:\Users\K\Project\sinra_cho\models\history_xception_crop_v1_3ch_enhance_512_target_norm.csv
================================================================================
Epoch 01 | Train MAE: 13.747개월 | Val MAE: 9.092개월 | Val RMSE: 12.081개월 | Norm Loss: 0.2212 | Backbone LR: 1.00e-04 | Head LR: 1.00e-03 | Time: 677.0s
최적 모델 저장: 9.092개월
Epoch 02 | Train MAE: 8.848개월 | Val MAE: 9.187개월 | Val RMSE: 12.338개월 | Norm Loss: 0.2235 | Backbone LR: 1.00e-04 | Head LR: 1.00e-03 | Time: 680.5s
성능 미개선: 1/8
Epoch 03 | Train MAE: 8.099개월 | Val MAE: 7.771개월 | Val RMSE: 10.420개월 | Norm Loss: 0.1891 | Backbone LR: 1.00e-04 | Head LR: 1.00e-03 | Time: 678.7s
최적 모델 저장: 7.771개월
Epoch 04 | Train MAE: 7.671개월 | Val MAE: 8.070개월 | Val RMSE: 10.587개월 | Norm Loss: 0.1963 | Backbone LR: 1.00e-04 | Head LR: 1.00e-03 | Time: 680.4s
성능 미개선: 1/8
Epoch 05 | Train MAE: 7.235개월 | Val MAE: 7.350개월 | Val RMSE: 9.924개월 | Norm Loss: 0.1788 | Backbone LR: 1.00e-04 | Head LR: 1.00e-03 | Time: 679.6s
최적 모델 저장: 7.350개월
Epoch 06 | Train MAE: 7.064개월 | Val MAE: 7.557개월 | Val RMSE: 10.020개월 | Norm Loss: 0.1839 | Backbone LR: 1.00e-04 | Head LR: 1.00e-03 | Time: 681.4s
성능 미개선: 1/8
Epoch 07 | Train MAE: 6.831개월 | Val MAE: 7.879개월 | Val RMSE: 10.414개월 | Norm Loss: 0.1917 | Backbone LR: 1.00e-04 | Head LR: 1.00e-03 | Time: 682.2s
성능 미개선: 2/8
Epoch 08 | Train MAE: 6.410개월 | Val MAE: 7.255개월 | Val RMSE: 9.663개월 | Norm Loss: 0.1765 | Backbone LR: 1.00e-04 | Head LR: 1.00e-03 | Time: 680.7s
최적 모델 저장: 7.255개월
Epoch 09 | Train MAE: 6.272개월 | Val MAE: 7.172개월 | Val RMSE: 9.618개월 | Norm Loss: 0.1745 | Backbone LR: 1.00e-04 | Head LR: 1.00e-03 | Time: 681.0s
최적 모델 저장: 7.172개월
Epoch 10 | Train MAE: 6.024개월 | Val MAE: 7.657개월 | Val RMSE: 10.314개월 | Norm Loss: 0.1863 | Backbone LR: 1.00e-04 | Head LR: 1.00e-03 | Time: 682.1s
성능 미개선: 1/8
Epoch 11 | Train MAE: 5.739개월 | Val MAE: 7.133개월 | Val RMSE: 9.576개월 | Norm Loss: 0.1736 | Backbone LR: 1.00e-04 | Head LR: 1.00e-03 | Time: 673.4s
최적 모델 저장: 7.133개월
Epoch 12 | Train MAE: 5.494개월 | Val MAE: 7.247개월 | Val RMSE: 9.807개월 | Norm Loss: 0.1763 | Backbone LR: 1.00e-04 | Head LR: 1.00e-03 | Time: 674.9s
성능 미개선: 1/8
Epoch 13 | Train MAE: 5.386개월 | Val MAE: 7.500개월 | Val RMSE: 10.032개월 | Norm Loss: 0.1825 | Backbone LR: 1.00e-04 | Head LR: 1.00e-03 | Time: 681.3s
성능 미개선: 2/8
Epoch 14 | Train MAE: 5.163개월 | Val MAE: 7.161개월 | Val RMSE: 9.591개월 | Norm Loss: 0.1742 | Backbone LR: 1.00e-04 | Head LR: 1.00e-03 | Time: 682.5s
성능 미개선: 3/8
Epoch 15 | Train MAE: 4.955개월 | Val MAE: 7.488개월 | Val RMSE: 9.993개월 | Norm Loss: 0.1822 | Backbone LR: 5.00e-05 | Head LR: 5.00e-04 | Time: 681.2s
성능 미개선: 4/8
Epoch 16 | Train MAE: 4.166개월 | Val MAE: 6.975개월 | Val RMSE: 9.392개월 | Norm Loss: 0.1697 | Backbone LR: 5.00e-05 | Head LR: 5.00e-04 | Time: 674.2s
최적 모델 저장: 6.975개월
Epoch 17 | Train MAE: 3.896개월 | Val MAE: 6.879개월 | Val RMSE: 9.352개월 | Norm Loss: 0.1674 | Backbone LR: 5.00e-05 | Head LR: 5.00e-04 | Time: 676.8s
최적 모델 저장: 6.879개월
Epoch 18 | Train MAE: 3.666개월 | Val MAE: 6.861개월 | Val RMSE: 9.305개월 | Norm Loss: 0.1669 | Backbone LR: 5.00e-05 | Head LR: 5.00e-04 | Time: 682.1s
최적 모델 저장: 6.861개월
Epoch 19 | Train MAE: 3.527개월 | Val MAE: 6.796개월 | Val RMSE: 9.253개월 | Norm Loss: 0.1654 | Backbone LR: 5.00e-05 | Head LR: 5.00e-04 | Time: 674.1s
최적 모델 저장: 6.796개월
Epoch 20 | Train MAE: 3.379개월 | Val MAE: 7.136개월 | Val RMSE: 9.581개월 | Norm Loss: 0.1736 | Backbone LR: 5.00e-05 | Head LR: 5.00e-04 | Time: 681.2s
성능 미개선: 1/8
Epoch 21 | Train MAE: 3.259개월 | Val MAE: 6.831개월 | Val RMSE: 9.216개월 | Norm Loss: 0.1662 | Backbone LR: 5.00e-05 | Head LR: 5.00e-04 | Time: 680.3s
성능 미개선: 2/8
Epoch 22 | Train MAE: 3.157개월 | Val MAE: 7.021개월 | Val RMSE: 9.472개월 | Norm Loss: 0.1708 | Backbone LR: 5.00e-05 | Head LR: 5.00e-04 | Time: 677.1s
성능 미개선: 3/8
Epoch 23 | Train MAE: 3.078개월 | Val MAE: 7.235개월 | Val RMSE: 9.635개월 | Norm Loss: 0.1761 | Backbone LR: 2.50e-05 | Head LR: 2.50e-04 | Time: 676.6s
성능 미개선: 4/8
Epoch 24 | Train MAE: 2.735개월 | Val MAE: 6.775개월 | Val RMSE: 9.244개월 | Norm Loss: 0.1648 | Backbone LR: 2.50e-05 | Head LR: 2.50e-04 | Time: 677.4s
최적 모델 저장: 6.775개월
Epoch 25 | Train MAE: 2.558개월 | Val MAE: 6.874개월 | Val RMSE: 9.332개월 | Norm Loss: 0.1672 | Backbone LR: 2.50e-05 | Head LR: 2.50e-04 | Time: 684.8s
성능 미개선: 1/8
Epoch 26 | Train MAE: 2.496개월 | Val MAE: 6.864개월 | Val RMSE: 9.261개월 | Norm Loss: 0.1670 | Backbone LR: 2.50e-05 | Head LR: 2.50e-04 | Time: 674.4s
성능 미개선: 2/8
Epoch 27 | Train MAE: 2.412개월 | Val MAE: 6.838개월 | Val RMSE: 9.254개월 | Norm Loss: 0.1664 | Backbone LR: 2.50e-05 | Head LR: 2.50e-04 | Time: 678.6s
성능 미개선: 3/8
Epoch 28 | Train MAE: 2.393개월 | Val MAE: 6.876개월 | Val RMSE: 9.327개월 | Norm Loss: 0.1673 | Backbone LR: 1.25e-05 | Head LR: 1.25e-04 | Time: 673.0s
성능 미개선: 4/8
Epoch 29 | Train MAE: 2.167개월 | Val MAE: 6.844개월 | Val RMSE: 9.284개월 | Norm Loss: 0.1665 | Backbone LR: 1.25e-05 | Head LR: 1.25e-04 | Time: 674.2s
성능 미개선: 5/8
Epoch 30 | Train MAE: 2.142개월 | Val MAE: 6.818개월 | Val RMSE: 9.236개월 | Norm Loss: 0.1659 | Backbone LR: 1.25e-05 | Head LR: 1.25e-04 | Time: 674.1s
성능 미개선: 6/8
Epoch 31 | Train MAE: 2.084개월 | Val MAE: 6.829개월 | Val RMSE: 9.219개월 | Norm Loss: 0.1662 | Backbone LR: 1.25e-05 | Head LR: 1.25e-04 | Time: 676.2s
성능 미개선: 7/8
Epoch 32 | Train MAE: 2.028개월 | Val MAE: 6.817개월 | Val RMSE: 9.265개월 | Norm Loss: 0.1659 | Backbone LR: 6.25e-06 | Head LR: 6.25e-05 | Time: 673.8s
성능 미개선: 8/8
Early stopping
================================================================================
Training finished
Best Validation MAE: 6.775개월
Total time: 361.8 min
================================================================================

[Best Validation Result]
Best epoch: 24
Saved best Val MAE: 6.775061420641447
Reloaded Val MAE: 6.775061420641447
Reloaded Val RMSE: 9.24365472607939
Validation prediction saved: C:\Users\K\Project\sinra_cho\models\val_predictions_xception_crop_v1_3ch_enhance_512_target_norm.csv
