========================================================================
[21:39:05] Xception + LDL 기대값 회귀 골연령 시작 (v7)
[21:39:05] Python 3.12.7 | Windows 11
[21:39:05] PyTorch 2.6.0+cu124 | torchvision 0.21.0+cu124 | timm 1.0.28
[21:39:05] OpenCV 5.0.0 | numpy 2.5.1 | pandas 3.0.3
[21:39:05] device cuda | CUDA True | AMP True
[GPU-GUARD] (inproc) 바로 실행 — 티켓 277번 infer 16000MiB
[21:39:05] GPU NVIDIA A100 80GB PCIe | VRAM 79.5GB | sm_80 | CUDA 12.4
[21:39:05] HAND_CROP_DIR  G:\Project\sinra_cho\crop_data_yolox_s
[21:39:05] CSV_DIR        G:\Project\sinra_cho\crop_data_yolox_s
[21:39:05] CACHE_DIR      G:\Project\sinra_cho\cache_convnext_single_v5\raw640x448_letterbox_pad0_center_np1p99
[21:39:05] CKPT_DIR       G:\Project\sinra_cho\checkpoints_xception_single_v7_ldl
[21:39:05] 이미지 준비    letterbox -> 640x448(HxW) | pad 0 | 강도정규화 p1p99
[21:39:05] 백본           legacy_xception (drop_path 0.0)
[21:39:05] 화소정규화     mean [0.5, 0.5, 0.5] · std [0.5, 0.5, 0.5]  [legacy_xception pretrained_cfg]
[21:39:05] 헤드           gap | 성별임베딩 32 | dropout 0.1
[21:39:05] 최적화         AdamW | lr 1e-04/3e-04 | wd 0.0001 | 배치 8x4=32
[21:39:05] 스케줄         warmup 3ep + cosine(min ratio 0.02) | 총 40ep | 조기종료 끔
[21:39:05] 손실 LDL(bins 240, δ 15.0, λ 0.5) | 증강 True | EMA True(0.9995) | best 선택 'ema'
[21:39:05] 증강 상세      affine rot12° tr0.06 sc(0.92, 1.08) sh4 | jitter ±0.18 | erasing p=0.25
[21:39:05] 추론           TTA [0, -4, 4] | 캘리브레이션 자동판정
[21:39:05] DataLoader     num_workers=0
[21:39:05] 실행 옵션      (없음)
========================================================================
[21:39:05] 라벨 로드 중...
[21:39:06]   train 라벨 12,440 | 파일 12,440 | 미크롭    0 -> 사용 12,440
[21:39:06]   val   라벨  1,399 | 파일  1,399 | 미크롭    0 -> 사용  1,399
[21:39:06]   test  라벨    197 | 파일    197 | 미크롭    0 -> 사용    197
[21:39:06] 타깃 정규화 사용 안 함 (LDL - 개월 원단위) · 참고용 train 통계 127.48 ± 40.94 개월
[21:39:06] [QC-LDL] 이산화 하한 MAE = 0.093 개월 (δ=15.0, bins=1~240, val 라벨 기준)
[21:39:06] 남아 비율 54.2% | 연령 범위 1~228 개월
[21:39:06] 실행 환경 스냅샷 저장: G:\Project\sinra_cho\checkpoints_xception_single_v7_ldl\env_20260811_213905.json
[21:39:06] [스테이지1] 캐시 유효 - 스킵 (재생성: --rebuild-cache)
[21:39:06] [QC] 강도 정규화 검증 시트 생성
[21:39:09] [QC] 시트 저장: G:\Project\sinra_cho\checkpoints_xception_single_v7_ldl\qc_intensity_norm.png
[21:39:09] 
   id      원본크기   원본범위  원본std  유효std 여백%
 2823   704x991 36~255   12.6   68.5  1%
 9149  858x1051  1~254   43.7   71.6 14%
 6999  807x1069  0~214   49.7   74.4  7%
10657  862x1106  0~255   40.5   68.1 10%
 5768 1210x1320  0~255   43.1   68.5 24%
 3359  855x1081  39~96    8.3   71.9 12%
13160 1084x1336  0~207   38.7   69.4 14%
 4579 1173x1661 15~255   58.6   76.6  1%
[21:39:09] [QC] std 변동계수(CV):  원본 0.474  ->  캔버스 0.044
[21:39:09] [QC] 정상 - 이미지 간 대비 편차가 크게 줄었습니다.
[21:39:09] [QC] 샘플 여백 중앙 11%
[21:39:09] [프리플라이트] VRAM 확인 (배치 8 부터)
[21:39:09] [backbone] legacy_xception (pretrained=False, drop_path=미지원/미사용)
G:\Project\sinra_cho\.venv\Lib\site-packages\torch\nn\modules\module.py:1329: UserWarning: expandable_segments not supported on this platform (Triggered internally at C:\actions-runner\_work\pytorch\pytorch\pytorch\c10/cuda/CUDAAllocatorConfig.h:28.)
  return t.to(
[21:39:09] [손실] LDL  ℓ_MAE + 0.5·KL(G‖p)  (bins 240, δ 15.0)
[21:39:17] [프리플라이트] 통과 · 배치 8 x 누적 4 (유효 32) · 피크 34.99/79.5GB
[21:39:17] [스테이지2] 배치 수: train 1,555 | val 175
[21:39:18] [backbone] legacy_xception (pretrained=True, drop_path=미지원/미사용)
[21:39:18] [head] 입력 640x448 -> 특징맵 2048x20x14 · head_type=gap
[21:39:18] [head] 출력 240 (LDL 로짓 - softmax 기대값으로 환산)
[21:39:18] [스테이지2] 파라미터 22.0M
[21:39:18] [스테이지2] 파라미터 그룹:
[21:39:18]   bb_decay    tensors= 74 params= 20.75M lr=1.0e-04 wd=0.0001
[21:39:18]   bb_nodecay  tensors= 80 params=  0.05M lr=1.0e-04 wd=0.0
[21:39:18]   hd_decay    tensors=  4 params=  1.15M lr=3.0e-04 wd=0.0001
[21:39:18]   hd_nodecay  tensors=  6 params=  0.01M lr=3.0e-04 wd=0.0
[21:39:18] [스테이지2] 옵티마이저 스텝: 에폭당 388 · 총 15520 · warmup 1164
[21:39:18] [스테이지2] EMA 유효 창 ≈ 5.2 에폭
[21:39:18] [스테이지2] best.pt 선택 규칙 = 'ema' (학습 전 고정)
[21:39:18] [스테이지2] 새 학습 시작
[21:39:18] [손실] LDL  ℓ_MAE + 0.5·KL(G‖p)  (bins 240, δ 15.0)
[21:40:44]     ep01   311/1,555 train_mae 33.94 lr 1.98e-05
[21:42:10]     ep01   622/1,555 train_mae 30.79 lr 3.99e-05
[21:43:33]     ep01   933/1,555 train_mae 26.58 lr 6.01e-05
[21:44:53]     ep01 1,244/1,555 train_mae 23.75 lr 8.02e-05
[21:46:06]     ep01 1,555/1,555 train_mae 21.69 lr 1.00e-04
[21:46:40] [01/40] train 21.69 | val 11.12 (rmse 14.18) | KL 1.391 | val(ema) 34.64 | lr 33% | 7.4분  ** best.pt(ema) 34.64 **  [raw/ema 갱신]
[21:47:40]     ep02   311/1,555 train_mae 11.96 lr 1.20e-04
[21:48:35]     ep02   622/1,555 train_mae 11.97 lr 1.40e-04
[21:49:40]     ep02   933/1,555 train_mae 11.81 lr 1.60e-04
[21:50:46]     ep02 1,244/1,555 train_mae 11.41 lr 1.80e-04
[21:51:54]     ep02 1,555/1,555 train_mae 11.17 lr 2.00e-04
[21:52:25] [02/40] train 11.17 | val 8.13 (rmse 10.67) | KL 1.225 | val(ema) 33.91 | lr 67% | 5.7분  ** best.pt(ema) 33.91 **  [raw/ema 갱신]
[21:53:29]     ep03   311/1,555 train_mae 10.11 lr 2.20e-04
[21:54:33]     ep03   622/1,555 train_mae 9.91 lr 2.40e-04
[21:55:38]     ep03   933/1,555 train_mae 9.50 lr 2.60e-04
[21:56:37]     ep03 1,244/1,555 train_mae 9.29 lr 2.80e-04
[21:57:38]     ep03 1,555/1,555 train_mae 9.09 lr 3.00e-04
[21:58:03] [03/40] train 9.09 | val 8.49 (rmse 11.26) | KL 0.994 | val(ema) 32.03 | lr 100% | 5.6분  ** best.pt(ema) 32.03 **  [ema 갱신]
[21:59:05]     ep04   311/1,555 train_mae 8.56 lr 3.00e-04
[22:00:17]     ep04   622/1,555 train_mae 8.44 lr 3.00e-04
[22:01:30]     ep04   933/1,555 train_mae 8.35 lr 3.00e-04
[22:02:44]     ep04 1,244/1,555 train_mae 8.36 lr 3.00e-04
[22:03:59]     ep04 1,555/1,555 train_mae 8.33 lr 2.99e-04
[22:04:34] [04/40] train 8.33 | val 6.98 (rmse 9.41) | KL 0.831 | val(ema) 28.49 | lr 100% | 6.5분  ** best.pt(ema) 28.49 **  [raw/ema 갱신]
[22:05:46]     ep05   311/1,555 train_mae 7.73 lr 2.99e-04
[22:06:43]     ep05   622/1,555 train_mae 7.83 lr 2.99e-04
[22:07:42]     ep05   933/1,555 train_mae 7.77 lr 2.99e-04
[22:08:51]     ep05 1,244/1,555 train_mae 7.75 lr 2.98e-04
[22:10:02]     ep05 1,555/1,555 train_mae 7.75 lr 2.98e-04
[22:10:38] [05/40] train 7.75 | val 6.91 (rmse 9.35) | KL 0.734 | val(ema) 23.67 | lr 99% | 6.0분  ** best.pt(ema) 23.67 **  [raw/ema 갱신]
[22:11:50]     ep06   311/1,555 train_mae 7.17 lr 2.97e-04
[22:13:02]     ep06   622/1,555 train_mae 7.24 lr 2.97e-04
[22:14:15]     ep06   933/1,555 train_mae 7.29 lr 2.96e-04
[22:15:17]     ep06 1,244/1,555 train_mae 7.20 lr 2.96e-04
[22:16:16]     ep06 1,555/1,555 train_mae 7.20 lr 2.95e-04
[22:16:41] [06/40] train 7.20 | val 7.14 (rmse 9.49) | KL 0.633 | val(ema) 18.54 | lr 98% | 6.0분  ** best.pt(ema) 18.54 **  [ema 갱신]
[22:17:46]     ep07   311/1,555 train_mae 7.11 lr 2.95e-04
[22:18:56]     ep07   622/1,555 train_mae 7.13 lr 2.94e-04
[22:20:05]     ep07   933/1,555 train_mae 6.99 lr 2.93e-04
[22:21:15]     ep07 1,244/1,555 train_mae 6.99 lr 2.92e-04
[22:22:25]     ep07 1,555/1,555 train_mae 6.94 lr 2.92e-04
[22:22:58] [07/40] train 6.94 | val 6.49 (rmse 8.84) | KL 0.558 | val(ema) 14.31 | lr 97% | 6.3분  ** best.pt(ema) 14.31 **  [raw/ema 갱신]
[22:24:04]     ep08   311/1,555 train_mae 6.62 lr 2.91e-04
[22:25:02]     ep08   622/1,555 train_mae 6.73 lr 2.90e-04
[22:25:59]     ep08   933/1,555 train_mae 6.67 lr 2.89e-04
[22:27:08]     ep08 1,244/1,555 train_mae 6.70 lr 2.88e-04
[22:28:20]     ep08 1,555/1,555 train_mae 6.72 lr 2.87e-04
[22:28:55] [08/40] train 6.72 | val 6.81 (rmse 9.08) | KL 0.511 | val(ema) 11.38 | lr 96% | 5.9분  ** best.pt(ema) 11.38 **  [ema 갱신]
[22:30:07]     ep09   311/1,555 train_mae 6.51 lr 2.86e-04
[22:31:16]     ep09   622/1,555 train_mae 6.53 lr 2.85e-04
[22:32:29]     ep09   933/1,555 train_mae 6.53 lr 2.84e-04
[22:33:43]     ep09 1,244/1,555 train_mae 6.49 lr 2.83e-04
[22:34:44]     ep09 1,555/1,555 train_mae 6.52 lr 2.81e-04
[22:35:13] [09/40] train 6.52 | val 6.73 (rmse 9.10) | KL 0.471 | val(ema) 9.44 | lr 94% | 6.3분  ** best.pt(ema) 9.44 **  [ema 갱신]
[22:36:12]     ep10   311/1,555 train_mae 6.43 lr 2.80e-04
[22:37:17]     ep10   622/1,555 train_mae 6.40 lr 2.79e-04
[22:38:29]     ep10   933/1,555 train_mae 6.42 lr 2.78e-04
[22:39:41]     ep10 1,244/1,555 train_mae 6.37 lr 2.76e-04
[22:40:53]     ep10 1,555/1,555 train_mae 6.36 lr 2.75e-04
[22:41:26] [10/40] train 6.36 | val 6.60 (rmse 8.98) | KL 0.430 | val(ema) 8.22 | lr 92% | 6.2분  ** best.pt(ema) 8.22 **  [ema 갱신]
[22:42:39]     ep11   311/1,555 train_mae 6.02 lr 2.73e-04
[22:43:37]     ep11   622/1,555 train_mae 6.11 lr 2.72e-04
[22:44:39]     ep11   933/1,555 train_mae 6.21 lr 2.70e-04
[22:45:41]     ep11 1,244/1,555 train_mae 6.21 lr 2.69e-04
[22:46:54]     ep11 1,555/1,555 train_mae 6.22 lr 2.67e-04
[22:47:30] [11/40] train 6.22 | val 6.34 (rmse 8.79) | KL 0.405 | val(ema) 7.55 | lr 89% | 6.0분  ** best.pt(ema) 7.55 **  [raw/ema 갱신]
[22:48:43]     ep12   311/1,555 train_mae 5.98 lr 2.66e-04
[22:49:56]     ep12   622/1,555 train_mae 5.86 lr 2.64e-04
[22:51:07]     ep12   933/1,555 train_mae 5.95 lr 2.63e-04
[22:52:05]     ep12 1,244/1,555 train_mae 5.99 lr 2.61e-04
[22:53:04]     ep12 1,555/1,555 train_mae 5.97 lr 2.59e-04
[22:53:33] [12/40] train 5.97 | val 6.85 (rmse 9.32) | KL 0.374 | val(ema) 7.07 | lr 86% | 6.0분  ** best.pt(ema) 7.07 **  [ema 갱신]
[22:54:42]     ep13   311/1,555 train_mae 5.96 lr 2.57e-04
[22:55:53]     ep13   622/1,555 train_mae 5.89 lr 2.56e-04
[22:57:03]     ep13   933/1,555 train_mae 5.84 lr 2.54e-04
[22:58:13]     ep13 1,244/1,555 train_mae 5.87 lr 2.52e-04
[22:59:25]     ep13 1,555/1,555 train_mae 5.84 lr 2.50e-04
[23:00:00] [13/40] train 5.84 | val 6.48 (rmse 8.77) | KL 0.346 | val(ema) 6.79 | lr 83% | 6.4분  ** best.pt(ema) 6.79 **  [ema 갱신]
[23:01:07]     ep14   311/1,555 train_mae 5.75 lr 2.48e-04
[23:02:07]     ep14   622/1,555 train_mae 5.70 lr 2.46e-04
[23:03:03]     ep14   933/1,555 train_mae 5.71 lr 2.44e-04
[23:04:12]     ep14 1,244/1,555 train_mae 5.70 lr 2.42e-04
[23:05:25]     ep14 1,555/1,555 train_mae 5.72 lr 2.40e-04
[23:06:01] [14/40] train 5.72 | val 6.18 (rmse 8.56) | KL 0.329 | val(ema) 6.61 | lr 80% | 6.0분  ** best.pt(ema) 6.61 **  [raw/ema 갱신]
[23:07:16]     ep15   311/1,555 train_mae 5.44 lr 2.38e-04
[23:08:30]     ep15   622/1,555 train_mae 5.51 lr 2.36e-04
[23:09:38]     ep15   933/1,555 train_mae 5.52 lr 2.34e-04
[23:10:39]     ep15 1,244/1,555 train_mae 5.50 lr 2.32e-04
[23:11:36]     ep15 1,555/1,555 train_mae 5.49 lr 2.30e-04
[23:12:09] [15/40] train 5.49 | val 6.30 (rmse 8.83) | KL 0.309 | val(ema) 6.47 | lr 77% | 6.1분  ** best.pt(ema) 6.47 **  [ema 갱신]
[23:13:19]     ep16   311/1,555 train_mae 5.46 lr 2.28e-04
[23:14:29]     ep16   622/1,555 train_mae 5.38 lr 2.26e-04
[23:15:40]     ep16   933/1,555 train_mae 5.43 lr 2.24e-04
[23:16:52]     ep16 1,244/1,555 train_mae 5.39 lr 2.21e-04
[23:18:04]     ep16 1,555/1,555 train_mae 5.40 lr 2.19e-04
[23:18:29] [16/40] train 5.40 | val 6.58 (rmse 9.16) | KL 0.289 | val(ema) 6.35 | lr 73% | 6.3분  ** best.pt(ema) 6.35 **  [ema 갱신]
[23:19:30]     ep17   311/1,555 train_mae 5.15 lr 2.17e-04
[23:20:27]     ep17   622/1,555 train_mae 5.12 lr 2.15e-04
[23:21:34]     ep17   933/1,555 train_mae 5.13 lr 2.12e-04
[23:22:44]     ep17 1,244/1,555 train_mae 5.15 lr 2.10e-04
[23:23:53]     ep17 1,555/1,555 train_mae 5.16 lr 2.08e-04
[23:24:24] [17/40] train 5.16 | val 6.36 (rmse 8.79) | KL 0.276 | val(ema) 6.25 | lr 69% | 5.9분  ** best.pt(ema) 6.25 **  [ema 갱신]
[23:25:34]     ep18   311/1,555 train_mae 5.00 lr 2.06e-04
[23:26:41]     ep18   622/1,555 train_mae 4.99 lr 2.03e-04
[23:27:39]     ep18   933/1,555 train_mae 4.99 lr 2.01e-04
[23:28:36]     ep18 1,244/1,555 train_mae 4.99 lr 1.98e-04
[23:29:39]     ep18 1,555/1,555 train_mae 4.99 lr 1.96e-04
[23:30:09] [18/40] train 4.99 | val 6.56 (rmse 9.09) | KL 0.260 | val(ema) 6.18 | lr 65% | 5.7분  ** best.pt(ema) 6.18 **  [ema 갱신]
[23:31:13]     ep19   311/1,555 train_mae 4.68 lr 1.94e-04
[23:32:17]     ep19   622/1,555 train_mae 4.83 lr 1.91e-04
[23:33:21]     ep19   933/1,555 train_mae 4.81 lr 1.89e-04
[23:34:24]     ep19 1,244/1,555 train_mae 4.79 lr 1.86e-04
[23:35:28]     ep19 1,555/1,555 train_mae 4.81 lr 1.84e-04
[23:35:59] [19/40] train 4.81 | val 6.29 (rmse 8.87) | KL 0.249 | val(ema) 6.14 | lr 61% | 5.8분  ** best.pt(ema) 6.14 **  [ema 갱신]
[23:37:03]     ep20   311/1,555 train_mae 4.50 lr 1.82e-04
[23:38:01]     ep20   622/1,555 train_mae 4.55 lr 1.79e-04
[23:39:06]     ep20   933/1,555 train_mae 4.61 lr 1.77e-04
[23:40:03]     ep20 1,244/1,555 train_mae 4.66 lr 1.74e-04
[23:41:13]     ep20 1,555/1,555 train_mae 4.66 lr 1.72e-04
[23:41:48] [20/40] train 4.66 | val 6.55 (rmse 9.18) | KL 0.239 | val(ema) 6.11 | lr 57% | 5.8분  ** best.pt(ema) 6.11 **  [ema 갱신]
[23:42:59]     ep21   311/1,555 train_mae 4.36 lr 1.69e-04
[23:44:12]     ep21   622/1,555 train_mae 4.45 lr 1.67e-04
[23:45:24]     ep21   933/1,555 train_mae 4.49 lr 1.64e-04
[23:46:25]     ep21 1,244/1,555 train_mae 4.50 lr 1.62e-04
[23:47:25]     ep21 1,555/1,555 train_mae 4.50 lr 1.59e-04
[23:47:50] [21/40] train 4.50 | val 6.33 (rmse 8.85) | KL 0.230 | val(ema) 6.10 | lr 53% | 6.0분  ** best.pt(ema) 6.10 **  [ema 갱신]
[23:48:56]     ep22   311/1,555 train_mae 4.42 lr 1.57e-04
[23:50:06]     ep22   622/1,555 train_mae 4.35 lr 1.54e-04
[23:51:16]     ep22   933/1,555 train_mae 4.30 lr 1.52e-04
[23:52:22]     ep22 1,244/1,555 train_mae 4.32 lr 1.49e-04
[23:53:30]     ep22 1,555/1,555 train_mae 4.29 lr 1.47e-04
[23:54:02] [22/40] train 4.29 | val 6.26 (rmse 8.79) | KL 0.221 | val(ema) 6.09 | lr 49% | 6.2분  ** best.pt(ema) 6.09 **  [ema 갱신]
[23:55:01]     ep23   311/1,555 train_mae 4.16 lr 1.44e-04
[23:56:02]     ep23   622/1,555 train_mae 4.15 lr 1.42e-04
[23:57:01]     ep23   933/1,555 train_mae 4.16 lr 1.39e-04
[23:58:08]     ep23 1,244/1,555 train_mae 4.18 lr 1.37e-04
[23:59:19]     ep23 1,555/1,555 train_mae 4.18 lr 1.34e-04
[23:59:52] [23/40] train 4.18 | val 6.43 (rmse 9.00) | KL 0.214 | val(ema) 6.08 | lr 45% | 5.8분  ** best.pt(ema) 6.08 **  [ema 갱신]
[00:01:02]     ep24   311/1,555 train_mae 3.91 lr 1.32e-04
[00:02:13]     ep24   622/1,555 train_mae 3.88 lr 1.29e-04
[00:03:11]     ep24   933/1,555 train_mae 3.91 lr 1.27e-04
[00:04:13]     ep24 1,244/1,555 train_mae 3.96 lr 1.24e-04
[00:05:26]     ep24 1,555/1,555 train_mae 3.99 lr 1.22e-04
[00:06:13] [24/40] train 3.99 | val 6.39 (rmse 9.00) | KL 0.205 | val(ema) 6.08 | lr 41% | 6.3분
[00:07:43]     ep25   311/1,555 train_mae 4.00 lr 1.20e-04
[00:09:11]     ep25   622/1,555 train_mae 3.97 lr 1.17e-04
[00:10:38]     ep25   933/1,555 train_mae 3.90 lr 1.15e-04
[00:12:07]     ep25 1,244/1,555 train_mae 3.89 lr 1.12e-04
[00:13:37]     ep25 1,555/1,555 train_mae 3.89 lr 1.10e-04
[00:14:24] [25/40] train 3.89 | val 6.32 (rmse 8.86) | KL 0.198 | val(ema) 6.08 | lr 37% | 8.2분
[00:15:54]     ep26   311/1,555 train_mae 3.63 lr 1.08e-04
[00:17:23]     ep26   622/1,555 train_mae 3.63 lr 1.05e-04
[00:18:50]     ep26   933/1,555 train_mae 3.72 lr 1.03e-04
[00:20:22]     ep26 1,244/1,555 train_mae 3.75 lr 1.01e-04
[00:21:52]     ep26 1,555/1,555 train_mae 3.74 lr 9.82e-05
[00:22:38] [26/40] train 3.74 | val 6.34 (rmse 9.04) | KL 0.194 | val(ema) 6.08 | lr 33% | 8.2분  ** best.pt(ema) 6.08 **  [ema 갱신]
[00:24:06]     ep27   311/1,555 train_mae 3.65 lr 9.59e-05
[00:25:35]     ep27   622/1,555 train_mae 3.57 lr 9.36e-05
[00:27:07]     ep27   933/1,555 train_mae 3.58 lr 9.13e-05
[00:28:39]     ep27 1,244/1,555 train_mae 3.59 lr 8.91e-05
[00:30:10]     ep27 1,555/1,555 train_mae 3.59 lr 8.68e-05
[00:30:56] [27/40] train 3.59 | val 6.33 (rmse 8.99) | KL 0.190 | val(ema) 6.07 | lr 29% | 8.3분  ** best.pt(ema) 6.07 **  [ema 갱신]
[00:32:27]     ep28   311/1,555 train_mae 3.53 lr 8.46e-05
[00:33:58]     ep28   622/1,555 train_mae 3.53 lr 8.24e-05
[00:35:27]     ep28   933/1,555 train_mae 3.50 lr 8.02e-05
[00:36:57]     ep28 1,244/1,555 train_mae 3.50 lr 7.81e-05
[00:38:26]     ep28 1,555/1,555 train_mae 3.53 lr 7.60e-05
[00:39:11] [28/40] train 3.53 | val 6.29 (rmse 8.87) | KL 0.190 | val(ema) 6.07 | lr 25% | 8.2분  ** best.pt(ema) 6.07 **  [ema 갱신]
[00:40:43]     ep29   311/1,555 train_mae 3.44 lr 7.39e-05
[00:42:09]     ep29   622/1,555 train_mae 3.44 lr 7.18e-05
[00:43:29]     ep29   933/1,555 train_mae 3.45 lr 6.97e-05
[00:44:54]     ep29 1,244/1,555 train_mae 3.41 lr 6.76e-05
[00:46:24]     ep29 1,555/1,555 train_mae 3.38 lr 6.56e-05
[00:47:11] [29/40] train 3.38 | val 6.21 (rmse 8.84) | KL 0.186 | val(ema) 6.07 | lr 22% | 8.0분
[00:48:39]     ep30   311/1,555 train_mae 3.35 lr 6.36e-05
[00:50:03]     ep30   622/1,555 train_mae 3.30 lr 6.17e-05
[00:51:24]     ep30   933/1,555 train_mae 3.33 lr 5.97e-05
[00:52:44]     ep30 1,244/1,555 train_mae 3.32 lr 5.78e-05
[00:54:12]     ep30 1,555/1,555 train_mae 3.31 lr 5.59e-05
[00:54:58] [30/40] train 3.31 | val 6.21 (rmse 8.85) | KL 0.182 | val(ema) 6.07 | lr 19% | 7.8분
[00:56:28]     ep31   311/1,555 train_mae 3.37 lr 5.41e-05
[00:57:56]     ep31   622/1,555 train_mae 3.28 lr 5.22e-05
[00:59:26]     ep31   933/1,555 train_mae 3.27 lr 5.04e-05
[01:00:58]     ep31 1,244/1,555 train_mae 3.26 lr 4.86e-05
[01:02:30]     ep31 1,555/1,555 train_mae 3.26 lr 4.69e-05
[01:03:18] [31/40] train 3.26 | val 6.23 (rmse 8.84) | KL 0.180 | val(ema) 6.07 | lr 16% | 8.3분
[01:04:30]     ep32   311/1,555 train_mae 3.14 lr 4.52e-05
[01:05:33]     ep32   622/1,555 train_mae 3.18 lr 4.35e-05
[01:06:34]     ep32   933/1,555 train_mae 3.19 lr 4.18e-05
[01:07:35]     ep32 1,244/1,555 train_mae 3.13 lr 4.02e-05
[01:08:32]     ep32 1,555/1,555 train_mae 3.11 lr 3.86e-05
[01:08:59] [32/40] train 3.11 | val 6.21 (rmse 8.89) | KL 0.178 | val(ema) 6.07 | lr 13% | 5.7분
[01:10:00]     ep33   311/1,555 train_mae 3.02 lr 3.71e-05
[01:11:04]     ep33   622/1,555 train_mae 3.06 lr 3.56e-05
[01:12:07]     ep33   933/1,555 train_mae 3.09 lr 3.41e-05
[01:13:11]     ep33 1,244/1,555 train_mae 3.10 lr 3.26e-05
[01:14:16]     ep33 1,555/1,555 train_mae 3.07 lr 3.12e-05
[01:14:44] [33/40] train 3.07 | val 6.27 (rmse 8.95) | KL 0.176 | val(ema) 6.08 | lr 10% | 5.8분
[01:15:49]     ep34   311/1,555 train_mae 2.99 lr 2.99e-05
[01:16:52]     ep34   622/1,555 train_mae 2.97 lr 2.85e-05
[01:17:54]     ep34   933/1,555 train_mae 2.98 lr 2.72e-05
[01:18:52]     ep34 1,244/1,555 train_mae 2.95 lr 2.59e-05
[01:19:50]     ep34 1,555/1,555 train_mae 2.97 lr 2.47e-05
[01:20:19] [34/40] train 2.97 | val 6.21 (rmse 8.87) | KL 0.173 | val(ema) 6.09 | lr 8% | 5.6분
[01:21:25]     ep35   311/1,555 train_mae 2.93 lr 2.35e-05
[01:22:30]     ep35   622/1,555 train_mae 2.94 lr 2.23e-05
[01:23:32]     ep35   933/1,555 train_mae 2.96 lr 2.12e-05
[01:24:29]     ep35 1,244/1,555 train_mae 2.94 lr 2.01e-05
[01:25:20]     ep35 1,555/1,555 train_mae 2.96 lr 1.91e-05
[01:25:43] [35/40] train 2.96 | val 6.27 (rmse 8.93) | KL 0.173 | val(ema) 6.10 | lr 6% | 5.4분
[01:26:35]     ep36   311/1,555 train_mae 2.91 lr 1.81e-05
[01:27:26]     ep36   622/1,555 train_mae 2.91 lr 1.71e-05
[01:28:17]     ep36   933/1,555 train_mae 2.90 lr 1.61e-05
[01:29:08]     ep36 1,244/1,555 train_mae 2.89 lr 1.53e-05
[01:30:00]     ep36 1,555/1,555 train_mae 2.88 lr 1.44e-05
[01:30:23] [36/40] train 2.88 | val 6.25 (rmse 8.90) | KL 0.170 | val(ema) 6.12 | lr 5% | 4.6분
[01:31:15]     ep37   311/1,555 train_mae 2.77 lr 1.36e-05
[01:32:05]     ep37   622/1,555 train_mae 2.86 lr 1.28e-05
[01:32:56]     ep37   933/1,555 train_mae 2.87 lr 1.21e-05
[01:33:47]     ep37 1,244/1,555 train_mae 2.87 lr 1.14e-05
[01:34:38]     ep37 1,555/1,555 train_mae 2.89 lr 1.08e-05
[01:35:01] [37/40] train 2.89 | val 6.21 (rmse 8.89) | KL 0.172 | val(ema) 6.13 | lr 4% | 4.6분
[01:35:52]     ep38   311/1,555 train_mae 2.80 lr 1.01e-05
[01:36:43]     ep38   622/1,555 train_mae 2.82 lr 9.58e-06
[01:37:34]     ep38   933/1,555 train_mae 2.83 lr 9.05e-06
[01:38:26]     ep38 1,244/1,555 train_mae 2.84 lr 8.56e-06
[01:39:17]     ep38 1,555/1,555 train_mae 2.85 lr 8.12e-06
[01:39:40] [38/40] train 2.85 | val 6.21 (rmse 8.89) | KL 0.171 | val(ema) 6.14 | lr 3% | 4.6분
[01:40:31]     ep39   311/1,555 train_mae 2.74 lr 7.72e-06
[01:41:22]     ep39   622/1,555 train_mae 2.71 lr 7.36e-06
[01:42:13]     ep39   933/1,555 train_mae 2.79 lr 7.04e-06
[01:43:04]     ep39 1,244/1,555 train_mae 2.82 lr 6.76e-06
[01:43:55]     ep39 1,555/1,555 train_mae 2.82 lr 6.53e-06
[01:44:18] [39/40] train 2.82 | val 6.23 (rmse 8.92) | KL 0.170 | val(ema) 6.16 | lr 2% | 4.6분
[01:45:10]     ep40   311/1,555 train_mae 2.96 lr 6.34e-06
[01:46:00]     ep40   622/1,555 train_mae 2.83 lr 6.19e-06
[01:46:51]     ep40   933/1,555 train_mae 2.85 lr 6.09e-06
[01:47:42]     ep40 1,244/1,555 train_mae 2.85 lr 6.02e-06
[01:48:33]     ep40 1,555/1,555 train_mae 2.84 lr 6.00e-06
[01:48:56] [40/40] train 2.84 | val 6.21 (rmse 8.87) | KL 0.170 | val(ema) 6.16 | lr 2% | 4.6분
[01:48:56] [스테이지2] 완료 · best val MAE = 6.07 개월 (규칙 'ema')
[01:48:56] [스테이지2] 참고 · raw 최고 6.18 / ema 최고 6.07 -> 각각 best_raw.pt / best_ema.pt
[01:48:56] [스테이지2] 종료 시점 LR = 피크의 2.0%  [정상 - 코사인 완주]
[01:48:57] [backbone] legacy_xception (pretrained=False, drop_path=미지원/미사용)
[01:48:57] [head] 입력 640x448 -> 특징맵 2048x20x14 · head_type=gap
[01:48:57] [head] 출력 240 (LDL 로짓 - softmax 기대값으로 환산)
[01:48:57] ========================================================================
[01:48:57] [스테이지3] 평가 시작
[01:48:57]   백본     legacy_xception
[01:48:57]   헤드     gap | 화소처리 p1p99
[01:48:57]   가중치   ema (선택 규칙 'ema')
[01:48:57]   출력     LDL 240-way 기대값 회귀 (δ 15.0, λ 0.5)
[01:48:57]   입력     640x448
[01:48:57]   best val MAE 6.07 @ epoch 28
[01:48:57]   [val] 예측 중...
[01:49:33]   [calib] slope a=0.9692 intercept b=+3.88  (축소 존재)
[01:49:33]   [calib] 채택 여부 False (val 6.03 -> 6.21)
[01:49:33]   [train] 예측 중...
[01:51:11]   [test] 예측 중...
[01:51:22] [backbone] legacy_xception (pretrained=False, drop_path=미지원/미사용)
[01:51:25] [backbone] legacy_xception (pretrained=False, drop_path=미지원/미사용)
[01:51:28]   학습곡선 저장: G:\Project\sinra_cho\checkpoints_xception_single_v7_ldl\learning_curve.png
[01:51:28]   산점도 저장: G:\Project\sinra_cho\checkpoints_xception_single_v7_ldl\scatter.png
[01:51:30]   오차 상위 저장: G:\Project\sinra_cho\checkpoints_xception_single_v7_ldl\worst_cases.png
[01:51:30]   [Grad-CAM] target = act4
[01:51:36]   [경고] Grad-CAM 생략: Output 0 of BackwardHookFunctionBackward is a view and is being modified inplace. This view was created inside a custom Function (or because an input was returned as-is) and the autograd logic to handle view+inplace would override the custom backward associated with the custom Function, leading to incorrect gradients. This behavior is forbidden. You can fix this by cloning the output of the custom Function.
[01:51:42]   연령분포 저장: G:\Project\sinra_cho\checkpoints_xception_single_v7_ldl\age_distribution.png (평균 표준편차 20.4개월, 목표 δ=15.0 근방)
[01:51:42]   캘리브레이션 계수 저장: G:\Project\sinra_cho\checkpoints_xception_single_v7_ldl\calibration.json
====================================================================
 Xception LDL 기대값 회귀 (bins 240, δ 15.0, λ 0.5) | 640x448 | 강도정규화 p1p99
 백본 legacy_xception | 헤드 gap
 실행 20260811_213905 | best epoch 28 (ema)
 TTA [0, -4, 4]
====================================================================
 VAL(단일)        N= 1,399  MAE  6.07  RMSE  8.62  bias +0.01
 VAL(+TTA)      N= 1,399  MAE  6.03  RMSE  8.52  bias -0.04
 VAL(+calib)    N= 1,399  MAE  6.21  RMSE  8.70  bias +0.00   -> 미채택
 TRAIN(단일)      N=12,440  MAE  2.93  RMSE  4.78  bias +0.15
--------------------------------------------------------------------
 TEST           N=   197  MAE  5.03  RMSE  6.41  bias +0.83  CI95 [4.49, 5.60]
--------------------------------------------------------------------
 [가중치 감사 · test, TTA 적용 / calib 미적용]
   raw  ep 14  val  6.18  ->  test  4.52  CI95 [3.96, 5.12]
   ema  ep 28  val  6.07  ->  test  5.03  CI95 [4.49, 5.60]
   EMA - raw = +0.51 개월 (test 기준)
   * 음수면 EMA 이득이 test 로 이어진 것, 양수면 val 에서만 좋았던 것.
--------------------------------------------------------------------
   0-4y    N=   9  MAE  2.49  bias +0.70
   4-8y    N=  34  MAE  6.50  bias +3.60
   8-12y   N=  64  MAE  6.26  bias +2.24
   12-16y  N=  79  MAE  3.59  bias -0.66
   >16y    N=  11  MAE  5.79  bias -5.20
====================================================================
[01:51:42] 결과 저장: G:\Project\sinra_cho\checkpoints_xception_single_v7_ldl\results.txt
[01:51:42]          G:\Project\sinra_cho\checkpoints_xception_single_v7_ldl\results.json
[01:51:43] [backbone] legacy_xception (pretrained=False, drop_path=미지원/미사용)
[01:51:49] 추론 함수 확인 [4360] 예측 174.0개월 / 실제 169개월
[01:51:49] 추론 함수 준비 완료 · best.pt: G:\Project\sinra_cho\checkpoints_xception_single_v7_ldl\best.pt
[01:51:49] === 전체 완료 ===
